2026-01-28 23:08:26.287 Db NayaVedAI[16185:287453] [com.apple.CFBundle:strings] Bundle: CFBundle 0x600003b040e0 </Library/Developer/CoreSimulator/Volumes/iOS_23C54/Library/Developer/CoreSimulator/Profiles/Runtimes/iOS 26.2.simruntime/Contents/Resources/RuntimeRoot/System/Library/AccessibilityBundles/UIKit.axbundle> (framework, loaded), key: page.count, value: , table: Accessibility, localizationNames: (null), result: %#@pages@
2026-01-28 23:08:26.287 Db NayaVedAI[16185:287453] [com.apple.CFBundle:strings] Bundle: CFBundle 0x600003b040e0 </Library/Developer/CoreSimulator/Volumes/iOS_23C54/Library/Developer/CoreSimulator/Profiles/Runtimes/iOS 26.2.simruntime/Contents/Resources/RuntimeRoot/System/Library/AccessibilityBundles/UIKit.axbundle> (framework, loaded), key: scroll.bar.horizontal, value: , table: Accessibility, localizationNames: (null), result: Horizontal scroll bar
2026-01-28 23:08:26.288 Db NayaVedAI[16185:287453] [com.apple.CFBundle:strings] Bundle: CFBundle 0x600003b040e0 </Library/Developer/CoreSimulator/Volumes/iOS_23C54/Library/Developer/CoreSimulator/Profiles/Runtimes/iOS 26.2.simruntime/Contents/Resources/RuntimeRoot/System/Library/AccessibilityBundles/UIKit.axbundle> (framework, loaded), key: page.count, value: , table: Accessibility, localizationNames: (null), result: %#@pages@
2026-01-28 23:08:26.418 Db NayaVedAI[16185:287453] [com.apple.CFBundle:strings] Bundle: CFBundle 0x600003b040e0 </Library/Developer/CoreSimulator/Volumes/iOS_23C54/Library/Developer/CoreSimulator/Profiles/Runtimes/iOS 26.2.simruntime/Contents/Resources/RuntimeRoot/System/Library/AccessibilityBundles/UIKit.axbundle> (framework, loaded), key: scroll.bar.vertical, value: , table: Accessibility, localizationNames: (null), result: Vertical scroll bar
2026-01-28 23:08:26.418 Db NayaVedAI[16185:287453] [com.apple.CFBundle:strings] Bundle: CFBundle 0x600003b040e0 </Library/Developer/CoreSimulator/Volumes/iOS_23C54/Library/Developer/CoreSimulator/Profiles/Runtimes/iOS 26.2.simruntime/Contents/Resources/RuntimeRoot/System/Library/AccessibilityBundles/UIKit.axbundle> (framework, loaded), key: page.count, value: , table: Accessibility, localizationNames: (null), result: %#@pages@
2026-01-28 23:08:26.418 Db NayaVedAI[16185:287453] [com.apple.CFBundle:strings] Bundle: CFBundle 0x600003b040e0 </Library/Developer/CoreSimulator/Volumes/iOS_23C54/Library/Developer/CoreSimulator/Profiles/Runtimes/iOS 26.2.simruntime/Contents/Resources/RuntimeRoot/System/Library/AccessibilityBundles/UIKit.axbundle> (framework, loaded), key: scroll.bar.vertical, value: , table: Accessibility, localizationNames: (null), result: Vertical scroll bar
2026-01-28 23:08:26.418 Db NayaVedAI[16185:287453] [com.apple.CFBundle:strings] Bundle: CFBundle 0x600003b040e0 </Library/Developer/CoreSimulator/Volumes/iOS_23C54/Library/Developer/CoreSimulator/Profiles/Runtimes/iOS 26.2.simruntime/Contents/Resources/RuntimeRoot/System/Library/AccessibilityBundles/UIKit.axbundle> (framework, loaded), key: page.count, value: , table: Accessibility, localizationNames: (null), result: %#@pages@
2026-01-28 23:08:26.419 Db NayaVedAI[16185:287453] [com.apple.CFBundle:strings] Bundle: CFBundle 0x600003b040e0 </Library/Developer/CoreSimulator/Volumes/iOS_23C54/Library/Developer/CoreSimulator/Profiles/Runtimes/iOS 26.2.simruntime/Contents/Resources/RuntimeRoot/System/Library/AccessibilityBundles/UIKit.axbundle> (framework, loaded), key: scroll.bar.horizontal, value: , table: Accessibility, localizationNames: (null), result: Horizontal scroll bar
2026-01-28 23:08:26.419 Db NayaVedAI[16185:287453] [com.apple.CFBundle:strings] Bundle: CFBundle 0x600003b040e0 </Library/Developer/CoreSimulator/Volumes/iOS_23C54/Library/Developer/CoreSimulator/Profiles/Runtimes/iOS 26.2.simruntime/Contents/Resources/RuntimeRoot/System/Library/AccessibilityBundles/UIKit.axbundle> (framework, loaded), key: page.count, value: , table: Accessibility, localizationNames: (null), result: %#@pages@
2026-01-28 23:08:26.419 Db NayaVedAI[16185:287453] [com.apple.CFBundle:strings] Bundle: CFBundle 0x600003b040e0 </Library/Developer/CoreSimulator/Volumes/iOS_23C54/Library/Developer/CoreSimulator/Profiles/Runtimes/iOS 26.2.simruntime/Contents/Resources/RuntimeRoot/System/Library/AccessibilityBundles/UIKit.axbundle> (framework, loaded), key: scroll.bar.horizontal, value: , table: Accessibility, localizationNames: (null), result: Horizontal scroll bar
2026-01-28 23:08:26.419 Db NayaVedAI[16185:287453] [com.apple.CFBundle:strings] Bundle: CFBundle 0x600003b040e0 </Library/Developer/CoreSimulator/Volumes/iOS_23C54/Library/Developer/CoreSimulator/Profiles/Runtimes/iOS 26.2.simruntime/Contents/Resources/RuntimeRoot/System/Library/AccessibilityBundles/UIKit.axbundle> (framework, loaded), key: page.count, value: , table: Accessibility, localizationNames: (null), result: %#@pages@
2026-01-28 23:08:26.548 Db NayaVedAI[16185:287453] [com.apple.CFBundle:strings] Bundle: CFBundle 0x600003b040e0 </Library/Developer/CoreSimulator/Volumes/iOS_23C54/Library/Developer/CoreSimulator/Profiles/Runtimes/iOS 26.2.simruntime/Contents/Resources/RuntimeRoot/System/Library/AccessibilityBundles/UIKit.axbundle> (framework, loaded), key: scroll.bar.vertical, value: , table: Accessibility, localizationNames: (null), result: Vertical scroll bar
2026-01-28 23:08:26.548 Db NayaVedAI[16185:287453] [com.apple.CFBundle:strings] Bundle: CFBundle 0x600003b040e0 </Library/Developer/CoreSimulator/Volumes/iOS_23C54/Library/Developer/CoreSimulator/Profiles/Runtimes/iOS 26.2.simruntime/Contents/Resources/RuntimeRoot/System/Library/AccessibilityBundles/UIKit.axbundle> (framework, loaded), key: page.count, value: , table: Accessibility, localizationNames: (null), result: %#@pages@
2026-01-28 23:08:26.548 Db NayaVedAI[16185:287453] [com.apple.CFBundle:strings] Bundle: CFBundle 0x600003b040e0 </Library/Developer/CoreSimulator/Volumes/iOS_23C54/Library/Developer/CoreSimulator/Profiles/Runtimes/iOS 26.2.simruntime/Contents/Resources/RuntimeRoot/System/Library/AccessibilityBundles/UIKit.axbundle> (framework, loaded), key: scroll.bar.vertical, value: , table: Accessibility, localizationNames: (null), result: Vertical scroll bar
2026-01-28 23:08:26.548 Db NayaVedAI[16185:287453] [com.apple.CFBundle:strings] Bundle: CFBundle 0x600003b040e0 </Library/Developer/CoreSimulator/Volumes/iOS_23C54/Library/Developer/CoreSimulator/Profiles/Runtimes/iOS 26.2.simruntime/Contents/Resources/RuntimeRoot/System/Library/AccessibilityBundles/UIKit.axbundle> (framework, loaded), key: page.count, value: , table: Accessibility, localizationNames: (null), result: %#@pages@
2026-01-28 23:08:26.549 Db NayaVedAI[16185:287453] [com.apple.CFBundle:strings] Bundle: CFBundle 0x600003b040e0 </Library/Developer/CoreSimulator/Volumes/iOS_23C54/Library/Developer/CoreSimulator/Profiles/Runtimes/iOS 26.2.simruntime/Contents/Resources/RuntimeRoot/System/Library/AccessibilityBundles/UIKit.axbundle> (framework, loaded), key: scroll.bar.horizontal, value: , table: Accessibility, localizationNames: (null), result: Horizontal scroll bar
2026-01-28 23:08:26.549 Db NayaVedAI[16185:287453] [com.apple.CFBundle:strings] Bundle: CFBundle 0x600003b040e0 </Library/Developer/CoreSimulator/Volumes/iOS_23C54/Library/Developer/CoreSimulator/Profiles/Runtimes/iOS 26.2.simruntime/Contents/Resources/RuntimeRoot/System/Library/AccessibilityBundles/UIKit.axbundle> (framework, loaded), key: page.count, value: , table: Accessibility, localizationNames: (null), result: %#@pages@
2026-01-28 23:08:26.549 Db NayaVedAI[16185:287453] [com.apple.CFBundle:strings] Bundle: CFBundle 0x600003b040e0 </Library/Developer/CoreSimulator/Volumes/iOS_23C54/Library/Developer/CoreSimulator/Profiles/Runtimes/iOS 26.2.simruntime/Contents/Resources/RuntimeRoot/System/Library/AccessibilityBundles/UIKit.axbundle> (framework, loaded), key: scroll.bar.horizontal, value: , table: Accessibility, localizationNames: (null), result: Horizontal scroll bar
2026-01-28 23:08:26.549 Db NayaVedAI[16185:287453] [com.apple.CFBundle:strings] Bundle: CFBundle 0x600003b040e0 </Library/Developer/CoreSimulator/Volumes/iOS_23C54/Library/Developer/CoreSimulator/Profiles/Runtimes/iOS 26.2.simruntime/Contents/Resources/RuntimeRoot/System/Library/AccessibilityBundles/UIKit.axbundle> (framework, loaded), key: page.count, value: , table: Accessibility, localizationNames: (null), result: %#@pages@
2026-01-28 23:08:26.679 Db NayaVedAI[16185:287453] [com.apple.CFBundle:strings] Bundle: CFBundle 0x600003b040e0 </Library/Developer/CoreSimulator/Volumes/iOS_23C54/Library/Developer/CoreSimulator/Profiles/Runtimes/iOS 26.2.simruntime/Contents/Resources/RuntimeRoot/System/Library/AccessibilityBundles/UIKit.axbundle> (framework, loaded), key: scroll.bar.vertical, value: , table: Accessibility, localizationNames: (null), result: Vertical scroll bar
2026-01-28 23:08:26.679 Db NayaVedAI[16185:287453] [com.apple.CFBundle:strings] Bundle: CFBundle 0x600003b040e0 </Library/Developer/CoreSimulator/Volumes/iOS_23C54/Library/Developer/CoreSimulator/Profiles/Runtimes/iOS 26.2.simruntime/Contents/Resources/RuntimeRoot/System/Library/AccessibilityBundles/UIKit.axbundle> (framework, loaded), key: page.count, value: , table: Accessibility, localizationNames: (null), result: %#@pages@
2026-01-28 23:08:26.679 Db NayaVedAI[16185:287453] [com.apple.CFBundle:strings] Bundle: CFBundle 0x600003b040e0 </Library/Developer/CoreSimulator/Volumes/iOS_23C54/Library/Developer/CoreSimulator/Profiles/Runtimes/iOS 26.2.simruntime/Contents/Resources/RuntimeRoot/System/Library/AccessibilityBundles/UIKit.axbundle> (framework, loaded), key: scroll.bar.vertical, value: , table: Accessibility, localizationNames: (null), result: Vertical scroll bar
2026-01-28 23:08:26.679 Db NayaVedAI[16185:287453] [com.apple.CFBundle:strings] Bundle: CFBundle 0x600003b040e0 </Library/Developer/CoreSimulator/Volumes/iOS_23C54/Library/Developer/CoreSimulator/Profiles/Runtimes/iOS 26.2.simruntime/Contents/Resources/RuntimeRoot/System/Library/AccessibilityBundles/UIKit.axbundle> (framework, loaded), key: page.count, value: , table: Accessibility, localizationNames: (null), result: %#@pages@
2026-01-28 23:08:26.679 Db NayaVedAI[16185:287453] [com.apple.CFBundle:strings] Bundle: CFBundle 0x600003b040e0 </Library/Developer/CoreSimulator/Volumes/iOS_23C54/Library/Developer/CoreSimulator/Profiles/Runtimes/iOS 26.2.simruntime/Contents/Resources/RuntimeRoot/System/Library/AccessibilityBundles/UIKit.axbundle> (framework, loaded), key: scroll.bar.horizontal, value: , table: Accessibility, localizationNames: (null), result: Horizontal scroll bar
2026-01-28 23:08:26.679 Db NayaVedAI[16185:287453] [com.apple.CFBundle:strings] Bundle: CFBundle 0x600003b040e0 </Library/Developer/CoreSimulator/Volumes/iOS_23C54/Library/Developer/CoreSimulator/Profiles/Runtimes/iOS 26.2.simruntime/Contents/Resources/RuntimeRoot/System/Library/AccessibilityBundles/UIKit.axbundle> (framework, loaded), key: page.count, value: , table: Accessibility, localizationNames: (null), result: %#@pages@
2026-01-28 23:08:26.679 Db NayaVedAI[16185:287453] [com.apple.CFBundle:strings] Bundle: CFBundle 0x600003b040e0 </Library/Developer/CoreSimulator/Volumes/iOS_23C54/Library/Developer/CoreSimulator/Profiles/Runtimes/iOS 26.2.simruntime/Contents/Resources/RuntimeRoot/System/Library/AccessibilityBundles/UIKit.axbundle> (framework, loaded), key: scroll.bar.horizontal, value: , table: Accessibility, localizationNames: (null), result: Horizontal scroll bar
2026-01-28 23:08:26.679 Db NayaVedAI[16185:287453] [com.apple.CFBundle:strings] Bundle: CFBundle 0x600003b040e0 </Library/Developer/CoreSimulator/Volumes/iOS_23C54/Library/Developer/CoreSimulator/Profiles/Runtimes/iOS 26.2.simruntime/Contents/Resources/RuntimeRoot/System/Library/AccessibilityBundles/UIKit.axbundle> (framework, loaded), key: page.count, value: , table: Accessibility, localizationNames: (null), result: %#@pages@
2026-01-28 23:08:26.810 Db NayaVedAI[16185:287489] [com.apple.network:connection] nw_socket_handle_socket_event [C10.1.1:2] Event mask: 0x2
2026-01-28 23:08:26.810 Df NayaVedAI[16185:287489] [com.apple.network:connection] nw_socket_handle_socket_event [C10.1.1:2] Socket received READ_CLOSE event
2026-01-28 23:08:26.810 Df NayaVedAI[16185:287489] [com.apple.CFNetwork:Default] Connection 10: read-side closed
2026-01-28 23:08:26.810 Df NayaVedAI[16185:287489] [com.apple.CFNetwork:Default] Connection 10: cleaning up
2026-01-28 23:08:26.810 Db NayaVedAI[16185:287453] [com.apple.CFBundle:strings] Bundle: CFBundle 0x600003b040e0 </Library/Developer/CoreSimulator/Volumes/iOS_23C54/Library/Developer/CoreSimulator/Profiles/Runtimes/iOS 26.2.simruntime/Contents/Resources/RuntimeRoot/System/Library/AccessibilityBundles/UIKit.axbundle> (framework, loaded), key: scroll.bar.vertical, value: , table: Accessibility, localizationNames: (null), result: Vertical scroll bar
2026-01-28 23:08:26.810 Df NayaVedAI[16185:287489] [com.apple.network:connection] [C10 0C69A018-6AAC-45E2-ADFF-8BD29DACAF45 Hostname#d1d1adf1:8081 tcp, url: http://localhost:8081/assets/, definite, attribution: developer] cancel
2026-01-28 23:08:26.810 Db NayaVedAI[16185:287453] [com.apple.CFBundle:strings] Bundle: CFBundle 0x600003b040e0 </Library/Developer/CoreSimulator/Volumes/iOS_23C54/Library/Developer/CoreSimulator/Profiles/Runtimes/iOS 26.2.simruntime/Contents/Resources/RuntimeRoot/System/Library/AccessibilityBundles/UIKit.axbundle> (framework, loaded), key: page.count, value: , table: Accessibility, localizationNames: (null), result: %#@pages@
2026-01-28 23:08:26.811 Df NayaVedAI[16185:287489] [com.apple.network:connection] [C10 0C69A018-6AAC-45E2-ADFF-8BD29DACAF45 Hostname#d1d1adf1:8081 tcp, url: http://localhost:8081/assets/, definite, attribution: developer] cancelled
	[C10.1.1 EBD1C1E3-F934-4F84-A499-A61E2EE1A83E ::1.64481<->IPv6#365e23a9.8081]
	Connected Path: satisfied (Path is satisfied), interface: lo0
	Privacy Stance: Not Eligible
	Duration: 7.478s, DNS @0.001s took 0.001s, TCP @0.016s took 0.003s
	bytes in/out: 1363882/1305, packets in/out: 87/2, rtt: 0.001s, retransmitted bytes: 0, out-of-order bytes: 0
	ecn packets sent/acked/marked/lost: 0/0/0/0
2026-01-28 23:08:26.811 Db NayaVedAI[16185:287453] [com.apple.CFBundle:strings] Bundle: CFBundle 0x600003b040e0 </Library/Developer/CoreSimulator/Volumes/iOS_23C54/Library/Developer/CoreSimulator/Profiles/Runtimes/iOS 26.2.simruntime/Contents/Resources/RuntimeRoot/System/Library/AccessibilityBundles/UIKit.axbundle> (framework, loaded), key: scroll.bar.vertical, value: , table: Accessibility, localizationNames: (null), result: Vertical scroll bar
2026-01-28 23:08:26.811 I  NayaVedAI[16185:287489] [com.apple.network:connection] nw_endpoint_handler_cancel [C10 IPv6#365e23a9.8081 ready parent-flow (satisfied (Path is satisfied), interface: en0[802.11], uses wifi, LQM: unknown)]
2026-01-28 23:08:26.811 Db NayaVedAI[16185:287453] [com.apple.CFBundle:strings] Bundle: CFBundle 0x600003b040e0 </Library/Developer/CoreSimulator/Volumes/iOS_23C54/Library/Developer/CoreSimulator/Profiles/Runtimes/iOS 26.2.simruntime/Contents/Resources/RuntimeRoot/System/Library/AccessibilityBundles/UIKit.axbundle> (framework, loaded), key: page.count, value: , table: Accessibility, localizationNames: (null), result: %#@pages@
2026-01-28 23:08:26.811 Db NayaVedAI[16185:287489] [com.apple.network:connection] nw_flow_passthrough_disconnected [C10.1.1 IPv6#365e23a9.8081 ready socket-flow (satisfied (Path is satisfied), interface: lo0)] deferring fail on disconnected
2026-01-28 23:08:26.811 I  NayaVedAI[16185:287489] [com.apple.network:connection] nw_endpoint_handler_cancel [C10.1 Hostname#d1d1adf1:8081 ready resolver (satisfied (Path is satisfied), interface: en0[802.11], uses wifi, LQM: unknown)]
2026-01-28 23:08:26.811 I  NayaVedAI[16185:287489] [com.apple.network:connection] nw_endpoint_handler_cancel [C10.1.1 IPv6#365e23a9.8081 ready socket-flow (satisfied (Path is satisfied), interface: lo0)]
2026-01-28 23:08:26.811 Db NayaVedAI[16185:287489] [com.apple.network:connection] nw_endpoint_flow_stitch_stack_without_passthrough [C10.1.1 IPv6#365e23a9.8081 cancelled socket-flow ((null))] Not stitching the stack since passthrough is directly below a flow
2026-01-28 23:08:26.811 Db NayaVedAI[16185:287489] [com.apple.network:connection] nw_flow_passthrough_disconnected [C10.1.1 IPv6#365e23a9.8081 cancelled socket-flow ((null))] deferring fail on disconnected
2026-01-28 23:08:26.811 Db NayaVedAI[16185:287453] [com.apple.CFBundle:strings] Bundle: CFBundle 0x600003b040e0 </Library/Developer/CoreSimulator/Volumes/iOS_23C54/Library/Developer/CoreSimulator/Profiles/Runtimes/iOS 26.2.simruntime/Contents/Resources/RuntimeRoot/System/Library/AccessibilityBundles/UIKit.axbundle> (framework, loaded), key: scroll.bar.horizontal, value: , table: Accessibility, localizationNames: (null), result: Horizontal scroll bar
2026-01-28 23:08:26.811 Db NayaVedAI[16185:287453] [com.apple.CFBundle:strings] Bundle: CFBundle 0x600003b040e0 </Library/Developer/CoreSimulator/Volumes/iOS_23C54/Library/Developer/CoreSimulator/Profiles/Runtimes/iOS 26.2.simruntime/Contents/Resources/RuntimeRoot/System/Library/AccessibilityBundles/UIKit.axbundle> (framework, loaded), key: page.count, value: , table: Accessibility, localizationNames: (null), result: %#@pages@
2026-01-28 23:08:26.811 Db NayaVedAI[16185:287489] [com.apple.network:connection] nw_flow_cancel_read_write_requests [C10.1.1 IPv6#365e23a9.8081 cancelled socket-flow ((null))] cancelling read/write requests
2026-01-28 23:08:26.811 I  NayaVedAI[16185:287489] [com.apple.network:connection] nw_endpoint_handler_cancel [C10.1.2 IPv4#c0c1e77e:8081 cancelled path ((null))]
2026-01-28 23:08:26.811 Db NayaVedAI[16185:287453] [com.apple.CFBundle:strings] Bundle: CFBundle 0x600003b040e0 </Library/Developer/CoreSimulator/Volumes/iOS_23C54/Library/Developer/CoreSimulator/Profiles/Runtimes/iOS 26.2.simruntime/Contents/Resources/RuntimeRoot/System/Library/AccessibilityBundles/UIKit.axbundle> (framework, loaded), key: scroll.bar.horizontal, value: , table: Accessibility, localizationNames: (null), result: Horizontal scroll bar
2026-01-28 23:08:26.811 Db NayaVedAI[16185:287489] [com.apple.network:connection] nw_resolver_cancel [C10.1] 0x153b6e3d0
2026-01-28 23:08:26.811 Db NayaVedAI[16185:287453] [com.apple.CFBundle:strings] Bundle: CFBundle 0x600003b040e0 </Library/Developer/CoreSimulator/Volumes/iOS_23C54/Library/Developer/CoreSimulator/Profiles/Runtimes/iOS 26.2.simruntime/Contents/Resources/RuntimeRoot/System/Library/AccessibilityBundles/UIKit.axbundle> (framework, loaded), key: page.count, value: , table: Accessibility, localizationNames: (null), result: %#@pages@
2026-01-28 23:08:26.811 Db NayaVedAI[16185:287489] [com.apple.network:connection] nw_flow_cancel_read_write_requests [C10 Hostname#d1d1adf1:8081 cancelled parent-flow ((null))] cancelling read/write requests
2026-01-28 23:08:26.811 Df NayaVedAI[16185:287489] [com.apple.network:connection] nw_connection_report_state_with_handler_on_nw_queue [C10] reporting state cancelled
2026-01-28 23:08:26.811 Df NayaVedAI[16185:287489] [com.apple.CFNetwork:Default] Connection 10: done
2026-01-28 23:08:26.811 I  NayaVedAI[16185:287489] [com.apple.network:connection] [C10 Hostname#d1d1adf1:8081 tcp, url: http://localhost:8081/assets/, definite, attribution: developer] dealloc
2026-01-28 23:08:26.811 Db NayaVedAI[16185:287489] [com.apple.network:] nw_fd_wrapper_close closed <fd_wrapper 28, guarded: true>
2026-01-28 23:08:26.940 Db NayaVedAI[16185:287453] [com.apple.CFBundle:strings] Bundle: CFBundle 0x600003b040e0 </Library/Developer/CoreSimulator/Volumes/iOS_23C54/Library/Developer/CoreSimulator/Profiles/Runtimes/iOS 26.2.simruntime/Contents/Resources/RuntimeRoot/System/Library/AccessibilityBundles/UIKit.axbundle> (framework, loaded), key: scroll.bar.vertical, value: , table: Accessibility, localizationNames: (null), result: Vertical scroll bar
2026-01-28 23:08:26.940 Db NayaVedAI[16185:287453] [com.apple.CFBundle:strings] Bundle: CFBundle 0x600003b040e0 </Library/Developer/CoreSimulator/Volumes/iOS_23C54/Library/Developer/CoreSimulator/Profiles/Runtimes/iOS 26.2.simruntime/Contents/Resources/RuntimeRoot/System/Library/AccessibilityBundles/UIKit.axbundle> (framework, loaded), key: page.count, value: , table: Accessibility, localizationNames: (null), result: %#@pages@
2026-01-28 23:08:26.940 Db NayaVedAI[16185:287453] [com.apple.CFBundle:strings] Bundle: CFBundle 0x600003b040e0 </Library/Developer/CoreSimulator/Volumes/iOS_23C54/Library/Developer/CoreSimulator/Profiles/Runtimes/iOS 26.2.simruntime/Contents/Resources/RuntimeRoot/System/Library/AccessibilityBundles/UIKit.axbundle> (framework, loaded), key: scroll.bar.vertical, value: , table: Accessibility, localizationNames: (null), result: Vertical scroll bar
2026-01-28 23:08:26.940 Db NayaVedAI[16185:287453] [com.apple.CFBundle:strings] Bundle: CFBundle 0x600003b040e0 </Library/Developer/CoreSimulator/Volumes/iOS_23C54/Library/Developer/CoreSimulator/Profiles/Runtimes/iOS 26.2.simruntime/Contents/Resources/RuntimeRoot/System/Library/AccessibilityBundles/UIKit.axbundle> (framework, loaded), key: page.count, value: , table: Accessibility, localizationNames: (null), result: %#@pages@
2026-01-28 23:08:26.940 Db NayaVedAI[16185:287453] [com.apple.CFBundle:strings] Bundle: CFBundle 0x600003b040e0 </Library/Developer/CoreSimulator/Volumes/iOS_23C54/Library/Developer/CoreSimulator/Profiles/Runtimes/iOS 26.2.simruntime/Contents/Resources/RuntimeRoot/System/Library/AccessibilityBundles/UIKit.axbundle> (framework, loaded), key: scroll.bar.horizontal, value: , table: Accessibility, localizationNames: (null), result: Horizontal scroll bar
2026-01-28 23:08:26.940 Db NayaVedAI[16185:287453] [com.apple.CFBundle:strings] Bundle: CFBundle 0x600003b040e0 </Library/Developer/CoreSimulator/Volumes/iOS_23C54/Library/Developer/CoreSimulator/Profiles/Runtimes/iOS 26.2.simruntime/Contents/Resources/RuntimeRoot/System/Library/AccessibilityBundles/UIKit.axbundle> (framework, loaded), key: page.count, value: , table: Accessibility, localizationNames: (null), result: %#@pages@
2026-01-28 23:08:26.940 Db NayaVedAI[16185:287453] [com.apple.CFBundle:strings] Bundle: CFBundle 0x600003b040e0 </Library/Developer/CoreSimulator/Volumes/iOS_23C54/Library/Developer/CoreSimulator/Profiles/Runtimes/iOS 26.2.simruntime/Contents/Resources/RuntimeRoot/System/Library/AccessibilityBundles/UIKit.axbundle> (framework, loaded), key: scroll.bar.horizontal, value: , table: Accessibility, localizationNames: (null), result: Horizontal scroll bar
2026-01-28 23:08:26.940 Db NayaVedAI[16185:287453] [com.apple.CFBundle:strings] Bundle: CFBundle 0x600003b040e0 </Library/Developer/CoreSimulator/Volumes/iOS_23C54/Library/Developer/CoreSimulator/Profiles/Runtimes/iOS 26.2.simruntime/Contents/Resources/RuntimeRoot/System/Library/AccessibilityBundles/UIKit.axbundle> (framework, loaded), key: page.count, value: , table: Accessibility, localizationNames: (null), result: %#@pages@
2026-01-28 23:08:27.074 Db NayaVedAI[16185:287453] [com.apple.CFBundle:strings] Bundle: CFBundle 0x600003b040e0 </Library/Developer/CoreSimulator/Volumes/iOS_23C54/Library/Developer/CoreSimulator/Profiles/Runtimes/iOS 26.2.simruntime/Contents/Resources/RuntimeRoot/System/Library/AccessibilityBundles/UIKit.axbundle> (framework, loaded), key: scroll.bar.vertical, value: , table: Accessibility, localizationNames: (null), result: Vertical scroll bar
2026-01-28 23:08:27.074 Db NayaVedAI[16185:287453] [com.apple.CFBundle:strings] Bundle: CFBundle 0x600003b040e0 </Library/Developer/CoreSimulator/Volumes/iOS_23C54/Library/Developer/CoreSimulator/Profiles/Runtimes/iOS 26.2.simruntime/Contents/Resources/RuntimeRoot/System/Library/AccessibilityBundles/UIKit.axbundle> (framework, loaded), key: page.count, value: , table: Accessibility, localizationNames: (null), result: %#@pages@
2026-01-28 23:08:27.074 Db NayaVedAI[16185:287453] [com.apple.CFBundle:strings] Bundle: CFBundle 0x600003b040e0 </Library/Developer/CoreSimulator/Volumes/iOS_23C54/Library/Developer/CoreSimulator/Profiles/Runtimes/iOS 26.2.simruntime/Contents/Resources/RuntimeRoot/System/Library/AccessibilityBundles/UIKit.axbundle> (framework, loaded), key: scroll.bar.vertical, value: , table: Accessibility, localizationNames: (null), result: Vertical scroll bar
2026-01-28 23:08:27.074 Db NayaVedAI[16185:287453] [com.apple.CFBundle:strings] Bundle: CFBundle 0x600003b040e0 </Library/Developer/CoreSimulator/Volumes/iOS_23C54/Library/Developer/CoreSimulator/Profiles/Runtimes/iOS 26.2.simruntime/Contents/Resources/RuntimeRoot/System/Library/AccessibilityBundles/UIKit.axbundle> (framework, loaded), key: page.count, value: , table: Accessibility, localizationNames: (null), result: %#@pages@
2026-01-28 23:08:27.074 Db NayaVedAI[16185:287453] [com.apple.CFBundle:strings] Bundle: CFBundle 0x600003b040e0 </Library/Developer/CoreSimulator/Volumes/iOS_23C54/Library/Developer/CoreSimulator/Profiles/Runtimes/iOS 26.2.simruntime/Contents/Resources/RuntimeRoot/System/Library/AccessibilityBundles/UIKit.axbundle> (framework, loaded), key: scroll.bar.horizontal, value: , table: Accessibility, localizationNames: (null), result: Horizontal scroll bar
2026-01-28 23:08:27.074 Db NayaVedAI[16185:287453] [com.apple.CFBundle:strings] Bundle: CFBundle 0x600003b040e0 </Library/Developer/CoreSimulator/Volumes/iOS_23C54/Library/Developer/CoreSimulator/Profiles/Runtimes/iOS 26.2.simruntime/Contents/Resources/RuntimeRoot/System/Library/AccessibilityBundles/UIKit.axbundle> (framework, loaded), key: page.count, value: , table: Accessibility, localizationNames: (null), result: %#@pages@
2026-01-28 23:08:27.074 Db NayaVedAI[16185:287453] [com.apple.CFBundle:strings] Bundle: CFBundle 0x600003b040e0 </Library/Developer/CoreSimulator/Volumes/iOS_23C54/Library/Developer/CoreSimulator/Profiles/Runtimes/iOS 26.2.simruntime/Contents/Resources/RuntimeRoot/System/Library/AccessibilityBundles/UIKit.axbundle> (framework, loaded), key: scroll.bar.horizontal, value: , table: Accessibility, localizationNames: (null), result: Horizontal scroll bar
2026-01-28 23:08:27.074 Db NayaVedAI[16185:287453] [com.apple.CFBundle:strings] Bundle: CFBundle 0x600003b040e0 </Library/Developer/CoreSimulator/Volumes/iOS_23C54/Library/Developer/CoreSimulator/Profiles/Runtimes/iOS 26.2.simruntime/Contents/Resources/RuntimeRoot/System/Library/AccessibilityBundles/UIKit.axbundle> (framework, loaded), key: page.count, value: , table: Accessibility, localizationNames: (null), result: %#@pages@
2026-01-28 23:08:27.208 Db NayaVedAI[16185:287453] [com.apple.CFBundle:strings] Bundle: CFBundle 0x600003b040e0 </Library/Developer/CoreSimulator/Volumes/iOS_23C54/Library/Developer/CoreSimulator/Profiles/Runtimes/iOS 26.2.simruntime/Contents/Resources/RuntimeRoot/System/Library/AccessibilityBundles/UIKit.axbundle> (framework, loaded), key: scroll.bar.vertical, value: , table: Accessibility, localizationNames: (null), result: Vertical scroll bar
2026-01-28 23:08:27.208 Db NayaVedAI[16185:287453] [com.apple.CFBundle:strings] Bundle: CFBundle 0x600003b040e0 </Library/Developer/CoreSimulator/Volumes/iOS_23C54/Library/Developer/CoreSimulator/Profiles/Runtimes/iOS 26.2.simruntime/Contents/Resources/RuntimeRoot/System/Library/AccessibilityBundles/UIKit.axbundle> (framework, loaded), key: page.count, value: , table: Accessibility, localizationNames: (null), result: %#@pages@
2026-01-28 23:08:27.208 Db NayaVedAI[16185:287453] [com.apple.CFBundle:strings] Bundle: CFBundle 0x600003b040e0 </Library/Developer/CoreSimulator/Volumes/iOS_23C54/Library/Developer/CoreSimulator/Profiles/Runtimes/iOS 26.2.simruntime/Contents/Resources/RuntimeRoot/System/Library/AccessibilityBundles/UIKit.axbundle> (framework, loaded), key: scroll.bar.vertical, value: , table: Accessibility, localizationNames: (null), result: Vertical scroll bar
2026-01-28 23:08:27.208 Db NayaVedAI[16185:287453] [com.apple.CFBundle:strings] Bundle: CFBundle 0x600003b040e0 </Library/Developer/CoreSimulator/Volumes/iOS_23C54/Library/Developer/CoreSimulator/Profiles/Runtimes/iOS 26.2.simruntime/Contents/Resources/RuntimeRoot/System/Library/AccessibilityBundles/UIKit.axbundle> (framework, loaded), key: page.count, value: , table: Accessibility, localizationNames: (null), result: %#@pages@
2026-01-28 23:08:27.209 Db NayaVedAI[16185:287453] [com.apple.CFBundle:strings] Bundle: CFBundle 0x600003b040e0 </Library/Developer/CoreSimulator/Volumes/iOS_23C54/Library/Developer/CoreSimulator/Profiles/Runtimes/iOS 26.2.simruntime/Contents/Resources/RuntimeRoot/System/Library/AccessibilityBundles/UIKit.axbundle> (framework, loaded), key: scroll.bar.horizontal, value: , table: Accessibility, localizationNames: (null), result: Horizontal scroll bar
2026-01-28 23:08:27.209 Db NayaVedAI[16185:287453] [com.apple.CFBundle:strings] Bundle: CFBundle 0x600003b040e0 </Library/Developer/CoreSimulator/Volumes/iOS_23C54/Library/Developer/CoreSimulator/Profiles/Runtimes/iOS 26.2.simruntime/Contents/Resources/RuntimeRoot/System/Library/AccessibilityBundles/UIKit.axbundle> (framework, loaded), key: page.count, value: , table: Accessibility, localizationNames: (null), result: %#@pages@
2026-01-28 23:08:27.209 Db NayaVedAI[16185:287453] [com.apple.CFBundle:strings] Bundle: CFBundle 0x600003b040e0 </Library/Developer/CoreSimulator/Volumes/iOS_23C54/Library/Developer/CoreSimulator/Profiles/Runtimes/iOS 26.2.simruntime/Contents/Resources/RuntimeRoot/System/Library/AccessibilityBundles/UIKit.axbundle> (framework, loaded), key: scroll.bar.horizontal, value: , table: Accessibility, localizationNames: (null), result: Horizontal scroll bar
2026-01-28 23:08:27.209 Db NayaVedAI[16185:287453] [com.apple.CFBundle:strings] Bundle: CFBundle 0x600003b040e0 </Library/Developer/CoreSimulator/Volumes/iOS_23C54/Library/Developer/CoreSimulator/Profiles/Runtimes/iOS 26.2.simruntime/Contents/Resources/RuntimeRoot/System/Library/AccessibilityBundles/UIKit.axbundle> (framework, loaded), key: page.count, value: , table: Accessibility, localizationNames: (null), result: %#@pages@
2026-01-28 23:08:27.343 Db NayaVedAI[16185:287453] [com.apple.CFBundle:strings] Bundle: CFBundle 0x600003b040e0 </Library/Developer/CoreSimulator/Volumes/iOS_23C54/Library/Developer/CoreSimulator/Profiles/Runtimes/iOS 26.2.simruntime/Contents/Resources/RuntimeRoot/System/Library/AccessibilityBundles/UIKit.axbundle> (framework, loaded), key: scroll.bar.vertical, value: , table: Accessibility, localizationNames: (null), result: Vertical scroll bar
2026-01-28 23:08:27.344 Db NayaVedAI[16185:287453] [com.apple.CFBundle:strings] Bundle: CFBundle 0x600003b040e0 </Library/Developer/CoreSimulator/Volumes/iOS_23C54/Library/Developer/CoreSimulator/Profiles/Runtimes/iOS 26.2.simruntime/Contents/Resources/RuntimeRoot/System/Library/AccessibilityBundles/UIKit.axbundle> (framework, loaded), key: page.count, value: , table: Accessibility, localizationNames: (null), result: %#@pages@
2026-01-28 23:08:27.344 Db NayaVedAI[16185:287453] [com.apple.CFBundle:strings] Bundle: CFBundle 0x600003b040e0 </Library/Developer/CoreSimulator/Volumes/iOS_23C54/Library/Developer/CoreSimulator/Profiles/Runtimes/iOS 26.2.simruntime/Contents/Resources/RuntimeRoot/System/Library/AccessibilityBundles/UIKit.axbundle> (framework, loaded), key: scroll.bar.vertical, value: , table: Accessibility, localizationNames: (null), result: Vertical scroll bar
2026-01-28 23:08:27.344 Db NayaVedAI[16185:287453] [com.apple.CFBundle:strings] Bundle: CFBundle 0x600003b040e0 </Library/Developer/CoreSimulator/Volumes/iOS_23C54/Library/Developer/CoreSimulator/Profiles/Runtimes/iOS 26.2.simruntime/Contents/Resources/RuntimeRoot/System/Library/AccessibilityBundles/UIKit.axbundle> (framework, loaded), key: page.count, value: , table: Accessibility, localizationNames: (null), result: %#@pages@
2026-01-28 23:08:27.344 Db NayaVedAI[16185:287453] [com.apple.CFBundle:strings] Bundle: CFBundle 0x600003b040e0 </Library/Developer/CoreSimulator/Volumes/iOS_23C54/Library/Developer/CoreSimulator/Profiles/Runtimes/iOS 26.2.simruntime/Contents/Resources/RuntimeRoot/System/Library/AccessibilityBundles/UIKit.axbundle> (framework, loaded), key: scroll.bar.horizontal, value: , table: Accessibility, localizationNames: (null), result: Horizontal scroll bar
2026-01-28 23:08:27.344 Db NayaVedAI[16185:287453] [com.apple.CFBundle:strings] Bundle: CFBundle 0x600003b040e0 </Library/Developer/CoreSimulator/Volumes/iOS_23C54/Library/Developer/CoreSimulator/Profiles/Runtimes/iOS 26.2.simruntime/Contents/Resources/RuntimeRoot/System/Library/AccessibilityBundles/UIKit.axbundle> (framework, loaded), key: page.count, value: , table: Accessibility, localizationNames: (null), result: %#@pages@
2026-01-28 23:08:27.344 Db NayaVedAI[16185:287453] [com.apple.CFBundle:strings] Bundle: CFBundle 0x600003b040e0 </Library/Developer/CoreSimulator/Volumes/iOS_23C54/Library/Developer/CoreSimulator/Profiles/Runtimes/iOS 26.2.simruntime/Contents/Resources/RuntimeRoot/System/Library/AccessibilityBundles/UIKit.axbundle> (framework, loaded), key: scroll.bar.horizontal, value: , table: Accessibility, localizationNames: (null), result: Horizontal scroll bar
2026-01-28 23:08:27.344 Db NayaVedAI[16185:287453] [com.apple.CFBundle:strings] Bundle: CFBundle 0x600003b040e0 </Library/Developer/CoreSimulator/Volumes/iOS_23C54/Library/Developer/CoreSimulator/Profiles/Runtimes/iOS 26.2.simruntime/Contents/Resources/RuntimeRoot/System/Library/AccessibilityBundles/UIKit.axbundle> (framework, loaded), key: page.count, value: , table: Accessibility, localizationNames: (null), result: %#@pages@
2026-01-28 23:08:27.353 Db NayaVedAI[16185:287540] [com.apple.network:connection] nw_socket_handle_socket_event [C2.1.1:2] Event mask: 0x2
2026-01-28 23:08:27.353 Df NayaVedAI[16185:287540] [com.apple.network:connection] nw_socket_handle_socket_event [C2.1.1:2] Socket received READ_CLOSE event
2026-01-28 23:08:27.353 Df NayaVedAI[16185:287540] [com.apple.CFNetwork:Default] Connection 2: read-side closed
2026-01-28 23:08:27.353 Df NayaVedAI[16185:287540] [com.apple.CFNetwork:Default] Connection 2: cleaning up
2026-01-28 23:08:27.353 Df NayaVedAI[16185:287540] [com.apple.network:connection] [C2 6E2B1A5F-495A-4261-BAAA-7014884A76B6 Hostname#d1d1adf1:8081 tcp, url: http://localhost:8081/status, definite, attribution: developer] cancel
2026-01-28 23:08:27.353 Df NayaVedAI[16185:287540] [com.apple.network:connection] [C2 6E2B1A5F-495A-4261-BAAA-7014884A76B6 Hostname#d1d1adf1:8081 tcp, url: http://localhost:8081/status, definite, attribution: developer] cancelled
	[C2.1.1 EBD1C1E3-F934-4F84-A499-A61E2EE1A83E ::1.64462<->IPv6#365e23a9.8081]
	Connected Path: satisfied (Path is satisfied), interface: lo0
	Privacy Stance: Not Eligible
	Duration: 10.776s, DNS @0.001s took 0.001s, TCP @0.002s took 0.001s
	bytes in/out: 1224/663, packets in/out: 4/3, rtt: 0.001s, retransmitted bytes: 0, out-of-order bytes: 0
	ecn packets sent/acked/marked/lost: 0/0/0/0
2026-01-28 23:08:27.353 I  NayaVedAI[16185:287540] [com.apple.network:connection] nw_endpoint_handler_cancel [C2 IPv6#365e23a9.8081 ready parent-flow (satisfied (Path is satisfied), interface: en0[802.11], uses wifi, LQM: unknown)]
2026-01-28 23:08:27.353 Db NayaVedAI[16185:287540] [com.apple.network:connection] nw_flow_passthrough_disconnected [C2.1.1 IPv6#365e23a9.8081 ready socket-flow (satisfied (Path is satisfied), interface: lo0)] deferring fail on disconnected
2026-01-28 23:08:27.353 I  NayaVedAI[16185:287540] [com.apple.network:connection] nw_endpoint_handler_cancel [C2.1 Hostname#d1d1adf1:8081 ready resolver (satisfied (Path is satisfied), interface: en0[802.11], uses wifi, LQM: unknown)]
2026-01-28 23:08:27.353 I  NayaVedAI[16185:287540] [com.apple.network:connection] nw_association_schedule_deactivation <nw_association Hostname#d1d1adf1:8081> will become dormant after 10000ms of inactivity
2026-01-28 23:08:27.353 I  NayaVedAI[16185:287540] [com.apple.network:connection] nw_endpoint_handler_cancel [C2.1.1 IPv6#365e23a9.8081 ready socket-flow (satisfied (Path is satisfied), interface: lo0)]
2026-01-28 23:08:27.353 I  NayaVedAI[16185:287540] [com.apple.network:connection] nw_association_schedule_deactivation <nw_association IPv6#365e23a9.8081> will become dormant after 10000ms of inactivity
2026-01-28 23:08:27.353 Db NayaVedAI[16185:287540] [com.apple.network:connection] nw_endpoint_flow_stitch_stack_without_passthrough [C2.1.1 IPv6#365e23a9.8081 cancelled socket-flow ((null))] Not stitching the stack since passthrough is directly below a flow
2026-01-28 23:08:27.353 Db NayaVedAI[16185:287540] [com.apple.network:connection] nw_flow_passthrough_disconnected [C2.1.1 IPv6#365e23a9.8081 cancelled socket-flow ((null))] deferring fail on disconnected
2026-01-28 23:08:27.353 Db NayaVedAI[16185:287540] [com.apple.network:connection] nw_flow_cancel_read_write_requests [C2.1.1 IPv6#365e23a9.8081 cancelled socket-flow ((null))] cancelling read/write requests
2026-01-28 23:08:27.353 I  NayaVedAI[16185:287540] [com.apple.network:connection] nw_endpoint_handler_cancel [C2.1.2 IPv4#c0c1e77e:8081 cancelled path ((null))]
2026-01-28 23:08:27.353 Db NayaVedAI[16185:287540] [com.apple.network:connection] nw_resolver_cancel [C2.1] 0x107c18300
2026-01-28 23:08:27.353 Db NayaVedAI[16185:287540] [com.apple.network:connection] nw_flow_cancel_read_write_requests [C2 Hostname#d1d1adf1:8081 cancelled parent-flow ((null))] cancelling read/write requests
2026-01-28 23:08:27.353 Df NayaVedAI[16185:287540] [com.apple.network:connection] nw_connection_report_state_with_handler_on_nw_queue [C2] reporting state cancelled
2026-01-28 23:08:27.353 Df NayaVedAI[16185:287540] [com.apple.CFNetwork:Default] Connection 2: done
2026-01-28 23:08:27.354 I  NayaVedAI[16185:287540] [com.apple.network:connection] [C2 Hostname#d1d1adf1:8081 tcp, url: http://localhost:8081/status, definite, attribution: developer] dealloc
2026-01-28 23:08:27.354 Db NayaVedAI[16185:287540] [com.apple.network:] nw_fd_wrapper_close closed <fd_wrapper 13, guarded: true>
2026-01-28 23:08:27.475 Db NayaVedAI[16185:287453] [com.apple.CFBundle:strings] Bundle: CFBundle 0x600003b040e0 </Library/Developer/CoreSimulator/Volumes/iOS_23C54/Library/Developer/CoreSimulator/Profiles/Runtimes/iOS 26.2.simruntime/Contents/Resources/RuntimeRoot/System/Library/AccessibilityBundles/UIKit.axbundle> (framework, loaded), key: scroll.bar.vertical, value: , table: Accessibility, localizationNames: (null), result: Vertical scroll bar
2026-01-28 23:08:27.475 Db NayaVedAI[16185:287453] [com.apple.CFBundle:strings] Bundle: CFBundle 0x600003b040e0 </Library/Developer/CoreSimulator/Volumes/iOS_23C54/Library/Developer/CoreSimulator/Profiles/Runtimes/iOS 26.2.simruntime/Contents/Resources/RuntimeRoot/System/Library/AccessibilityBundles/UIKit.axbundle> (framework, loaded), key: page.count, value: , table: Accessibility, localizationNames: (null), result: %#@pages@
2026-01-28 23:08:27.475 Db NayaVedAI[16185:287453] [com.apple.CFBundle:strings] Bundle: CFBundle 0x600003b040e0 </Library/Developer/CoreSimulator/Volumes/iOS_23C54/Library/Developer/CoreSimulator/Profiles/Runtimes/iOS 26.2.simruntime/Contents/Resources/RuntimeRoot/System/Library/AccessibilityBundles/UIKit.axbundle> (framework, loaded), key: scroll.bar.vertical, value: , table: Accessibility, localizationNames: (null), result: Vertical scroll bar
2026-01-28 23:08:27.475 Db NayaVedAI[16185:287453] [com.apple.CFBundle:strings] Bundle: CFBundle 0x600003b040e0 </Library/Developer/CoreSimulator/Volumes/iOS_23C54/Library/Developer/CoreSimulator/Profiles/Runtimes/iOS 26.2.simruntime/Contents/Resources/RuntimeRoot/System/Library/AccessibilityBundles/UIKit.axbundle> (framework, loaded), key: page.count, value: , table: Accessibility, localizationNames: (null), result: %#@pages@
2026-01-28 23:08:27.475 Db NayaVedAI[16185:287453] [com.apple.CFBundle:strings] Bundle: CFBundle 0x600003b040e0 </Library/Developer/CoreSimulator/Volumes/iOS_23C54/Library/Developer/CoreSimulator/Profiles/Runtimes/iOS 26.2.simruntime/Contents/Resources/RuntimeRoot/System/Library/AccessibilityBundles/UIKit.axbundle> (framework, loaded), key: scroll.bar.horizontal, value: , table: Accessibility, localizationNames: (null), result: Horizontal scroll bar
2026-01-28 23:08:27.475 Db NayaVedAI[16185:287453] [com.apple.CFBundle:strings] Bundle: CFBundle 0x600003b040e0 </Library/Developer/CoreSimulator/Volumes/iOS_23C54/Library/Developer/CoreSimulator/Profiles/Runtimes/iOS 26.2.simruntime/Contents/Resources/RuntimeRoot/System/Library/AccessibilityBundles/UIKit.axbundle> (framework, loaded), key: page.count, value: , table: Accessibility, localizationNames: (null), result: %#@pages@
2026-01-28 23:08:27.475 Db NayaVedAI[16185:287453] [com.apple.CFBundle:strings] Bundle: CFBundle 0x600003b040e0 </Library/Developer/CoreSimulator/Volumes/iOS_23C54/Library/Developer/CoreSimulator/Profiles/Runtimes/iOS 26.2.simruntime/Contents/Resources/RuntimeRoot/System/Library/AccessibilityBundles/UIKit.axbundle> (framework, loaded), key: scroll.bar.horizontal, value: , table: Accessibility, localizationNames: (null), result: Horizontal scroll bar
2026-01-28 23:08:27.475 Db NayaVedAI[16185:287453] [com.apple.CFBundle:strings] Bundle: CFBundle 0x600003b040e0 </Library/Developer/CoreSimulator/Volumes/iOS_23C54/Library/Developer/CoreSimulator/Profiles/Runtimes/iOS 26.2.simruntime/Contents/Resources/RuntimeRoot/System/Library/AccessibilityBundles/UIKit.axbundle> (framework, loaded), key: page.count, value: , table: Accessibility, localizationNames: (null), result: %#@pages@
2026-01-28 23:08:27.533 Db NayaVedAI[16185:287540] [com.apple.network:connection] nw_association_schedule_deactivation_block_invoke <nw_association Hostname#d1d1adf1:8081> becoming dormant
2026-01-28 23:08:27.533 Db NayaVedAI[16185:287540] [com.apple.network:connection] nw_association_schedule_deactivation_block_invoke <nw_association IPv6#365e23a9.8081> becoming dormant
2026-01-28 23:08:27.533 Db NayaVedAI[16185:287540] [com.apple.CFNetwork:Coalescing] removing all entries config 0x600000237280
2026-01-28 23:08:27.533 I  NayaVedAI[16185:287540] [com.apple.network:] nw_context_dealloc Deallocating context <nw_context (null) (private)>
2026-01-28 23:08:27.533 I  NayaVedAI[16185:287540] [com.apple.network:] nw_context_purge_endpoints Context <nw_context com.apple.CFNetwork.NSURLSession.{F9A0F6D1-A41D-4863-B428-00BD0FB168A4}{(null)}{Y}{2}{0x0} (private)> has more than 0 cache entries, purging 1 from 1 down to 0
2026-01-28 23:08:27.533 Db NayaVedAI[16185:287540] [com.apple.network:endpoint] endpoint IPv6#365e23a9.8081 has nothing to cleanup, no protocol instance registrars
2026-01-28 23:08:27.533 Db NayaVedAI[16185:287540] [com.apple.network:endpoint] endpoint Hostname#d1d1adf1:8081 has nothing to cleanup, no protocol instance registrars
2026-01-28 23:08:27.533 I  NayaVedAI[16185:287540] [com.apple.network:] nw_context_dealloc Deallocating context <nw_context (null) (private)>
2026-01-28 23:08:27.610 Db NayaVedAI[16185:287453] [com.apple.CFBundle:strings] Bundle: CFBundle 0x600003b040e0 </Library/Developer/CoreSimulator/Volumes/iOS_23C54/Library/Developer/CoreSimulator/Profiles/Runtimes/iOS 26.2.simruntime/Contents/Resources/RuntimeRoot/System/Library/AccessibilityBundles/UIKit.axbundle> (framework, loaded), key: scroll.bar.vertical, value: , table: Accessibility, localizationNames: (null), result: Vertical scroll bar
2026-01-28 23:08:27.610 Db NayaVedAI[16185:287453] [com.apple.CFBundle:strings] Bundle: CFBundle 0x600003b040e0 </Library/Developer/CoreSimulator/Volumes/iOS_23C54/Library/Developer/CoreSimulator/Profiles/Runtimes/iOS 26.2.simruntime/Contents/Resources/RuntimeRoot/System/Library/AccessibilityBundles/UIKit.axbundle> (framework, loaded), key: page.count, value: , table: Accessibility, localizationNames: (null), result: %#@pages@
2026-01-28 23:08:27.610 Db NayaVedAI[16185:287453] [com.apple.CFBundle:strings] Bundle: CFBundle 0x600003b040e0 </Library/Developer/CoreSimulator/Volumes/iOS_23C54/Library/Developer/CoreSimulator/Profiles/Runtimes/iOS 26.2.simruntime/Contents/Resources/RuntimeRoot/System/Library/AccessibilityBundles/UIKit.axbundle> (framework, loaded), key: scroll.bar.vertical, value: , table: Accessibility, localizationNames: (null), result: Vertical scroll bar
2026-01-28 23:08:27.610 Db NayaVedAI[16185:287453] [com.apple.CFBundle:strings] Bundle: CFBundle 0x600003b040e0 </Library/Developer/CoreSimulator/Volumes/iOS_23C54/Library/Developer/CoreSimulator/Profiles/Runtimes/iOS 26.2.simruntime/Contents/Resources/RuntimeRoot/System/Library/AccessibilityBundles/UIKit.axbundle> (framework, loaded), key: page.count, value: , table: Accessibility, localizationNames: (null), result: %#@pages@
2026-01-28 23:08:27.610 Db NayaVedAI[16185:287453] [com.apple.CFBundle:strings] Bundle: CFBundle 0x600003b040e0 </Library/Developer/CoreSimulator/Volumes/iOS_23C54/Library/Developer/CoreSimulator/Profiles/Runtimes/iOS 26.2.simruntime/Contents/Resources/RuntimeRoot/System/Library/AccessibilityBundles/UIKit.axbundle> (framework, loaded), key: scroll.bar.horizontal, value: , table: Accessibility, localizationNames: (null), result: Horizontal scroll bar
2026-01-28 23:08:27.610 Db NayaVedAI[16185:287453] [com.apple.CFBundle:strings] Bundle: CFBundle 0x600003b040e0 </Library/Developer/CoreSimulator/Volumes/iOS_23C54/Library/Developer/CoreSimulator/Profiles/Runtimes/iOS 26.2.simruntime/Contents/Resources/RuntimeRoot/System/Library/AccessibilityBundles/UIKit.axbundle> (framework, loaded), key: page.count, value: , table: Accessibility, localizationNames: (null), result: %#@pages@
2026-01-28 23:08:27.610 Db NayaVedAI[16185:287453] [com.apple.CFBundle:strings] Bundle: CFBundle 0x600003b040e0 </Library/Developer/CoreSimulator/Volumes/iOS_23C54/Library/Developer/CoreSimulator/Profiles/Runtimes/iOS 26.2.simruntime/Contents/Resources/RuntimeRoot/System/Library/AccessibilityBundles/UIKit.axbundle> (framework, loaded), key: scroll.bar.horizontal, value: , table: Accessibility, localizationNames: (null), result: Horizontal scroll bar
2026-01-28 23:08:27.610 Db NayaVedAI[16185:287453] [com.apple.CFBundle:strings] Bundle: CFBundle 0x600003b040e0 </Library/Developer/CoreSimulator/Volumes/iOS_23C54/Library/Developer/CoreSimulator/Profiles/Runtimes/iOS 26.2.simruntime/Contents/Resources/RuntimeRoot/System/Library/AccessibilityBundles/UIKit.axbundle> (framework, loaded), key: page.count, value: , table: Accessibility, localizationNames: (null), result: %#@pages@
2026-01-28 23:08:27.743 Db NayaVedAI[16185:287453] [com.apple.CFBundle:strings] Bundle: CFBundle 0x600003b040e0 </Library/Developer/CoreSimulator/Volumes/iOS_23C54/Library/Developer/CoreSimulator/Profiles/Runtimes/iOS 26.2.simruntime/Contents/Resources/RuntimeRoot/System/Library/AccessibilityBundles/UIKit.axbundle> (framework, loaded), key: scroll.bar.vertical, value: , table: Accessibility, localizationNames: (null), result: Vertical scroll bar
2026-01-28 23:08:27.743 Db NayaVedAI[16185:287453] [com.apple.CFBundle:strings] Bundle: CFBundle 0x600003b040e0 </Library/Developer/CoreSimulator/Volumes/iOS_23C54/Library/Developer/CoreSimulator/Profiles/Runtimes/iOS 26.2.simruntime/Contents/Resources/RuntimeRoot/System/Library/AccessibilityBundles/UIKit.axbundle> (framework, loaded), key: page.count, value: , table: Accessibility, localizationNames: (null), result: %#@pages@
2026-01-28 23:08:27.743 Db NayaVedAI[16185:287453] [com.apple.CFBundle:strings] Bundle: CFBundle 0x600003b040e0 </Library/Developer/CoreSimulator/Volumes/iOS_23C54/Library/Developer/CoreSimulator/Profiles/Runtimes/iOS 26.2.simruntime/Contents/Resources/RuntimeRoot/System/Library/AccessibilityBundles/UIKit.axbundle> (framework, loaded), key: scroll.bar.vertical, value: , table: Accessibility, localizationNames: (null), result: Vertical scroll bar
2026-01-28 23:08:27.743 Db NayaVedAI[16185:287453] [com.apple.CFBundle:strings] Bundle: CFBundle 0x600003b040e0 </Library/Developer/CoreSimulator/Volumes/iOS_23C54/Library/Developer/CoreSimulator/Profiles/Runtimes/iOS 26.2.simruntime/Contents/Resources/RuntimeRoot/System/Library/AccessibilityBundles/UIKit.axbundle> (framework, loaded), key: page.count, value: , table: Accessibility, localizationNames: (null), result: %#@pages@
2026-01-28 23:08:27.743 Db NayaVedAI[16185:287453] [com.apple.CFBundle:strings] Bundle: CFBundle 0x600003b040e0 </Library/Developer/CoreSimulator/Volumes/iOS_23C54/Library/Developer/CoreSimulator/Profiles/Runtimes/iOS 26.2.simruntime/Contents/Resources/RuntimeRoot/System/Library/AccessibilityBundles/UIKit.axbundle> (framework, loaded), key: scroll.bar.horizontal, value: , table: Accessibility, localizationNames: (null), result: Horizontal scroll bar
2026-01-28 23:08:27.743 Db NayaVedAI[16185:287453] [com.apple.CFBundle:strings] Bundle: CFBundle 0x600003b040e0 </Library/Developer/CoreSimulator/Volumes/iOS_23C54/Library/Developer/CoreSimulator/Profiles/Runtimes/iOS 26.2.simruntime/Contents/Resources/RuntimeRoot/System/Library/AccessibilityBundles/UIKit.axbundle> (framework, loaded), key: page.count, value: , table: Accessibility, localizationNames: (null), result: %#@pages@
2026-01-28 23:08:27.743 Db NayaVedAI[16185:287453] [com.apple.CFBundle:strings] Bundle: CFBundle 0x600003b040e0 </Library/Developer/CoreSimulator/Volumes/iOS_23C54/Library/Developer/CoreSimulator/Profiles/Runtimes/iOS 26.2.simruntime/Contents/Resources/RuntimeRoot/System/Library/AccessibilityBundles/UIKit.axbundle> (framework, loaded), key: scroll.bar.horizontal, value: , table: Accessibility, localizationNames: (null), result: Horizontal scroll bar
