2026-01-28 16:14:43.977 Db NayaVedAI[63826:2101d5] [com.apple.CFBundle:resources] Resource lookup at CFBundle 0x600003b10000 </Users/shivi.agarwal/Library/Developer/CoreSimulator/Devices/AC7E343F-585F-430E-B17D-BDD649803605/data/Containers/Bundle/Application/526E8406-59B6-4C05-9D18-38A7EF2F46C7/NayaVedAI.app> (executable, loaded)
	Request       : InfoPlist type: strings
	Result        : None
2026-01-28 16:14:43.977 Db NayaVedAI[63826:2101d5] [com.apple.CFBundle:resources] Resource lookup at CFBundle 0x600003b10000 </Users/shivi.agarwal/Library/Developer/CoreSimulator/Devices/AC7E343F-585F-430E-B17D-BDD649803605/data/Containers/Bundle/Application/526E8406-59B6-4C05-9D18-38A7EF2F46C7/NayaVedAI.app> (executable, loaded)
	Request       : InfoPlist type: stringsdict
	Result        : None
2026-01-28 16:14:43.977 Db NayaVedAI[63826:2101d5] [com.apple.networkextension:] ne_tracker_check_is_hostname_blocked(): hostname localhost is not a tracker. Returning: ne_tracker_status_none
2026-01-28 16:14:43.977 Db NayaVedAI[63826:2101d5] [com.apple.network:connection] nw_endpoint_flow_receive_report [C173 Hostname#b33e072a:8081 in_progress parent-flow (satisfied (Path is satisfied), interface: en0[802.11], uses wifi, LQM: unknown)] received child report: [C173.1 Hostname#b33e072a:8081 waiting path (satisfied (Path is satisfied), interface: en0[802.11], uses wifi, LQM: unknown)]
2026-01-28 16:14:43.977 Df NayaVedAI[63826:2101d5] [com.apple.network:connection] [C173.1 Hostname#b33e072a:8081 waiting path (satisfied (Path is satisfied), interface: en0[802.11], uses wifi, LQM: unknown)] event: path:satisfied @0.001s, uuid: DA42AC5C-0702-4F8A-8774-17F9505012F4
2026-01-28 16:14:43.977 Db NayaVedAI[63826:2101d5] [com.apple.network:] nw_endpoint_proxy_handler_should_use_proxy Looking up proxy for hostname: localhost, ifindex: 0
2026-01-28 16:14:43.977 Db NayaVedAI[63826:2101d5] [com.apple.SystemConfiguration:SCPreferences] create <SCPreferences 0x10bb94a90 [0x1e578fa80]> {name = SCDynamicStoreCopyProxiesWithOptions, id = /Library/Managed Preferences/mobile/com.apple.SystemConfiguration.plist, path = /Library/Managed Preferences/mobile/com.apple.SystemConfiguration.plist}
2026-01-28 16:14:43.977 Db NayaVedAI[63826:2101d5] [com.apple.SystemConfiguration:SCPreferences] SCPreferences() access: /Library/Managed Preferences/mobile/com.apple.SystemConfiguration.plist, size=0
2026-01-28 16:14:43.977 Db NayaVedAI[63826:2101d5] [com.apple.SystemConfiguration:SCPreferences] release <SCPreferences 0x10bb94a90 [0x1e578fa80]> {name = SCDynamicStoreCopyProxiesWithOptions, id = /Library/Managed Preferences/mobile/com.apple.SystemConfiguration.plist, path = /Library/Managed Preferences/mobile/com.apple.SystemConfiguration.plist, accessed}
2026-01-28 16:14:43.977 Db NayaVedAI[63826:2101d5] [com.apple.network:connection] -[NWConcrete_nw_endpoint_resolver startWithHandler:] [C173.1 Hostname#b33e072a:8081 waiting resolver (satisfied (Path is satisfied), interface: en0[802.11], uses wifi, LQM: unknown)]
2026-01-28 16:14:43.977 Db NayaVedAI[63826:2101d5] [com.apple.network:connection] nw_endpoint_flow_receive_report [C173 Hostname#b33e072a:8081 in_progress parent-flow (satisfied (Path is satisfied), interface: en0[802.11], uses wifi, LQM: unknown)] received child report: [C173.1 Hostname#b33e072a:8081 in_progress resolver (satisfied (Path is satisfied), interface: en0[802.11], uses wifi, LQM: unknown)]
2026-01-28 16:14:43.977 Df NayaVedAI[63826:2101d5] [com.apple.network:connection] [C173.1 Hostname#b33e072a:8081 in_progress resolver (satisfied (Path is satisfied), interface: en0[802.11], uses wifi, LQM: unknown)] event: resolver:start_dns @0.001s
2026-01-28 16:14:43.978 Db NayaVedAI[63826:2101d5] [com.apple.networkextension:] ne_tracker_check_is_hostname_blocked() proceeding with the in_the_app check for hostname: localhost
2026-01-28 16:14:43.978 Db NayaVedAI[63826:2101d5] [com.apple.CFBundle:resources] Resource lookup at CFBundle 0x600003b10000 </Users/shivi.agarwal/Library/Developer/CoreSimulator/Devices/AC7E343F-585F-430E-B17D-BDD649803605/data/Containers/Bundle/Application/526E8406-59B6-4C05-9D18-38A7EF2F46C7/NayaVedAI.app> (executable, loaded)
	Request       : InfoPlist type: strings
	Result        : None
2026-01-28 16:14:43.978 Db NayaVedAI[63826:2101d5] [com.apple.CFBundle:resources] Resource lookup at CFBundle 0x600003b10000 </Users/shivi.agarwal/Library/Developer/CoreSimulator/Devices/AC7E343F-585F-430E-B17D-BDD649803605/data/Containers/Bundle/Application/526E8406-59B6-4C05-9D18-38A7EF2F46C7/NayaVedAI.app> (executable, loaded)
	Request       : InfoPlist type: stringsdict
	Result        : None
2026-01-28 16:14:43.978 Db NayaVedAI[63826:2101d5] [com.apple.networkextension:] ne_tracker_check_is_hostname_blocked(): hostname localhost is not a tracker. Returning: ne_tracker_status_none
2026-01-28 16:14:43.978 I  NayaVedAI[63826:2101d5] [com.apple.network:connection] nw_resolver_create_dns_service_locked [C173.1] Starting host resolution Hostname#b33e072a:8081, flags 0xc000d000 proto 0
2026-01-28 16:14:43.978 Df NayaVedAI[63826:2101d5] [com.apple.CFNetwork:Default] Task <13089FD6-6F4E-4E09-9439-2C2BFD8A8307>.<1> setting up Connection 173
2026-01-28 16:14:43.978 Db NayaVedAI[63826:2101d5] [com.apple.network:activity] Returning should log: 0 for activity cfnetwork:foreground_task
2026-01-28 16:14:43.978 I  NayaVedAI[63826:2101d5] [com.apple.network:connection] nw_resolver_host_resolve_callback [C173.1] flags=0x40000003 ifindex=4294967295 error=NoError(0) hostname=localhost. addr=IPv6#42e9e5e9 ttl=1
2026-01-28 16:14:43.978 I  NayaVedAI[63826:2101d5] [com.apple.network:connection] nw_resolver_host_resolve_callback [C173.1] flags=0x40000002 ifindex=4294967295 error=NoError(0) hostname=localhost. addr=IPv4#075c8fe9 ttl=1
2026-01-28 16:14:43.978 Db NayaVedAI[63826:2101d5] [com.apple.network:] sa_dst_compare_rfc6724 Rule 6, prefer d2, d2 precedence 50 > d1 precedence 35
2026-01-28 16:14:43.978 Db NayaVedAI[63826:2101d5] [com.apple.network:] sa_dst_compare_internal <private>@0 < <private>@0
2026-01-28 16:14:43.978 Db NayaVedAI[63826:2101d5] [com.apple.network:connection] nw_endpoint_resolver_update [C173.1 Hostname#b33e072a:8081 in_progress resolver (satisfied (Path is satisfied), interface: en0[802.11], uses wifi, LQM: unknown)] resolver is complete
2026-01-28 16:14:43.978 Df NayaVedAI[63826:2101d5] [com.apple.network:connection] nw_endpoint_resolver_update [C173.1 Hostname#b33e072a:8081 in_progress resolver (satisfied (Path is satisfied), interface: en0[802.11], uses wifi, LQM: unknown)] Adding endpoint handler for IPv6#9530c712.8081
2026-01-28 16:14:43.978 Df NayaVedAI[63826:2101d5] [com.apple.network:connection] nw_endpoint_resolver_update [C173.1 Hostname#b33e072a:8081 in_progress resolver (satisfied (Path is satisfied), interface: en0[802.11], uses wifi, LQM: unknown)] Adding endpoint handler for IPv4#eafe643d:8081
2026-01-28 16:14:43.978 Db NayaVedAI[63826:2101d5] [com.apple.network:connection] nw_endpoint_resolver_update [C173.1 Hostname#b33e072a:8081 in_progress resolver (satisfied (Path is satisfied), interface: en0[802.11], uses wifi, LQM: unknown)] Updated endpoint list is (IPv6#9530c712.8081,IPv4#eafe643d:8081)
2026-01-28 16:14:43.978 Db NayaVedAI[63826:2101d5] [com.apple.network:connection] nw_endpoint_flow_receive_report [C173 Hostname#b33e072a:8081 in_progress parent-flow (satisfied (Path is satisfied), interface: en0[802.11], uses wifi, LQM: unknown)] received child report: [C173.1 Hostname#b33e072a:8081 in_progress resolver (satisfied (Path is satisfied), interface: en0[802.11], uses wifi, LQM: unknown)]
2026-01-28 16:14:43.978 Df NayaVedAI[63826:2101d5] [com.apple.network:connection] [C173.1 Hostname#b33e072a:8081 in_progress resolver (satisfied (Path is satisfied), interface: en0[802.11], uses wifi, LQM: unknown)] event: resolver:receive_dns @0.002s
2026-01-28 16:14:43.979 I  NayaVedAI[63826:2101d5] [com.apple.network:connection] nw_endpoint_resolver_start_next_child [C173.1 Hostname#b33e072a:8081 in_progress resolver (satisfied (Path is satisfied), interface: en0[802.11], uses wifi, LQM: unknown)] starting child endpoint IPv6#9530c712.8081
2026-01-28 16:14:43.979 I  NayaVedAI[63826:2101d5] [com.apple.network:connection] nw_endpoint_handler_start [C173.1.1 IPv6#9530c712.8081 initial path ((null))]
2026-01-28 16:14:43.979 Db NayaVedAI[63826:2101d5] [com.apple.network:connection] nw_endpoint_resolver_receive_report [C173.1 Hostname#b33e072a:8081 in_progress resolver (satisfied (Path is satisfied), interface: en0[802.11], uses wifi, LQM: unknown)] received child report: [C173.1.1 IPv6#9530c712.8081 initial path ((null))]
2026-01-28 16:14:43.979 Db NayaVedAI[63826:2101d5] [com.apple.network:connection] nw_endpoint_flow_receive_report [C173 Hostname#b33e072a:8081 in_progress parent-flow (satisfied (Path is satisfied), interface: en0[802.11], uses wifi, LQM: unknown)] received child report: [C173.1.1 IPv6#9530c712.8081 initial path ((null))]
2026-01-28 16:14:43.979 Df NayaVedAI[63826:2101d5] [com.apple.network:connection] [C173.1.1 IPv6#9530c712.8081 initial path ((null))] event: path:start @0.002s
2026-01-28 16:14:43.979 Db NayaVedAI[63826:2101d5] [com.apple.network:connection] nw_endpoint_handler_path_change [C173.1.1 IPv6#9530c712.8081 waiting path (satisfied (Path is satisfied), interface: lo0)]
2026-01-28 16:14:43.979 Db NayaVedAI[63826:2101d5] [com.apple.network:connection] nw_endpoint_resolver_receive_report [C173.1 Hostname#b33e072a:8081 in_progress resolver (satisfied (Path is satisfied), interface: en0[802.11], uses wifi, LQM: unknown)] received child report: [C173.1.1 IPv6#9530c712.8081 waiting path (satisfied (Path is satisfied), interface: lo0)]
2026-01-28 16:14:43.979 Db NayaVedAI[63826:2101d5] [com.apple.network:connection] nw_endpoint_flow_receive_report [C173 Hostname#b33e072a:8081 in_progress parent-flow (satisfied (Path is satisfied), interface: en0[802.11], uses wifi, LQM: unknown)] received child report: [C173.1.1 IPv6#9530c712.8081 waiting path (satisfied (Path is satisfied), interface: lo0)]
2026-01-28 16:14:43.979 Df NayaVedAI[63826:2101d5] [com.apple.network:connection] [C173.1.1 IPv6#9530c712.8081 waiting path (satisfied (Path is satisfied), interface: lo0)] event: path:satisfied @0.003s, uuid: 8B8F4B6F-ED14-440D-A173-BD3CD72F7945
2026-01-28 16:14:43.979 Db NayaVedAI[63826:2101d5] [com.apple.network:] nw_endpoint_proxy_handler_should_use_proxy Looking up proxy for hostname: <nil>, ifindex: 0
2026-01-28 16:14:43.979 Db NayaVedAI[63826:2101d5] [com.apple.SystemConfiguration:SCPreferences] create <SCPreferences 0x12b78d100 [0x1e578fa80]> {name = SCDynamicStoreCopyProxiesWithOptions, id = /Library/Managed Preferences/mobile/com.apple.SystemConfiguration.plist, path = /Library/Managed Preferences/mobile/com.apple.SystemConfiguration.plist}
2026-01-28 16:14:43.979 Db NayaVedAI[63826:2101d5] [com.apple.SystemConfiguration:SCPreferences] SCPreferences() access: /Library/Managed Preferences/mobile/com.apple.SystemConfiguration.plist, size=0
2026-01-28 16:14:43.979 Db NayaVedAI[63826:2101d5] [com.apple.SystemConfiguration:SCPreferences] release <SCPreferences 0x12b78d100 [0x1e578fa80]> {name = SCDynamicStoreCopyProxiesWithOptions, id = /Library/Managed Preferences/mobile/com.apple.SystemConfiguration.plist, path = /Library/Managed Preferences/mobile/com.apple.SystemConfiguration.plist, accessed}
2026-01-28 16:14:43.979 I  NayaVedAI[63826:2101d5] [com.apple.network:connection] nw_association_create_flow <nw_association IPv6#9530c712.8081> Added association flow ID 5DCAE7A6-4B6A-4C8F-9E54-9E303B67CF71
2026-01-28 16:14:43.979 I  NayaVedAI[63826:2101d5] [com.apple.network:connection] nw_endpoint_flow_setup_protocols [C173.1.1 IPv6#9530c712.8081 in_progress socket-flow (satisfied (Path is satisfied), interface: lo0)] setup flow id 5DCAE7A6-4B6A-4C8F-9E54-9E303B67CF71
2026-01-28 16:14:43.979 Db NayaVedAI[63826:2101d5] [com.apple.network:connection] nw_endpoint_flow_attach_protocols [C173.1.1 IPv6#9530c712.8081 in_progress socket-flow (satisfied (Path is satisfied), interface: lo0)]
2026-01-28 16:14:43.979 Db NayaVedAI[63826:2101d5] [com.apple.network:connection] nw_endpoint_flow_attach_protocols_block_invoke [C173.1.1 IPv6#9530c712.8081 in_progress socket-flow (satisfied (Path is satisfied), interface: lo0)] Attached application protocol: CFNetworkConnection-1110212295
2026-01-28 16:14:43.979 Db NayaVedAI[63826:2101d5] [com.apple.network:] nw_fd_wrapper_create Created <fd_wrapper 24, guarded: false>
2026-01-28 16:14:43.979 Db NayaVedAI[63826:2101d5] [com.apple.network:connection] nw_endpoint_flow_attach_protocols [C173.1.1 IPv6#9530c712.8081 in_progress socket-flow (satisfied (Path is satisfied), interface: lo0)] Attached socket protocol
2026-01-28 16:14:43.979 Db NayaVedAI[63826:2101d5] [com.apple.network:connection] nw_endpoint_flow_setup_protocols [C173.1.1 IPv6#9530c712.8081 in_progress socket-flow (satisfied (Path is satisfied), interface: lo0)] leaf flow starting
2026-01-28 16:14:43.979 Db NayaVedAI[63826:2101d5] [com.apple.network:connection] nw_endpoint_resolver_receive_report [C173.1 Hostname#b33e072a:8081 in_progress resolver (satisfied (Path is satisfied), interface: en0[802.11], uses wifi, LQM: unknown)] received child report: [C173.1.1 IPv6#9530c712.8081 in_progress socket-flow (satisfied (Path is satisfied), interface: lo0)]
2026-01-28 16:14:43.979 Db NayaVedAI[63826:2101d5] [com.apple.network:connection] nw_endpoint_flow_receive_report [C173 Hostname#b33e072a:8081 in_progress parent-flow (satisfied (Path is satisfied), interface: en0[802.11], uses wifi, LQM: unknown)] received child report: [C173.1.1 IPv6#9530c712.8081 in_progress socket-flow (satisfied (Path is satisfied), interface: lo0)]
2026-01-28 16:14:43.979 Df NayaVedAI[63826:2101d5] [com.apple.network:connection] [C173.1.1 IPv6#9530c712.8081 in_progress socket-flow (satisfied (Path is satisfied), interface: lo0)] event: flow:start_connect @0.003s
2026-01-28 16:14:43.979 I  NayaVedAI[63826:2101d5] [com.apple.network:connection] nw_endpoint_resolver_start_next_child [C173.1 Hostname#b33e072a:8081 in_progress resolver (satisfied (Path is satisfied), interface: en0[802.11], uses wifi, LQM: unknown)] starting next child endpoint in 100ms
2026-01-28 16:14:43.979 Db NayaVedAI[63826:2101d5] [com.apple.network:connection] nw_socket_handle_socket_event [C173.1.1:2] Event mask: 0x800
2026-01-28 16:14:43.979 Df NayaVedAI[63826:2101d5] [com.apple.network:connection] nw_socket_handle_socket_event [C173.1.1:2] Socket received CONNECTED event
2026-01-28 16:14:43.979 Db NayaVedAI[63826:2101d5] [com.apple.network:connection] nw_socket_setup_notsent_lowat [C173.1.1:2] Set TCP_NOTSENT_LOWAT(16384)
2026-01-28 16:14:43.980 Df NayaVedAI[63826:2101d5] [com.apple.network:connection] nw_flow_connected [C173.1.1 IPv6#9530c712.8081 in_progress socket-flow (satisfied (Path is satisfied), interface: lo0)] Transport protocol connected (socket)
2026-01-28 16:14:43.980 Db NayaVedAI[63826:2101d5] [com.apple.network:connection] nw_endpoint_resolver_receive_report [C173.1 Hostname#b33e072a:8081 in_progress resolver (satisfied (Path is satisfied), interface: en0[802.11], uses wifi, LQM: unknown)] received child report: [C173.1.1 IPv6#9530c712.8081 in_progress socket-flow (satisfied (Path is satisfied), interface: lo0)]
2026-01-28 16:14:43.980 Db NayaVedAI[63826:2101d5] [com.apple.network:connection] nw_endpoint_flow_receive_report [C173 Hostname#b33e072a:8081 in_progress parent-flow (satisfied (Path is satisfied), interface: en0[802.11], uses wifi, LQM: unknown)] received child report: [C173.1.1 IPv6#9530c712.8081 in_progress socket-flow (satisfied (Path is satisfied), interface: lo0)]
2026-01-28 16:14:43.980 Df NayaVedAI[63826:2101d5] [com.apple.network:connection] [C173.1.1 IPv6#9530c712.8081 in_progress socket-flow (satisfied (Path is satisfied), interface: lo0)] event: flow:finish_transport @0.004s
2026-01-28 16:14:43.980 I  NayaVedAI[63826:2101d5] [com.apple.network:connection] nw_endpoint_resolver_receive_report [C173.1 Hostname#b33e072a:8081 in_progress resolver (satisfied (Path is satisfied), interface: en0[802.11], uses wifi, LQM: unknown)] pushing out endpoint race by 2000ms
2026-01-28 16:14:43.980 Df NayaVedAI[63826:2101d5] [com.apple.network:connection] nw_flow_connected [C173.1.1 IPv6#9530c712.8081 in_progress socket-flow (satisfied (Path is satisfied), interface: lo0)] Output protocol connected (CFNetworkConnection-1110212295)
2026-01-28 16:14:43.980 Db NayaVedAI[63826:2101d5] [com.apple.network:connection] nw_endpoint_flow_connected_path_change [C173.1.1 IPv6#9530c712.8081 ready socket-flow (satisfied (Path is satisfied), interface: lo0)]
2026-01-28 16:14:43.980 I  NayaVedAI[63826:2101d5] [com.apple.network:connection] nw_endpoint_flow_connected_path_change [C173.1.1 IPv6#9530c712.8081 ready socket-flow (satisfied (Path is satisfied), interface: lo0)] Connected path is satisfied, not viable
2026-01-28 16:14:43.980 Db NayaVedAI[63826:2101d5] [com.apple.network:connection] nw_endpoint_resolver_receive_report [C173.1 Hostname#b33e072a:8081 in_progress resolver (satisfied (Path is satisfied), interface: en0[802.11], uses wifi, LQM: unknown)] received child report: [C173.1.1 IPv6#9530c712.8081 ready socket-flow (satisfied (Path is satisfied), interface: lo0)]
2026-01-28 16:14:43.980 Db NayaVedAI[63826:2101d5] [com.apple.network:connection] nw_endpoint_flow_receive_report [C173 Hostname#b33e072a:8081 in_progress parent-flow (satisfied (Path is satisfied), interface: en0[802.11], uses wifi, LQM: unknown)] received child report: [C173.1.1 IPv6#9530c712.8081 ready socket-flow (satisfied (Path is satisfied), interface: lo0)]
2026-01-28 16:14:43.980 Df NayaVedAI[63826:2101d5] [com.apple.network:connection] [C173.1.1 IPv6#9530c712.8081 ready socket-flow (satisfied (Path is satisfied), interface: lo0)] event: flow:child_finish_connect @0.004s
2026-01-28 16:14:43.980 Db NayaVedAI[63826:2101d5] [com.apple.network:connection] nw_endpoint_flow_receive_report [C173 IPv6#9530c712.8081 in_progress parent-flow (satisfied (Path is satisfied), interface: en0[802.11], uses wifi, LQM: unknown)] connecting endpoint_flow to child's shared protocol
2026-01-28 16:14:43.980 Db NayaVedAI[63826:2101d5] [com.apple.network:connection] nw_endpoint_flow_setup_protocols [C173 IPv6#9530c712.8081 in_progress parent-flow (satisfied (Path is satisfied), interface: en0[802.11], uses wifi, LQM: unknown)] already set up
2026-01-28 16:14:43.980 Db NayaVedAI[63826:2101d5] [com.apple.network:connection] nw_endpoint_flow_setup_protocols [C173 IPv6#9530c712.8081 in_progress parent-flow (satisfied (Path is satisfied), interface: en0[802.11], uses wifi, LQM: unknown)] child flow connected, starting
2026-01-28 16:14:43.980 Db NayaVedAI[63826:2101d5] [com.apple.network:connection] nw_endpoint_flow_setup_protocols [C173 IPv6#9530c712.8081 in_progress parent-flow (satisfied (Path is satisfied), interface: en0[802.11], uses wifi, LQM: unknown)] already started
2026-01-28 16:14:43.980 Db NayaVedAI[63826:2101d5] [com.apple.network:connection] nw_endpoint_flow_receive_report [C173 IPv6#9530c712.8081 in_progress parent-flow (satisfied (Path is satisfied), interface: en0[802.11], uses wifi, LQM: unknown)] received child report: [C173.1 Hostname#b33e072a:8081 ready resolver (satisfied (Path is satisfied), interface: en0[802.11], uses wifi, LQM: unknown)]
2026-01-28 16:14:43.980 Df NayaVedAI[63826:2101d5] [com.apple.network:connection] [C173.1 Hostname#b33e072a:8081 ready resolver (satisfied (Path is satisfied), interface: en0[802.11], uses wifi, LQM: unknown)] event: flow:child_finish_connect @0.004s
2026-01-28 16:14:43.980 I  NayaVedAI[63826:2101d5] [com.apple.network:connection] nw_endpoint_handler_cancel [C173.1.2 IPv4#eafe643d:8081 initial path ((null))]
2026-01-28 16:14:43.980 Df NayaVedAI[63826:2101d5] [com.apple.network:connection] nw_flow_connected [C173 IPv6#9530c712.8081 in_progress parent-flow (satisfied (Path is satisfied), interface: en0[802.11], uses wifi, LQM: unknown)] Output protocol connected (endpoint_flow)
2026-01-28 16:14:43.980 Db NayaVedAI[63826:2101d5] [com.apple.network:connection] nw_endpoint_flow_connected_path_change [C173 IPv6#9530c712.8081 ready parent-flow (satisfied (Path is satisfied), interface: en0[802.11], uses wifi, LQM: unknown)]
2026-01-28 16:14:43.980 I  NayaVedAI[63826:2101d5] [com.apple.network:connection] nw_endpoint_flow_connected_path_change [C173 IPv6#9530c712.8081 ready parent-flow (satisfied (Path is satisfied), interface: en0[802.11], uses wifi, LQM: unknown)] Connected path is satisfied, child is not viable
2026-01-28 16:14:43.980 Df NayaVedAI[63826:2101d5] [com.apple.network:connection] [C173 IPv6#9530c712.8081 ready parent-flow (satisfied (Path is satisfied), interface: en0[802.11], uses wifi, LQM: unknown)] event: flow:finish_connect @0.004s
2026-01-28 16:14:43.980 Db NayaVedAI[63826:2101d5] [com.apple.network:connection] nw_connection_run_pqtls_probe_locked_on_nw_queue [C173] No TLS metadata; not running PQ-TLS probe
2026-01-28 16:14:43.980 Db NayaVedAI[63826:2101d5] [com.apple.network:connection] nw_connection_run_ech_probe_locked_on_nw_queue [C173] stack doesn't include TLS; not running ECH probe
2026-01-28 16:14:43.980 Db NayaVedAI[63826:2101d5] [com.apple.network:connection] nw_connection_endpoint_report_on_nw_queue_block_invoke [C173] Connected fallback generation 0
2026-01-28 16:14:43.980 I  NayaVedAI[63826:2101d5] [com.apple.network:connection] nw_connection_start_candidate_manager_if_needed_locked [C173] Checking whether to start candidate manager
2026-01-28 16:14:43.980 Db NayaVedAI[63826:2101d5] [com.apple.network:connection] nw_connection_start_candidate_manager_if_needed_locked [C173] Connection does not support multipath, not starting candidate manager
2026-01-28 16:14:43.980 Df NayaVedAI[63826:2101d5] [com.apple.network:connection] nw_connection_report_state_with_handler_on_nw_queue [C173] reporting state ready
2026-01-28 16:14:43.980 Df NayaVedAI[63826:2101d5] [com.apple.CFNetwork:Default] Connection 173: connected successfully
2026-01-28 16:14:43.980 Df NayaVedAI[63826:2101d5] [com.apple.CFNetwork:Default] Connection 173: ready C(N) E(N)
2026-01-28 16:14:43.980 Db NayaVedAI[63826:2101d5] [com.apple.CFNetwork:Default] Task <13089FD6-6F4E-4E09-9439-2C2BFD8A8307>.<1> done setting up Connection 173
2026-01-28 16:14:43.980 Db NayaVedAI[63826:2101d5] [com.apple.network:activity] Returning should log: 0 for activity cfnetwork:foreground_task
2026-01-28 16:14:43.981 Df NayaVedAI[63826:2101d5] [com.apple.CFNetwork:Default] Task <13089FD6-6F4E-4E09-9439-2C2BFD8A8307>.<1> now using Connection 173
2026-01-28 16:14:43.981 Db NayaVedAI[63826:2101d5] [com.apple.network:activity] Returning should log: 0 for activity cfnetwork:foreground_task
2026-01-28 16:14:43.981 Df NayaVedAI[63826:2101d5] [com.apple.CFNetwork:Default] Task <13089FD6-6F4E-4E09-9439-2C2BFD8A8307>.<1> sent request, body N 0
2026-01-28 16:14:43.982 Df NayaVedAI[63826:20fb26] [com.apple.CFNetwork:Default] Task <13089FD6-6F4E-4E09-9439-2C2BFD8A8307>.<1> received response, status 200 content K
2026-01-28 16:14:43.982 Db NayaVedAI[63826:20fb26] [com.apple.network:connection] nw_connection_modify_estimated_bytes_block_invoke [C173] Incremented estimated bytes to receive by 187, total now 187
2026-01-28 16:14:43.982 Db NayaVedAI[63826:20fb26] [com.apple.network:connection] nw_connection_modify_estimated_bytes_block_invoke [C173] Using lower threshold 12582912, upper threshold 31457280
2026-01-28 16:14:43.982 Df NayaVedAI[63826:20fb26] [com.apple.CFNetwork:Default] Task <13089FD6-6F4E-4E09-9439-2C2BFD8A8307>.<1> response ended
2026-01-28 16:14:43.982 Df NayaVedAI[63826:20fb26] [com.apple.CFNetwork:Default] Task <13089FD6-6F4E-4E09-9439-2C2BFD8A8307>.<1> done using Connection 173
2026-01-28 16:14:43.982 Db NayaVedAI[63826:20fb26] [com.apple.network:activity] Returning should log: 0 for activity cfnetwork:foreground_task
2026-01-28 16:14:43.982 Db NayaVedAI[63826:20fb26] [com.apple.CFNetwork:Default] Connection 173: set is idle true
2026-01-28 16:14:43.982 Df NayaVedAI[63826:20fb26] [com.apple.network:connection] [C173] event: client:connection_idle @0.006s
2026-01-28 16:14:43.982 I  NayaVedAI[63826:20fb26] [com.apple.network:connection] nw_endpoint_handler_report_connection_idle [C173 IPv6#9530c712.8081 ready parent-flow (satisfied (Path is satisfied), interface: en0[802.11], uses wifi, LQM: unknown)] Reporting connection idle to protocols
2026-01-28 16:14:43.982 I  NayaVedAI[63826:20fb26] [com.apple.network:connection] nw_flow_passthrough_notify [C173.1.1 IPv6#9530c712.8081 ready socket-flow (satisfied (Path is satisfied), interface: lo0)] received notification connection_idle
2026-01-28 16:14:43.982 Df NayaVedAI[63826:20fb26] [com.apple.network:connection] nw_protocol_socket_notify [C173.1.1:2] nw_protocol_notification_type_connection_idle is true
2026-01-28 16:14:43.982 Db NayaVedAI[63826:20fb26] [com.apple.CFNetwork:Default] Connection 173: set is idle true
2026-01-28 16:14:43.982 Df NayaVedAI[63826:2101d5] [com.apple.CFNetwork:Summary] Task <13089FD6-6F4E-4E09-9439-2C2BFD8A8307>.<1> summary for task success {transaction_duration_ms=7, response_status=200, connection=173, protocol="http/1.1", domain_lookup_duration_ms=1, connect_duration_ms=1, secure_connection_duration_ms=0, private_relay=false, request_start_ms=5, request_duration_ms=0, response_start_ms=6, response_duration_ms=0, request_bytes=370, request_throughput_kbps=42300, response_bytes=498, response_throughput_kbps=16878, cache_hit=false}
2026-01-28 16:14:43.982 Df NayaVedAI[63826:20fb26] [com.apple.network:connection] [C173] event: client:connection_idle @0.006s
2026-01-28 16:14:43.982 I  NayaVedAI[63826:20fb26] [com.apple.network:connection] nw_endpoint_handler_report_connection_idle [C173 IPv6#9530c712.8081 ready parent-flow (satisfied (Path is satisfied), interface: en0[802.11], uses wifi, LQM: unknown)] Reporting connection idle to protocols
2026-01-28 16:14:43.982 Df NayaVedAI[63826:2101d5] [com.apple.CFNetwork:Default] Task <13089FD6-6F4E-4E09-9439-2C2BFD8A8307>.<1> finished successfully
2026-01-28 16:14:43.982 I  NayaVedAI[63826:20fb26] [com.apple.network:connection] nw_flow_passthrough_notify [C173.1.1 IPv6#9530c712.8081 ready socket-flow (satisfied (Path is satisfied), interface: lo0)] received notification connection_idle
2026-01-28 16:14:43.982 Db NayaVedAI[63826:2101d5] [com.apple.network:activity] Returning should log: 0 for activity cfnetwork:foreground_task
2026-01-28 16:14:43.982 Df NayaVedAI[63826:20fb26] [com.apple.network:connection] nw_protocol_socket_notify [C173.1.1:2] nw_protocol_notification_type_connection_idle is true
2026-01-28 16:14:43.982 Db NayaVedAI[63826:2101d5] [com.apple.network:activity] Returning should log: 0 for activity cfnetwork:foreground_task
2026-01-28 16:14:43.982 Db NayaVedAI[63826:2101d5] [com.apple.network:activity] No threshold for cfnetwork:foreground_task, returning NW_ACTIVITY_DURATION_INVALID
2026-01-28 16:14:43.982 Db NayaVedAI[63826:2101d5] [com.apple.network:activity] No threshold for activity <nw_activity 12:2 [4FF60C43-E371-4D22-B506-9340707EB987] (reporting strategy default) complete (reason success)>
2026-01-28 16:14:43.983 Df NayaVedAI[63826:21027f] [com.apple.CFNetwork:Default] Task <967CB486-1273-4CF6-8D78-173F90486C16>.<2> resuming, timeouts(0.0, 604800.0) qos(0x19) voucher((null)) activity(00000000-0000-0000-0000-000000000000)
2026-01-28 16:14:43.983 Db NayaVedAI[63826:21027f] [com.apple.network:activity] Returning should log: 0 for activity cfnetwork:foreground_task
2026-01-28 16:14:43.983 Db NayaVedAI[63826:21027f] [com.apple.network:activity] Domain cfnetwork rate configured in registry as 1 / 20000
2026-01-28 16:14:43.983 Db NayaVedAI[63826:21027f] [com.apple.network:activity] Domain cfnetwork rate configured after remote default override as 1 / 20000
2026-01-28 16:14:43.983 Db NayaVedAI[63826:21027f] [com.apple.network:activity] After reading settings plist, domain cfnetwork rate configured as 1 / 2000000
2026-01-28 16:14:43.983 Db NayaVedAI[63826:21027f] [com.apple.network:activity] After settings override, domain cfnetwork rate configured as 1 / 2000000
2026-01-28 16:14:43.983 Db NayaVedAI[63826:21027f] [com.apple.network:activity] Final domain cfnetwork rate configured as 1 / 2000000
2026-01-28 16:14:43.983 Db NayaVedAI[63826:21027f] [com.apple.network:activity] <nw_activity 12:2 [No UUID] (reporting strategy default)> sampled at 1 / 2000000
2026-01-28 16:14:43.983 Db NayaVedAI[63826:21027f] [com.apple.network:activity] Returning should log: 0 for activity cfnetwork:foreground_task
2026-01-28 16:14:43.983 Db NayaVedAI[63826:21027f] [com.apple.network:activity] Returning should log: 0 for activity cfnetwork:foreground_task
2026-01-28 16:14:43.983 Db NayaVedAI[63826:21027f] [com.apple.CFNetwork:Default] [Telemetry]: Activity <nw_activity 12:2 [84DE144A-917C-4C65-94DE-32FAF7A4C656] (reporting strategy default)> on Task <967CB486-1273-4CF6-8D78-173F90486C16>.<2> was not selected for reporting
2026-01-28 16:14:43.983 Db NayaVedAI[63826:20fb26] [com.apple.CFNetwork:ATS] Uploading ATS exception ATSAllowsLocalNetworking
2026-01-28 16:14:43.983 A  NayaVedAI[63826:21027f] (Security) SecTrustReportNetworkingAnalytics
2026-01-28 16:14:43.983 Db NayaVedAI[63826:20fb26] [com.apple.CFNetwork:Default] Connection 173: set is idle true
2026-01-28 16:14:43.983 Df NayaVedAI[63826:20fb26] [com.apple.network:connection] [C173] event: client:connection_idle @0.007s
2026-01-28 16:14:43.983 I  NayaVedAI[63826:20fb26] [com.apple.network:connection] nw_endpoint_handler_report_connection_idle [C173 IPv6#9530c712.8081 ready parent-flow (satisfied (Path is satisfied), interface: en0[802.11], uses wifi, LQM: unknown)] Reporting connection idle to protocols
2026-01-28 16:14:43.983 I  NayaVedAI[63826:20fb26] [com.apple.network:connection] nw_flow_passthrough_notify [C173.1.1 IPv6#9530c712.8081 ready socket-flow (satisfied (Path is satisfied), interface: lo0)] received notification connection_idle
2026-01-28 16:14:43.983 Df NayaVedAI[63826:20fb26] [com.apple.network:connection] nw_protocol_socket_notify [C173.1.1:2] nw_protocol_notification_type_connection_idle is true
2026-01-28 16:14:43.983 Df NayaVedAI[63826:20fb26] [com.apple.CFNetwork:Default] Task <967CB486-1273-4CF6-8D78-173F90486C16>.<2> now using Connection 173
2026-01-28 16:14:43.983 Db NayaVedAI[63826:20fb26] [com.apple.network:activity] Returning should log: 0 for activity cfnetwork:foreground_task
2026-01-28 16:14:43.983 Db NayaVedAI[63826:20fb26] [com.apple.network:connection] nw_connection_modify_estimated_bytes_block_invoke [C173] Incremented estimated bytes to send by 12, total now 12
2026-01-28 16:14:43.984 Db NayaVedAI[63826:20fb26] [com.apple.network:connection] nw_connection_modify_estimated_bytes_block_invoke [C173] Using lower threshold 12582912, upper threshold 31457280
2026-01-28 16:14:43.984 Db NayaVedAI[63826:20fb26] [com.apple.CFNetwork:Default] Connection 173: set is idle false
2026-01-28 16:14:43.984 Df NayaVedAI[63826:20fb26] [com.apple.network:connection] [C173] event: client:connection_reused @0.007s
2026-01-28 16:14:43.984 I  NayaVedAI[63826:20fb26] [com.apple.network:connection] nw_endpoint_handler_report_connection_idle [C173 IPv6#9530c712.8081 ready parent-flow (satisfied (Path is satisfied), interface: en0[802.11], uses wifi, LQM: unknown)] Reporting connection not idle to protocols
2026-01-28 16:14:43.984 I  NayaVedAI[63826:20fb26] [com.apple.network:connection] nw_flow_passthrough_notify [C173.1.1 IPv6#9530c712.8081 ready socket-flow (satisfied (Path is satisfied), interface: lo0)] received notification connection_idle
2026-01-28 16:14:43.984 Df NayaVedAI[63826:20fb26] [com.apple.network:connection] nw_protocol_socket_notify [C173.1.1:2] nw_protocol_notification_type_connection_idle is false
2026-01-28 16:14:43.984 Df NayaVedAI[63826:21027f] [com.apple.securityd:SecError] SecTrustReportNetworkingAnalytics failed with error: -4
2026-01-28 16:14:43.984 Df NayaVedAI[63826:21027f] [com.apple.CFNetwork:Default] Task <967CB486-1273-4CF6-8D78-173F90486C16>.<2> sent request, body S 12
2026-01-28 16:14:43.985 Df NayaVedAI[63826:21027f] [com.apple.CFNetwork:Default] Task <967CB486-1273-4CF6-8D78-173F90486C16>.<2> received response, status 200 content K
2026-01-28 16:14:43.985 Db NayaVedAI[63826:21027f] [com.apple.network:connection] nw_connection_modify_estimated_bytes_block_invoke [C173] Incremented estimated bytes to receive by 29, total now 216
2026-01-28 16:14:43.985 Db NayaVedAI[63826:21027f] [com.apple.network:connection] nw_connection_modify_estimated_bytes_block_invoke [C173] Using lower threshold 12582912, upper threshold 31457280
2026-01-28 16:14:43.985 Df NayaVedAI[63826:21027f] [com.apple.CFNetwork:Default] Task <967CB486-1273-4CF6-8D78-173F90486C16>.<2> response ended
2026-01-28 16:14:43.985 Df NayaVedAI[63826:21027f] [com.apple.CFNetwork:Default] Task <967CB486-1273-4CF6-8D78-173F90486C16>.<2> done using Connection 173
2026-01-28 16:14:43.985 Db NayaVedAI[63826:21027f] [com.apple.network:activity] Returning should log: 0 for activity cfnetwork:foreground_task
2026-01-28 16:14:43.985 Db NayaVedAI[63826:21027f] [com.apple.CFNetwork:Default] Connection 173: set is idle true
2026-01-28 16:14:43.985 Df NayaVedAI[63826:21027f] [com.apple.network:connection] [C173] event: client:connection_idle @0.009s
2026-01-28 16:14:43.985 I  NayaVedAI[63826:21027f] [com.apple.network:connection] nw_endpoint_handler_report_connection_idle [C173 IPv6#9530c712.8081 ready parent-flow (satisfied (Path is satisfied), interface: en0[802.11], uses wifi, LQM: unknown)] Reporting connection idle to protocols
2026-01-28 16:14:43.985 Df NayaVedAI[63826:20fb26] [com.apple.CFNetwork:Summary] Task <967CB486-1273-4CF6-8D78-173F90486C16>.<2> summary for task success {transaction_duration_ms=1, response_status=200, connection=173, reused=1, reused_after_ms=0, request_start_ms=0, request_duration_ms=0, response_start_ms=1, response_duration_ms=0, request_bytes=291, request_throughput_kbps=9348, response_bytes=314, response_throughput_kbps=11015, cache_hit=false}
2026-01-28 16:14:43.985 I  NayaVedAI[63826:21027f] [com.apple.network:connection] nw_flow_passthrough_notify [C173.1.1 IPv6#9530c712.8081 ready socket-flow (satisfied (Path is satisfied), interface: lo0)] received notification connection_idle
2026-01-28 16:14:43.985 Df NayaVedAI[63826:21027f] [com.apple.network:connection] nw_protocol_socket_notify [C173.1.1:2] nw_protocol_notification_type_connection_idle is true
2026-01-28 16:14:43.985 Df NayaVedAI[63826:20fb26] [com.apple.CFNetwork:Default] Task <967CB486-1273-4CF6-8D78-173F90486C16>.<2> finished successfully
2026-01-28 16:14:43.985 Db NayaVedAI[63826:21027f] [com.apple.CFNetwork:Default] Connection 173: set is idle true
2026-01-28 16:14:43.985 Df NayaVedAI[63826:21027f] [com.apple.network:connection] [C173] event: client:connection_idle @0.009s
2026-01-28 16:14:43.985 I  NayaVedAI[63826:21027f] [com.apple.network:connection] nw_endpoint_handler_report_connection_idle [C173 IPv6#9530c712.8081 ready parent-flow (satisfied (Path is satisfied), interface: en0[802.11], uses wifi, LQM: unknown)] Reporting connection idle to protocols
2026-01-28 16:14:43.985 Db NayaVedAI[63826:20fb26] [com.apple.network:activity] Returning should log: 0 for activity cfnetwork:foreground_task
2026-01-28 16:14:43.985 I  NayaVedAI[63826:21027f] [com.apple.network:connection] nw_flow_passthrough_notify [C173.1.1 IPv6#9530c712.8081 ready socket-flow (satisfied (Path is satisfied), interface: lo0)] received notification connection_idle
2026-01-28 16:14:43.985 Db NayaVedAI[63826:20fb26] [com.apple.network:activity] Returning should log: 0 for activity cfnetwork:foreground_task
2026-01-28 16:14:43.985 Df NayaVedAI[63826:21027f] [com.apple.network:connection] nw_protocol_socket_notify [C173.1.1:2] nw_protocol_notification_type_connection_idle is true
2026-01-28 16:14:43.985 Db NayaVedAI[63826:20fb26] [com.apple.network:activity] No threshold for cfnetwork:foreground_task, returning NW_ACTIVITY_DURATION_INVALID
2026-01-28 16:14:43.985 Db NayaVedAI[63826:20fb26] [com.apple.network:activity] No threshold for activity <nw_activity 12:2 [84DE144A-917C-4C65-94DE-32FAF7A4C656] (reporting strategy default) complete (reason success)>
2026-01-28 16:14:43.986 Db NayaVedAI[63826:20fabf] [com.apple.defaults:User Defaults] looked up value 1 for key RCTI18nUtil_makeRTLFlipLeftAndRightStyles in CFPrefsPlistSource<0x600002c00600> (Domain: com.nayaved.app, User: kCFPreferencesCurrentUser, ByHost: No, Container: (null), Contents Need Refresh: No) via CFPrefsSearchListSource<0x600002c00200> (Domain: com.nayaved.app, Container: (null) Non-launch persona: 0)
2026-01-28 16:14:43.986 Db NayaVedAI[63826:20fabf] [com.apple.defaults:User Defaults] looked up value 1 for key RCTI18nUtil_makeRTLFlipLeftAndRightStyles in CFPrefsPlistSource<0x600002c00600> (Domain: com.nayaved.app, User: kCFPreferencesCurrentUser, ByHost: No, Container: (null), Contents Need Refresh: No) via CFPrefsSearchListSource<0x600002c00200> (Domain: com.nayaved.app, Container: (null) Non-launch persona: 0)
2026-01-28 16:14:43.986 Db NayaVedAI[63826:20fabf] [com.apple.defaults:User Defaults] looked up value 1 for key RCTI18nUtil_makeRTLFlipLeftAndRightStyles in CFPrefsPlistSource<0x600002c00600> (Domain: com.nayaved.app, User: kCFPreferencesCurrentUser, ByHost: No, Container: (null), Contents Need Refresh: No) via CFPrefsSearchListSource<0x600002c00200> (Domain: com.nayaved.app, Container: (null) Non-launch persona: 0)
2026-01-28 16:14:43.988 I  NayaVedAI[63826:21014f] [com.wix.DetoxSync:DTXJSTimerSyncResource] [DTXJSTimerSyncResource] Observing timer 2 with duration 0.00 ms
2026-01-28 16:14:44.097 I  NayaVedAI[63826:20fabf] [com.apple.Accessibility:AXRuntimeNotifications] Attempting to send notification:  (1001) <private>
2026-01-28 16:14:44.097 I  NayaVedAI[63826:20fabf] [com.apple.Accessibility:AXRuntimeNotifications] Did post notification. notification:  (1001) error:0 data:<private>
2026-01-28 16:14:44.181 I  NayaVedAI[63826:20fabf] [com.apple.Accessibility:AXRuntimeNotifications] Attempting to send notification:  (1001) <private>
2026-01-28 16:14:44.181 I  NayaVedAI[63826:20fabf] [com.apple.Accessibility:AXRuntimeNotifications] Did post notification. notification:  (1001) error:0 data:<private>
2026-01-28 16:14:44.367 I  NayaVedAI[63826:20fabf] [com.apple.Accessibility:AXRuntimeNotifications] Attempting to send notification:  (1000) <private>
2026-01-28 16:14:44.368 I  NayaVedAI[63826:20fabf] [com.apple.Accessibility:AXRuntimeNotifications] Attempting to send notification:  (1000) <private>
2026-01-28 16:14:44.368 I  NayaVedAI[63826:20fabf] [com.apple.Accessibility:AXRuntimeNotifications] Did post notification. notification:  (1000) error:0 data:<private>
2026-01-28 16:14:45.580 Df NayaVedAI[63826:20fb34] [com.apple.xpc:connection] [0x1088053e0] Re-initialization successful; calling out to event handler with XPC_ERROR_CONNECTION_INTERRUPTED
2026-01-28 16:14:45.580 Db NayaVedAI[63826:20fb34] [com.apple.securityd:xpc] got event: Connection interrupted
2026-01-28 16:14:45.588 I  NayaVedAI[63826:20fb34] [com.wix.DetoxSync:DTXJSTimerSyncResource] [DTXJSTimerSyncResource] Timer 2 timed out after 1599.80 ms
2026-01-28 16:14:45.591 I  NayaVedAI[63826:20fabf] [com.wix.Detox:WebSocket] Action received: invoke
2026-01-28 16:14:45.596 Db NayaVedAI[63826:20fabf] [com.apple.CFBundle:strings] Bundle: CFBundle 0x600003b00000 </Library/Developer/CoreSimulator/Volumes/iOS_23C54/Library/Developer/CoreSimulator/Profiles/Runtimes/iOS 26.2.simruntime/Contents/Resources/RuntimeRoot/System/Library/AccessibilityBundles/UIKit.axbundle> (framework, loaded), key: scroll.bar.vertical, value: , table: Accessibility, localizationNames: (null), result: Vertical scroll bar
2026-01-28 16:14:45.596 Db NayaVedAI[63826:20fabf] [com.apple.CFBundle:strings] Bundle: CFBundle 0x600003b00000 </Library/Developer/CoreSimulator/Volumes/iOS_23C54/Library/Developer/CoreSimulator/Profiles/Runtimes/iOS 26.2.simruntime/Contents/Resources/RuntimeRoot/System/Library/AccessibilityBundles/UIKit.axbundle> (framework, loaded), key: page.count, value: , table: Accessibility, localizationNames: (null), result: %#@pages@
2026-01-28 16:14:45.596 Db NayaVedAI[63826:20fabf] [com.apple.CFBundle:strings] Bundle: CFBundle 0x600003b00000 </Library/Developer/CoreSimulator/Volumes/iOS_23C54/Library/Developer/CoreSimulator/Profiles/Runtimes/iOS 26.2.simruntime/Contents/Resources/RuntimeRoot/System/Library/AccessibilityBundles/UIKit.axbundle> (framework, loaded), key: scroll.bar.vertical, value: , table: Accessibility, localizationNames: (null), result: Vertical scroll bar
2026-01-28 16:14:45.596 Db NayaVedAI[63826:20fabf] [com.apple.CFBundle:strings] Bundle: CFBundle 0x600003b00000 </Library/Developer/CoreSimulator/Volumes/iOS_23C54/Library/Developer/CoreSimulator/Profiles/Runtimes/iOS 26.2.simruntime/Contents/Resources/RuntimeRoot/System/Library/AccessibilityBundles/UIKit.axbundle> (framework, loaded), key: page.count, value: , table: Accessibility, localizationNames: (null), result: %#@pages@
2026-01-28 16:14:45.596 Db NayaVedAI[63826:20fabf] [com.apple.CFBundle:strings] Bundle: CFBundle 0x600003b00000 </Library/Developer/CoreSimulator/Volumes/iOS_23C54/Library/Developer/CoreSimulator/Profiles/Runtimes/iOS 26.2.simruntime/Contents/Resources/RuntimeRoot/System/Library/AccessibilityBundles/UIKit.axbundle> (framework, loaded), key: scroll.bar.horizontal, value: , table: Accessibility, localizationNames: (null), result: Horizontal scroll bar
2026-01-28 16:14:45.596 Db NayaVedAI[63826:20fabf] [com.apple.CFBundle:strings] Bundle: CFBundle 0x600003b00000 </Library/Developer/CoreSimulator/Volumes/iOS_23C54/Library/Developer/CoreSimulator/Profiles/Runtimes/iOS 26.2.simruntime/Contents/Resources/RuntimeRoot/System/Library/AccessibilityBundles/UIKit.axbundle> (framework, loaded), key: page.count, value: , table: Accessibility, localizationNames: (null), result: %#@pages@
2026-01-28 16:14:45.596 Db NayaVedAI[63826:20fabf] [com.apple.CFBundle:strings] Bundle: CFBundle 0x600003b00000 </Library/Developer/CoreSimulator/Volumes/iOS_23C54/Library/Developer/CoreSimulator/Profiles/Runtimes/iOS 26.2.simruntime/Contents/Resources/RuntimeRoot/System/Library/AccessibilityBundles/UIKit.axbundle> (framework, loaded), key: scroll.bar.horizontal, value: , table: Accessibility, localizationNames: (null), result: Horizontal scroll bar
2026-01-28 16:14:45.596 Db NayaVedAI[63826:20fabf] [com.apple.CFBundle:strings] Bundle: CFBundle 0x600003b00000 </Library/Developer/CoreSimulator/Volumes/iOS_23C54/Library/Developer/CoreSimulator/Profiles/Runtimes/iOS 26.2.simruntime/Contents/Resources/RuntimeRoot/System/Library/AccessibilityBundles/UIKit.axbundle> (framework, loaded), key: page.count, value: , table: Accessibility, localizationNames: (null), result: %#@pages@
2026-01-28 16:14:45.597 Db NayaVedAI[63826:20fabf] [com.apple.defaults:User Defaults] looked up value YES for key detoxDisableHierarchyDump in CFPrefsSource<0x600001700240> (Domain: Volatile, User: , ByHost: No, Container: , Contents Need Refresh: No) via CFPrefsSearchListSource<0x600002c00200> (Domain: com.nayaved.app, Container: (null) Non-launch persona: 0)
2026-01-28 16:14:45.597 Db NayaVedAI[63826:20fabf] [com.apple.defaults:User Defaults] looked up value YES for key detoxDebugVisibility in CFPrefsSource<0x600001700240> (Domain: Volatile, User: , ByHost: No, Container: , Contents Need Refresh: No) via CFPrefsSearchListSource<0x600002c00200> (Domain: com.nayaved.app, Container: (null) Non-launch persona: 0)

