2026-01-28 16:31:04.229 Db NayaVedAI[71451:21b670] [com.apple.network:connection] -[NWConcrete_nw_endpoint_resolver startWithHandler:] [C70.1 Hostname#a19a2c0f:8081 waiting resolver (satisfied (Path is satisfied), interface: en0[802.11], uses wifi, LQM: unknown)]
2026-01-28 16:31:04.229 Db NayaVedAI[71451:21b670] [com.apple.network:connection] nw_endpoint_flow_receive_report [C70 Hostname#a19a2c0f:8081 in_progress parent-flow (satisfied (Path is satisfied), interface: en0[802.11], uses wifi, LQM: unknown)] received child report: [C70.1 Hostname#a19a2c0f:8081 in_progress resolver (satisfied (Path is satisfied), interface: en0[802.11], uses wifi, LQM: unknown)]
2026-01-28 16:31:04.229 Df NayaVedAI[71451:21b670] [com.apple.network:connection] [C70.1 Hostname#a19a2c0f:8081 in_progress resolver (satisfied (Path is satisfied), interface: en0[802.11], uses wifi, LQM: unknown)] event: resolver:start_dns @0.002s
2026-01-28 16:31:04.231 Db NayaVedAI[71451:21b670] [com.apple.networkextension:] ne_tracker_check_is_hostname_blocked() proceeding with the in_the_app check for hostname: localhost
2026-01-28 16:31:04.232 Db NayaVedAI[71451:21b670] [com.apple.CFBundle:resources] Resource lookup at CFBundle 0x600003b04700 </Users/shivi.agarwal/Library/Developer/CoreSimulator/Devices/AC7E343F-585F-430E-B17D-BDD649803605/data/Containers/Bundle/Application/AD33C3F3-69F6-4E76-8701-44660F53F11C/NayaVedAI.app> (executable, loaded)
	Request       : InfoPlist type: strings
	Result        : None
2026-01-28 16:31:04.232 Db NayaVedAI[71451:21b670] [com.apple.CFBundle:resources] Resource lookup at CFBundle 0x600003b04700 </Users/shivi.agarwal/Library/Developer/CoreSimulator/Devices/AC7E343F-585F-430E-B17D-BDD649803605/data/Containers/Bundle/Application/AD33C3F3-69F6-4E76-8701-44660F53F11C/NayaVedAI.app> (executable, loaded)
	Request       : InfoPlist type: stringsdict
	Result        : None
2026-01-28 16:31:04.232 Db NayaVedAI[71451:21b670] [com.apple.networkextension:] ne_tracker_check_is_hostname_blocked(): hostname localhost is not a tracker. Returning: ne_tracker_status_none
2026-01-28 16:31:04.232 I  NayaVedAI[71451:21b670] [com.apple.network:connection] nw_resolver_create_dns_service_locked [C70.1] Starting host resolution Hostname#a19a2c0f:8081, flags 0xc000d000 proto 0
2026-01-28 16:31:04.232 Df NayaVedAI[71451:21b670] [com.apple.CFNetwork:Default] Task <F2D980CA-6FE9-48C5-84CD-3CA238CB7854>.<1> setting up Connection 70
2026-01-28 16:31:04.232 Db NayaVedAI[71451:21b670] [com.apple.network:activity] Returning should log: 0 for activity cfnetwork:foreground_task
2026-01-28 16:31:04.232 I  NayaVedAI[71451:21b670] [com.apple.network:connection] nw_resolver_host_resolve_callback [C70.1] flags=0x40000003 ifindex=4294967295 error=NoError(0) hostname=localhost. addr=IPv6#4f2c3092 ttl=1
2026-01-28 16:31:04.232 I  NayaVedAI[71451:21b670] [com.apple.network:connection] nw_resolver_host_resolve_callback [C70.1] flags=0x40000002 ifindex=4294967295 error=NoError(0) hostname=localhost. addr=IPv4#8deebaa3 ttl=1
2026-01-28 16:31:04.232 Db NayaVedAI[71451:21b670] [com.apple.network:] sa_dst_compare_rfc6724 Rule 6, prefer d2, d2 precedence 50 > d1 precedence 35
2026-01-28 16:31:04.232 Db NayaVedAI[71451:21b670] [com.apple.network:] sa_dst_compare_internal <private>@0 < <private>@0
2026-01-28 16:31:04.233 Db NayaVedAI[71451:21b670] [com.apple.network:connection] nw_endpoint_resolver_update [C70.1 Hostname#a19a2c0f:8081 in_progress resolver (satisfied (Path is satisfied), interface: en0[802.11], uses wifi, LQM: unknown)] resolver is complete
2026-01-28 16:31:04.233 Df NayaVedAI[71451:21b670] [com.apple.network:connection] nw_endpoint_resolver_update [C70.1 Hostname#a19a2c0f:8081 in_progress resolver (satisfied (Path is satisfied), interface: en0[802.11], uses wifi, LQM: unknown)] Adding endpoint handler for IPv6#e1664cbf.8081
2026-01-28 16:31:04.233 Df NayaVedAI[71451:21b670] [com.apple.network:connection] nw_endpoint_resolver_update [C70.1 Hostname#a19a2c0f:8081 in_progress resolver (satisfied (Path is satisfied), interface: en0[802.11], uses wifi, LQM: unknown)] Adding endpoint handler for IPv4#43158804:8081
2026-01-28 16:31:04.233 Db NayaVedAI[71451:21b670] [com.apple.network:connection] nw_endpoint_resolver_update [C70.1 Hostname#a19a2c0f:8081 in_progress resolver (satisfied (Path is satisfied), interface: en0[802.11], uses wifi, LQM: unknown)] Updated endpoint list is (IPv6#e1664cbf.8081,IPv4#43158804:8081)
2026-01-28 16:31:04.233 Db NayaVedAI[71451:21b670] [com.apple.network:connection] nw_endpoint_flow_receive_report [C70 Hostname#a19a2c0f:8081 in_progress parent-flow (satisfied (Path is satisfied), interface: en0[802.11], uses wifi, LQM: unknown)] received child report: [C70.1 Hostname#a19a2c0f:8081 in_progress resolver (satisfied (Path is satisfied), interface: en0[802.11], uses wifi, LQM: unknown)]
2026-01-28 16:31:04.233 Df NayaVedAI[71451:21b670] [com.apple.network:connection] [C70.1 Hostname#a19a2c0f:8081 in_progress resolver (satisfied (Path is satisfied), interface: en0[802.11], uses wifi, LQM: unknown)] event: resolver:receive_dns @0.006s
2026-01-28 16:31:04.233 I  NayaVedAI[71451:21b670] [com.apple.network:connection] nw_endpoint_resolver_start_next_child [C70.1 Hostname#a19a2c0f:8081 in_progress resolver (satisfied (Path is satisfied), interface: en0[802.11], uses wifi, LQM: unknown)] starting child endpoint IPv6#e1664cbf.8081
2026-01-28 16:31:04.233 I  NayaVedAI[71451:21b670] [com.apple.network:connection] nw_endpoint_handler_start [C70.1.1 IPv6#e1664cbf.8081 initial path ((null))]
2026-01-28 16:31:04.233 Db NayaVedAI[71451:21b670] [com.apple.network:connection] nw_endpoint_resolver_receive_report [C70.1 Hostname#a19a2c0f:8081 in_progress resolver (satisfied (Path is satisfied), interface: en0[802.11], uses wifi, LQM: unknown)] received child report: [C70.1.1 IPv6#e1664cbf.8081 initial path ((null))]
2026-01-28 16:31:04.233 Db NayaVedAI[71451:21b670] [com.apple.network:connection] nw_endpoint_flow_receive_report [C70 Hostname#a19a2c0f:8081 in_progress parent-flow (satisfied (Path is satisfied), interface: en0[802.11], uses wifi, LQM: unknown)] received child report: [C70.1.1 IPv6#e1664cbf.8081 initial path ((null))]
2026-01-28 16:31:04.233 Df NayaVedAI[71451:21b670] [com.apple.network:connection] [C70.1.1 IPv6#e1664cbf.8081 initial path ((null))] event: path:start @0.006s
2026-01-28 16:31:04.233 Db NayaVedAI[71451:21b670] [com.apple.network:connection] nw_endpoint_handler_path_change [C70.1.1 IPv6#e1664cbf.8081 waiting path (satisfied (Path is satisfied), interface: lo0)]
2026-01-28 16:31:04.233 Db NayaVedAI[71451:21b670] [com.apple.network:connection] nw_endpoint_resolver_receive_report [C70.1 Hostname#a19a2c0f:8081 in_progress resolver (satisfied (Path is satisfied), interface: en0[802.11], uses wifi, LQM: unknown)] received child report: [C70.1.1 IPv6#e1664cbf.8081 waiting path (satisfied (Path is satisfied), interface: lo0)]
2026-01-28 16:31:04.233 Db NayaVedAI[71451:21b670] [com.apple.network:connection] nw_endpoint_flow_receive_report [C70 Hostname#a19a2c0f:8081 in_progress parent-flow (satisfied (Path is satisfied), interface: en0[802.11], uses wifi, LQM: unknown)] received child report: [C70.1.1 IPv6#e1664cbf.8081 waiting path (satisfied (Path is satisfied), interface: lo0)]
2026-01-28 16:31:04.233 Df NayaVedAI[71451:21b670] [com.apple.network:connection] [C70.1.1 IPv6#e1664cbf.8081 waiting path (satisfied (Path is satisfied), interface: lo0)] event: path:satisfied @0.006s, uuid: A4EC89FB-B676-4F96-966D-F6AFED623B85
2026-01-28 16:31:04.233 Db NayaVedAI[71451:21b670] [com.apple.network:] nw_endpoint_proxy_handler_should_use_proxy Looking up proxy for hostname: <nil>, ifindex: 0
2026-01-28 16:31:04.233 Db NayaVedAI[71451:21b670] [com.apple.SystemConfiguration:SCPreferences] create <SCPreferences 0x10775f8b0 [0x1e578fa80]> {name = SCDynamicStoreCopyProxiesWithOptions, id = /Library/Managed Preferences/mobile/com.apple.SystemConfiguration.plist, path = /Library/Managed Preferences/mobile/com.apple.SystemConfiguration.plist}
2026-01-28 16:31:04.233 Db NayaVedAI[71451:21b670] [com.apple.SystemConfiguration:SCPreferences] SCPreferences() access: /Library/Managed Preferences/mobile/com.apple.SystemConfiguration.plist, size=0
2026-01-28 16:31:04.233 Db NayaVedAI[71451:21b670] [com.apple.SystemConfiguration:SCPreferences] release <SCPreferences 0x10775f8b0 [0x1e578fa80]> {name = SCDynamicStoreCopyProxiesWithOptions, id = /Library/Managed Preferences/mobile/com.apple.SystemConfiguration.plist, path = /Library/Managed Preferences/mobile/com.apple.SystemConfiguration.plist, accessed}
2026-01-28 16:31:04.233 I  NayaVedAI[71451:21b670] [com.apple.network:connection] nw_association_create_flow <nw_association IPv6#e1664cbf.8081> Added association flow ID 285749E9-0EA2-45EA-8193-755831DBFE4B
2026-01-28 16:31:04.233 I  NayaVedAI[71451:21b670] [com.apple.network:connection] nw_endpoint_flow_setup_protocols [C70.1.1 IPv6#e1664cbf.8081 in_progress socket-flow (satisfied (Path is satisfied), interface: lo0)] setup flow id 285749E9-0EA2-45EA-8193-755831DBFE4B
2026-01-28 16:31:04.233 Db NayaVedAI[71451:21b670] [com.apple.network:connection] nw_endpoint_flow_attach_protocols [C70.1.1 IPv6#e1664cbf.8081 in_progress socket-flow (satisfied (Path is satisfied), interface: lo0)]
2026-01-28 16:31:04.233 Db NayaVedAI[71451:21b670] [com.apple.network:connection] nw_endpoint_flow_attach_protocols_block_invoke [C70.1.1 IPv6#e1664cbf.8081 in_progress socket-flow (satisfied (Path is satisfied), interface: lo0)] Attached application protocol: CFNetworkConnection-3282745862
2026-01-28 16:31:04.233 Db NayaVedAI[71451:21b670] [com.apple.network:] nw_fd_wrapper_create Created <fd_wrapper 24, guarded: false>
2026-01-28 16:31:04.233 Db NayaVedAI[71451:21b670] [com.apple.network:connection] nw_endpoint_flow_attach_protocols [C70.1.1 IPv6#e1664cbf.8081 in_progress socket-flow (satisfied (Path is satisfied), interface: lo0)] Attached socket protocol
2026-01-28 16:31:04.234 Df NayaVedAI[71451:21b251] [com.apple.CFNetwork:Default] Task <516091D0-AA5A-4656-8E06-8D825F0F67D1>.<2> resuming, timeouts(0.0, 604800.0) qos(0x19) voucher((null)) activity(00000000-0000-0000-0000-000000000000)
2026-01-28 16:31:04.234 Db NayaVedAI[71451:21b251] [com.apple.network:activity] Returning should log: 0 for activity cfnetwork:foreground_task
2026-01-28 16:31:04.234 Db NayaVedAI[71451:21b251] [com.apple.network:activity] Domain cfnetwork rate configured in registry as 1 / 20000
2026-01-28 16:31:04.234 Db NayaVedAI[71451:21b251] [com.apple.network:activity] Domain cfnetwork rate configured after remote default override as 1 / 20000
2026-01-28 16:31:04.234 Db NayaVedAI[71451:21b670] [com.apple.network:connection] nw_endpoint_flow_setup_protocols [C70.1.1 IPv6#e1664cbf.8081 in_progress socket-flow (satisfied (Path is satisfied), interface: lo0)] leaf flow starting
2026-01-28 16:31:04.234 Db NayaVedAI[71451:21b251] [com.apple.network:activity] After reading settings plist, domain cfnetwork rate configured as 1 / 2000000
2026-01-28 16:31:04.234 Db NayaVedAI[71451:21b251] [com.apple.network:activity] After settings override, domain cfnetwork rate configured as 1 / 2000000
2026-01-28 16:31:04.234 Db NayaVedAI[71451:21b251] [com.apple.network:activity] Final domain cfnetwork rate configured as 1 / 2000000
2026-01-28 16:31:04.234 Db NayaVedAI[71451:21b251] [com.apple.network:activity] <nw_activity 12:2 [No UUID] (reporting strategy default)> sampled at 1 / 2000000
2026-01-28 16:31:04.234 Db NayaVedAI[71451:21b251] [com.apple.network:activity] Returning should log: 0 for activity cfnetwork:foreground_task
2026-01-28 16:31:04.234 Db NayaVedAI[71451:21b251] [com.apple.network:activity] Returning should log: 0 for activity cfnetwork:foreground_task
2026-01-28 16:31:04.234 Db NayaVedAI[71451:21b670] [com.apple.network:connection] nw_endpoint_resolver_receive_report [C70.1 Hostname#a19a2c0f:8081 in_progress resolver (satisfied (Path is satisfied), interface: en0[802.11], uses wifi, LQM: unknown)] received child report: [C70.1.1 IPv6#e1664cbf.8081 in_progress socket-flow (satisfied (Path is satisfied), interface: lo0)]
2026-01-28 16:31:04.234 Db NayaVedAI[71451:21b251] [com.apple.CFNetwork:Default] [Telemetry]: Activity <nw_activity 12:2 [7AB07508-46B3-47A6-AA32-2F21C4319F2D] (reporting strategy default)> on Task <516091D0-AA5A-4656-8E06-8D825F0F67D1>.<2> was not selected for reporting
2026-01-28 16:31:04.234 Db NayaVedAI[71451:21b670] [com.apple.network:connection] nw_endpoint_flow_receive_report [C70 Hostname#a19a2c0f:8081 in_progress parent-flow (satisfied (Path is satisfied), interface: en0[802.11], uses wifi, LQM: unknown)] received child report: [C70.1.1 IPv6#e1664cbf.8081 in_progress socket-flow (satisfied (Path is satisfied), interface: lo0)]
2026-01-28 16:31:04.234 Df NayaVedAI[71451:21b670] [com.apple.network:connection] [C70.1.1 IPv6#e1664cbf.8081 in_progress socket-flow (satisfied (Path is satisfied), interface: lo0)] event: flow:start_connect @0.007s
2026-01-28 16:31:04.234 I  NayaVedAI[71451:21b670] [com.apple.network:connection] nw_endpoint_resolver_start_next_child [C70.1 Hostname#a19a2c0f:8081 in_progress resolver (satisfied (Path is satisfied), interface: en0[802.11], uses wifi, LQM: unknown)] starting next child endpoint in 100ms
2026-01-28 16:31:04.234 Db NayaVedAI[71451:21b670] [com.apple.CFNetwork:ATS] Uploading ATS exception ATSAllowsLocalNetworking
2026-01-28 16:31:04.234 A  NayaVedAI[71451:21b251] (Security) SecTrustReportNetworkingAnalytics
2026-01-28 16:31:04.235 Db NayaVedAI[71451:21b670] [com.apple.network:connection] nw_socket_handle_socket_event [C70.1.1:2] Event mask: 0x800
2026-01-28 16:31:04.235 Df NayaVedAI[71451:21b670] [com.apple.network:connection] nw_socket_handle_socket_event [C70.1.1:2] Socket received CONNECTED event
2026-01-28 16:31:04.235 Db NayaVedAI[71451:21b670] [com.apple.network:connection] nw_socket_setup_notsent_lowat [C70.1.1:2] Set TCP_NOTSENT_LOWAT(16384)
2026-01-28 16:31:04.235 Df NayaVedAI[71451:21b670] [com.apple.network:connection] nw_flow_connected [C70.1.1 IPv6#e1664cbf.8081 in_progress socket-flow (satisfied (Path is satisfied), interface: lo0)] Transport protocol connected (socket)
2026-01-28 16:31:04.235 Db NayaVedAI[71451:21b670] [com.apple.network:connection] nw_endpoint_resolver_receive_report [C70.1 Hostname#a19a2c0f:8081 in_progress resolver (satisfied (Path is satisfied), interface: en0[802.11], uses wifi, LQM: unknown)] received child report: [C70.1.1 IPv6#e1664cbf.8081 in_progress socket-flow (satisfied (Path is satisfied), interface: lo0)]
2026-01-28 16:31:04.235 Db NayaVedAI[71451:21b670] [com.apple.network:connection] nw_endpoint_flow_receive_report [C70 Hostname#a19a2c0f:8081 in_progress parent-flow (satisfied (Path is satisfied), interface: en0[802.11], uses wifi, LQM: unknown)] received child report: [C70.1.1 IPv6#e1664cbf.8081 in_progress socket-flow (satisfied (Path is satisfied), interface: lo0)]
2026-01-28 16:31:04.235 Df NayaVedAI[71451:21b670] [com.apple.network:connection] [C70.1.1 IPv6#e1664cbf.8081 in_progress socket-flow (satisfied (Path is satisfied), interface: lo0)] event: flow:finish_transport @0.008s
2026-01-28 16:31:04.235 I  NayaVedAI[71451:21b670] [com.apple.network:connection] nw_endpoint_resolver_receive_report [C70.1 Hostname#a19a2c0f:8081 in_progress resolver (satisfied (Path is satisfied), interface: en0[802.11], uses wifi, LQM: unknown)] pushing out endpoint race by 2000ms
2026-01-28 16:31:04.235 Df NayaVedAI[71451:21b670] [com.apple.network:connection] nw_flow_connected [C70.1.1 IPv6#e1664cbf.8081 in_progress socket-flow (satisfied (Path is satisfied), interface: lo0)] Output protocol connected (CFNetworkConnection-3282745862)
2026-01-28 16:31:04.235 Db NayaVedAI[71451:21b670] [com.apple.network:connection] nw_endpoint_flow_connected_path_change [C70.1.1 IPv6#e1664cbf.8081 ready socket-flow (satisfied (Path is satisfied), interface: lo0)]
2026-01-28 16:31:04.235 I  NayaVedAI[71451:21b670] [com.apple.network:connection] nw_endpoint_flow_connected_path_change [C70.1.1 IPv6#e1664cbf.8081 ready socket-flow (satisfied (Path is satisfied), interface: lo0)] Connected path is satisfied, not viable
2026-01-28 16:31:04.235 Db NayaVedAI[71451:21b670] [com.apple.network:connection] nw_endpoint_resolver_receive_report [C70.1 Hostname#a19a2c0f:8081 in_progress resolver (satisfied (Path is satisfied), interface: en0[802.11], uses wifi, LQM: unknown)] received child report: [C70.1.1 IPv6#e1664cbf.8081 ready socket-flow (satisfied (Path is satisfied), interface: lo0)]
2026-01-28 16:31:04.235 Df NayaVedAI[71451:21b251] [com.apple.securityd:SecError] SecTrustReportNetworkingAnalytics failed with error: -4
2026-01-28 16:31:04.235 Db NayaVedAI[71451:21b670] [com.apple.network:connection] nw_endpoint_flow_receive_report [C70 Hostname#a19a2c0f:8081 in_progress parent-flow (satisfied (Path is satisfied), interface: en0[802.11], uses wifi, LQM: unknown)] received child report: [C70.1.1 IPv6#e1664cbf.8081 ready socket-flow (satisfied (Path is satisfied), interface: lo0)]
2026-01-28 16:31:04.235 Df NayaVedAI[71451:21b670] [com.apple.network:connection] [C70.1.1 IPv6#e1664cbf.8081 ready socket-flow (satisfied (Path is satisfied), interface: lo0)] event: flow:child_finish_connect @0.008s
2026-01-28 16:31:04.235 Db NayaVedAI[71451:21b670] [com.apple.network:connection] nw_endpoint_flow_receive_report [C70 IPv6#e1664cbf.8081 in_progress parent-flow (satisfied (Path is satisfied), interface: en0[802.11], uses wifi, LQM: unknown)] connecting endpoint_flow to child's shared protocol
2026-01-28 16:31:04.235 Db NayaVedAI[71451:21b670] [com.apple.network:connection] nw_endpoint_flow_setup_protocols [C70 IPv6#e1664cbf.8081 in_progress parent-flow (satisfied (Path is satisfied), interface: en0[802.11], uses wifi, LQM: unknown)] already set up
2026-01-28 16:31:04.235 Db NayaVedAI[71451:21b670] [com.apple.network:connection] nw_endpoint_flow_setup_protocols [C70 IPv6#e1664cbf.8081 in_progress parent-flow (satisfied (Path is satisfied), interface: en0[802.11], uses wifi, LQM: unknown)] child flow connected, starting
2026-01-28 16:31:04.235 Db NayaVedAI[71451:21b670] [com.apple.network:connection] nw_endpoint_flow_setup_protocols [C70 IPv6#e1664cbf.8081 in_progress parent-flow (satisfied (Path is satisfied), interface: en0[802.11], uses wifi, LQM: unknown)] already started
2026-01-28 16:31:04.235 Db NayaVedAI[71451:21b670] [com.apple.network:connection] nw_endpoint_flow_receive_report [C70 IPv6#e1664cbf.8081 in_progress parent-flow (satisfied (Path is satisfied), interface: en0[802.11], uses wifi, LQM: unknown)] received child report: [C70.1 Hostname#a19a2c0f:8081 ready resolver (satisfied (Path is satisfied), interface: en0[802.11], uses wifi, LQM: unknown)]
2026-01-28 16:31:04.235 Df NayaVedAI[71451:21b670] [com.apple.network:connection] [C70.1 Hostname#a19a2c0f:8081 ready resolver (satisfied (Path is satisfied), interface: en0[802.11], uses wifi, LQM: unknown)] event: flow:child_finish_connect @0.008s
2026-01-28 16:31:04.235 I  NayaVedAI[71451:21b670] [com.apple.network:connection] nw_endpoint_handler_cancel [C70.1.2 IPv4#43158804:8081 initial path ((null))]
2026-01-28 16:31:04.235 Df NayaVedAI[71451:21b670] [com.apple.network:connection] nw_flow_connected [C70 IPv6#e1664cbf.8081 in_progress parent-flow (satisfied (Path is satisfied), interface: en0[802.11], uses wifi, LQM: unknown)] Output protocol connected (endpoint_flow)
2026-01-28 16:31:04.235 Db NayaVedAI[71451:21b670] [com.apple.network:connection] nw_endpoint_flow_connected_path_change [C70 IPv6#e1664cbf.8081 ready parent-flow (satisfied (Path is satisfied), interface: en0[802.11], uses wifi, LQM: unknown)]
2026-01-28 16:31:04.235 I  NayaVedAI[71451:21b670] [com.apple.network:connection] nw_endpoint_flow_connected_path_change [C70 IPv6#e1664cbf.8081 ready parent-flow (satisfied (Path is satisfied), interface: en0[802.11], uses wifi, LQM: unknown)] Connected path is satisfied, child is not viable
2026-01-28 16:31:04.235 Df NayaVedAI[71451:21b670] [com.apple.network:connection] [C70 IPv6#e1664cbf.8081 ready parent-flow (satisfied (Path is satisfied), interface: en0[802.11], uses wifi, LQM: unknown)] event: flow:finish_connect @0.008s
2026-01-28 16:31:04.235 Db NayaVedAI[71451:21b670] [com.apple.network:connection] nw_connection_run_pqtls_probe_locked_on_nw_queue [C70] No TLS metadata; not running PQ-TLS probe
2026-01-28 16:31:04.235 Db NayaVedAI[71451:21b670] [com.apple.network:connection] nw_connection_run_ech_probe_locked_on_nw_queue [C70] stack doesn't include TLS; not running ECH probe
2026-01-28 16:31:04.235 Db NayaVedAI[71451:21b670] [com.apple.network:connection] nw_connection_endpoint_report_on_nw_queue_block_invoke [C70] Connected fallback generation 0
2026-01-28 16:31:04.235 I  NayaVedAI[71451:21b670] [com.apple.network:connection] nw_connection_start_candidate_manager_if_needed_locked [C70] Checking whether to start candidate manager
2026-01-28 16:31:04.235 Db NayaVedAI[71451:21b670] [com.apple.network:connection] nw_connection_start_candidate_manager_if_needed_locked [C70] Connection does not support multipath, not starting candidate manager
2026-01-28 16:31:04.235 Df NayaVedAI[71451:21b670] [com.apple.network:connection] nw_connection_report_state_with_handler_on_nw_queue [C70] reporting state ready
2026-01-28 16:31:04.235 Df NayaVedAI[71451:21b670] [com.apple.CFNetwork:Default] Connection 70: connected successfully
2026-01-28 16:31:04.236 Df NayaVedAI[71451:21b670] [com.apple.CFNetwork:Default] Connection 70: ready C(N) E(N)
2026-01-28 16:31:04.236 Db NayaVedAI[71451:21b670] [com.apple.CFNetwork:Default] Task <F2D980CA-6FE9-48C5-84CD-3CA238CB7854>.<1> done setting up Connection 70
2026-01-28 16:31:04.236 Db NayaVedAI[71451:21b670] [com.apple.network:activity] Returning should log: 0 for activity cfnetwork:foreground_task
2026-01-28 16:31:04.236 Df NayaVedAI[71451:21b670] [com.apple.CFNetwork:Default] Task <F2D980CA-6FE9-48C5-84CD-3CA238CB7854>.<1> now using Connection 70
2026-01-28 16:31:04.236 Db NayaVedAI[71451:21b670] [com.apple.network:activity] Returning should log: 0 for activity cfnetwork:foreground_task
2026-01-28 16:31:04.236 Df NayaVedAI[71451:21b670] [com.apple.CFNetwork:Default] Task <F2D980CA-6FE9-48C5-84CD-3CA238CB7854>.<1> sent request, body N 0
2026-01-28 16:31:04.236 I  NayaVedAI[71451:21b670] [com.apple.network:connection] nw_connection_create_with_id [C71] create connection to Hostname#a19a2c0f:8081
2026-01-28 16:31:04.236 Df NayaVedAI[71451:21b670] [com.apple.CFNetwork:Default] Connection 71: starting, TC(0x0)
2026-01-28 16:31:04.236 Df NayaVedAI[71451:21b670] [com.apple.network:connection] [C71 CC255B95-A0F9-43C3-A326-24CB24CA0581 Hostname#a19a2c0f:8081 tcp, url: http://localhost:8081/symbolicate, definite, attribution: developer, context: com.apple.CFNetwork.NSURLSession.{69068277-EEFC-4223-B6E3-0F0FB95C9B7F}{(null)}{Y}{2}{0x0} (private), proc: 63B02D91-D502-3FF5-9842-92830ECC12FF, delegated upid: 0] start
2026-01-28 16:31:04.236 I  NayaVedAI[71451:21b670] [com.apple.network:connection] nw_endpoint_handler_start [C71 Hostname#a19a2c0f:8081 initial parent-flow ((null))]
2026-01-28 16:31:04.236 Df NayaVedAI[71451:21b670] [com.apple.network:connection] [C71 Hostname#a19a2c0f:8081 initial parent-flow ((null))] event: path:start @0.000s
2026-01-28 16:31:04.236 Db NayaVedAI[71451:21b670] [com.apple.network:connection] nw_endpoint_handler_path_change [C71 Hostname#a19a2c0f:8081 waiting parent-flow (satisfied (Path is satisfied), interface: en0[802.11], uses wifi, LQM: unknown)]
2026-01-28 16:31:04.236 Db NayaVedAI[71451:21b670] [com.apple.networkextension:] ne_tracker_check_is_hostname_blocked() proceeding with the in_the_app check for hostname: localhost
2026-01-28 16:31:04.236 Db NayaVedAI[71451:21b670] [com.apple.CFBundle:resources] Resource lookup at CFBundle 0x600003b04700 </Users/shivi.agarwal/Library/Developer/CoreSimulator/Devices/AC7E343F-585F-430E-B17D-BDD649803605/data/Containers/Bundle/Application/AD33C3F3-69F6-4E76-8701-44660F53F11C/NayaVedAI.app> (executable, loaded)
	Request       : InfoPlist type: strings
	Result        : None
2026-01-28 16:31:04.236 Db NayaVedAI[71451:21b670] [com.apple.CFBundle:resources] Resource lookup at CFBundle 0x600003b04700 </Users/shivi.agarwal/Library/Developer/CoreSimulator/Devices/AC7E343F-585F-430E-B17D-BDD649803605/data/Containers/Bundle/Application/AD33C3F3-69F6-4E76-8701-44660F53F11C/NayaVedAI.app> (executable, loaded)
	Request       : InfoPlist type: stringsdict
	Result        : None
2026-01-28 16:31:04.236 Db NayaVedAI[71451:21b670] [com.apple.networkextension:] ne_tracker_check_is_hostname_blocked(): hostname localhost is not a tracker. Returning: ne_tracker_status_none
2026-01-28 16:31:04.236 Df NayaVedAI[71451:21b670] [com.apple.network:connection] [C71 Hostname#a19a2c0f:8081 waiting parent-flow (satisfied (Path is satisfied), interface: en0[802.11], uses wifi, LQM: unknown)] event: path:satisfied @0.000s, uuid: 8AFDC92F-6F05-4E37-9B45-FDC950662F6A
2026-01-28 16:31:04.236 I  NayaVedAI[71451:21b670] [com.apple.network:connection] nw_connection_endpoint_report_on_nw_queue_block_invoke [C71 Hostname#a19a2c0f:8081 waiting parent-flow (satisfied (Path is satisfied), interface: en0[802.11], uses wifi, LQM: unknown)] skipping state update
2026-01-28 16:31:04.236 Db NayaVedAI[71451:2199c2] [com.apple.defaults:User Defaults] looked up value 1 for key RCTI18nUtil_makeRTLFlipLeftAndRightStyles in CFPrefsPlistSource<0x600002c0c080> (Domain: com.nayaved.app, User: kCFPreferencesCurrentUser, ByHost: No, Container: (null), Contents Need Refresh: No) via CFPrefsSearchListSource<0x600002c04180> (Domain: com.nayaved.app, Container: (null) Non-launch persona: 0)
2026-01-28 16:31:04.236 Db NayaVedAI[71451:2199c2] [com.apple.defaults:User Defaults] looked up value 1 for key RCTI18nUtil_makeRTLFlipLeftAndRightStyles in CFPrefsPlistSource<0x600002c0c080> (Domain: com.nayaved.app, User: kCFPreferencesCurrentUser, ByHost: No, Container: (null), Contents Need Refresh: No) via CFPrefsSearchListSource<0x600002c04180> (Domain: com.nayaved.app, Container: (null) Non-launch persona: 0)
2026-01-28 16:31:04.236 Db NayaVedAI[71451:21b670] [com.apple.network:] nw_endpoint_proxy_handler_should_use_proxy Looking up proxy for hostname: localhost, ifindex: 0
2026-01-28 16:31:04.236 Db NayaVedAI[71451:2199c2] [com.apple.defaults:User Defaults] looked up value 1 for key RCTI18nUtil_makeRTLFlipLeftAndRightStyles in CFPrefsPlistSource<0x600002c0c080> (Domain: com.nayaved.app, User: kCFPreferencesCurrentUser, ByHost: No, Container: (null), Contents Need Refresh: No) via CFPrefsSearchListSource<0x600002c04180> (Domain: com.nayaved.app, Container: (null) Non-launch persona: 0)
2026-01-28 16:31:04.236 Db NayaVedAI[71451:21b670] [com.apple.SystemConfiguration:SCPreferences] create <SCPreferences 0x108a52f00 [0x1e578fa80]> {name = SCDynamicStoreCopyProxiesWithOptions, id = /Library/Managed Preferences/mobile/com.apple.SystemConfiguration.plist, path = /Library/Managed Preferences/mobile/com.apple.SystemConfiguration.plist}
2026-01-28 16:31:04.236 Db NayaVedAI[71451:21b670] [com.apple.SystemConfiguration:SCPreferences] SCPreferences() access: /Library/Managed Preferences/mobile/com.apple.SystemConfiguration.plist, size=0
2026-01-28 16:31:04.236 Db NayaVedAI[71451:21b670] [com.apple.SystemConfiguration:SCPreferences] release <SCPreferences 0x108a52f00 [0x1e578fa80]> {name = SCDynamicStoreCopyProxiesWithOptions, id = /Library/Managed Preferences/mobile/com.apple.SystemConfiguration.plist, path = /Library/Managed Preferences/mobile/com.apple.SystemConfiguration.plist, accessed}
2026-01-28 16:31:04.237 Db NayaVedAI[71451:21b670] [com.apple.network:connection] nw_endpoint_flow_attach_protocols [C71 Hostname#a19a2c0f:8081 in_progress parent-flow (satisfied (Path is satisfied), interface: en0[802.11], uses wifi, LQM: unknown)]
2026-01-28 16:31:04.237 Db NayaVedAI[71451:21b670] [com.apple.network:connection] nw_endpoint_flow_attach_protocols [C71 Hostname#a19a2c0f:8081 in_progress parent-flow (satisfied (Path is satisfied), interface: en0[802.11], uses wifi, LQM: unknown)] stopping after adding persistent application protocols
2026-01-28 16:31:04.237 Db NayaVedAI[71451:21b670] [com.apple.network:connection] nw_endpoint_flow_setup_protocols [C71 Hostname#a19a2c0f:8081 in_progress parent-flow (satisfied (Path is satisfied), interface: en0[802.11], uses wifi, LQM: unknown)] persistent protocol stack, starting
2026-01-28 16:31:04.237 Df NayaVedAI[71451:21b670] [com.apple.network:connection] [C71 Hostname#a19a2c0f:8081 in_progress parent-flow (satisfied (Path is satisfied), interface: en0[802.11], uses wifi, LQM: unknown)] event: flow:start_connect @0.000s
2026-01-28 16:31:04.237 Df NayaVedAI[71451:21b670] [com.apple.network:connection] nw_connection_report_state_with_handler_on_nw_queue [C71] reporting state preparing
2026-01-28 16:31:04.237 I  NayaVedAI[71451:21b670] [com.apple.network:connection] nw_endpoint_flow_connect [C71 Hostname#a19a2c0f:8081 in_progress parent-flow (satisfied (Path is satisfied), interface: en0[802.11], uses wifi, LQM: unknown)] connect bottom protocol
2026-01-28 16:31:04.237 Db NayaVedAI[71451:21b670] [com.apple.network:connection] nw_endpoint_flow_start_child [C71 Hostname#a19a2c0f:8081 in_progress parent-flow (satisfied (Path is satisfied), interface: en0[802.11], uses wifi, LQM: unknown)] creating and starting child handler
2026-01-28 16:31:04.237 Db NayaVedAI[71451:21b670] [com.apple.network:] nw_endpoint_proxy_handler_should_use_proxy Looking up proxy for hostname: localhost, ifindex: 0
2026-01-28 16:31:04.237 Db NayaVedAI[71451:21b670] [com.apple.SystemConfiguration:SCPreferences] create <SCPreferences 0x10bc280a0 [0x1e578fa80]> {name = SCDynamicStoreCopyProxiesWithOptions, id = /Library/Managed Preferences/mobile/com.apple.SystemConfiguration.plist, path = /Library/Managed Preferences/mobile/com.apple.SystemConfiguration.plist}
2026-01-28 16:31:04.237 Db NayaVedAI[71451:21b670] [com.apple.SystemConfiguration:SCPreferences] SCPreferences() access: /Library/Managed Preferences/mobile/com.apple.SystemConfiguration.plist, size=0
2026-01-28 16:31:04.237 Db NayaVedAI[71451:21b670] [com.apple.SystemConfiguration:SCPreferences] release <SCPreferences 0x10bc280a0 [0x1e578fa80]> {name = SCDynamicStoreCopyProxiesWithOptions, id = /Library/Managed Preferences/mobile/com.apple.SystemConfiguration.plist, path = /Library/Managed Preferences/mobile/com.apple.SystemConfiguration.plist, accessed}
2026-01-28 16:31:04.237 Df NayaVedAI[71451:21b670] [com.apple.network:connection] [C71 Hostname#a19a2c0f:8081 in_progress parent-flow (satisfied (Path is satisfied), interface: en0[802.11], uses wifi, LQM: unknown)] event: flow:start_child @0.001s
2026-01-28 16:31:04.237 I  NayaVedAI[71451:21b670] [com.apple.network:connection] nw_endpoint_handler_start [C71.1 Hostname#a19a2c0f:8081 initial path ((null))]
2026-01-28 16:31:04.237 Db NayaVedAI[71451:21b670] [com.apple.network:connection] nw_endpoint_flow_receive_report [C71 Hostname#a19a2c0f:8081 in_progress parent-flow (satisfied (Path is satisfied), interface: en0[802.11], uses wifi, LQM: unknown)] received child report: [C71.1 Hostname#a19a2c0f:8081 initial path ((null))]
2026-01-28 16:31:04.237 Df NayaVedAI[71451:21b670] [com.apple.network:connection] [C71.1 Hostname#a19a2c0f:8081 initial path ((null))] event: path:start @0.001s
2026-01-28 16:31:04.237 Db NayaVedAI[71451:21b670] [com.apple.network:connection] nw_endpoint_handler_path_change [C71.1 Hostname#a19a2c0f:8081 waiting path (satisfied (Path is satisfied), interface: en0[802.11], uses wifi, LQM: unknown)]
2026-01-28 16:31:04.237 Db NayaVedAI[71451:21b670] [com.apple.networkextension:] ne_tracker_check_is_hostname_blocked() proceeding with the in_the_app check for hostname: localhost
2026-01-28 16:31:04.237 Db NayaVedAI[71451:21b670] [com.apple.CFBundle:resources] Resource lookup at CFBundle 0x600003b04700 </Users/shivi.agarwal/Library/Developer/CoreSimulator/Devices/AC7E343F-585F-430E-B17D-BDD649803605/data/Containers/Bundle/Application/AD33C3F3-69F6-4E76-8701-44660F53F11C/NayaVedAI.app> (executable, loaded)
	Request       : InfoPlist type: strings
	Result        : None
2026-01-28 16:31:04.237 Db NayaVedAI[71451:21b670] [com.apple.CFBundle:resources] Resource lookup at CFBundle 0x600003b04700 </Users/shivi.agarwal/Library/Developer/CoreSimulator/Devices/AC7E343F-585F-430E-B17D-BDD649803605/data/Containers/Bundle/Application/AD33C3F3-69F6-4E76-8701-44660F53F11C/NayaVedAI.app> (executable, loaded)
	Request       : InfoPlist type: stringsdict
	Result        : None
2026-01-28 16:31:04.237 Db NayaVedAI[71451:21b670] [com.apple.networkextension:] ne_tracker_check_is_hostname_blocked(): hostname localhost is not a tracker. Returning: ne_tracker_status_none
2026-01-28 16:31:04.237 Db NayaVedAI[71451:21b670] [com.apple.network:connection] nw_endpoint_flow_receive_report [C71 Hostname#a19a2c0f:8081 in_progress parent-flow (satisfied (Path is satisfied), interface: en0[802.11], uses wifi, LQM: unknown)] received child report: [C71.1 Hostname#a19a2c0f:8081 waiting path (satisfied (Path is satisfied), interface: en0[802.11], uses wifi, LQM: unknown)]
2026-01-28 16:31:04.237 Df NayaVedAI[71451:21b670] [com.apple.network:connection] [C71.1 Hostname#a19a2c0f:8081 waiting path (satisfied (Path is satisfied), interface: en0[802.11], uses wifi, LQM: unknown)] event: path:satisfied @0.001s, uuid: 8AFDC92F-6F05-4E37-9B45-FDC950662F6A
2026-01-28 16:31:04.237 Db NayaVedAI[71451:21b670] [com.apple.network:] nw_endpoint_proxy_handler_should_use_proxy Looking up proxy for hostname: localhost, ifindex: 0
2026-01-28 16:31:04.237 Db NayaVedAI[71451:21b670] [com.apple.SystemConfiguration:SCPreferences] create <SCPreferences 0x10778c3b0 [0x1e578fa80]> {name = SCDynamicStoreCopyProxiesWithOptions, id = /Library/Managed Preferences/mobile/com.apple.SystemConfiguration.plist, path = /Library/Managed Preferences/mobile/com.apple.SystemConfiguration.plist}
2026-01-28 16:31:04.237 Db NayaVedAI[71451:21b670] [com.apple.SystemConfiguration:SCPreferences] SCPreferences() access: /Library/Managed Preferences/mobile/com.apple.SystemConfiguration.plist, size=0
2026-01-28 16:31:04.237 Db NayaVedAI[71451:21b670] [com.apple.SystemConfiguration:SCPreferences] release <SCPreferences 0x10778c3b0 [0x1e578fa80]> {name = SCDynamicStoreCopyProxiesWithOptions, id = /Library/Managed Preferences/mobile/com.apple.SystemConfiguration.plist, path = /Library/Managed Preferences/mobile/com.apple.SystemConfiguration.plist, accessed}
2026-01-28 16:31:04.238 Db NayaVedAI[71451:21b670] [com.apple.network:connection] -[NWConcrete_nw_endpoint_resolver startWithHandler:] [C71.1 Hostname#a19a2c0f:8081 waiting resolver (satisfied (Path is satisfied), interface: en0[802.11], uses wifi, LQM: unknown)]
2026-01-28 16:31:04.238 Db NayaVedAI[71451:21b670] [com.apple.network:connection] nw_endpoint_flow_receive_report [C71 Hostname#a19a2c0f:8081 in_progress parent-flow (satisfied (Path is satisfied), interface: en0[802.11], uses wifi, LQM: unknown)] received child report: [C71.1 Hostname#a19a2c0f:8081 in_progress resolver (satisfied (Path is satisfied), interface: en0[802.11], uses wifi, LQM: unknown)]
2026-01-28 16:31:04.238 Df NayaVedAI[71451:21b670] [com.apple.network:connection] [C71.1 Hostname#a19a2c0f:8081 in_progress resolver (satisfied (Path is satisfied), interface: en0[802.11], uses wifi, LQM: unknown)] event: resolver:start_dns @0.001s
2026-01-28 16:31:04.238 Db NayaVedAI[71451:21b670] [com.apple.networkextension:] ne_tracker_check_is_hostname_blocked() proceeding with the in_the_app check for hostname: localhost
2026-01-28 16:31:04.238 Db NayaVedAI[71451:21b670] [com.apple.CFBundle:resources] Resource lookup at CFBundle 0x600003b04700 </Users/shivi.agarwal/Library/Developer/CoreSimulator/Devices/AC7E343F-585F-430E-B17D-BDD649803605/data/Containers/Bundle/Application/AD33C3F3-69F6-4E76-8701-44660F53F11C/NayaVedAI.app> (executable, loaded)
	Request       : InfoPlist type: strings
	Result        : None
2026-01-28 16:31:04.238 Db NayaVedAI[71451:21b670] [com.apple.CFBundle:resources] Resource lookup at CFBundle 0x600003b04700 </Users/shivi.agarwal/Library/Developer/CoreSimulator/Devices/AC7E343F-585F-430E-B17D-BDD649803605/data/Containers/Bundle/Application/AD33C3F3-69F6-4E76-8701-44660F53F11C/NayaVedAI.app> (executable, loaded)
	Request       : InfoPlist type: stringsdict
	Result        : None
2026-01-28 16:31:04.238 Db NayaVedAI[71451:21b670] [com.apple.networkextension:] ne_tracker_check_is_hostname_blocked(): hostname localhost is not a tracker. Returning: ne_tracker_status_none
2026-01-28 16:31:04.238 I  NayaVedAI[71451:21b670] [com.apple.network:connection] nw_resolver_create_dns_service_locked [C71.1] Starting host resolution Hostname#a19a2c0f:8081, flags 0xc000d000 proto 0
2026-01-28 16:31:04.238 Df NayaVedAI[71451:21b670] [com.apple.CFNetwork:Default] Task <516091D0-AA5A-4656-8E06-8D825F0F67D1>.<2> setting up Connection 71
2026-01-28 16:31:04.238 Db NayaVedAI[71451:21b670] [com.apple.network:activity] Returning should log: 0 for activity cfnetwork:foreground_task
2026-01-28 16:31:04.238 I  NayaVedAI[71451:21b670] [com.apple.network:connection] nw_resolver_host_resolve_callback [C71.1] flags=0x40000003 ifindex=4294967295 error=NoError(0) hostname=localhost. addr=IPv6#4f2c3092 ttl=1
2026-01-28 16:31:04.238 I  NayaVedAI[71451:21b670] [com.apple.network:connection] nw_resolver_host_resolve_callback [C71.1] flags=0x40000002 ifindex=4294967295 error=NoError(0) hostname=localhost. addr=IPv4#8deebaa3 ttl=1
2026-01-28 16:31:04.238 Db NayaVedAI[71451:21b670] [com.apple.network:] sa_dst_compare_rfc6724 Rule 6, prefer d2, d2 precedence 50 > d1 precedence 35
2026-01-28 16:31:04.238 Db NayaVedAI[71451:21b670] [com.apple.network:] sa_dst_compare_internal <private>@0 < <private>@0
2026-01-28 16:31:04.238 I  NayaVedAI[71451:21b670] [com.apple.network:connection] nw_resolver_create_prefer_connected_variant [C71.1] Prefer Connected: IPv6#e1664cbf.8081 is already the first endpoint
2026-01-28 16:31:04.238 Db NayaVedAI[71451:21b670] [com.apple.network:connection] nw_endpoint_resolver_update [C71.1 Hostname#a19a2c0f:8081 in_progress resolver (satisfied (Path is satisfied), interface: en0[802.11], uses wifi, LQM: unknown)] resolver is complete
2026-01-28 16:31:04.239 Df NayaVedAI[71451:21b670] [com.apple.network:connection] nw_endpoint_resolver_update [C71.1 Hostname#a19a2c0f:8081 in_progress resolver (satisfied (Path is satisfied), interface: en0[802.11], uses wifi, LQM: unknown)] Adding endpoint handler for IPv6#e1664cbf.8081
2026-01-28 16:31:04.239 Df NayaVedAI[71451:21b670] [com.apple.network:connection] nw_endpoint_resolver_update [C71.1 Hostname#a19a2c0f:8081 in_progress resolver (satisfied (Path is satisfied), interface: en0[802.11], uses wifi, LQM: unknown)] Adding endpoint handler for IPv4#43158804:8081
2026-01-28 16:31:04.239 Db NayaVedAI[71451:21b670] [com.apple.network:connection] nw_endpoint_resolver_update [C71.1 Hostname#a19a2c0f:8081 in_progress resolver (satisfied (Path is satisfied), interface: en0[802.11], uses wifi, LQM: unknown)] Updated endpoint list is (IPv6#e1664cbf.8081,IPv4#43158804:8081)
2026-01-28 16:31:04.239 Db NayaVedAI[71451:21b670] [com.apple.network:connection] nw_endpoint_flow_receive_report [C71 Hostname#a19a2c0f:8081 in_progress parent-flow (satisfied (Path is satisfied), interface: en0[802.11], uses wifi, LQM: unknown)] received child report: [C71.1 Hostname#a19a2c0f:8081 in_progress resolver (satisfied (Path is satisfied), interface: en0[802.11], uses wifi, LQM: unknown)]
2026-01-28 16:31:04.239 Df NayaVedAI[71451:21b670] [com.apple.network:connection] [C71.1 Hostname#a19a2c0f:8081 in_progress resolver (satisfied (Path is satisfied), interface: en0[802.11], uses wifi, LQM: unknown)] event: resolver:receive_dns @0.002s
2026-01-28 16:31:04.239 I  NayaVedAI[71451:21b670] [com.apple.network:connection] nw_endpoint_resolver_start_next_child [C71.1 Hostname#a19a2c0f:8081 in_progress resolver (satisfied (Path is satisfied), interface: en0[802.11], uses wifi, LQM: unknown)] starting child endpoint IPv6#e1664cbf.8081
2026-01-28 16:31:04.239 I  NayaVedAI[71451:21b670] [com.apple.network:connection] nw_endpoint_handler_start [C71.1.1 IPv6#e1664cbf.8081 initial path ((null))]
2026-01-28 16:31:04.239 Db NayaVedAI[71451:21b670] [com.apple.network:connection] nw_endpoint_resolver_receive_report [C71.1 Hostname#a19a2c0f:8081 in_progress resolver (satisfied (Path is satisfied), interface: en0[802.11], uses wifi, LQM: unknown)] received child report: [C71.1.1 IPv6#e1664cbf.8081 initial path ((null))]
2026-01-28 16:31:04.239 Db NayaVedAI[71451:21b670] [com.apple.network:connection] nw_endpoint_flow_receive_report [C71 Hostname#a19a2c0f:8081 in_progress parent-flow (satisfied (Path is satisfied), interface: en0[802.11], uses wifi, LQM: unknown)] received child report: [C71.1.1 IPv6#e1664cbf.8081 initial path ((null))]
2026-01-28 16:31:04.239 Df NayaVedAI[71451:21b670] [com.apple.network:connection] [C71.1.1 IPv6#e1664cbf.8081 initial path ((null))] event: path:start @0.003s
2026-01-28 16:31:04.239 Db NayaVedAI[71451:21b670] [com.apple.network:connection] nw_endpoint_handler_path_change [C71.1.1 IPv6#e1664cbf.8081 waiting path (satisfied (Path is satisfied), interface: lo0)]
2026-01-28 16:31:04.239 Db NayaVedAI[71451:21b670] [com.apple.network:connection] nw_endpoint_resolver_receive_report [C71.1 Hostname#a19a2c0f:8081 in_progress resolver (satisfied (Path is satisfied), interface: en0[802.11], uses wifi, LQM: unknown)] received child report: [C71.1.1 IPv6#e1664cbf.8081 waiting path (satisfied (Path is satisfied), interface: lo0)]
2026-01-28 16:31:04.239 Db NayaVedAI[71451:21b670] [com.apple.network:connection] nw_endpoint_flow_receive_report [C71 Hostname#a19a2c0f:8081 in_progress parent-flow (satisfied (Path is satisfied), interface: en0[802.11], uses wifi, LQM: unknown)] received child report: [C71.1.1 IPv6#e1664cbf.8081 waiting path (satisfied (Path is satisfied), interface: lo0)]
2026-01-28 16:31:04.239 Df NayaVedAI[71451:21b670] [com.apple.network:connection] [C71.1.1 IPv6#e1664cbf.8081 waiting path (satisfied (Path is satisfied), interface: lo0)] event: path:satisfied @0.003s, uuid: A4EC89FB-B676-4F96-966D-F6AFED623B85
2026-01-28 16:31:04.239 Db NayaVedAI[71451:21b670] [com.apple.network:] nw_endpoint_proxy_handler_should_use_proxy Looking up proxy for hostname: <nil>, ifindex: 0
2026-01-28 16:31:04.239 Db NayaVedAI[71451:21b670] [com.apple.SystemConfiguration:SCPreferences] create <SCPreferences 0x10bb1e8a0 [0x1e578fa80]> {name = SCDynamicStoreCopyProxiesWithOptions, id = /Library/Managed Preferences/mobile/com.apple.SystemConfiguration.plist, path = /Library/Managed Preferences/mobile/com.apple.SystemConfiguration.plist}
2026-01-28 16:31:04.239 Db NayaVedAI[71451:21b670] [com.apple.SystemConfiguration:SCPreferences] SCPreferences() access: /Library/Managed Preferences/mobile/com.apple.SystemConfiguration.plist, size=0
2026-01-28 16:31:04.239 Db NayaVedAI[71451:21b670] [com.apple.SystemConfiguration:SCPreferences] release <SCPreferences 0x10bb1e8a0 [0x1e578fa80]> {name = SCDynamicStoreCopyProxiesWithOptions, id = /Library/Managed Preferences/mobile/com.apple.SystemConfiguration.plist, path = /Library/Managed Preferences/mobile/com.apple.SystemConfiguration.plist, accessed}
2026-01-28 16:31:04.239 I  NayaVedAI[71451:21b670] [com.apple.network:connection] nw_association_create_flow <nw_association IPv6#e1664cbf.8081> Added association flow ID 1B53A1C9-3DBB-453B-B3C8-7C17551DB64A
2026-01-28 16:31:04.239 I  NayaVedAI[71451:21b670] [com.apple.network:connection] nw_endpoint_flow_setup_protocols [C71.1.1 IPv6#e1664cbf.8081 in_progress socket-flow (satisfied (Path is satisfied), interface: lo0)] setup flow id 1B53A1C9-3DBB-453B-B3C8-7C17551DB64A
2026-01-28 16:31:04.239 Db NayaVedAI[71451:21b670] [com.apple.network:connection] nw_endpoint_flow_attach_protocols [C71.1.1 IPv6#e1664cbf.8081 in_progress socket-flow (satisfied (Path is satisfied), interface: lo0)]
2026-01-28 16:31:04.239 Db NayaVedAI[71451:21b670] [com.apple.network:connection] nw_endpoint_flow_attach_protocols_block_invoke [C71.1.1 IPv6#e1664cbf.8081 in_progress socket-flow (satisfied (Path is satisfied), interface: lo0)] Attached application protocol: CFNetworkConnection-3282745862
2026-01-28 16:31:04.239 Db NayaVedAI[71451:21b670] [com.apple.network:] nw_fd_wrapper_create Created <fd_wrapper 25, guarded: false>
2026-01-28 16:31:04.239 Db NayaVedAI[71451:21b670] [com.apple.network:connection] nw_endpoint_flow_attach_protocols [C71.1.1 IPv6#e1664cbf.8081 in_progress socket-flow (satisfied (Path is satisfied), interface: lo0)] Attached socket protocol
2026-01-28 16:31:04.239 Db NayaVedAI[71451:21b670] [com.apple.network:connection] nw_endpoint_flow_setup_protocols [C71.1.1 IPv6#e1664cbf.8081 in_progress socket-flow (satisfied (Path is satisfied), interface: lo0)] leaf flow starting
2026-01-28 16:31:04.239 Db NayaVedAI[71451:21b670] [com.apple.network:connection] nw_endpoint_resolver_receive_report [C71.1 Hostname#a19a2c0f:8081 in_progress resolver (satisfied (Path is satisfied), interface: en0[802.11], uses wifi, LQM: unknown)] received child report: [C71.1.1 IPv6#e1664cbf.8081 in_progress socket-flow (satisfied (Path is satisfied), interface: lo0)]
2026-01-28 16:31:04.240 Db NayaVedAI[71451:21b670] [com.apple.network:connection] nw_endpoint_flow_receive_report [C71 Hostname#a19a2c0f:8081 in_progress parent-flow (satisfied (Path is satisfied), interface: en0[802.11], uses wifi, LQM: unknown)] received child report: [C71.1.1 IPv6#e1664cbf.8081 in_progress socket-flow (satisfied (Path is satisfied), interface: lo0)]
2026-01-28 16:31:04.240 Df NayaVedAI[71451:21b670] [com.apple.network:connection] [C71.1.1 IPv6#e1664cbf.8081 in_progress socket-flow (satisfied (Path is satisfied), interface: lo0)] event: flow:start_connect @0.003s
2026-01-28 16:31:04.240 I  NayaVedAI[71451:21b670] [com.apple.network:connection] nw_endpoint_resolver_start_next_child [C71.1 Hostname#a19a2c0f:8081 in_progress resolver (satisfied (Path is satisfied), interface: en0[802.11], uses wifi, LQM: unknown)] starting next child endpoint in 100ms
2026-01-28 16:31:04.240 Db NayaVedAI[71451:21b670] [com.apple.network:connection] nw_socket_handle_socket_event [C71.1.1:2] Event mask: 0x800
2026-01-28 16:31:04.240 Df NayaVedAI[71451:21b670] [com.apple.network:connection] nw_socket_handle_socket_event [C71.1.1:2] Socket received CONNECTED event
2026-01-28 16:31:04.240 Db NayaVedAI[71451:21b670] [com.apple.network:connection] nw_socket_setup_notsent_lowat [C71.1.1:2] Set TCP_NOTSENT_LOWAT(16384)
2026-01-28 16:31:04.240 Df NayaVedAI[71451:21b670] [com.apple.network:connection] nw_flow_connected [C71.1.1 IPv6#e1664cbf.8081 in_progress socket-flow (satisfied (Path is satisfied), interface: lo0)] Transport protocol connected (socket)
2026-01-28 16:31:04.240 Db NayaVedAI[71451:21b670] [com.apple.network:connection] nw_endpoint_resolver_receive_report [C71.1 Hostname#a19a2c0f:8081 in_progress resolver (satisfied (Path is satisfied), interface: en0[802.11], uses wifi, LQM: unknown)] received child report: [C71.1.1 IPv6#e1664cbf.8081 in_progress socket-flow (satisfied (Path is satisfied), interface: lo0)]
2026-01-28 16:31:04.240 Db NayaVedAI[71451:21b670] [com.apple.network:connection] nw_endpoint_flow_receive_report [C71 Hostname#a19a2c0f:8081 in_progress parent-flow (satisfied (Path is satisfied), interface: en0[802.11], uses wifi, LQM: unknown)] received child report: [C71.1.1 IPv6#e1664cbf.8081 in_progress socket-flow (satisfied (Path is satisfied), interface: lo0)]
2026-01-28 16:31:04.240 Df NayaVedAI[71451:21b670] [com.apple.network:connection] [C71.1.1 IPv6#e1664cbf.8081 in_progress socket-flow (satisfied (Path is satisfied), interface: lo0)] event: flow:finish_transport @0.004s
2026-01-28 16:31:04.240 I  NayaVedAI[71451:21b670] [com.apple.network:connection] nw_endpoint_resolver_receive_report [C71.1 Hostname#a19a2c0f:8081 in_progress resolver (satisfied (Path is satisfied), interface: en0[802.11], uses wifi, LQM: unknown)] pushing out endpoint race by 2000ms
2026-01-28 16:31:04.240 Df NayaVedAI[71451:21b670] [com.apple.network:connection] nw_flow_connected [C71.1.1 IPv6#e1664cbf.8081 in_progress socket-flow (satisfied (Path is satisfied), interface: lo0)] Output protocol connected (CFNetworkConnection-3282745862)
2026-01-28 16:31:04.240 Db NayaVedAI[71451:21b670] [com.apple.network:connection] nw_endpoint_flow_connected_path_change [C71.1.1 IPv6#e1664cbf.8081 ready socket-flow (satisfied (Path is satisfied), interface: lo0)]
2026-01-28 16:31:04.240 I  NayaVedAI[71451:21b670] [com.apple.network:connection] nw_endpoint_flow_connected_path_change [C71.1.1 IPv6#e1664cbf.8081 ready socket-flow (satisfied (Path is satisfied), interface: lo0)] Connected path is satisfied, not viable
2026-01-28 16:31:04.240 Db NayaVedAI[71451:21b670] [com.apple.network:connection] nw_endpoint_resolver_receive_report [C71.1 Hostname#a19a2c0f:8081 in_progress resolver (satisfied (Path is satisfied), interface: en0[802.11], uses wifi, LQM: unknown)] received child report: [C71.1.1 IPv6#e1664cbf.8081 ready socket-flow (satisfied (Path is satisfied), interface: lo0)]
2026-01-28 16:31:04.240 Db NayaVedAI[71451:21b670] [com.apple.network:connection] nw_endpoint_flow_receive_report [C71 Hostname#a19a2c0f:8081 in_progress parent-flow (satisfied (Path is satisfied), interface: en0[802.11], uses wifi, LQM: unknown)] received child report: [C71.1.1 IPv6#e1664cbf.8081 ready socket-flow (satisfied (Path is satisfied), interface: lo0)]
2026-01-28 16:31:04.240 Df NayaVedAI[71451:21b670] [com.apple.network:connection] [C71.1.1 IPv6#e1664cbf.8081 ready socket-flow (satisfied (Path is satisfied), interface: lo0)] event: flow:child_finish_connect @0.004s
