2026-01-28 16:13:29.860 Db NayaVedAI[63826:2101d5] [com.apple.network:connection] nw_endpoint_flow_receive_report [C46 Hostname#b33e072a:8081 in_progress parent-flow (satisfied (Path is satisfied), interface: en0[802.11], uses wifi, LQM: unknown)] received child report: [C46.1 Hostname#b33e072a:8081 in_progress resolver (satisfied (Path is satisfied), interface: en0[802.11], uses wifi, LQM: unknown)]
2026-01-28 16:13:29.860 Df NayaVedAI[63826:2101d5] [com.apple.network:connection] [C46.1 Hostname#b33e072a:8081 in_progress resolver (satisfied (Path is satisfied), interface: en0[802.11], uses wifi, LQM: unknown)] event: resolver:start_dns @0.001s
2026-01-28 16:13:29.860 Db NayaVedAI[63826:2101d5] [com.apple.networkextension:] ne_tracker_check_is_hostname_blocked() proceeding with the in_the_app check for hostname: localhost
2026-01-28 16:13:29.860 Db NayaVedAI[63826:2101d5] [com.apple.CFBundle:resources] Resource lookup at CFBundle 0x600003b10000 </Users/shivi.agarwal/Library/Developer/CoreSimulator/Devices/AC7E343F-585F-430E-B17D-BDD649803605/data/Containers/Bundle/Application/526E8406-59B6-4C05-9D18-38A7EF2F46C7/NayaVedAI.app> (executable, loaded)
	Request       : InfoPlist type: strings
	Result        : None
2026-01-28 16:13:29.860 Db NayaVedAI[63826:2101d5] [com.apple.CFBundle:resources] Resource lookup at CFBundle 0x600003b10000 </Users/shivi.agarwal/Library/Developer/CoreSimulator/Devices/AC7E343F-585F-430E-B17D-BDD649803605/data/Containers/Bundle/Application/526E8406-59B6-4C05-9D18-38A7EF2F46C7/NayaVedAI.app> (executable, loaded)
	Request       : InfoPlist type: stringsdict
	Result        : None
2026-01-28 16:13:29.860 Db NayaVedAI[63826:2101d5] [com.apple.networkextension:] ne_tracker_check_is_hostname_blocked(): hostname localhost is not a tracker. Returning: ne_tracker_status_none
2026-01-28 16:13:29.861 I  NayaVedAI[63826:2101d5] [com.apple.network:connection] nw_resolver_create_dns_service_locked [C46.1] Starting host resolution Hostname#b33e072a:8081, flags 0xc000d000 proto 0
2026-01-28 16:13:29.861 Df NayaVedAI[63826:2101d5] [com.apple.CFNetwork:Default] Task <E9FCFB16-7878-4014-951A-7AEAE852395F>.<1> setting up Connection 46
2026-01-28 16:13:29.861 Db NayaVedAI[63826:2101d5] [com.apple.network:activity] Returning should log: 0 for activity cfnetwork:foreground_task
2026-01-28 16:13:29.861 I  NayaVedAI[63826:2101d5] [com.apple.network:connection] nw_resolver_host_resolve_callback [C46.1] flags=0x40000003 ifindex=4294967295 error=NoError(0) hostname=localhost. addr=IPv6#42e9e5e9 ttl=1
2026-01-28 16:13:29.861 I  NayaVedAI[63826:2101d5] [com.apple.network:connection] nw_resolver_host_resolve_callback [C46.1] flags=0x40000002 ifindex=4294967295 error=NoError(0) hostname=localhost. addr=IPv4#075c8fe9 ttl=1
2026-01-28 16:13:29.861 Db NayaVedAI[63826:2101d5] [com.apple.network:] sa_dst_compare_rfc6724 Rule 6, prefer d2, d2 precedence 50 > d1 precedence 35
2026-01-28 16:13:29.861 Db NayaVedAI[63826:2101d5] [com.apple.network:] sa_dst_compare_internal <private>@0 < <private>@0
2026-01-28 16:13:29.861 Db NayaVedAI[63826:2101d5] [com.apple.network:connection] nw_endpoint_resolver_update [C46.1 Hostname#b33e072a:8081 in_progress resolver (satisfied (Path is satisfied), interface: en0[802.11], uses wifi, LQM: unknown)] resolver is complete
2026-01-28 16:13:29.861 Df NayaVedAI[63826:2101d5] [com.apple.network:connection] nw_endpoint_resolver_update [C46.1 Hostname#b33e072a:8081 in_progress resolver (satisfied (Path is satisfied), interface: en0[802.11], uses wifi, LQM: unknown)] Adding endpoint handler for IPv6#9530c712.8081
2026-01-28 16:13:29.861 Df NayaVedAI[63826:2101d5] [com.apple.network:connection] nw_endpoint_resolver_update [C46.1 Hostname#b33e072a:8081 in_progress resolver (satisfied (Path is satisfied), interface: en0[802.11], uses wifi, LQM: unknown)] Adding endpoint handler for IPv4#eafe643d:8081
2026-01-28 16:13:29.861 Db NayaVedAI[63826:2101d5] [com.apple.network:connection] nw_endpoint_resolver_update [C46.1 Hostname#b33e072a:8081 in_progress resolver (satisfied (Path is satisfied), interface: en0[802.11], uses wifi, LQM: unknown)] Updated endpoint list is (IPv6#9530c712.8081,IPv4#eafe643d:8081)
2026-01-28 16:13:29.861 Db NayaVedAI[63826:2101d5] [com.apple.network:connection] nw_endpoint_flow_receive_report [C46 Hostname#b33e072a:8081 in_progress parent-flow (satisfied (Path is satisfied), interface: en0[802.11], uses wifi, LQM: unknown)] received child report: [C46.1 Hostname#b33e072a:8081 in_progress resolver (satisfied (Path is satisfied), interface: en0[802.11], uses wifi, LQM: unknown)]
2026-01-28 16:13:29.861 Df NayaVedAI[63826:2101d5] [com.apple.network:connection] [C46.1 Hostname#b33e072a:8081 in_progress resolver (satisfied (Path is satisfied), interface: en0[802.11], uses wifi, LQM: unknown)] event: resolver:receive_dns @0.002s
2026-01-28 16:13:29.861 I  NayaVedAI[63826:2101d5] [com.apple.network:connection] nw_endpoint_resolver_start_next_child [C46.1 Hostname#b33e072a:8081 in_progress resolver (satisfied (Path is satisfied), interface: en0[802.11], uses wifi, LQM: unknown)] starting child endpoint IPv6#9530c712.8081
2026-01-28 16:13:29.861 I  NayaVedAI[63826:2101d5] [com.apple.network:connection] nw_endpoint_handler_start [C46.1.1 IPv6#9530c712.8081 initial path ((null))]
2026-01-28 16:13:29.861 Db NayaVedAI[63826:2101d5] [com.apple.network:connection] nw_endpoint_resolver_receive_report [C46.1 Hostname#b33e072a:8081 in_progress resolver (satisfied (Path is satisfied), interface: en0[802.11], uses wifi, LQM: unknown)] received child report: [C46.1.1 IPv6#9530c712.8081 initial path ((null))]
2026-01-28 16:13:29.861 Db NayaVedAI[63826:2101d5] [com.apple.network:connection] nw_endpoint_flow_receive_report [C46 Hostname#b33e072a:8081 in_progress parent-flow (satisfied (Path is satisfied), interface: en0[802.11], uses wifi, LQM: unknown)] received child report: [C46.1.1 IPv6#9530c712.8081 initial path ((null))]
2026-01-28 16:13:29.861 Df NayaVedAI[63826:2101d5] [com.apple.network:connection] [C46.1.1 IPv6#9530c712.8081 initial path ((null))] event: path:start @0.003s
2026-01-28 16:13:29.861 Db NayaVedAI[63826:2101d5] [com.apple.network:connection] nw_endpoint_handler_path_change [C46.1.1 IPv6#9530c712.8081 waiting path (satisfied (Path is satisfied), interface: lo0)]
2026-01-28 16:13:29.861 Db NayaVedAI[63826:2101d5] [com.apple.network:connection] nw_endpoint_resolver_receive_report [C46.1 Hostname#b33e072a:8081 in_progress resolver (satisfied (Path is satisfied), interface: en0[802.11], uses wifi, LQM: unknown)] received child report: [C46.1.1 IPv6#9530c712.8081 waiting path (satisfied (Path is satisfied), interface: lo0)]
2026-01-28 16:13:29.861 Db NayaVedAI[63826:2101d5] [com.apple.network:connection] nw_endpoint_flow_receive_report [C46 Hostname#b33e072a:8081 in_progress parent-flow (satisfied (Path is satisfied), interface: en0[802.11], uses wifi, LQM: unknown)] received child report: [C46.1.1 IPv6#9530c712.8081 waiting path (satisfied (Path is satisfied), interface: lo0)]
2026-01-28 16:13:29.861 Df NayaVedAI[63826:2101d5] [com.apple.network:connection] [C46.1.1 IPv6#9530c712.8081 waiting path (satisfied (Path is satisfied), interface: lo0)] event: path:satisfied @0.003s, uuid: E42D6CFE-4614-4E94-9A04-75CA1397E2FD
2026-01-28 16:13:29.861 Db NayaVedAI[63826:2101d5] [com.apple.network:] nw_endpoint_proxy_handler_should_use_proxy Looking up proxy for hostname: <nil>, ifindex: 0
2026-01-28 16:13:29.861 Db NayaVedAI[63826:2101d5] [com.apple.SystemConfiguration:SCPreferences] create <SCPreferences 0x108aae870 [0x1e578fa80]> {name = SCDynamicStoreCopyProxiesWithOptions, id = /Library/Managed Preferences/mobile/com.apple.SystemConfiguration.plist, path = /Library/Managed Preferences/mobile/com.apple.SystemConfiguration.plist}
2026-01-28 16:13:29.861 Db NayaVedAI[63826:2101d5] [com.apple.SystemConfiguration:SCPreferences] SCPreferences() access: /Library/Managed Preferences/mobile/com.apple.SystemConfiguration.plist, size=0
2026-01-28 16:13:29.861 Db NayaVedAI[63826:2101d5] [com.apple.SystemConfiguration:SCPreferences] release <SCPreferences 0x108aae870 [0x1e578fa80]> {name = SCDynamicStoreCopyProxiesWithOptions, id = /Library/Managed Preferences/mobile/com.apple.SystemConfiguration.plist, path = /Library/Managed Preferences/mobile/com.apple.SystemConfiguration.plist, accessed}
2026-01-28 16:13:29.861 I  NayaVedAI[63826:2101d5] [com.apple.network:connection] nw_association_create_flow <nw_association IPv6#9530c712.8081> Added association flow ID 98821D83-1475-4BDC-BAA1-A5001B63953E
2026-01-28 16:13:29.861 I  NayaVedAI[63826:2101d5] [com.apple.network:connection] nw_endpoint_flow_setup_protocols [C46.1.1 IPv6#9530c712.8081 in_progress socket-flow (satisfied (Path is satisfied), interface: lo0)] setup flow id 98821D83-1475-4BDC-BAA1-A5001B63953E
2026-01-28 16:13:29.861 Db NayaVedAI[63826:2101d5] [com.apple.network:connection] nw_endpoint_flow_attach_protocols [C46.1.1 IPv6#9530c712.8081 in_progress socket-flow (satisfied (Path is satisfied), interface: lo0)]
2026-01-28 16:13:29.861 Db NayaVedAI[63826:2101d5] [com.apple.network:connection] nw_endpoint_flow_attach_protocols_block_invoke [C46.1.1 IPv6#9530c712.8081 in_progress socket-flow (satisfied (Path is satisfied), interface: lo0)] Attached application protocol: CFNetworkConnection-1110212295
2026-01-28 16:13:29.861 Db NayaVedAI[63826:2101d5] [com.apple.network:] nw_fd_wrapper_create Created <fd_wrapper 24, guarded: false>
2026-01-28 16:13:29.861 Db NayaVedAI[63826:2101d5] [com.apple.network:connection] nw_endpoint_flow_attach_protocols [C46.1.1 IPv6#9530c712.8081 in_progress socket-flow (satisfied (Path is satisfied), interface: lo0)] Attached socket protocol
2026-01-28 16:13:29.861 Db NayaVedAI[63826:2101d5] [com.apple.network:connection] nw_endpoint_flow_setup_protocols [C46.1.1 IPv6#9530c712.8081 in_progress socket-flow (satisfied (Path is satisfied), interface: lo0)] leaf flow starting
2026-01-28 16:13:29.861 Db NayaVedAI[63826:2101d5] [com.apple.network:connection] nw_endpoint_resolver_receive_report [C46.1 Hostname#b33e072a:8081 in_progress resolver (satisfied (Path is satisfied), interface: en0[802.11], uses wifi, LQM: unknown)] received child report: [C46.1.1 IPv6#9530c712.8081 in_progress socket-flow (satisfied (Path is satisfied), interface: lo0)]
2026-01-28 16:13:29.861 Db NayaVedAI[63826:2101d5] [com.apple.network:connection] nw_endpoint_flow_receive_report [C46 Hostname#b33e072a:8081 in_progress parent-flow (satisfied (Path is satisfied), interface: en0[802.11], uses wifi, LQM: unknown)] received child report: [C46.1.1 IPv6#9530c712.8081 in_progress socket-flow (satisfied (Path is satisfied), interface: lo0)]
2026-01-28 16:13:29.862 Df NayaVedAI[63826:2101d5] [com.apple.network:connection] [C46.1.1 IPv6#9530c712.8081 in_progress socket-flow (satisfied (Path is satisfied), interface: lo0)] event: flow:start_connect @0.003s
2026-01-28 16:13:29.862 I  NayaVedAI[63826:2101d5] [com.apple.network:connection] nw_endpoint_resolver_start_next_child [C46.1 Hostname#b33e072a:8081 in_progress resolver (satisfied (Path is satisfied), interface: en0[802.11], uses wifi, LQM: unknown)] starting next child endpoint in 100ms
2026-01-28 16:13:29.862 Db NayaVedAI[63826:2101d5] [com.apple.network:connection] nw_socket_handle_socket_event [C46.1.1:2] Event mask: 0x800
2026-01-28 16:13:29.862 Df NayaVedAI[63826:2101d5] [com.apple.network:connection] nw_socket_handle_socket_event [C46.1.1:2] Socket received CONNECTED event
2026-01-28 16:13:29.862 Db NayaVedAI[63826:2101d5] [com.apple.network:connection] nw_socket_setup_notsent_lowat [C46.1.1:2] Set TCP_NOTSENT_LOWAT(16384)
2026-01-28 16:13:29.862 Df NayaVedAI[63826:2101d5] [com.apple.network:connection] nw_flow_connected [C46.1.1 IPv6#9530c712.8081 in_progress socket-flow (satisfied (Path is satisfied), interface: lo0)] Transport protocol connected (socket)
2026-01-28 16:13:29.862 Db NayaVedAI[63826:2101d5] [com.apple.network:connection] nw_endpoint_resolver_receive_report [C46.1 Hostname#b33e072a:8081 in_progress resolver (satisfied (Path is satisfied), interface: en0[802.11], uses wifi, LQM: unknown)] received child report: [C46.1.1 IPv6#9530c712.8081 in_progress socket-flow (satisfied (Path is satisfied), interface: lo0)]
2026-01-28 16:13:29.862 Db NayaVedAI[63826:2101d5] [com.apple.network:connection] nw_endpoint_flow_receive_report [C46 Hostname#b33e072a:8081 in_progress parent-flow (satisfied (Path is satisfied), interface: en0[802.11], uses wifi, LQM: unknown)] received child report: [C46.1.1 IPv6#9530c712.8081 in_progress socket-flow (satisfied (Path is satisfied), interface: lo0)]
2026-01-28 16:13:29.862 Df NayaVedAI[63826:2101d5] [com.apple.network:connection] [C46.1.1 IPv6#9530c712.8081 in_progress socket-flow (satisfied (Path is satisfied), interface: lo0)] event: flow:finish_transport @0.004s
2026-01-28 16:13:29.862 I  NayaVedAI[63826:2101d5] [com.apple.network:connection] nw_endpoint_resolver_receive_report [C46.1 Hostname#b33e072a:8081 in_progress resolver (satisfied (Path is satisfied), interface: en0[802.11], uses wifi, LQM: unknown)] pushing out endpoint race by 2000ms
2026-01-28 16:13:29.863 Df NayaVedAI[63826:2101d5] [com.apple.network:connection] nw_flow_connected [C46.1.1 IPv6#9530c712.8081 in_progress socket-flow (satisfied (Path is satisfied), interface: lo0)] Output protocol connected (CFNetworkConnection-1110212295)
2026-01-28 16:13:29.863 Db NayaVedAI[63826:2101d5] [com.apple.network:connection] nw_endpoint_flow_connected_path_change [C46.1.1 IPv6#9530c712.8081 ready socket-flow (satisfied (Path is satisfied), interface: lo0)]
2026-01-28 16:13:29.863 I  NayaVedAI[63826:2101d5] [com.apple.network:connection] nw_endpoint_flow_connected_path_change [C46.1.1 IPv6#9530c712.8081 ready socket-flow (satisfied (Path is satisfied), interface: lo0)] Connected path is satisfied, not viable
2026-01-28 16:13:29.863 Db NayaVedAI[63826:2101d5] [com.apple.network:connection] nw_endpoint_resolver_receive_report [C46.1 Hostname#b33e072a:8081 in_progress resolver (satisfied (Path is satisfied), interface: en0[802.11], uses wifi, LQM: unknown)] received child report: [C46.1.1 IPv6#9530c712.8081 ready socket-flow (satisfied (Path is satisfied), interface: lo0)]
2026-01-28 16:13:29.863 Db NayaVedAI[63826:2101d5] [com.apple.network:connection] nw_endpoint_flow_receive_report [C46 Hostname#b33e072a:8081 in_progress parent-flow (satisfied (Path is satisfied), interface: en0[802.11], uses wifi, LQM: unknown)] received child report: [C46.1.1 IPv6#9530c712.8081 ready socket-flow (satisfied (Path is satisfied), interface: lo0)]
2026-01-28 16:13:29.863 Df NayaVedAI[63826:2101d5] [com.apple.network:connection] [C46.1.1 IPv6#9530c712.8081 ready socket-flow (satisfied (Path is satisfied), interface: lo0)] event: flow:child_finish_connect @0.005s
2026-01-28 16:13:29.863 Db NayaVedAI[63826:2101d5] [com.apple.network:connection] nw_endpoint_flow_receive_report [C46 IPv6#9530c712.8081 in_progress parent-flow (satisfied (Path is satisfied), interface: en0[802.11], uses wifi, LQM: unknown)] connecting endpoint_flow to child's shared protocol
2026-01-28 16:13:29.863 Db NayaVedAI[63826:2101d5] [com.apple.network:connection] nw_endpoint_flow_setup_protocols [C46 IPv6#9530c712.8081 in_progress parent-flow (satisfied (Path is satisfied), interface: en0[802.11], uses wifi, LQM: unknown)] already set up
2026-01-28 16:13:29.863 Db NayaVedAI[63826:2101d5] [com.apple.network:connection] nw_endpoint_flow_setup_protocols [C46 IPv6#9530c712.8081 in_progress parent-flow (satisfied (Path is satisfied), interface: en0[802.11], uses wifi, LQM: unknown)] child flow connected, starting
2026-01-28 16:13:29.863 Db NayaVedAI[63826:2101d5] [com.apple.network:connection] nw_endpoint_flow_setup_protocols [C46 IPv6#9530c712.8081 in_progress parent-flow (satisfied (Path is satisfied), interface: en0[802.11], uses wifi, LQM: unknown)] already started
2026-01-28 16:13:29.864 Db NayaVedAI[63826:2101d5] [com.apple.network:connection] nw_endpoint_flow_receive_report [C46 IPv6#9530c712.8081 in_progress parent-flow (satisfied (Path is satisfied), interface: en0[802.11], uses wifi, LQM: unknown)] received child report: [C46.1 Hostname#b33e072a:8081 ready resolver (satisfied (Path is satisfied), interface: en0[802.11], uses wifi, LQM: unknown)]
2026-01-28 16:13:29.864 Df NayaVedAI[63826:2101d5] [com.apple.network:connection] [C46.1 Hostname#b33e072a:8081 ready resolver (satisfied (Path is satisfied), interface: en0[802.11], uses wifi, LQM: unknown)] event: flow:child_finish_connect @0.005s
2026-01-28 16:13:29.864 I  NayaVedAI[63826:2101d5] [com.apple.network:connection] nw_endpoint_handler_cancel [C46.1.2 IPv4#eafe643d:8081 initial path ((null))]
2026-01-28 16:13:29.864 Df NayaVedAI[63826:2101d5] [com.apple.network:connection] nw_flow_connected [C46 IPv6#9530c712.8081 in_progress parent-flow (satisfied (Path is satisfied), interface: en0[802.11], uses wifi, LQM: unknown)] Output protocol connected (endpoint_flow)
2026-01-28 16:13:29.864 Db NayaVedAI[63826:2101d5] [com.apple.network:connection] nw_endpoint_flow_connected_path_change [C46 IPv6#9530c712.8081 ready parent-flow (satisfied (Path is satisfied), interface: en0[802.11], uses wifi, LQM: unknown)]
2026-01-28 16:13:29.864 I  NayaVedAI[63826:2101d5] [com.apple.network:connection] nw_endpoint_flow_connected_path_change [C46 IPv6#9530c712.8081 ready parent-flow (satisfied (Path is satisfied), interface: en0[802.11], uses wifi, LQM: unknown)] Connected path is satisfied, child is not viable
2026-01-28 16:13:29.864 Df NayaVedAI[63826:2101d5] [com.apple.network:connection] [C46 IPv6#9530c712.8081 ready parent-flow (satisfied (Path is satisfied), interface: en0[802.11], uses wifi, LQM: unknown)] event: flow:finish_connect @0.005s
2026-01-28 16:13:29.864 Db NayaVedAI[63826:2101d5] [com.apple.network:connection] nw_connection_run_pqtls_probe_locked_on_nw_queue [C46] No TLS metadata; not running PQ-TLS probe
2026-01-28 16:13:29.864 Db NayaVedAI[63826:2101d5] [com.apple.network:connection] nw_connection_run_ech_probe_locked_on_nw_queue [C46] stack doesn't include TLS; not running ECH probe
2026-01-28 16:13:29.864 Db NayaVedAI[63826:2101d5] [com.apple.network:connection] nw_connection_endpoint_report_on_nw_queue_block_invoke [C46] Connected fallback generation 0
2026-01-28 16:13:29.864 I  NayaVedAI[63826:2101d5] [com.apple.network:connection] nw_connection_start_candidate_manager_if_needed_locked [C46] Checking whether to start candidate manager
2026-01-28 16:13:29.864 Db NayaVedAI[63826:2101d5] [com.apple.network:connection] nw_connection_start_candidate_manager_if_needed_locked [C46] Connection does not support multipath, not starting candidate manager
2026-01-28 16:13:29.864 Df NayaVedAI[63826:2101d5] [com.apple.network:connection] nw_connection_report_state_with_handler_on_nw_queue [C46] reporting state ready
2026-01-28 16:13:29.864 Df NayaVedAI[63826:2101d5] [com.apple.CFNetwork:Default] Connection 46: connected successfully
2026-01-28 16:13:29.864 Df NayaVedAI[63826:2101d5] [com.apple.CFNetwork:Default] Connection 46: ready C(N) E(N)
2026-01-28 16:13:29.864 Db NayaVedAI[63826:2101d5] [com.apple.CFNetwork:Default] Task <E9FCFB16-7878-4014-951A-7AEAE852395F>.<1> done setting up Connection 46
2026-01-28 16:13:29.865 Db NayaVedAI[63826:2101d5] [com.apple.network:activity] Returning should log: 0 for activity cfnetwork:foreground_task
2026-01-28 16:13:29.865 Df NayaVedAI[63826:2101d5] [com.apple.CFNetwork:Default] Task <E9FCFB16-7878-4014-951A-7AEAE852395F>.<1> now using Connection 46
2026-01-28 16:13:29.865 Db NayaVedAI[63826:2101d5] [com.apple.network:activity] Returning should log: 0 for activity cfnetwork:foreground_task
2026-01-28 16:13:29.865 Df NayaVedAI[63826:2101d5] [com.apple.CFNetwork:Default] Task <E9FCFB16-7878-4014-951A-7AEAE852395F>.<1> sent request, body N 0
2026-01-28 16:13:29.865 Df NayaVedAI[63826:21014f] [com.apple.CFNetwork:Default] Task <A63AD84C-41FE-458B-AF47-5E4A6AAE1873>.<2> resuming, timeouts(0.0, 604800.0) qos(0x19) voucher((null)) activity(00000000-0000-0000-0000-000000000000)
2026-01-28 16:13:29.865 Db NayaVedAI[63826:21014f] [com.apple.network:activity] Returning should log: 0 for activity cfnetwork:foreground_task
2026-01-28 16:13:29.865 Db NayaVedAI[63826:21014f] [com.apple.network:activity] Domain cfnetwork rate configured in registry as 1 / 20000
2026-01-28 16:13:29.865 Db NayaVedAI[63826:21014f] [com.apple.network:activity] Domain cfnetwork rate configured after remote default override as 1 / 20000
2026-01-28 16:13:29.865 Db NayaVedAI[63826:21014f] [com.apple.network:activity] After reading settings plist, domain cfnetwork rate configured as 1 / 2000000
2026-01-28 16:13:29.865 Db NayaVedAI[63826:21014f] [com.apple.network:activity] After settings override, domain cfnetwork rate configured as 1 / 2000000
2026-01-28 16:13:29.865 Db NayaVedAI[63826:21014f] [com.apple.network:activity] Final domain cfnetwork rate configured as 1 / 2000000
2026-01-28 16:13:29.865 Db NayaVedAI[63826:21014f] [com.apple.network:activity] <nw_activity 12:2 [No UUID] (reporting strategy default)> sampled at 1 / 2000000
2026-01-28 16:13:29.865 Db NayaVedAI[63826:21014f] [com.apple.network:activity] Returning should log: 0 for activity cfnetwork:foreground_task
2026-01-28 16:13:29.865 Db NayaVedAI[63826:21014f] [com.apple.network:activity] Returning should log: 0 for activity cfnetwork:foreground_task
2026-01-28 16:13:29.865 Db NayaVedAI[63826:21014f] [com.apple.CFNetwork:Default] [Telemetry]: Activity <nw_activity 12:2 [76DEF937-41F9-4AD9-8B18-28754910F5A5] (reporting strategy default)> on Task <A63AD84C-41FE-458B-AF47-5E4A6AAE1873>.<2> was not selected for reporting
2026-01-28 16:13:29.865 Db NayaVedAI[63826:20fef8] [com.apple.CFNetwork:ATS] Uploading ATS exception ATSAllowsLocalNetworking
2026-01-28 16:13:29.865 A  NayaVedAI[63826:21014f] (Security) SecTrustReportNetworkingAnalytics
2026-01-28 16:13:29.866 Df NayaVedAI[63826:21014f] [com.apple.securityd:SecError] SecTrustReportNetworkingAnalytics failed with error: -4
2026-01-28 16:13:29.866 I  NayaVedAI[63826:20fef8] [com.apple.network:connection] nw_connection_create_with_id [C47] create connection to Hostname#b33e072a:8081
2026-01-28 16:13:29.866 Df NayaVedAI[63826:20fef8] [com.apple.CFNetwork:Default] Connection 47: starting, TC(0x0)
2026-01-28 16:13:29.866 Df NayaVedAI[63826:20fef8] [com.apple.network:connection] [C47 CADE9360-6AF0-4BEC-9744-24BC9DDEFA7F Hostname#b33e072a:8081 tcp, url: http://localhost:8081/symbolicate, definite, attribution: developer, context: com.apple.CFNetwork.NSURLSession.{1E295994-0CE4-4C4E-8446-DF8DECE87BD7}{(null)}{Y}{2}{0x0} (private), proc: 63B02D91-D502-3FF5-9842-92830ECC12FF, delegated upid: 0] start
2026-01-28 16:13:29.866 I  NayaVedAI[63826:20fef8] [com.apple.network:connection] nw_endpoint_handler_start [C47 Hostname#b33e072a:8081 initial parent-flow ((null))]
2026-01-28 16:13:29.866 Df NayaVedAI[63826:20fef8] [com.apple.network:connection] [C47 Hostname#b33e072a:8081 initial parent-flow ((null))] event: path:start @0.000s
2026-01-28 16:13:29.866 Db NayaVedAI[63826:20fef8] [com.apple.network:connection] nw_endpoint_handler_path_change [C47 Hostname#b33e072a:8081 waiting parent-flow (satisfied (Path is satisfied), interface: en0[802.11], uses wifi, LQM: unknown)]
2026-01-28 16:13:29.866 Db NayaVedAI[63826:20fef8] [com.apple.networkextension:] ne_tracker_check_is_hostname_blocked() proceeding with the in_the_app check for hostname: localhost
2026-01-28 16:13:29.866 Db NayaVedAI[63826:20fef8] [com.apple.CFBundle:resources] Resource lookup at CFBundle 0x600003b10000 </Users/shivi.agarwal/Library/Developer/CoreSimulator/Devices/AC7E343F-585F-430E-B17D-BDD649803605/data/Containers/Bundle/Application/526E8406-59B6-4C05-9D18-38A7EF2F46C7/NayaVedAI.app> (executable, loaded)
	Request       : InfoPlist type: strings
	Result        : None
2026-01-28 16:13:29.866 Db NayaVedAI[63826:20fef8] [com.apple.CFBundle:resources] Resource lookup at CFBundle 0x600003b10000 </Users/shivi.agarwal/Library/Developer/CoreSimulator/Devices/AC7E343F-585F-430E-B17D-BDD649803605/data/Containers/Bundle/Application/526E8406-59B6-4C05-9D18-38A7EF2F46C7/NayaVedAI.app> (executable, loaded)
	Request       : InfoPlist type: stringsdict
	Result        : None
2026-01-28 16:13:29.866 Db NayaVedAI[63826:20fef8] [com.apple.networkextension:] ne_tracker_check_is_hostname_blocked(): hostname localhost is not a tracker. Returning: ne_tracker_status_none
2026-01-28 16:13:29.867 Df NayaVedAI[63826:20fef8] [com.apple.network:connection] [C47 Hostname#b33e072a:8081 waiting parent-flow (satisfied (Path is satisfied), interface: en0[802.11], uses wifi, LQM: unknown)] event: path:satisfied @0.000s, uuid: 65051696-A719-4262-8460-E29AA96DE957
2026-01-28 16:13:29.867 I  NayaVedAI[63826:20fef8] [com.apple.network:connection] nw_connection_endpoint_report_on_nw_queue_block_invoke [C47 Hostname#b33e072a:8081 waiting parent-flow (satisfied (Path is satisfied), interface: en0[802.11], uses wifi, LQM: unknown)] skipping state update
2026-01-28 16:13:29.867 Db NayaVedAI[63826:20fef8] [com.apple.network:] nw_endpoint_proxy_handler_should_use_proxy Looking up proxy for hostname: localhost, ifindex: 0
2026-01-28 16:13:29.867 Db NayaVedAI[63826:20fef8] [com.apple.SystemConfiguration:SCPreferences] create <SCPreferences 0x10bb1ecc0 [0x1e578fa80]> {name = SCDynamicStoreCopyProxiesWithOptions, id = /Library/Managed Preferences/mobile/com.apple.SystemConfiguration.plist, path = /Library/Managed Preferences/mobile/com.apple.SystemConfiguration.plist}
2026-01-28 16:13:29.867 Db NayaVedAI[63826:20fef8] [com.apple.SystemConfiguration:SCPreferences] SCPreferences() access: /Library/Managed Preferences/mobile/com.apple.SystemConfiguration.plist, size=0
2026-01-28 16:13:29.867 Db NayaVedAI[63826:20fef8] [com.apple.SystemConfiguration:SCPreferences] release <SCPreferences 0x10bb1ecc0 [0x1e578fa80]> {name = SCDynamicStoreCopyProxiesWithOptions, id = /Library/Managed Preferences/mobile/com.apple.SystemConfiguration.plist, path = /Library/Managed Preferences/mobile/com.apple.SystemConfiguration.plist, accessed}
2026-01-28 16:13:29.867 Db NayaVedAI[63826:20fef8] [com.apple.network:connection] nw_endpoint_flow_attach_protocols [C47 Hostname#b33e072a:8081 in_progress parent-flow (satisfied (Path is satisfied), interface: en0[802.11], uses wifi, LQM: unknown)]
2026-01-28 16:13:29.867 Db NayaVedAI[63826:20fef8] [com.apple.network:connection] nw_endpoint_flow_attach_protocols [C47 Hostname#b33e072a:8081 in_progress parent-flow (satisfied (Path is satisfied), interface: en0[802.11], uses wifi, LQM: unknown)] stopping after adding persistent application protocols
2026-01-28 16:13:29.867 Db NayaVedAI[63826:20fef8] [com.apple.network:connection] nw_endpoint_flow_setup_protocols [C47 Hostname#b33e072a:8081 in_progress parent-flow (satisfied (Path is satisfied), interface: en0[802.11], uses wifi, LQM: unknown)] persistent protocol stack, starting
2026-01-28 16:13:29.867 Df NayaVedAI[63826:20fef8] [com.apple.network:connection] [C47 Hostname#b33e072a:8081 in_progress parent-flow (satisfied (Path is satisfied), interface: en0[802.11], uses wifi, LQM: unknown)] event: flow:start_connect @0.000s
2026-01-28 16:13:29.867 Df NayaVedAI[63826:20fef8] [com.apple.network:connection] nw_connection_report_state_with_handler_on_nw_queue [C47] reporting state preparing
2026-01-28 16:13:29.867 I  NayaVedAI[63826:20fef8] [com.apple.network:connection] nw_endpoint_flow_connect [C47 Hostname#b33e072a:8081 in_progress parent-flow (satisfied (Path is satisfied), interface: en0[802.11], uses wifi, LQM: unknown)] connect bottom protocol
2026-01-28 16:13:29.867 Db NayaVedAI[63826:20fef8] [com.apple.network:connection] nw_endpoint_flow_start_child [C47 Hostname#b33e072a:8081 in_progress parent-flow (satisfied (Path is satisfied), interface: en0[802.11], uses wifi, LQM: unknown)] creating and starting child handler
2026-01-28 16:13:29.867 Db NayaVedAI[63826:20fef8] [com.apple.network:] nw_endpoint_proxy_handler_should_use_proxy Looking up proxy for hostname: localhost, ifindex: 0
2026-01-28 16:13:29.867 Db NayaVedAI[63826:20fef8] [com.apple.SystemConfiguration:SCPreferences] create <SCPreferences 0x1089526f0 [0x1e578fa80]> {name = SCDynamicStoreCopyProxiesWithOptions, id = /Library/Managed Preferences/mobile/com.apple.SystemConfiguration.plist, path = /Library/Managed Preferences/mobile/com.apple.SystemConfiguration.plist}
2026-01-28 16:13:29.867 Db NayaVedAI[63826:20fef8] [com.apple.SystemConfiguration:SCPreferences] SCPreferences() access: /Library/Managed Preferences/mobile/com.apple.SystemConfiguration.plist, size=0
2026-01-28 16:13:29.867 Db NayaVedAI[63826:20fef8] [com.apple.SystemConfiguration:SCPreferences] release <SCPreferences 0x1089526f0 [0x1e578fa80]> {name = SCDynamicStoreCopyProxiesWithOptions, id = /Library/Managed Preferences/mobile/com.apple.SystemConfiguration.plist, path = /Library/Managed Preferences/mobile/com.apple.SystemConfiguration.plist, accessed}
2026-01-28 16:13:29.867 Df NayaVedAI[63826:20fef8] [com.apple.network:connection] [C47 Hostname#b33e072a:8081 in_progress parent-flow (satisfied (Path is satisfied), interface: en0[802.11], uses wifi, LQM: unknown)] event: flow:start_child @0.000s
2026-01-28 16:13:29.867 I  NayaVedAI[63826:20fef8] [com.apple.network:connection] nw_endpoint_handler_start [C47.1 Hostname#b33e072a:8081 initial path ((null))]
2026-01-28 16:13:29.867 Db NayaVedAI[63826:20fef8] [com.apple.network:connection] nw_endpoint_flow_receive_report [C47 Hostname#b33e072a:8081 in_progress parent-flow (satisfied (Path is satisfied), interface: en0[802.11], uses wifi, LQM: unknown)] received child report: [C47.1 Hostname#b33e072a:8081 initial path ((null))]
2026-01-28 16:13:29.867 Df NayaVedAI[63826:20fef8] [com.apple.network:connection] [C47.1 Hostname#b33e072a:8081 initial path ((null))] event: path:start @0.000s
2026-01-28 16:13:29.867 Db NayaVedAI[63826:20fef8] [com.apple.network:connection] nw_endpoint_handler_path_change [C47.1 Hostname#b33e072a:8081 waiting path (satisfied (Path is satisfied), interface: en0[802.11], uses wifi, LQM: unknown)]
2026-01-28 16:13:29.867 Db NayaVedAI[63826:20fef8] [com.apple.networkextension:] ne_tracker_check_is_hostname_blocked() proceeding with the in_the_app check for hostname: localhost
2026-01-28 16:13:29.868 Db NayaVedAI[63826:20fef8] [com.apple.CFBundle:resources] Resource lookup at CFBundle 0x600003b10000 </Users/shivi.agarwal/Library/Developer/CoreSimulator/Devices/AC7E343F-585F-430E-B17D-BDD649803605/data/Containers/Bundle/Application/526E8406-59B6-4C05-9D18-38A7EF2F46C7/NayaVedAI.app> (executable, loaded)
	Request       : InfoPlist type: strings
	Result        : None
2026-01-28 16:13:29.868 Db NayaVedAI[63826:20fef8] [com.apple.CFBundle:resources] Resource lookup at CFBundle 0x600003b10000 </Users/shivi.agarwal/Library/Developer/CoreSimulator/Devices/AC7E343F-585F-430E-B17D-BDD649803605/data/Containers/Bundle/Application/526E8406-59B6-4C05-9D18-38A7EF2F46C7/NayaVedAI.app> (executable, loaded)
	Request       : InfoPlist type: stringsdict
	Result        : None
2026-01-28 16:13:29.868 Db NayaVedAI[63826:20fef8] [com.apple.networkextension:] ne_tracker_check_is_hostname_blocked(): hostname localhost is not a tracker. Returning: ne_tracker_status_none
2026-01-28 16:13:29.868 Db NayaVedAI[63826:20fef8] [com.apple.network:connection] nw_endpoint_flow_receive_report [C47 Hostname#b33e072a:8081 in_progress parent-flow (satisfied (Path is satisfied), interface: en0[802.11], uses wifi, LQM: unknown)] received child report: [C47.1 Hostname#b33e072a:8081 waiting path (satisfied (Path is satisfied), interface: en0[802.11], uses wifi, LQM: unknown)]
2026-01-28 16:13:29.868 Df NayaVedAI[63826:20fef8] [com.apple.network:connection] [C47.1 Hostname#b33e072a:8081 waiting path (satisfied (Path is satisfied), interface: en0[802.11], uses wifi, LQM: unknown)] event: path:satisfied @0.001s, uuid: 65051696-A719-4262-8460-E29AA96DE957
2026-01-28 16:13:29.868 Db NayaVedAI[63826:20fabf] [com.apple.defaults:User Defaults] looked up value 1 for key RCTI18nUtil_makeRTLFlipLeftAndRightStyles in CFPrefsPlistSource<0x600002c00600> (Domain: com.nayaved.app, User: kCFPreferencesCurrentUser, ByHost: No, Container: (null), Contents Need Refresh: No) via CFPrefsSearchListSource<0x600002c00200> (Domain: com.nayaved.app, Container: (null) Non-launch persona: 0)
2026-01-28 16:13:29.868 Db NayaVedAI[63826:20fef8] [com.apple.network:] nw_endpoint_proxy_handler_should_use_proxy Looking up proxy for hostname: localhost, ifindex: 0
2026-01-28 16:13:29.868 Db NayaVedAI[63826:20fabf] [com.apple.defaults:User Defaults] looked up value 1 for key RCTI18nUtil_makeRTLFlipLeftAndRightStyles in CFPrefsPlistSource<0x600002c00600> (Domain: com.nayaved.app, User: kCFPreferencesCurrentUser, ByHost: No, Container: (null), Contents Need Refresh: No) via CFPrefsSearchListSource<0x600002c00200> (Domain: com.nayaved.app, Container: (null) Non-launch persona: 0)
2026-01-28 16:13:29.868 Db NayaVedAI[63826:20fef8] [com.apple.SystemConfiguration:SCPreferences] create <SCPreferences 0x10bb1ecc0 [0x1e578fa80]> {name = SCDynamicStoreCopyProxiesWithOptions, id = /Library/Managed Preferences/mobile/com.apple.SystemConfiguration.plist, path = /Library/Managed Preferences/mobile/com.apple.SystemConfiguration.plist}
2026-01-28 16:13:29.868 Db NayaVedAI[63826:20fabf] [com.apple.defaults:User Defaults] looked up value 1 for key RCTI18nUtil_makeRTLFlipLeftAndRightStyles in CFPrefsPlistSource<0x600002c00600> (Domain: com.nayaved.app, User: kCFPreferencesCurrentUser, ByHost: No, Container: (null), Contents Need Refresh: No) via CFPrefsSearchListSource<0x600002c00200> (Domain: com.nayaved.app, Container: (null) Non-launch persona: 0)
2026-01-28 16:13:29.868 Db NayaVedAI[63826:20fef8] [com.apple.SystemConfiguration:SCPreferences] SCPreferences() access: /Library/Managed Preferences/mobile/com.apple.SystemConfiguration.plist, size=0
2026-01-28 16:13:29.868 Db NayaVedAI[63826:20fef8] [com.apple.SystemConfiguration:SCPreferences] release <SCPreferences 0x10bb1ecc0 [0x1e578fa80]> {name = SCDynamicStoreCopyProxiesWithOptions, id = /Library/Managed Preferences/mobile/com.apple.SystemConfiguration.plist, path = /Library/Managed Preferences/mobile/com.apple.SystemConfiguration.plist, accessed}
2026-01-28 16:13:29.868 Db NayaVedAI[63826:20fef8] [com.apple.network:connection] -[NWConcrete_nw_endpoint_resolver startWithHandler:] [C47.1 Hostname#b33e072a:8081 waiting resolver (satisfied (Path is satisfied), interface: en0[802.11], uses wifi, LQM: unknown)]
2026-01-28 16:13:29.868 Db NayaVedAI[63826:20fef8] [com.apple.network:connection] nw_endpoint_flow_receive_report [C47 Hostname#b33e072a:8081 in_progress parent-flow (satisfied (Path is satisfied), interface: en0[802.11], uses wifi, LQM: unknown)] received child report: [C47.1 Hostname#b33e072a:8081 in_progress resolver (satisfied (Path is satisfied), interface: en0[802.11], uses wifi, LQM: unknown)]
2026-01-28 16:13:29.868 Df NayaVedAI[63826:20fef8] [com.apple.network:connection] [C47.1 Hostname#b33e072a:8081 in_progress resolver (satisfied (Path is satisfied), interface: en0[802.11], uses wifi, LQM: unknown)] event: resolver:start_dns @0.001s
2026-01-28 16:13:29.869 Db NayaVedAI[63826:20fef8] [com.apple.networkextension:] ne_tracker_check_is_hostname_blocked() proceeding with the in_the_app check for hostname: localhost
2026-01-28 16:13:29.869 Db NayaVedAI[63826:20fef8] [com.apple.CFBundle:resources] Resource lookup at CFBundle 0x600003b10000 </Users/shivi.agarwal/Library/Developer/CoreSimulator/Devices/AC7E343F-585F-430E-B17D-BDD649803605/data/Containers/Bundle/Application/526E8406-59B6-4C05-9D18-38A7EF2F46C7/NayaVedAI.app> (executable, loaded)
	Request       : InfoPlist type: strings
	Result        : None
2026-01-28 16:13:29.869 Db NayaVedAI[63826:20fef8] [com.apple.CFBundle:resources] Resource lookup at CFBundle 0x600003b10000 </Users/shivi.agarwal/Library/Developer/CoreSimulator/Devices/AC7E343F-585F-430E-B17D-BDD649803605/data/Containers/Bundle/Application/526E8406-59B6-4C05-9D18-38A7EF2F46C7/NayaVedAI.app> (executable, loaded)
	Request       : InfoPlist type: stringsdict
	Result        : None
2026-01-28 16:13:29.869 Db NayaVedAI[63826:20fef8] [com.apple.networkextension:] ne_tracker_check_is_hostname_blocked(): hostname localhost is not a tracker. Returning: ne_tracker_status_none
2026-01-28 16:13:29.869 I  NayaVedAI[63826:20fef8] [com.apple.network:connection] nw_resolver_create_dns_service_locked [C47.1] Starting host resolution Hostname#b33e072a:8081, flags 0xc000d000 proto 0
2026-01-28 16:13:29.869 Df NayaVedAI[63826:20fef8] [com.apple.CFNetwork:Default] Task <A63AD84C-41FE-458B-AF47-5E4A6AAE1873>.<2> setting up Connection 47
2026-01-28 16:13:29.869 Db NayaVedAI[63826:20fef8] [com.apple.network:activity] Returning should log: 0 for activity cfnetwork:foreground_task
2026-01-28 16:13:29.869 I  NayaVedAI[63826:20fef8] [com.apple.network:connection] nw_resolver_host_resolve_callback [C47.1] flags=0x40000003 ifindex=4294967295 error=NoError(0) hostname=localhost. addr=IPv6#42e9e5e9 ttl=1
2026-01-28 16:13:29.869 I  NayaVedAI[63826:20fef8] [com.apple.network:connection] nw_resolver_host_resolve_callback [C47.1] flags=0x40000002 ifindex=4294967295 error=NoError(0) hostname=localhost. addr=IPv4#075c8fe9 ttl=1
2026-01-28 16:13:29.870 Db NayaVedAI[63826:20fef8] [com.apple.network:] sa_dst_compare_rfc6724 Rule 6, prefer d2, d2 precedence 50 > d1 precedence 35
2026-01-28 16:13:29.870 Db NayaVedAI[63826:20fef8] [com.apple.network:] sa_dst_compare_internal <private>@0 < <private>@0
2026-01-28 16:13:29.870 I  NayaVedAI[63826:20fef8] [com.apple.network:connection] nw_resolver_create_prefer_connected_variant [C47.1] Prefer Connected: IPv6#9530c712.8081 is already the first endpoint
2026-01-28 16:13:29.870 Df NayaVedAI[63826:20fef8] [com.apple.CFNetwork:Default] Task <E9FCFB16-7878-4014-951A-7AEAE852395F>.<1> received response, status 200 content K
2026-01-28 16:13:29.870 Db NayaVedAI[63826:20fef8] [com.apple.network:connection] nw_connection_modify_estimated_bytes_block_invoke [C46] Incremented estimated bytes to receive by 187, total now 187
2026-01-28 16:13:29.870 Db NayaVedAI[63826:20fef8] [com.apple.network:connection] nw_connection_modify_estimated_bytes_block_invoke [C46] Using lower threshold 12582912, upper threshold 31457280
2026-01-28 16:13:29.870 Df NayaVedAI[63826:20fef8] [com.apple.CFNetwork:Default] Task <E9FCFB16-7878-4014-951A-7AEAE852395F>.<1> response ended
2026-01-28 16:13:29.870 Df NayaVedAI[63826:20fef8] [com.apple.CFNetwork:Default] Task <E9FCFB16-7878-4014-951A-7AEAE852395F>.<1> done using Connection 46
2026-01-28 16:13:29.870 Db NayaVedAI[63826:20fef8] [com.apple.network:activity] Returning should log: 0 for activity cfnetwork:foreground_task
2026-01-28 16:13:29.870 Df NayaVedAI[63826:20fee4] [com.apple.CFNetwork:Summary] Task <E9FCFB16-7878-4014-951A-7AEAE852395F>.<1> summary for task success {transaction_duration_ms=12, response_status=200, connection=46, protocol="http/1.1", domain_lookup_duration_ms=1, connect_duration_ms=2, secure_connection_duration_ms=0, private_relay=false, request_start_ms=7, request_duration_ms=0, response_start_ms=12, response_duration_ms=0, request_bytes=370, request_throughput_kbps=37908, response_bytes=498, response_throughput_kbps=24591, cache_hit=false}
2026-01-28 16:13:29.870 Db NayaVedAI[63826:20fef8] [com.apple.network:connection] nw_endpoint_resolver_update [C47.1 Hostname#b33e072a:8081 in_progress resolver (satisfied (Path is satisfied), interface: en0[802.11], uses wifi, LQM: unknown)] resolver is complete
2026-01-28 16:13:29.870 Df NayaVedAI[63826:20fee4] [com.apple.CFNetwork:Default] Task <E9FCFB16-7878-4014-951A-7AEAE852395F>.<1> finished successfully
2026-01-28 16:13:29.870 Df NayaVedAI[63826:20fef8] [com.apple.network:connection] nw_endpoint_resolver_update [C47.1 Hostname#b33e072a:8081 in_progress resolver (satisfied (Path is satisfied), interface: en0[802.11], uses wifi, LQM: unknown)] Adding endpoint handler for IPv6#9530c712.8081
2026-01-28 16:13:29.870 Db NayaVedAI[63826:20fee4] [com.apple.network:activity] Returning should log: 0 for activity cfnetwork:foreground_task
2026-01-28 16:13:29.870 Db NayaVedAI[63826:20fee4] [com.apple.network:activity] Returning should log: 0 for activity cfnetwork:foreground_task
2026-01-28 16:13:29.870 Db NayaVedAI[63826:20fee4] [com.apple.network:activity] No threshold for cfnetwork:foreground_task, returning NW_ACTIVITY_DURATION_INVALID
2026-01-28 16:13:29.870 Db NayaVedAI[63826:20fee4] [com.apple.network:activity] No threshold for activity <nw_activity 12:2 [6A5EDC77-FB36-4C03-9C4E-750C0E3956BE] (reporting strategy default) complete (reason success)>
2026-01-28 16:13:29.870 Df NayaVedAI[63826:20fef8] [com.apple.network:connection] nw_endpoint_resolver_update [C47.1 Hostname#b33e072a:8081 in_progress resolver (satisfied (Path is satisfied), interface: en0[802.11], uses wifi, LQM: unknown)] Adding endpoint handler for IPv4#eafe643d:8081
2026-01-28 16:13:29.870 Db NayaVedAI[63826:20fef8] [com.apple.network:connection] nw_endpoint_resolver_update [C47.1 Hostname#b33e072a:8081 in_progress resolver (satisfied (Path is satisfied), interface: en0[802.11], uses wifi, LQM: unknown)] Updated endpoint list is (IPv6#9530c712.8081,IPv4#eafe643d:8081)
2026-01-28 16:13:29.871 Db NayaVedAI[63826:20fef8] [com.apple.network:connection] nw_endpoint_flow_receive_report [C47 Hostname#b33e072a:8081 in_progress parent-flow (satisfied (Path is satisfied), interface: en0[802.11], uses wifi, LQM: unknown)] received child report: [C47.1 Hostname#b33e072a:8081 in_progress resolver (satisfied (Path is satisfied), interface: en0[802.11], uses wifi, LQM: unknown)]
2026-01-28 16:13:29.871 Df NayaVedAI[63826:20fef8] [com.apple.network:connection] [C47.1 Hostname#b33e072a:8081 in_progress resolver (satisfied (Path is satisfied), interface: en0[802.11], uses wifi, LQM: unknown)] event: resolver:receive_dns @0.004s
2026-01-28 16:13:29.871 Db NayaVedAI[63826:20fef8] [com.apple.CFNetwork:Default] Connection 46: set is idle true
2026-01-28 16:13:29.871 Df NayaVedAI[63826:20fef8] [com.apple.network:connection] [C46] event: client:connection_idle @0.012s
2026-01-28 16:13:29.871 I  NayaVedAI[63826:20fef8] [com.apple.network:connection] nw_endpoint_handler_report_connection_idle [C46 IPv6#9530c712.8081 ready parent-flow (satisfied (Path is satisfied), interface: en0[802.11], uses wifi, LQM: unknown)] Reporting connection idle to protocols
2026-01-28 16:13:29.871 I  NayaVedAI[63826:20fef8] [com.apple.network:connection] nw_flow_passthrough_notify [C46.1.1 IPv6#9530c712.8081 ready socket-flow (satisfied (Path is satisfied), interface: lo0)] received notification connection_idle
2026-01-28 16:13:29.871 Df NayaVedAI[63826:20fef8] [com.apple.network:connection] nw_protocol_socket_notify [C46.1.1:2] nw_protocol_notification_type_connection_idle is true
2026-01-28 16:13:29.871 Db NayaVedAI[63826:20fef8] [com.apple.CFNetwork:Default] Connection 46: set is idle true
2026-01-28 16:13:29.871 Df NayaVedAI[63826:20fef8] [com.apple.network:connection] [C46] event: client:connection_idle @0.012s
2026-01-28 16:13:29.871 I  NayaVedAI[63826:20fef8] [com.apple.network:connection] nw_endpoint_handler_report_connection_idle [C46 IPv6#9530c712.8081 ready parent-flow (satisfied (Path is satisfied), interface: en0[802.11], uses wifi, LQM: unknown)] Reporting connection idle to protocols
2026-01-28 16:13:29.871 I  NayaVedAI[63826:20fef8] [com.apple.network:connection] nw_flow_passthrough_notify [C46.1.1 IPv6#9530c712.8081 ready socket-flow (satisfied (Path is satisfied), interface: lo0)] received notification connection_idle
2026-01-28 16:13:29.871 Df NayaVedAI[63826:20fef8] [com.apple.network:connection] nw_protocol_socket_notify [C46.1.1:2] nw_protocol_notification_type_connection_idle is true
2026-01-28 16:13:29.871 I  NayaVedAI[63826:20fef8] [com.apple.network:connection] nw_endpoint_resolver_start_next_child [C47.1 Hostname#b33e072a:8081 in_progress resolver (satisfied (Path is satisfied), interface: en0[802.11], uses wifi, LQM: unknown)] starting child endpoint IPv6#9530c712.8081
2026-01-28 16:13:29.871 I  NayaVedAI[63826:20fef8] [com.apple.network:connection] nw_endpoint_handler_start [C47.1.1 IPv6#9530c712.8081 initial path ((null))]
2026-01-28 16:13:29.871 Db NayaVedAI[63826:20fef8] [com.apple.network:connection] nw_endpoint_resolver_receive_report [C47.1 Hostname#b33e072a:8081 in_progress resolver (satisfied (Path is satisfied), interface: en0[802.11], uses wifi, LQM: unknown)] received child report: [C47.1.1 IPv6#9530c712.8081 initial path ((null))]
2026-01-28 16:13:29.871 Db NayaVedAI[63826:20fef8] [com.apple.network:connection] nw_endpoint_flow_receive_report [C47 Hostname#b33e072a:8081 in_progress parent-flow (satisfied (Path is satisfied), interface: en0[802.11], uses wifi, LQM: unknown)] received child report: [C47.1.1 IPv6#9530c712.8081 initial path ((null))]
2026-01-28 16:13:29.871 Df NayaVedAI[63826:20fef8] [com.apple.network:connection] [C47.1.1 IPv6#9530c712.8081 initial path ((null))] event: path:start @0.004s
2026-01-28 16:13:29.871 Db NayaVedAI[63826:20fef8] [com.apple.network:connection] nw_endpoint_handler_path_change [C47.1.1 IPv6#9530c712.8081 waiting path (satisfied (Path is satisfied), interface: lo0)]
2026-01-28 16:13:29.871 Db NayaVedAI[63826:20fef8] [com.apple.network:connection] nw_endpoint_resolver_receive_report [C47.1 Hostname#b33e072a:8081 in_progress resolver (satisfied (Path is satisfied), interface: en0[802.11], uses wifi, LQM: unknown)] received child report: [C47.1.1 IPv6#9530c712.8081 waiting path (satisfied (Path is satisfied), interface: lo0)]
2026-01-28 16:13:29.871 Db NayaVedAI[63826:20fef8] [com.apple.network:connection] nw_endpoint_flow_receive_report [C47 Hostname#b33e072a:8081 in_progress parent-flow (satisfied (Path is satisfied), interface: en0[802.11], uses wifi, LQM: unknown)] received child report: [C47.1.1 IPv6#9530c712.8081 waiting path (satisfied (Path is satisfied), interface: lo0)]
2026-01-28 16:13:29.871 Df NayaVedAI[63826:20fef8] [com.apple.network:connection] [C47.1.1 IPv6#9530c712.8081 waiting path (satisfied (Path is satisfied), interface: lo0)] event: path:satisfied @0.004s, uuid: E42D6CFE-4614-4E94-9A04-75CA1397E2FD
2026-01-28 16:13:29.871 Db NayaVedAI[63826:20fef8] [com.apple.network:] nw_endpoint_proxy_handler_should_use_proxy Looking up proxy for hostname: <nil>, ifindex: 0
2026-01-28 16:13:29.871 Db NayaVedAI[63826:20fef8] [com.apple.SystemConfiguration:SCPreferences] create <SCPreferences 0x10be06660 [0x1e578fa80]> {name = SCDynamicStoreCopyProxiesWithOptions, id = /Library/Managed Preferences/mobile/com.apple.SystemConfiguration.plist, path = /Library/Managed Preferences/mobile/com.apple.SystemConfiguration.plist}
2026-01-28 16:13:29.871 Db NayaVedAI[63826:20fef8] [com.apple.SystemConfiguration:SCPreferences] SCPreferences() access: /Library/Managed Preferences/mobile/com.apple.SystemConfiguration.plist, size=0
2026-01-28 16:13:29.871 Db NayaVedAI[63826:20fef8] [com.apple.SystemConfiguration:SCPreferences] release <SCPreferences 0x10be06660 [0x1e578fa80]> {name = SCDynamicStoreCopyProxiesWithOptions, id = /Library/Managed Preferences/mobile/com.apple.SystemConfiguration.plist, path = /Library/Managed Preferences/mobile/com.apple.SystemConfiguration.plist, accessed}
2026-01-28 16:13:29.872 I  NayaVedAI[63826:20fef8] [com.apple.network:connection] nw_association_create_flow <nw_association IPv6#9530c712.8081> Added association flow ID 41735EA6-2A6E-47DE-AB64-32FBAD1295BA
2026-01-28 16:13:29.872 I  NayaVedAI[63826:20fef8] [com.apple.network:connection] nw_endpoint_flow_setup_protocols [C47.1.1 IPv6#9530c712.8081 in_progress socket-flow (satisfied (Path is satisfied), interface: lo0)] setup flow id 41735EA6-2A6E-47DE-AB64-32FBAD1295BA
2026-01-28 16:13:29.872 Db NayaVedAI[63826:20fef8] [com.apple.network:connection] nw_endpoint_flow_attach_protocols [C47.1.1 IPv6#9530c712.8081 in_progress socket-flow (satisfied (Path is satisfied), interface: lo0)]
2026-01-28 16:13:29.872 Db NayaVedAI[63826:20fef8] [com.apple.network:connection] nw_endpoint_flow_attach_protocols_block_invoke [C47.1.1 IPv6#9530c712.8081 in_progress socket-flow (satisfied (Path is satisfied), interface: lo0)] Attached application protocol: CFNetworkConnection-1110212295
2026-01-28 16:13:29.872 Db NayaVedAI[63826:20fef8] [com.apple.network:] nw_fd_wrapper_create Created <fd_wrapper 25, guarded: false>
2026-01-28 16:13:29.872 Db NayaVedAI[63826:20fef8] [com.apple.network:connection] nw_endpoint_flow_attach_protocols [C47.1.1 IPv6#9530c712.8081 in_progress socket-flow (satisfied (Path is satisfied), interface: lo0)] Attached socket protocol
2026-01-28 16:13:29.872 Db NayaVedAI[63826:20fef8] [com.apple.network:connection] nw_endpoint_flow_setup_protocols [C47.1.1 IPv6#9530c712.8081 in_progress socket-flow (satisfied (Path is satisfied), interface: lo0)] leaf flow starting
2026-01-28 16:13:29.872 Db NayaVedAI[63826:20fef8] [com.apple.network:connection] nw_endpoint_resolver_receive_report [C47.1 Hostname#b33e072a:8081 in_progress resolver (satisfied (Path is satisfied), interface: en0[802.11], uses wifi, LQM: unknown)] received child report: [C47.1.1 IPv6#9530c712.8081 in_progress socket-flow (satisfied (Path is satisfied), interface: lo0)]
2026-01-28 16:13:29.872 Db NayaVedAI[63826:20fef8] [com.apple.network:connection] nw_endpoint_flow_receive_report [C47 Hostname#b33e072a:8081 in_progress parent-flow (satisfied (Path is satisfied), interface: en0[802.11], uses wifi, LQM: unknown)] received child report: [C47.1.1 IPv6#9530c712.8081 in_progress socket-flow (satisfied (Path is satisfied), interface: lo0)]
2026-01-28 16:13:29.872 Df NayaVedAI[63826:20fef8] [com.apple.network:connection] [C47.1.1 IPv6#9530c712.8081 in_progress socket-flow (satisfied (Path is satisfied), interface: lo0)] event: flow:start_connect @0.005s
