2026-01-28 16:13:10.391 Db NayaVedAI[63826:20fb26] [com.apple.SystemConfiguration:SCPreferences] create <SCPreferences 0x107778b30 [0x1e578fa80]> {name = SCDynamicStoreCopyProxiesWithOptions, id = /Library/Managed Preferences/mobile/com.apple.SystemConfiguration.plist, path = /Library/Managed Preferences/mobile/com.apple.SystemConfiguration.plist}
2026-01-28 16:13:10.391 Db NayaVedAI[63826:20fb26] [com.apple.SystemConfiguration:SCPreferences] SCPreferences() access: /Library/Managed Preferences/mobile/com.apple.SystemConfiguration.plist, size=0
2026-01-28 16:13:10.391 Db NayaVedAI[63826:20fb26] [com.apple.SystemConfiguration:SCPreferences] release <SCPreferences 0x107778b30 [0x1e578fa80]> {name = SCDynamicStoreCopyProxiesWithOptions, id = /Library/Managed Preferences/mobile/com.apple.SystemConfiguration.plist, path = /Library/Managed Preferences/mobile/com.apple.SystemConfiguration.plist, accessed}
2026-01-28 16:13:10.391 Db NayaVedAI[63826:20fb26] [com.apple.network:connection] -[NWConcrete_nw_endpoint_resolver startWithHandler:] [C22.1 Hostname#b33e072a:8081 waiting resolver (satisfied (Path is satisfied), interface: en0[802.11], uses wifi, LQM: unknown)]
2026-01-28 16:13:10.392 Db NayaVedAI[63826:20fb26] [com.apple.network:connection] nw_endpoint_flow_receive_report [C22 Hostname#b33e072a:8081 in_progress parent-flow (satisfied (Path is satisfied), interface: en0[802.11], uses wifi, LQM: unknown)] received child report: [C22.1 Hostname#b33e072a:8081 in_progress resolver (satisfied (Path is satisfied), interface: en0[802.11], uses wifi, LQM: unknown)]
2026-01-28 16:13:10.392 Df NayaVedAI[63826:20fb26] [com.apple.network:connection] [C22.1 Hostname#b33e072a:8081 in_progress resolver (satisfied (Path is satisfied), interface: en0[802.11], uses wifi, LQM: unknown)] event: resolver:start_dns @0.001s
2026-01-28 16:13:10.392 Db NayaVedAI[63826:20fb26] [com.apple.networkextension:] ne_tracker_check_is_hostname_blocked() proceeding with the in_the_app check for hostname: localhost
2026-01-28 16:13:10.392 Db NayaVedAI[63826:20fb26] [com.apple.CFBundle:resources] Resource lookup at CFBundle 0x600003b10000 </Users/shivi.agarwal/Library/Developer/CoreSimulator/Devices/AC7E343F-585F-430E-B17D-BDD649803605/data/Containers/Bundle/Application/526E8406-59B6-4C05-9D18-38A7EF2F46C7/NayaVedAI.app> (executable, loaded)
	Request       : InfoPlist type: strings
	Result        : None
2026-01-28 16:13:10.392 Db NayaVedAI[63826:20fb26] [com.apple.CFBundle:resources] Resource lookup at CFBundle 0x600003b10000 </Users/shivi.agarwal/Library/Developer/CoreSimulator/Devices/AC7E343F-585F-430E-B17D-BDD649803605/data/Containers/Bundle/Application/526E8406-59B6-4C05-9D18-38A7EF2F46C7/NayaVedAI.app> (executable, loaded)
	Request       : InfoPlist type: stringsdict
	Result        : None
2026-01-28 16:13:10.392 Db NayaVedAI[63826:20fb26] [com.apple.networkextension:] ne_tracker_check_is_hostname_blocked(): hostname localhost is not a tracker. Returning: ne_tracker_status_none
2026-01-28 16:13:10.392 I  NayaVedAI[63826:20fb26] [com.apple.network:connection] nw_resolver_create_dns_service_locked [C22.1] Starting host resolution Hostname#b33e072a:8081, flags 0xc000d000 proto 0
2026-01-28 16:13:10.392 Df NayaVedAI[63826:20fb26] [com.apple.CFNetwork:Default] Task <2151E7B9-DDB6-4E6A-B977-C295F1D3A8AB>.<1> setting up Connection 22
2026-01-28 16:13:10.392 Db NayaVedAI[63826:20fb26] [com.apple.network:activity] Returning should log: 0 for activity cfnetwork:foreground_task
2026-01-28 16:13:10.392 I  NayaVedAI[63826:20fb26] [com.apple.network:connection] nw_resolver_host_resolve_callback [C22.1] flags=0x40000003 ifindex=4294967295 error=NoError(0) hostname=localhost. addr=IPv6#42e9e5e9 ttl=1
2026-01-28 16:13:10.392 I  NayaVedAI[63826:20fb26] [com.apple.network:connection] nw_resolver_host_resolve_callback [C22.1] flags=0x40000002 ifindex=4294967295 error=NoError(0) hostname=localhost. addr=IPv4#075c8fe9 ttl=1
2026-01-28 16:13:10.392 Db NayaVedAI[63826:20fb26] [com.apple.network:] sa_dst_compare_rfc6724 Rule 6, prefer d2, d2 precedence 50 > d1 precedence 35
2026-01-28 16:13:10.392 Db NayaVedAI[63826:20fb26] [com.apple.network:] sa_dst_compare_internal <private>@0 < <private>@0
2026-01-28 16:13:10.392 Db NayaVedAI[63826:20fb26] [com.apple.network:connection] nw_endpoint_resolver_update [C22.1 Hostname#b33e072a:8081 in_progress resolver (satisfied (Path is satisfied), interface: en0[802.11], uses wifi, LQM: unknown)] resolver is complete
2026-01-28 16:13:10.392 Df NayaVedAI[63826:20fb26] [com.apple.network:connection] nw_endpoint_resolver_update [C22.1 Hostname#b33e072a:8081 in_progress resolver (satisfied (Path is satisfied), interface: en0[802.11], uses wifi, LQM: unknown)] Adding endpoint handler for IPv6#9530c712.8081
2026-01-28 16:13:10.392 Df NayaVedAI[63826:20fb26] [com.apple.network:connection] nw_endpoint_resolver_update [C22.1 Hostname#b33e072a:8081 in_progress resolver (satisfied (Path is satisfied), interface: en0[802.11], uses wifi, LQM: unknown)] Adding endpoint handler for IPv4#eafe643d:8081
2026-01-28 16:13:10.392 Db NayaVedAI[63826:20fb26] [com.apple.network:connection] nw_endpoint_resolver_update [C22.1 Hostname#b33e072a:8081 in_progress resolver (satisfied (Path is satisfied), interface: en0[802.11], uses wifi, LQM: unknown)] Updated endpoint list is (IPv6#9530c712.8081,IPv4#eafe643d:8081)
2026-01-28 16:13:10.392 Db NayaVedAI[63826:20fb26] [com.apple.network:connection] nw_endpoint_flow_receive_report [C22 Hostname#b33e072a:8081 in_progress parent-flow (satisfied (Path is satisfied), interface: en0[802.11], uses wifi, LQM: unknown)] received child report: [C22.1 Hostname#b33e072a:8081 in_progress resolver (satisfied (Path is satisfied), interface: en0[802.11], uses wifi, LQM: unknown)]
2026-01-28 16:13:10.392 Df NayaVedAI[63826:20fb26] [com.apple.network:connection] [C22.1 Hostname#b33e072a:8081 in_progress resolver (satisfied (Path is satisfied), interface: en0[802.11], uses wifi, LQM: unknown)] event: resolver:receive_dns @0.002s
2026-01-28 16:13:10.392 I  NayaVedAI[63826:20fb26] [com.apple.network:connection] nw_endpoint_resolver_start_next_child [C22.1 Hostname#b33e072a:8081 in_progress resolver (satisfied (Path is satisfied), interface: en0[802.11], uses wifi, LQM: unknown)] starting child endpoint IPv6#9530c712.8081
2026-01-28 16:13:10.392 I  NayaVedAI[63826:20fb26] [com.apple.network:connection] nw_endpoint_handler_start [C22.1.1 IPv6#9530c712.8081 initial path ((null))]
2026-01-28 16:13:10.392 Db NayaVedAI[63826:20fb26] [com.apple.network:connection] nw_endpoint_resolver_receive_report [C22.1 Hostname#b33e072a:8081 in_progress resolver (satisfied (Path is satisfied), interface: en0[802.11], uses wifi, LQM: unknown)] received child report: [C22.1.1 IPv6#9530c712.8081 initial path ((null))]
2026-01-28 16:13:10.392 Db NayaVedAI[63826:20fb26] [com.apple.network:connection] nw_endpoint_flow_receive_report [C22 Hostname#b33e072a:8081 in_progress parent-flow (satisfied (Path is satisfied), interface: en0[802.11], uses wifi, LQM: unknown)] received child report: [C22.1.1 IPv6#9530c712.8081 initial path ((null))]
2026-01-28 16:13:10.392 Df NayaVedAI[63826:20fb26] [com.apple.network:connection] [C22.1.1 IPv6#9530c712.8081 initial path ((null))] event: path:start @0.002s
2026-01-28 16:13:10.393 Db NayaVedAI[63826:20fb26] [com.apple.network:connection] nw_endpoint_handler_path_change [C22.1.1 IPv6#9530c712.8081 waiting path (satisfied (Path is satisfied), interface: lo0)]
2026-01-28 16:13:10.393 Db NayaVedAI[63826:20fb26] [com.apple.network:connection] nw_endpoint_resolver_receive_report [C22.1 Hostname#b33e072a:8081 in_progress resolver (satisfied (Path is satisfied), interface: en0[802.11], uses wifi, LQM: unknown)] received child report: [C22.1.1 IPv6#9530c712.8081 waiting path (satisfied (Path is satisfied), interface: lo0)]
2026-01-28 16:13:10.393 Db NayaVedAI[63826:20fb26] [com.apple.network:connection] nw_endpoint_flow_receive_report [C22 Hostname#b33e072a:8081 in_progress parent-flow (satisfied (Path is satisfied), interface: en0[802.11], uses wifi, LQM: unknown)] received child report: [C22.1.1 IPv6#9530c712.8081 waiting path (satisfied (Path is satisfied), interface: lo0)]
2026-01-28 16:13:10.393 Df NayaVedAI[63826:20fb26] [com.apple.network:connection] [C22.1.1 IPv6#9530c712.8081 waiting path (satisfied (Path is satisfied), interface: lo0)] event: path:satisfied @0.002s, uuid: 8078F9F4-3766-4F0F-8553-C4DE37FC3145
2026-01-28 16:13:10.393 Db NayaVedAI[63826:20fb26] [com.apple.network:] nw_endpoint_proxy_handler_should_use_proxy Looking up proxy for hostname: <nil>, ifindex: 0
2026-01-28 16:13:10.393 Db NayaVedAI[63826:20fb26] [com.apple.SystemConfiguration:SCPreferences] create <SCPreferences 0x107535760 [0x1e578fa80]> {name = SCDynamicStoreCopyProxiesWithOptions, id = /Library/Managed Preferences/mobile/com.apple.SystemConfiguration.plist, path = /Library/Managed Preferences/mobile/com.apple.SystemConfiguration.plist}
2026-01-28 16:13:10.393 Db NayaVedAI[63826:20fb26] [com.apple.SystemConfiguration:SCPreferences] SCPreferences() access: /Library/Managed Preferences/mobile/com.apple.SystemConfiguration.plist, size=0
2026-01-28 16:13:10.393 Db NayaVedAI[63826:20fb26] [com.apple.SystemConfiguration:SCPreferences] release <SCPreferences 0x107535760 [0x1e578fa80]> {name = SCDynamicStoreCopyProxiesWithOptions, id = /Library/Managed Preferences/mobile/com.apple.SystemConfiguration.plist, path = /Library/Managed Preferences/mobile/com.apple.SystemConfiguration.plist, accessed}
2026-01-28 16:13:10.393 I  NayaVedAI[63826:20fb26] [com.apple.network:connection] nw_association_create_flow <nw_association IPv6#9530c712.8081> Added association flow ID CEFD362B-E46C-453F-82BD-3298A3DAAF5F
2026-01-28 16:13:10.393 I  NayaVedAI[63826:20fb26] [com.apple.network:connection] nw_endpoint_flow_setup_protocols [C22.1.1 IPv6#9530c712.8081 in_progress socket-flow (satisfied (Path is satisfied), interface: lo0)] setup flow id CEFD362B-E46C-453F-82BD-3298A3DAAF5F
2026-01-28 16:13:10.393 Db NayaVedAI[63826:20fb26] [com.apple.network:connection] nw_endpoint_flow_attach_protocols [C22.1.1 IPv6#9530c712.8081 in_progress socket-flow (satisfied (Path is satisfied), interface: lo0)]
2026-01-28 16:13:10.393 Db NayaVedAI[63826:20fb26] [com.apple.network:connection] nw_endpoint_flow_attach_protocols_block_invoke [C22.1.1 IPv6#9530c712.8081 in_progress socket-flow (satisfied (Path is satisfied), interface: lo0)] Attached application protocol: CFNetworkConnection-1110212295
2026-01-28 16:13:10.393 Db NayaVedAI[63826:20fb26] [com.apple.network:] nw_fd_wrapper_create Created <fd_wrapper 24, guarded: false>
2026-01-28 16:13:10.395 Db NayaVedAI[63826:20fb26] [com.apple.network:connection] nw_endpoint_flow_attach_protocols [C22.1.1 IPv6#9530c712.8081 in_progress socket-flow (satisfied (Path is satisfied), interface: lo0)] Attached socket protocol
2026-01-28 16:13:10.395 Db NayaVedAI[63826:20fb26] [com.apple.network:connection] nw_endpoint_flow_setup_protocols [C22.1.1 IPv6#9530c712.8081 in_progress socket-flow (satisfied (Path is satisfied), interface: lo0)] leaf flow starting
2026-01-28 16:13:10.395 Db NayaVedAI[63826:20fb26] [com.apple.network:connection] nw_endpoint_resolver_receive_report [C22.1 Hostname#b33e072a:8081 in_progress resolver (satisfied (Path is satisfied), interface: en0[802.11], uses wifi, LQM: unknown)] received child report: [C22.1.1 IPv6#9530c712.8081 in_progress socket-flow (satisfied (Path is satisfied), interface: lo0)]
2026-01-28 16:13:10.395 Db NayaVedAI[63826:20fb26] [com.apple.network:connection] nw_endpoint_flow_receive_report [C22 Hostname#b33e072a:8081 in_progress parent-flow (satisfied (Path is satisfied), interface: en0[802.11], uses wifi, LQM: unknown)] received child report: [C22.1.1 IPv6#9530c712.8081 in_progress socket-flow (satisfied (Path is satisfied), interface: lo0)]
2026-01-28 16:13:10.395 Df NayaVedAI[63826:20fb26] [com.apple.network:connection] [C22.1.1 IPv6#9530c712.8081 in_progress socket-flow (satisfied (Path is satisfied), interface: lo0)] event: flow:start_connect @0.005s
2026-01-28 16:13:10.395 I  NayaVedAI[63826:20fb26] [com.apple.network:connection] nw_endpoint_resolver_start_next_child [C22.1 Hostname#b33e072a:8081 in_progress resolver (satisfied (Path is satisfied), interface: en0[802.11], uses wifi, LQM: unknown)] starting next child endpoint in 100ms
2026-01-28 16:13:10.395 Db NayaVedAI[63826:20fb26] [com.apple.network:connection] nw_socket_handle_socket_event [C22.1.1:2] Event mask: 0x800
2026-01-28 16:13:10.395 Df NayaVedAI[63826:20fb26] [com.apple.network:connection] nw_socket_handle_socket_event [C22.1.1:2] Socket received CONNECTED event
2026-01-28 16:13:10.395 Db NayaVedAI[63826:20fb26] [com.apple.network:connection] nw_socket_setup_notsent_lowat [C22.1.1:2] Set TCP_NOTSENT_LOWAT(16384)
2026-01-28 16:13:10.395 Df NayaVedAI[63826:20fb26] [com.apple.network:connection] nw_flow_connected [C22.1.1 IPv6#9530c712.8081 in_progress socket-flow (satisfied (Path is satisfied), interface: lo0)] Transport protocol connected (socket)
2026-01-28 16:13:10.395 Db NayaVedAI[63826:20fb26] [com.apple.network:connection] nw_endpoint_resolver_receive_report [C22.1 Hostname#b33e072a:8081 in_progress resolver (satisfied (Path is satisfied), interface: en0[802.11], uses wifi, LQM: unknown)] received child report: [C22.1.1 IPv6#9530c712.8081 in_progress socket-flow (satisfied (Path is satisfied), interface: lo0)]
2026-01-28 16:13:10.395 Db NayaVedAI[63826:20fb26] [com.apple.network:connection] nw_endpoint_flow_receive_report [C22 Hostname#b33e072a:8081 in_progress parent-flow (satisfied (Path is satisfied), interface: en0[802.11], uses wifi, LQM: unknown)] received child report: [C22.1.1 IPv6#9530c712.8081 in_progress socket-flow (satisfied (Path is satisfied), interface: lo0)]
2026-01-28 16:13:10.395 Df NayaVedAI[63826:20fb26] [com.apple.network:connection] [C22.1.1 IPv6#9530c712.8081 in_progress socket-flow (satisfied (Path is satisfied), interface: lo0)] event: flow:finish_transport @0.005s
2026-01-28 16:13:10.395 I  NayaVedAI[63826:20fb26] [com.apple.network:connection] nw_endpoint_resolver_receive_report [C22.1 Hostname#b33e072a:8081 in_progress resolver (satisfied (Path is satisfied), interface: en0[802.11], uses wifi, LQM: unknown)] pushing out endpoint race by 2000ms
2026-01-28 16:13:10.395 Df NayaVedAI[63826:20fb26] [com.apple.network:connection] nw_flow_connected [C22.1.1 IPv6#9530c712.8081 in_progress socket-flow (satisfied (Path is satisfied), interface: lo0)] Output protocol connected (CFNetworkConnection-1110212295)
2026-01-28 16:13:10.395 Db NayaVedAI[63826:20fb26] [com.apple.network:connection] nw_endpoint_flow_connected_path_change [C22.1.1 IPv6#9530c712.8081 ready socket-flow (satisfied (Path is satisfied), interface: lo0)]
2026-01-28 16:13:10.395 I  NayaVedAI[63826:20fb26] [com.apple.network:connection] nw_endpoint_flow_connected_path_change [C22.1.1 IPv6#9530c712.8081 ready socket-flow (satisfied (Path is satisfied), interface: lo0)] Connected path is satisfied, not viable
2026-01-28 16:13:10.395 Db NayaVedAI[63826:20fb26] [com.apple.network:connection] nw_endpoint_resolver_receive_report [C22.1 Hostname#b33e072a:8081 in_progress resolver (satisfied (Path is satisfied), interface: en0[802.11], uses wifi, LQM: unknown)] received child report: [C22.1.1 IPv6#9530c712.8081 ready socket-flow (satisfied (Path is satisfied), interface: lo0)]
2026-01-28 16:13:10.395 Db NayaVedAI[63826:20fb26] [com.apple.network:connection] nw_endpoint_flow_receive_report [C22 Hostname#b33e072a:8081 in_progress parent-flow (satisfied (Path is satisfied), interface: en0[802.11], uses wifi, LQM: unknown)] received child report: [C22.1.1 IPv6#9530c712.8081 ready socket-flow (satisfied (Path is satisfied), interface: lo0)]
2026-01-28 16:13:10.395 Df NayaVedAI[63826:20fb26] [com.apple.network:connection] [C22.1.1 IPv6#9530c712.8081 ready socket-flow (satisfied (Path is satisfied), interface: lo0)] event: flow:child_finish_connect @0.005s
2026-01-28 16:13:10.395 Db NayaVedAI[63826:20fb26] [com.apple.network:connection] nw_endpoint_flow_receive_report [C22 IPv6#9530c712.8081 in_progress parent-flow (satisfied (Path is satisfied), interface: en0[802.11], uses wifi, LQM: unknown)] connecting endpoint_flow to child's shared protocol
2026-01-28 16:13:10.395 Db NayaVedAI[63826:20fb26] [com.apple.network:connection] nw_endpoint_flow_setup_protocols [C22 IPv6#9530c712.8081 in_progress parent-flow (satisfied (Path is satisfied), interface: en0[802.11], uses wifi, LQM: unknown)] already set up
2026-01-28 16:13:10.395 Db NayaVedAI[63826:20fb26] [com.apple.network:connection] nw_endpoint_flow_setup_protocols [C22 IPv6#9530c712.8081 in_progress parent-flow (satisfied (Path is satisfied), interface: en0[802.11], uses wifi, LQM: unknown)] child flow connected, starting
2026-01-28 16:13:10.396 Db NayaVedAI[63826:20fb26] [com.apple.network:connection] nw_endpoint_flow_setup_protocols [C22 IPv6#9530c712.8081 in_progress parent-flow (satisfied (Path is satisfied), interface: en0[802.11], uses wifi, LQM: unknown)] already started
2026-01-28 16:13:10.396 Db NayaVedAI[63826:20fb26] [com.apple.network:connection] nw_endpoint_flow_receive_report [C22 IPv6#9530c712.8081 in_progress parent-flow (satisfied (Path is satisfied), interface: en0[802.11], uses wifi, LQM: unknown)] received child report: [C22.1 Hostname#b33e072a:8081 ready resolver (satisfied (Path is satisfied), interface: en0[802.11], uses wifi, LQM: unknown)]
2026-01-28 16:13:10.396 Df NayaVedAI[63826:20fb26] [com.apple.network:connection] [C22.1 Hostname#b33e072a:8081 ready resolver (satisfied (Path is satisfied), interface: en0[802.11], uses wifi, LQM: unknown)] event: flow:child_finish_connect @0.005s
2026-01-28 16:13:10.396 I  NayaVedAI[63826:20fb26] [com.apple.network:connection] nw_endpoint_handler_cancel [C22.1.2 IPv4#eafe643d:8081 initial path ((null))]
2026-01-28 16:13:10.396 Df NayaVedAI[63826:20fb26] [com.apple.network:connection] nw_flow_connected [C22 IPv6#9530c712.8081 in_progress parent-flow (satisfied (Path is satisfied), interface: en0[802.11], uses wifi, LQM: unknown)] Output protocol connected (endpoint_flow)
2026-01-28 16:13:10.396 Db NayaVedAI[63826:20fb26] [com.apple.network:connection] nw_endpoint_flow_connected_path_change [C22 IPv6#9530c712.8081 ready parent-flow (satisfied (Path is satisfied), interface: en0[802.11], uses wifi, LQM: unknown)]
2026-01-28 16:13:10.396 I  NayaVedAI[63826:20fb26] [com.apple.network:connection] nw_endpoint_flow_connected_path_change [C22 IPv6#9530c712.8081 ready parent-flow (satisfied (Path is satisfied), interface: en0[802.11], uses wifi, LQM: unknown)] Connected path is satisfied, child is not viable
2026-01-28 16:13:10.396 Df NayaVedAI[63826:20fb26] [com.apple.network:connection] [C22 IPv6#9530c712.8081 ready parent-flow (satisfied (Path is satisfied), interface: en0[802.11], uses wifi, LQM: unknown)] event: flow:finish_connect @0.005s
2026-01-28 16:13:10.396 Db NayaVedAI[63826:20fb26] [com.apple.network:connection] nw_connection_run_pqtls_probe_locked_on_nw_queue [C22] No TLS metadata; not running PQ-TLS probe
2026-01-28 16:13:10.396 Db NayaVedAI[63826:20fb26] [com.apple.network:connection] nw_connection_run_ech_probe_locked_on_nw_queue [C22] stack doesn't include TLS; not running ECH probe
2026-01-28 16:13:10.396 Db NayaVedAI[63826:20fb26] [com.apple.network:connection] nw_connection_endpoint_report_on_nw_queue_block_invoke [C22] Connected fallback generation 0
2026-01-28 16:13:10.396 I  NayaVedAI[63826:20fb26] [com.apple.network:connection] nw_connection_start_candidate_manager_if_needed_locked [C22] Checking whether to start candidate manager
2026-01-28 16:13:10.396 Db NayaVedAI[63826:20fb26] [com.apple.network:connection] nw_connection_start_candidate_manager_if_needed_locked [C22] Connection does not support multipath, not starting candidate manager
2026-01-28 16:13:10.396 Df NayaVedAI[63826:20fb26] [com.apple.network:connection] nw_connection_report_state_with_handler_on_nw_queue [C22] reporting state ready
2026-01-28 16:13:10.396 Df NayaVedAI[63826:20fb26] [com.apple.CFNetwork:Default] Connection 22: connected successfully
2026-01-28 16:13:10.396 Df NayaVedAI[63826:20fb26] [com.apple.CFNetwork:Default] Connection 22: ready C(N) E(N)
2026-01-28 16:13:10.396 Db NayaVedAI[63826:20fb26] [com.apple.CFNetwork:Default] Task <2151E7B9-DDB6-4E6A-B977-C295F1D3A8AB>.<1> done setting up Connection 22
2026-01-28 16:13:10.396 Db NayaVedAI[63826:20fb26] [com.apple.network:activity] Returning should log: 0 for activity cfnetwork:foreground_task
2026-01-28 16:13:10.396 Df NayaVedAI[63826:20fb26] [com.apple.CFNetwork:Default] Task <2151E7B9-DDB6-4E6A-B977-C295F1D3A8AB>.<1> now using Connection 22
2026-01-28 16:13:10.396 Db NayaVedAI[63826:20fb26] [com.apple.network:activity] Returning should log: 0 for activity cfnetwork:foreground_task
2026-01-28 16:13:10.396 Df NayaVedAI[63826:20fb26] [com.apple.CFNetwork:Default] Task <2151E7B9-DDB6-4E6A-B977-C295F1D3A8AB>.<1> sent request, body N 0
2026-01-28 16:13:10.397 Df NayaVedAI[63826:20fed9] [com.apple.CFNetwork:Default] Task <CDF12DD7-B225-41F3-A0D2-6EF43CA0B49D>.<2> resuming, timeouts(0.0, 604800.0) qos(0x19) voucher((null)) activity(00000000-0000-0000-0000-000000000000)
2026-01-28 16:13:10.397 Db NayaVedAI[63826:20fed9] [com.apple.network:activity] Returning should log: 0 for activity cfnetwork:foreground_task
2026-01-28 16:13:10.397 Db NayaVedAI[63826:20fed9] [com.apple.network:activity] Domain cfnetwork rate configured in registry as 1 / 20000
2026-01-28 16:13:10.397 Db NayaVedAI[63826:20fed9] [com.apple.network:activity] Domain cfnetwork rate configured after remote default override as 1 / 20000
2026-01-28 16:13:10.397 Db NayaVedAI[63826:20fed9] [com.apple.network:activity] After reading settings plist, domain cfnetwork rate configured as 1 / 2000000
2026-01-28 16:13:10.397 Db NayaVedAI[63826:20fed9] [com.apple.network:activity] After settings override, domain cfnetwork rate configured as 1 / 2000000
2026-01-28 16:13:10.397 Db NayaVedAI[63826:20fed9] [com.apple.network:activity] Final domain cfnetwork rate configured as 1 / 2000000
2026-01-28 16:13:10.397 Db NayaVedAI[63826:20fed9] [com.apple.network:activity] <nw_activity 12:2 [No UUID] (reporting strategy default)> sampled at 1 / 2000000
2026-01-28 16:13:10.397 Db NayaVedAI[63826:20fed9] [com.apple.network:activity] Returning should log: 0 for activity cfnetwork:foreground_task
2026-01-28 16:13:10.397 Db NayaVedAI[63826:20fed9] [com.apple.network:activity] Returning should log: 0 for activity cfnetwork:foreground_task
2026-01-28 16:13:10.397 Db NayaVedAI[63826:20fed9] [com.apple.CFNetwork:Default] [Telemetry]: Activity <nw_activity 12:2 [335D7601-089E-4960-A00E-F86F0B3FC2BA] (reporting strategy default)> on Task <CDF12DD7-B225-41F3-A0D2-6EF43CA0B49D>.<2> was not selected for reporting
2026-01-28 16:13:10.397 Db NayaVedAI[63826:20fb26] [com.apple.CFNetwork:ATS] Uploading ATS exception ATSAllowsLocalNetworking
2026-01-28 16:13:10.397 A  NayaVedAI[63826:20fed9] (Security) SecTrustReportNetworkingAnalytics
2026-01-28 16:13:10.397 I  NayaVedAI[63826:20fb26] [com.apple.network:connection] nw_connection_create_with_id [C23] create connection to Hostname#b33e072a:8081
2026-01-28 16:13:10.397 Df NayaVedAI[63826:20fb26] [com.apple.CFNetwork:Default] Connection 23: starting, TC(0x0)
2026-01-28 16:13:10.397 Df NayaVedAI[63826:20fb26] [com.apple.network:connection] [C23 5A207DAE-76DC-4934-8CCE-536F1500CA06 Hostname#b33e072a:8081 tcp, url: http://localhost:8081/symbolicate, definite, attribution: developer, context: com.apple.CFNetwork.NSURLSession.{1D0DE3BF-3604-43E1-BD2E-2925967B34FA}{(null)}{Y}{2}{0x0} (private), proc: 63B02D91-D502-3FF5-9842-92830ECC12FF, delegated upid: 0] start
2026-01-28 16:13:10.397 I  NayaVedAI[63826:20fb26] [com.apple.network:connection] nw_endpoint_handler_start [C23 Hostname#b33e072a:8081 initial parent-flow ((null))]
2026-01-28 16:13:10.397 Df NayaVedAI[63826:20fb26] [com.apple.network:connection] [C23 Hostname#b33e072a:8081 initial parent-flow ((null))] event: path:start @0.000s
2026-01-28 16:13:10.397 Db NayaVedAI[63826:20fb26] [com.apple.network:connection] nw_endpoint_handler_path_change [C23 Hostname#b33e072a:8081 waiting parent-flow (satisfied (Path is satisfied), interface: en0[802.11], uses wifi, LQM: unknown)]
2026-01-28 16:13:10.397 Db NayaVedAI[63826:20fb26] [com.apple.networkextension:] ne_tracker_check_is_hostname_blocked() proceeding with the in_the_app check for hostname: localhost
2026-01-28 16:13:10.398 Df NayaVedAI[63826:20fed9] [com.apple.securityd:SecError] SecTrustReportNetworkingAnalytics failed with error: -4
2026-01-28 16:13:10.398 Db NayaVedAI[63826:20fb26] [com.apple.CFBundle:resources] Resource lookup at CFBundle 0x600003b10000 </Users/shivi.agarwal/Library/Developer/CoreSimulator/Devices/AC7E343F-585F-430E-B17D-BDD649803605/data/Containers/Bundle/Application/526E8406-59B6-4C05-9D18-38A7EF2F46C7/NayaVedAI.app> (executable, loaded)
	Request       : InfoPlist type: strings
	Result        : None
2026-01-28 16:13:10.398 Db NayaVedAI[63826:20fb26] [com.apple.CFBundle:resources] Resource lookup at CFBundle 0x600003b10000 </Users/shivi.agarwal/Library/Developer/CoreSimulator/Devices/AC7E343F-585F-430E-B17D-BDD649803605/data/Containers/Bundle/Application/526E8406-59B6-4C05-9D18-38A7EF2F46C7/NayaVedAI.app> (executable, loaded)
	Request       : InfoPlist type: stringsdict
	Result        : None
2026-01-28 16:13:10.398 Db NayaVedAI[63826:20fb26] [com.apple.networkextension:] ne_tracker_check_is_hostname_blocked(): hostname localhost is not a tracker. Returning: ne_tracker_status_none
2026-01-28 16:13:10.398 Df NayaVedAI[63826:20fb26] [com.apple.network:connection] [C23 Hostname#b33e072a:8081 waiting parent-flow (satisfied (Path is satisfied), interface: en0[802.11], uses wifi, LQM: unknown)] event: path:satisfied @0.000s, uuid: 386429F7-B1C8-43F1-A71C-BFB21653A6E6
2026-01-28 16:13:10.398 I  NayaVedAI[63826:20fb26] [com.apple.network:connection] nw_connection_endpoint_report_on_nw_queue_block_invoke [C23 Hostname#b33e072a:8081 waiting parent-flow (satisfied (Path is satisfied), interface: en0[802.11], uses wifi, LQM: unknown)] skipping state update
2026-01-28 16:13:10.398 Db NayaVedAI[63826:20fb26] [com.apple.network:] nw_endpoint_proxy_handler_should_use_proxy Looking up proxy for hostname: localhost, ifindex: 0
2026-01-28 16:13:10.398 Db NayaVedAI[63826:20fb26] [com.apple.SystemConfiguration:SCPreferences] create <SCPreferences 0x12e51d8d0 [0x1e578fa80]> {name = SCDynamicStoreCopyProxiesWithOptions, id = /Library/Managed Preferences/mobile/com.apple.SystemConfiguration.plist, path = /Library/Managed Preferences/mobile/com.apple.SystemConfiguration.plist}
2026-01-28 16:13:10.398 Db NayaVedAI[63826:20fb26] [com.apple.SystemConfiguration:SCPreferences] SCPreferences() access: /Library/Managed Preferences/mobile/com.apple.SystemConfiguration.plist, size=0
2026-01-28 16:13:10.398 Db NayaVedAI[63826:20fb26] [com.apple.SystemConfiguration:SCPreferences] release <SCPreferences 0x12e51d8d0 [0x1e578fa80]> {name = SCDynamicStoreCopyProxiesWithOptions, id = /Library/Managed Preferences/mobile/com.apple.SystemConfiguration.plist, path = /Library/Managed Preferences/mobile/com.apple.SystemConfiguration.plist, accessed}
2026-01-28 16:13:10.398 Db NayaVedAI[63826:20fb26] [com.apple.network:connection] nw_endpoint_flow_attach_protocols [C23 Hostname#b33e072a:8081 in_progress parent-flow (satisfied (Path is satisfied), interface: en0[802.11], uses wifi, LQM: unknown)]
2026-01-28 16:13:10.398 Db NayaVedAI[63826:20fb26] [com.apple.network:connection] nw_endpoint_flow_attach_protocols [C23 Hostname#b33e072a:8081 in_progress parent-flow (satisfied (Path is satisfied), interface: en0[802.11], uses wifi, LQM: unknown)] stopping after adding persistent application protocols
2026-01-28 16:13:10.398 Db NayaVedAI[63826:20fb26] [com.apple.network:connection] nw_endpoint_flow_setup_protocols [C23 Hostname#b33e072a:8081 in_progress parent-flow (satisfied (Path is satisfied), interface: en0[802.11], uses wifi, LQM: unknown)] persistent protocol stack, starting
2026-01-28 16:13:10.398 Df NayaVedAI[63826:20fb26] [com.apple.network:connection] [C23 Hostname#b33e072a:8081 in_progress parent-flow (satisfied (Path is satisfied), interface: en0[802.11], uses wifi, LQM: unknown)] event: flow:start_connect @0.000s
2026-01-28 16:13:10.398 Df NayaVedAI[63826:20fb26] [com.apple.network:connection] nw_connection_report_state_with_handler_on_nw_queue [C23] reporting state preparing
2026-01-28 16:13:10.398 I  NayaVedAI[63826:20fb26] [com.apple.network:connection] nw_endpoint_flow_connect [C23 Hostname#b33e072a:8081 in_progress parent-flow (satisfied (Path is satisfied), interface: en0[802.11], uses wifi, LQM: unknown)] connect bottom protocol
2026-01-28 16:13:10.398 Db NayaVedAI[63826:20fb26] [com.apple.network:connection] nw_endpoint_flow_start_child [C23 Hostname#b33e072a:8081 in_progress parent-flow (satisfied (Path is satisfied), interface: en0[802.11], uses wifi, LQM: unknown)] creating and starting child handler
2026-01-28 16:13:10.398 Db NayaVedAI[63826:20fb26] [com.apple.network:] nw_endpoint_proxy_handler_should_use_proxy Looking up proxy for hostname: localhost, ifindex: 0
2026-01-28 16:13:10.398 Db NayaVedAI[63826:20fb26] [com.apple.SystemConfiguration:SCPreferences] create <SCPreferences 0x108b178d0 [0x1e578fa80]> {name = SCDynamicStoreCopyProxiesWithOptions, id = /Library/Managed Preferences/mobile/com.apple.SystemConfiguration.plist, path = /Library/Managed Preferences/mobile/com.apple.SystemConfiguration.plist}
2026-01-28 16:13:10.398 Db NayaVedAI[63826:20fb26] [com.apple.SystemConfiguration:SCPreferences] SCPreferences() access: /Library/Managed Preferences/mobile/com.apple.SystemConfiguration.plist, size=0
2026-01-28 16:13:10.398 Db NayaVedAI[63826:20fb26] [com.apple.SystemConfiguration:SCPreferences] release <SCPreferences 0x108b178d0 [0x1e578fa80]> {name = SCDynamicStoreCopyProxiesWithOptions, id = /Library/Managed Preferences/mobile/com.apple.SystemConfiguration.plist, path = /Library/Managed Preferences/mobile/com.apple.SystemConfiguration.plist, accessed}
2026-01-28 16:13:10.398 Df NayaVedAI[63826:20fb26] [com.apple.network:connection] [C23 Hostname#b33e072a:8081 in_progress parent-flow (satisfied (Path is satisfied), interface: en0[802.11], uses wifi, LQM: unknown)] event: flow:start_child @0.000s
2026-01-28 16:13:10.398 I  NayaVedAI[63826:20fb26] [com.apple.network:connection] nw_endpoint_handler_start [C23.1 Hostname#b33e072a:8081 initial path ((null))]
2026-01-28 16:13:10.398 Db NayaVedAI[63826:20fb26] [com.apple.network:connection] nw_endpoint_flow_receive_report [C23 Hostname#b33e072a:8081 in_progress parent-flow (satisfied (Path is satisfied), interface: en0[802.11], uses wifi, LQM: unknown)] received child report: [C23.1 Hostname#b33e072a:8081 initial path ((null))]
2026-01-28 16:13:10.398 Df NayaVedAI[63826:20fb26] [com.apple.network:connection] [C23.1 Hostname#b33e072a:8081 initial path ((null))] event: path:start @0.000s
2026-01-28 16:13:10.398 Db NayaVedAI[63826:20fb26] [com.apple.network:connection] nw_endpoint_handler_path_change [C23.1 Hostname#b33e072a:8081 waiting path (satisfied (Path is satisfied), interface: en0[802.11], uses wifi, LQM: unknown)]
2026-01-28 16:13:10.398 Db NayaVedAI[63826:20fb26] [com.apple.networkextension:] ne_tracker_check_is_hostname_blocked() proceeding with the in_the_app check for hostname: localhost
2026-01-28 16:13:10.398 Db NayaVedAI[63826:20fb26] [com.apple.CFBundle:resources] Resource lookup at CFBundle 0x600003b10000 </Users/shivi.agarwal/Library/Developer/CoreSimulator/Devices/AC7E343F-585F-430E-B17D-BDD649803605/data/Containers/Bundle/Application/526E8406-59B6-4C05-9D18-38A7EF2F46C7/NayaVedAI.app> (executable, loaded)
	Request       : InfoPlist type: strings
	Result        : None
2026-01-28 16:13:10.399 Db NayaVedAI[63826:20fb26] [com.apple.CFBundle:resources] Resource lookup at CFBundle 0x600003b10000 </Users/shivi.agarwal/Library/Developer/CoreSimulator/Devices/AC7E343F-585F-430E-B17D-BDD649803605/data/Containers/Bundle/Application/526E8406-59B6-4C05-9D18-38A7EF2F46C7/NayaVedAI.app> (executable, loaded)
	Request       : InfoPlist type: stringsdict
	Result        : None
2026-01-28 16:13:10.399 Db NayaVedAI[63826:20fb26] [com.apple.networkextension:] ne_tracker_check_is_hostname_blocked(): hostname localhost is not a tracker. Returning: ne_tracker_status_none
2026-01-28 16:13:10.399 Db NayaVedAI[63826:20fb26] [com.apple.network:connection] nw_endpoint_flow_receive_report [C23 Hostname#b33e072a:8081 in_progress parent-flow (satisfied (Path is satisfied), interface: en0[802.11], uses wifi, LQM: unknown)] received child report: [C23.1 Hostname#b33e072a:8081 waiting path (satisfied (Path is satisfied), interface: en0[802.11], uses wifi, LQM: unknown)]
2026-01-28 16:13:10.399 Df NayaVedAI[63826:20fb26] [com.apple.network:connection] [C23.1 Hostname#b33e072a:8081 waiting path (satisfied (Path is satisfied), interface: en0[802.11], uses wifi, LQM: unknown)] event: path:satisfied @0.001s, uuid: 386429F7-B1C8-43F1-A71C-BFB21653A6E6
2026-01-28 16:13:10.399 Db NayaVedAI[63826:20fb26] [com.apple.network:] nw_endpoint_proxy_handler_should_use_proxy Looking up proxy for hostname: localhost, ifindex: 0
2026-01-28 16:13:10.399 Db NayaVedAI[63826:20fb26] [com.apple.SystemConfiguration:SCPreferences] create <SCPreferences 0x10893c200 [0x1e578fa80]> {name = SCDynamicStoreCopyProxiesWithOptions, id = /Library/Managed Preferences/mobile/com.apple.SystemConfiguration.plist, path = /Library/Managed Preferences/mobile/com.apple.SystemConfiguration.plist}
2026-01-28 16:13:10.399 Db NayaVedAI[63826:20fb26] [com.apple.SystemConfiguration:SCPreferences] SCPreferences() access: /Library/Managed Preferences/mobile/com.apple.SystemConfiguration.plist, size=0
2026-01-28 16:13:10.399 Db NayaVedAI[63826:20fb26] [com.apple.SystemConfiguration:SCPreferences] release <SCPreferences 0x10893c200 [0x1e578fa80]> {name = SCDynamicStoreCopyProxiesWithOptions, id = /Library/Managed Preferences/mobile/com.apple.SystemConfiguration.plist, path = /Library/Managed Preferences/mobile/com.apple.SystemConfiguration.plist, accessed}
2026-01-28 16:13:10.399 Db NayaVedAI[63826:20fb26] [com.apple.network:connection] -[NWConcrete_nw_endpoint_resolver startWithHandler:] [C23.1 Hostname#b33e072a:8081 waiting resolver (satisfied (Path is satisfied), interface: en0[802.11], uses wifi, LQM: unknown)]
2026-01-28 16:13:10.399 Db NayaVedAI[63826:20fb26] [com.apple.network:connection] nw_endpoint_flow_receive_report [C23 Hostname#b33e072a:8081 in_progress parent-flow (satisfied (Path is satisfied), interface: en0[802.11], uses wifi, LQM: unknown)] received child report: [C23.1 Hostname#b33e072a:8081 in_progress resolver (satisfied (Path is satisfied), interface: en0[802.11], uses wifi, LQM: unknown)]
2026-01-28 16:13:10.399 Df NayaVedAI[63826:20fb26] [com.apple.network:connection] [C23.1 Hostname#b33e072a:8081 in_progress resolver (satisfied (Path is satisfied), interface: en0[802.11], uses wifi, LQM: unknown)] event: resolver:start_dns @0.001s
2026-01-28 16:13:10.400 Db NayaVedAI[63826:20fb26] [com.apple.networkextension:] ne_tracker_check_is_hostname_blocked() proceeding with the in_the_app check for hostname: localhost
2026-01-28 16:13:10.400 Db NayaVedAI[63826:20fabf] [com.apple.defaults:User Defaults] looked up value 1 for key RCTI18nUtil_makeRTLFlipLeftAndRightStyles in CFPrefsPlistSource<0x600002c00600> (Domain: com.nayaved.app, User: kCFPreferencesCurrentUser, ByHost: No, Container: (null), Contents Need Refresh: No) via CFPrefsSearchListSource<0x600002c00200> (Domain: com.nayaved.app, Container: (null) Non-launch persona: 0)
2026-01-28 16:13:10.400 Db NayaVedAI[63826:20fb26] [com.apple.CFBundle:resources] Resource lookup at CFBundle 0x600003b10000 </Users/shivi.agarwal/Library/Developer/CoreSimulator/Devices/AC7E343F-585F-430E-B17D-BDD649803605/data/Containers/Bundle/Application/526E8406-59B6-4C05-9D18-38A7EF2F46C7/NayaVedAI.app> (executable, loaded)
	Request       : InfoPlist type: strings
	Result        : None
2026-01-28 16:13:10.400 Db NayaVedAI[63826:20fabf] [com.apple.defaults:User Defaults] looked up value 1 for key RCTI18nUtil_makeRTLFlipLeftAndRightStyles in CFPrefsPlistSource<0x600002c00600> (Domain: com.nayaved.app, User: kCFPreferencesCurrentUser, ByHost: No, Container: (null), Contents Need Refresh: No) via CFPrefsSearchListSource<0x600002c00200> (Domain: com.nayaved.app, Container: (null) Non-launch persona: 0)
2026-01-28 16:13:10.400 Db NayaVedAI[63826:20fabf] [com.apple.defaults:User Defaults] looked up value 1 for key RCTI18nUtil_makeRTLFlipLeftAndRightStyles in CFPrefsPlistSource<0x600002c00600> (Domain: com.nayaved.app, User: kCFPreferencesCurrentUser, ByHost: No, Container: (null), Contents Need Refresh: No) via CFPrefsSearchListSource<0x600002c00200> (Domain: com.nayaved.app, Container: (null) Non-launch persona: 0)
2026-01-28 16:13:10.400 Db NayaVedAI[63826:20fb26] [com.apple.CFBundle:resources] Resource lookup at CFBundle 0x600003b10000 </Users/shivi.agarwal/Library/Developer/CoreSimulator/Devices/AC7E343F-585F-430E-B17D-BDD649803605/data/Containers/Bundle/Application/526E8406-59B6-4C05-9D18-38A7EF2F46C7/NayaVedAI.app> (executable, loaded)
	Request       : InfoPlist type: stringsdict
	Result        : None
2026-01-28 16:13:10.400 Db NayaVedAI[63826:20fb26] [com.apple.networkextension:] ne_tracker_check_is_hostname_blocked(): hostname localhost is not a tracker. Returning: ne_tracker_status_none
2026-01-28 16:13:10.400 I  NayaVedAI[63826:20fb26] [com.apple.network:connection] nw_resolver_create_dns_service_locked [C23.1] Starting host resolution Hostname#b33e072a:8081, flags 0xc000d000 proto 0
2026-01-28 16:13:10.400 Df NayaVedAI[63826:20fb26] [com.apple.CFNetwork:Default] Task <CDF12DD7-B225-41F3-A0D2-6EF43CA0B49D>.<2> setting up Connection 23
2026-01-28 16:13:10.400 Db NayaVedAI[63826:20fb26] [com.apple.network:activity] Returning should log: 0 for activity cfnetwork:foreground_task
2026-01-28 16:13:10.400 I  NayaVedAI[63826:20fb26] [com.apple.network:connection] nw_resolver_host_resolve_callback [C23.1] flags=0x40000003 ifindex=4294967295 error=NoError(0) hostname=localhost. addr=IPv6#42e9e5e9 ttl=1
2026-01-28 16:13:10.400 I  NayaVedAI[63826:20fb26] [com.apple.network:connection] nw_resolver_host_resolve_callback [C23.1] flags=0x40000002 ifindex=4294967295 error=NoError(0) hostname=localhost. addr=IPv4#075c8fe9 ttl=1
2026-01-28 16:13:10.400 Db NayaVedAI[63826:20fb26] [com.apple.network:] sa_dst_compare_rfc6724 Rule 6, prefer d2, d2 precedence 50 > d1 precedence 35
2026-01-28 16:13:10.400 Db NayaVedAI[63826:20fb26] [com.apple.network:] sa_dst_compare_internal <private>@0 < <private>@0
2026-01-28 16:13:10.400 I  NayaVedAI[63826:20fb26] [com.apple.network:connection] nw_resolver_create_prefer_connected_variant [C23.1] Prefer Connected: IPv6#9530c712.8081 is already the first endpoint
2026-01-28 16:13:10.400 Df NayaVedAI[63826:20fb26] [com.apple.CFNetwork:Default] Task <2151E7B9-DDB6-4E6A-B977-C295F1D3A8AB>.<1> received response, status 200 content K
2026-01-28 16:13:10.400 Db NayaVedAI[63826:20fb26] [com.apple.network:connection] nw_connection_modify_estimated_bytes_block_invoke [C22] Incremented estimated bytes to receive by 187, total now 187
2026-01-28 16:13:10.400 Db NayaVedAI[63826:20fb26] [com.apple.network:connection] nw_connection_modify_estimated_bytes_block_invoke [C22] Using lower threshold 12582912, upper threshold 31457280
2026-01-28 16:13:10.400 Df NayaVedAI[63826:20fb26] [com.apple.CFNetwork:Default] Task <2151E7B9-DDB6-4E6A-B977-C295F1D3A8AB>.<1> response ended
2026-01-28 16:13:10.400 Df NayaVedAI[63826:20fb26] [com.apple.CFNetwork:Default] Task <2151E7B9-DDB6-4E6A-B977-C295F1D3A8AB>.<1> done using Connection 22
2026-01-28 16:13:10.400 Db NayaVedAI[63826:20fb26] [com.apple.network:activity] Returning should log: 0 for activity cfnetwork:foreground_task
2026-01-28 16:13:10.400 Db NayaVedAI[63826:20fb26] [com.apple.CFNetwork:Default] Connection 22: set is idle true
2026-01-28 16:13:10.400 Df NayaVedAI[63826:20fb26] [com.apple.network:connection] [C22] event: client:connection_idle @0.010s
2026-01-28 16:13:10.400 I  NayaVedAI[63826:20fb26] [com.apple.network:connection] nw_endpoint_handler_report_connection_idle [C22 IPv6#9530c712.8081 ready parent-flow (satisfied (Path is satisfied), interface: en0[802.11], uses wifi, LQM: unknown)] Reporting connection idle to protocols
2026-01-28 16:13:10.400 I  NayaVedAI[63826:20fb26] [com.apple.network:connection] nw_flow_passthrough_notify [C22.1.1 IPv6#9530c712.8081 ready socket-flow (satisfied (Path is satisfied), interface: lo0)] received notification connection_idle
2026-01-28 16:13:10.400 Df NayaVedAI[63826:20fb26] [com.apple.network:connection] nw_protocol_socket_notify [C22.1.1:2] nw_protocol_notification_type_connection_idle is true
2026-01-28 16:13:10.400 Db NayaVedAI[63826:20fb26] [com.apple.CFNetwork:Default] Connection 22: set is idle true
2026-01-28 16:13:10.400 Df NayaVedAI[63826:20fef8] [com.apple.CFNetwork:Summary] Task <2151E7B9-DDB6-4E6A-B977-C295F1D3A8AB>.<1> summary for task success {transaction_duration_ms=10, response_status=200, connection=22, protocol="http/1.1", domain_lookup_duration_ms=1, connect_duration_ms=0, secure_connection_duration_ms=0, private_relay=false, request_start_ms=6, request_duration_ms=0, response_start_ms=10, response_duration_ms=0, request_bytes=370, request_throughput_kbps=40572, response_bytes=498, response_throughput_kbps=22505, cache_hit=false}
2026-01-28 16:13:10.400 Df NayaVedAI[63826:20fb26] [com.apple.network:connection] [C22] event: client:connection_idle @0.010s
2026-01-28 16:13:10.400 I  NayaVedAI[63826:20fb26] [com.apple.network:connection] nw_endpoint_handler_report_connection_idle [C22 IPv6#9530c712.8081 ready parent-flow (satisfied (Path is satisfied), interface: en0[802.11], uses wifi, LQM: unknown)] Reporting connection idle to protocols
2026-01-28 16:13:10.400 Df NayaVedAI[63826:20fef8] [com.apple.CFNetwork:Default] Task <2151E7B9-DDB6-4E6A-B977-C295F1D3A8AB>.<1> finished successfully
2026-01-28 16:13:10.400 I  NayaVedAI[63826:20fb26] [com.apple.network:connection] nw_flow_passthrough_notify [C22.1.1 IPv6#9530c712.8081 ready socket-flow (satisfied (Path is satisfied), interface: lo0)] received notification connection_idle
2026-01-28 16:13:10.401 Db NayaVedAI[63826:20fef8] [com.apple.network:activity] Returning should log: 0 for activity cfnetwork:foreground_task
2026-01-28 16:13:10.401 Df NayaVedAI[63826:20fb26] [com.apple.network:connection] nw_protocol_socket_notify [C22.1.1:2] nw_protocol_notification_type_connection_idle is true
2026-01-28 16:13:10.401 Db NayaVedAI[63826:20fef8] [com.apple.network:activity] Returning should log: 0 for activity cfnetwork:foreground_task
2026-01-28 16:13:10.401 Db NayaVedAI[63826:20fef8] [com.apple.network:activity] No threshold for cfnetwork:foreground_task, returning NW_ACTIVITY_DURATION_INVALID
2026-01-28 16:13:10.401 Db NayaVedAI[63826:20fb26] [com.apple.network:connection] nw_endpoint_resolver_update [C23.1 Hostname#b33e072a:8081 in_progress resolver (satisfied (Path is satisfied), interface: en0[802.11], uses wifi, LQM: unknown)] resolver is complete
2026-01-28 16:13:10.401 Db NayaVedAI[63826:20fef8] [com.apple.network:activity] No threshold for activity <nw_activity 12:2 [31839435-6B0B-4663-BCC4-984E593ED504] (reporting strategy default) complete (reason success)>
2026-01-28 16:13:10.401 Df NayaVedAI[63826:20fb26] [com.apple.network:connection] nw_endpoint_resolver_update [C23.1 Hostname#b33e072a:8081 in_progress resolver (satisfied (Path is satisfied), interface: en0[802.11], uses wifi, LQM: unknown)] Adding endpoint handler for IPv6#9530c712.8081
2026-01-28 16:13:10.401 Df NayaVedAI[63826:20fb26] [com.apple.network:connection] nw_endpoint_resolver_update [C23.1 Hostname#b33e072a:8081 in_progress resolver (satisfied (Path is satisfied), interface: en0[802.11], uses wifi, LQM: unknown)] Adding endpoint handler for IPv4#eafe643d:8081
2026-01-28 16:13:10.401 Db NayaVedAI[63826:20fb26] [com.apple.network:connection] nw_endpoint_resolver_update [C23.1 Hostname#b33e072a:8081 in_progress resolver (satisfied (Path is satisfied), interface: en0[802.11], uses wifi, LQM: unknown)] Updated endpoint list is (IPv6#9530c712.8081,IPv4#eafe643d:8081)
2026-01-28 16:13:10.402 Db NayaVedAI[63826:20fb26] [com.apple.network:connection] nw_endpoint_flow_receive_report [C23 Hostname#b33e072a:8081 in_progress parent-flow (satisfied (Path is satisfied), interface: en0[802.11], uses wifi, LQM: unknown)] received child report: [C23.1 Hostname#b33e072a:8081 in_progress resolver (satisfied (Path is satisfied), interface: en0[802.11], uses wifi, LQM: unknown)]
2026-01-28 16:13:10.402 Df NayaVedAI[63826:20fb26] [com.apple.network:connection] [C23.1 Hostname#b33e072a:8081 in_progress resolver (satisfied (Path is satisfied), interface: en0[802.11], uses wifi, LQM: unknown)] event: resolver:receive_dns @0.004s
2026-01-28 16:13:10.402 I  NayaVedAI[63826:20fb26] [com.apple.network:connection] nw_endpoint_resolver_start_next_child [C23.1 Hostname#b33e072a:8081 in_progress resolver (satisfied (Path is satisfied), interface: en0[802.11], uses wifi, LQM: unknown)] starting child endpoint IPv6#9530c712.8081
2026-01-28 16:13:10.402 I  NayaVedAI[63826:20fb26] [com.apple.network:connection] nw_endpoint_handler_start [C23.1.1 IPv6#9530c712.8081 initial path ((null))]
2026-01-28 16:13:10.402 Db NayaVedAI[63826:20fb26] [com.apple.network:connection] nw_endpoint_resolver_receive_report [C23.1 Hostname#b33e072a:8081 in_progress resolver (satisfied (Path is satisfied), interface: en0[802.11], uses wifi, LQM: unknown)] received child report: [C23.1.1 IPv6#9530c712.8081 initial path ((null))]
2026-01-28 16:13:10.402 Db NayaVedAI[63826:20fb26] [com.apple.network:connection] nw_endpoint_flow_receive_report [C23 Hostname#b33e072a:8081 in_progress parent-flow (satisfied (Path is satisfied), interface: en0[802.11], uses wifi, LQM: unknown)] received child report: [C23.1.1 IPv6#9530c712.8081 initial path ((null))]
2026-01-28 16:13:10.402 Df NayaVedAI[63826:20fb26] [com.apple.network:connection] [C23.1.1 IPv6#9530c712.8081 initial path ((null))] event: path:start @0.004s
2026-01-28 16:13:10.402 Db NayaVedAI[63826:20fb26] [com.apple.network:connection] nw_endpoint_handler_path_change [C23.1.1 IPv6#9530c712.8081 waiting path (satisfied (Path is satisfied), interface: lo0)]
2026-01-28 16:13:10.402 Db NayaVedAI[63826:20fb26] [com.apple.network:connection] nw_endpoint_resolver_receive_report [C23.1 Hostname#b33e072a:8081 in_progress resolver (satisfied (Path is satisfied), interface: en0[802.11], uses wifi, LQM: unknown)] received child report: [C23.1.1 IPv6#9530c712.8081 waiting path (satisfied (Path is satisfied), interface: lo0)]
2026-01-28 16:13:10.402 Db NayaVedAI[63826:20fb26] [com.apple.network:connection] nw_endpoint_flow_receive_report [C23 Hostname#b33e072a:8081 in_progress parent-flow (satisfied (Path is satisfied), interface: en0[802.11], uses wifi, LQM: unknown)] received child report: [C23.1.1 IPv6#9530c712.8081 waiting path (satisfied (Path is satisfied), interface: lo0)]
2026-01-28 16:13:10.402 Df NayaVedAI[63826:20fb26] [com.apple.network:connection] [C23.1.1 IPv6#9530c712.8081 waiting path (satisfied (Path is satisfied), interface: lo0)] event: path:satisfied @0.004s, uuid: 8078F9F4-3766-4F0F-8553-C4DE37FC3145
2026-01-28 16:13:10.402 Db NayaVedAI[63826:20fb26] [com.apple.network:] nw_endpoint_proxy_handler_should_use_proxy Looking up proxy for hostname: <nil>, ifindex: 0
2026-01-28 16:13:10.402 Db NayaVedAI[63826:20fb26] [com.apple.SystemConfiguration:SCPreferences] create <SCPreferences 0x108cbf3c0 [0x1e578fa80]> {name = SCDynamicStoreCopyProxiesWithOptions, id = /Library/Managed Preferences/mobile/com.apple.SystemConfiguration.plist, path = /Library/Managed Preferences/mobile/com.apple.SystemConfiguration.plist}
2026-01-28 16:13:10.402 Db NayaVedAI[63826:20fb26] [com.apple.SystemConfiguration:SCPreferences] SCPreferences() access: /Library/Managed Preferences/mobile/com.apple.SystemConfiguration.plist, size=0
2026-01-28 16:13:10.402 Db NayaVedAI[63826:20fb26] [com.apple.SystemConfiguration:SCPreferences] release <SCPreferences 0x108cbf3c0 [0x1e578fa80]> {name = SCDynamicStoreCopyProxiesWithOptions, id = /Library/Managed Preferences/mobile/com.apple.SystemConfiguration.plist, path = /Library/Managed Preferences/mobile/com.apple.SystemConfiguration.plist, accessed}
2026-01-28 16:13:10.402 I  NayaVedAI[63826:20fb26] [com.apple.network:connection] nw_association_create_flow <nw_association IPv6#9530c712.8081> Added association flow ID 5E237501-5AAE-4A4B-BA13-B2D48EDBFBFE
2026-01-28 16:13:10.402 I  NayaVedAI[63826:20fb26] [com.apple.network:connection] nw_endpoint_flow_setup_protocols [C23.1.1 IPv6#9530c712.8081 in_progress socket-flow (satisfied (Path is satisfied), interface: lo0)] setup flow id 5E237501-5AAE-4A4B-BA13-B2D48EDBFBFE
2026-01-28 16:13:10.402 Db NayaVedAI[63826:20fb26] [com.apple.network:connection] nw_endpoint_flow_attach_protocols [C23.1.1 IPv6#9530c712.8081 in_progress socket-flow (satisfied (Path is satisfied), interface: lo0)]
2026-01-28 16:13:10.402 Db NayaVedAI[63826:20fb26] [com.apple.network:connection] nw_endpoint_flow_attach_protocols_block_invoke [C23.1.1 IPv6#9530c712.8081 in_progress socket-flow (satisfied (Path is satisfied), interface: lo0)] Attached application protocol: CFNetworkConnection-1110212295
2026-01-28 16:13:10.402 Db NayaVedAI[63826:20fb26] [com.apple.network:] nw_fd_wrapper_create Created <fd_wrapper 25, guarded: false>
2026-01-28 16:13:10.402 Db NayaVedAI[63826:20fb26] [com.apple.network:connection] nw_endpoint_flow_attach_protocols [C23.1.1 IPv6#9530c712.8081 in_progress socket-flow (satisfied (Path is satisfied), interface: lo0)] Attached socket protocol
