2026-01-28 16:14:07.865 Db NayaVedAI[63826:20fb62] [com.apple.network:connection] -[NWConcrete_nw_endpoint_resolver startWithHandler:] [C110.1 Hostname#b33e072a:8081 waiting resolver (satisfied (Path is satisfied), interface: en0[802.11], uses wifi, LQM: unknown)]
2026-01-28 16:14:07.865 Db NayaVedAI[63826:20fb62] [com.apple.network:connection] nw_endpoint_flow_receive_report [C110 Hostname#b33e072a:8081 in_progress parent-flow (satisfied (Path is satisfied), interface: en0[802.11], uses wifi, LQM: unknown)] received child report: [C110.1 Hostname#b33e072a:8081 in_progress resolver (satisfied (Path is satisfied), interface: en0[802.11], uses wifi, LQM: unknown)]
2026-01-28 16:14:07.865 Df NayaVedAI[63826:20fb62] [com.apple.network:connection] [C110.1 Hostname#b33e072a:8081 in_progress resolver (satisfied (Path is satisfied), interface: en0[802.11], uses wifi, LQM: unknown)] event: resolver:start_dns @0.001s
2026-01-28 16:14:07.868 Db NayaVedAI[63826:20fb62] [com.apple.networkextension:] ne_tracker_check_is_hostname_blocked() proceeding with the in_the_app check for hostname: localhost
2026-01-28 16:14:07.868 Db NayaVedAI[63826:20fb62] [com.apple.CFBundle:resources] Resource lookup at CFBundle 0x600003b10000 </Users/shivi.agarwal/Library/Developer/CoreSimulator/Devices/AC7E343F-585F-430E-B17D-BDD649803605/data/Containers/Bundle/Application/526E8406-59B6-4C05-9D18-38A7EF2F46C7/NayaVedAI.app> (executable, loaded)
	Request       : InfoPlist type: strings
	Result        : None
2026-01-28 16:14:07.868 Db NayaVedAI[63826:20fb62] [com.apple.CFBundle:resources] Resource lookup at CFBundle 0x600003b10000 </Users/shivi.agarwal/Library/Developer/CoreSimulator/Devices/AC7E343F-585F-430E-B17D-BDD649803605/data/Containers/Bundle/Application/526E8406-59B6-4C05-9D18-38A7EF2F46C7/NayaVedAI.app> (executable, loaded)
	Request       : InfoPlist type: stringsdict
	Result        : None
2026-01-28 16:14:07.868 Db NayaVedAI[63826:20fb62] [com.apple.networkextension:] ne_tracker_check_is_hostname_blocked(): hostname localhost is not a tracker. Returning: ne_tracker_status_none
2026-01-28 16:14:07.869 I  NayaVedAI[63826:20fb62] [com.apple.network:connection] nw_resolver_create_dns_service_locked [C110.1] Starting host resolution Hostname#b33e072a:8081, flags 0xc000d000 proto 0
2026-01-28 16:14:07.869 Df NayaVedAI[63826:20fb62] [com.apple.CFNetwork:Default] Task <8848C1A9-821A-4F68-BEF0-A5AD4C46C2A9>.<1> setting up Connection 110
2026-01-28 16:14:07.869 Db NayaVedAI[63826:20fb62] [com.apple.network:activity] Returning should log: 0 for activity cfnetwork:foreground_task
2026-01-28 16:14:07.869 I  NayaVedAI[63826:20fb62] [com.apple.network:connection] nw_resolver_host_resolve_callback [C110.1] flags=0x40000003 ifindex=4294967295 error=NoError(0) hostname=localhost. addr=IPv6#42e9e5e9 ttl=1
2026-01-28 16:14:07.869 I  NayaVedAI[63826:20fb62] [com.apple.network:connection] nw_resolver_host_resolve_callback [C110.1] flags=0x40000002 ifindex=4294967295 error=NoError(0) hostname=localhost. addr=IPv4#075c8fe9 ttl=1
2026-01-28 16:14:07.869 Db NayaVedAI[63826:20fb62] [com.apple.network:] sa_dst_compare_rfc6724 Rule 6, prefer d2, d2 precedence 50 > d1 precedence 35
2026-01-28 16:14:07.869 Db NayaVedAI[63826:20fb62] [com.apple.network:] sa_dst_compare_internal <private>@0 < <private>@0
2026-01-28 16:14:07.869 Db NayaVedAI[63826:20fb62] [com.apple.network:connection] nw_endpoint_resolver_update [C110.1 Hostname#b33e072a:8081 in_progress resolver (satisfied (Path is satisfied), interface: en0[802.11], uses wifi, LQM: unknown)] resolver is complete
2026-01-28 16:14:07.869 Df NayaVedAI[63826:20fb62] [com.apple.network:connection] nw_endpoint_resolver_update [C110.1 Hostname#b33e072a:8081 in_progress resolver (satisfied (Path is satisfied), interface: en0[802.11], uses wifi, LQM: unknown)] Adding endpoint handler for IPv6#9530c712.8081
2026-01-28 16:14:07.869 Df NayaVedAI[63826:20fb62] [com.apple.network:connection] nw_endpoint_resolver_update [C110.1 Hostname#b33e072a:8081 in_progress resolver (satisfied (Path is satisfied), interface: en0[802.11], uses wifi, LQM: unknown)] Adding endpoint handler for IPv4#eafe643d:8081
2026-01-28 16:14:07.869 Db NayaVedAI[63826:20fb62] [com.apple.network:connection] nw_endpoint_resolver_update [C110.1 Hostname#b33e072a:8081 in_progress resolver (satisfied (Path is satisfied), interface: en0[802.11], uses wifi, LQM: unknown)] Updated endpoint list is (IPv6#9530c712.8081,IPv4#eafe643d:8081)
2026-01-28 16:14:07.869 Db NayaVedAI[63826:20fb62] [com.apple.network:connection] nw_endpoint_flow_receive_report [C110 Hostname#b33e072a:8081 in_progress parent-flow (satisfied (Path is satisfied), interface: en0[802.11], uses wifi, LQM: unknown)] received child report: [C110.1 Hostname#b33e072a:8081 in_progress resolver (satisfied (Path is satisfied), interface: en0[802.11], uses wifi, LQM: unknown)]
2026-01-28 16:14:07.869 Df NayaVedAI[63826:20fb62] [com.apple.network:connection] [C110.1 Hostname#b33e072a:8081 in_progress resolver (satisfied (Path is satisfied), interface: en0[802.11], uses wifi, LQM: unknown)] event: resolver:receive_dns @0.005s
2026-01-28 16:14:07.869 I  NayaVedAI[63826:20fb62] [com.apple.network:connection] nw_endpoint_resolver_start_next_child [C110.1 Hostname#b33e072a:8081 in_progress resolver (satisfied (Path is satisfied), interface: en0[802.11], uses wifi, LQM: unknown)] starting child endpoint IPv6#9530c712.8081
2026-01-28 16:14:07.869 I  NayaVedAI[63826:20fb62] [com.apple.network:connection] nw_endpoint_handler_start [C110.1.1 IPv6#9530c712.8081 initial path ((null))]
2026-01-28 16:14:07.869 Db NayaVedAI[63826:20fb62] [com.apple.network:connection] nw_endpoint_resolver_receive_report [C110.1 Hostname#b33e072a:8081 in_progress resolver (satisfied (Path is satisfied), interface: en0[802.11], uses wifi, LQM: unknown)] received child report: [C110.1.1 IPv6#9530c712.8081 initial path ((null))]
2026-01-28 16:14:07.869 Db NayaVedAI[63826:20fb62] [com.apple.network:connection] nw_endpoint_flow_receive_report [C110 Hostname#b33e072a:8081 in_progress parent-flow (satisfied (Path is satisfied), interface: en0[802.11], uses wifi, LQM: unknown)] received child report: [C110.1.1 IPv6#9530c712.8081 initial path ((null))]
2026-01-28 16:14:07.869 Df NayaVedAI[63826:20fb62] [com.apple.network:connection] [C110.1.1 IPv6#9530c712.8081 initial path ((null))] event: path:start @0.006s
2026-01-28 16:14:07.869 Db NayaVedAI[63826:20fb62] [com.apple.network:connection] nw_endpoint_handler_path_change [C110.1.1 IPv6#9530c712.8081 waiting path (satisfied (Path is satisfied), interface: lo0)]
2026-01-28 16:14:07.869 Db NayaVedAI[63826:20fb62] [com.apple.network:connection] nw_endpoint_resolver_receive_report [C110.1 Hostname#b33e072a:8081 in_progress resolver (satisfied (Path is satisfied), interface: en0[802.11], uses wifi, LQM: unknown)] received child report: [C110.1.1 IPv6#9530c712.8081 waiting path (satisfied (Path is satisfied), interface: lo0)]
2026-01-28 16:14:07.869 Db NayaVedAI[63826:20fb62] [com.apple.network:connection] nw_endpoint_flow_receive_report [C110 Hostname#b33e072a:8081 in_progress parent-flow (satisfied (Path is satisfied), interface: en0[802.11], uses wifi, LQM: unknown)] received child report: [C110.1.1 IPv6#9530c712.8081 waiting path (satisfied (Path is satisfied), interface: lo0)]
2026-01-28 16:14:07.869 Df NayaVedAI[63826:20fb62] [com.apple.network:connection] [C110.1.1 IPv6#9530c712.8081 waiting path (satisfied (Path is satisfied), interface: lo0)] event: path:satisfied @0.006s, uuid: 0D5D079D-7144-4795-B312-155D1A8327F5
2026-01-28 16:14:07.869 Db NayaVedAI[63826:20fb62] [com.apple.network:] nw_endpoint_proxy_handler_should_use_proxy Looking up proxy for hostname: <nil>, ifindex: 0
2026-01-28 16:14:07.869 Db NayaVedAI[63826:20fb62] [com.apple.SystemConfiguration:SCPreferences] create <SCPreferences 0x10bb2d830 [0x1e578fa80]> {name = SCDynamicStoreCopyProxiesWithOptions, id = /Library/Managed Preferences/mobile/com.apple.SystemConfiguration.plist, path = /Library/Managed Preferences/mobile/com.apple.SystemConfiguration.plist}
2026-01-28 16:14:07.869 Db NayaVedAI[63826:20fb62] [com.apple.SystemConfiguration:SCPreferences] SCPreferences() access: /Library/Managed Preferences/mobile/com.apple.SystemConfiguration.plist, size=0
2026-01-28 16:14:07.869 Db NayaVedAI[63826:20fb62] [com.apple.SystemConfiguration:SCPreferences] release <SCPreferences 0x10bb2d830 [0x1e578fa80]> {name = SCDynamicStoreCopyProxiesWithOptions, id = /Library/Managed Preferences/mobile/com.apple.SystemConfiguration.plist, path = /Library/Managed Preferences/mobile/com.apple.SystemConfiguration.plist, accessed}
2026-01-28 16:14:07.870 I  NayaVedAI[63826:20fb62] [com.apple.network:connection] nw_association_create_flow <nw_association IPv6#9530c712.8081> Added association flow ID 334A6463-C878-4CEC-84D7-895E97B17EAF
2026-01-28 16:14:07.870 I  NayaVedAI[63826:20fb62] [com.apple.network:connection] nw_endpoint_flow_setup_protocols [C110.1.1 IPv6#9530c712.8081 in_progress socket-flow (satisfied (Path is satisfied), interface: lo0)] setup flow id 334A6463-C878-4CEC-84D7-895E97B17EAF
2026-01-28 16:14:07.870 Db NayaVedAI[63826:20fb62] [com.apple.network:connection] nw_endpoint_flow_attach_protocols [C110.1.1 IPv6#9530c712.8081 in_progress socket-flow (satisfied (Path is satisfied), interface: lo0)]
2026-01-28 16:14:07.870 Db NayaVedAI[63826:20fb62] [com.apple.network:connection] nw_endpoint_flow_attach_protocols_block_invoke [C110.1.1 IPv6#9530c712.8081 in_progress socket-flow (satisfied (Path is satisfied), interface: lo0)] Attached application protocol: CFNetworkConnection-1110212295
2026-01-28 16:14:07.870 Db NayaVedAI[63826:20fb62] [com.apple.network:] nw_fd_wrapper_create Created <fd_wrapper 24, guarded: false>
2026-01-28 16:14:07.870 Db NayaVedAI[63826:20fb62] [com.apple.network:connection] nw_endpoint_flow_attach_protocols [C110.1.1 IPv6#9530c712.8081 in_progress socket-flow (satisfied (Path is satisfied), interface: lo0)] Attached socket protocol
2026-01-28 16:14:07.870 Db NayaVedAI[63826:20fb62] [com.apple.network:connection] nw_endpoint_flow_setup_protocols [C110.1.1 IPv6#9530c712.8081 in_progress socket-flow (satisfied (Path is satisfied), interface: lo0)] leaf flow starting
2026-01-28 16:14:07.870 Db NayaVedAI[63826:20fb62] [com.apple.network:connection] nw_endpoint_resolver_receive_report [C110.1 Hostname#b33e072a:8081 in_progress resolver (satisfied (Path is satisfied), interface: en0[802.11], uses wifi, LQM: unknown)] received child report: [C110.1.1 IPv6#9530c712.8081 in_progress socket-flow (satisfied (Path is satisfied), interface: lo0)]
2026-01-28 16:14:07.870 Db NayaVedAI[63826:20fb62] [com.apple.network:connection] nw_endpoint_flow_receive_report [C110 Hostname#b33e072a:8081 in_progress parent-flow (satisfied (Path is satisfied), interface: en0[802.11], uses wifi, LQM: unknown)] received child report: [C110.1.1 IPv6#9530c712.8081 in_progress socket-flow (satisfied (Path is satisfied), interface: lo0)]
2026-01-28 16:14:07.870 Df NayaVedAI[63826:20fb62] [com.apple.network:connection] [C110.1.1 IPv6#9530c712.8081 in_progress socket-flow (satisfied (Path is satisfied), interface: lo0)] event: flow:start_connect @0.006s
2026-01-28 16:14:07.870 I  NayaVedAI[63826:20fb62] [com.apple.network:connection] nw_endpoint_resolver_start_next_child [C110.1 Hostname#b33e072a:8081 in_progress resolver (satisfied (Path is satisfied), interface: en0[802.11], uses wifi, LQM: unknown)] starting next child endpoint in 100ms
2026-01-28 16:14:07.870 Db NayaVedAI[63826:20fb26] [com.apple.network:connection] nw_socket_handle_socket_event [C110.1.1:2] Event mask: 0x800
2026-01-28 16:14:07.870 Df NayaVedAI[63826:20fb26] [com.apple.network:connection] nw_socket_handle_socket_event [C110.1.1:2] Socket received CONNECTED event
2026-01-28 16:14:07.870 Db NayaVedAI[63826:20fb26] [com.apple.network:connection] nw_socket_setup_notsent_lowat [C110.1.1:2] Set TCP_NOTSENT_LOWAT(16384)
2026-01-28 16:14:07.870 Df NayaVedAI[63826:20fb26] [com.apple.network:connection] nw_flow_connected [C110.1.1 IPv6#9530c712.8081 in_progress socket-flow (satisfied (Path is satisfied), interface: lo0)] Transport protocol connected (socket)
2026-01-28 16:14:07.870 Db NayaVedAI[63826:20fb26] [com.apple.network:connection] nw_endpoint_resolver_receive_report [C110.1 Hostname#b33e072a:8081 in_progress resolver (satisfied (Path is satisfied), interface: en0[802.11], uses wifi, LQM: unknown)] received child report: [C110.1.1 IPv6#9530c712.8081 in_progress socket-flow (satisfied (Path is satisfied), interface: lo0)]
2026-01-28 16:14:07.870 Db NayaVedAI[63826:20fb26] [com.apple.network:connection] nw_endpoint_flow_receive_report [C110 Hostname#b33e072a:8081 in_progress parent-flow (satisfied (Path is satisfied), interface: en0[802.11], uses wifi, LQM: unknown)] received child report: [C110.1.1 IPv6#9530c712.8081 in_progress socket-flow (satisfied (Path is satisfied), interface: lo0)]
2026-01-28 16:14:07.870 Df NayaVedAI[63826:20fb62] [com.apple.CFNetwork:Default] Task <92016268-3F6E-4FD0-ACE1-216C1D8E0B04>.<2> resuming, timeouts(0.0, 604800.0) qos(0x19) voucher((null)) activity(00000000-0000-0000-0000-000000000000)
2026-01-28 16:14:07.870 Df NayaVedAI[63826:20fb26] [com.apple.network:connection] [C110.1.1 IPv6#9530c712.8081 in_progress socket-flow (satisfied (Path is satisfied), interface: lo0)] event: flow:finish_transport @0.007s
2026-01-28 16:14:07.870 Db NayaVedAI[63826:20fb62] [com.apple.network:activity] Returning should log: 0 for activity cfnetwork:foreground_task
2026-01-28 16:14:07.870 Db NayaVedAI[63826:20fb62] [com.apple.network:activity] Domain cfnetwork rate configured in registry as 1 / 20000
2026-01-28 16:14:07.870 I  NayaVedAI[63826:20fb26] [com.apple.network:connection] nw_endpoint_resolver_receive_report [C110.1 Hostname#b33e072a:8081 in_progress resolver (satisfied (Path is satisfied), interface: en0[802.11], uses wifi, LQM: unknown)] pushing out endpoint race by 2000ms
2026-01-28 16:14:07.871 Df NayaVedAI[63826:20fb26] [com.apple.network:connection] nw_flow_connected [C110.1.1 IPv6#9530c712.8081 in_progress socket-flow (satisfied (Path is satisfied), interface: lo0)] Output protocol connected (CFNetworkConnection-1110212295)
2026-01-28 16:14:07.870 Db NayaVedAI[63826:20fb62] [com.apple.network:activity] Domain cfnetwork rate configured after remote default override as 1 / 20000
2026-01-28 16:14:07.871 Db NayaVedAI[63826:20fb62] [com.apple.network:activity] After reading settings plist, domain cfnetwork rate configured as 1 / 2000000
2026-01-28 16:14:07.871 Db NayaVedAI[63826:20fb62] [com.apple.network:activity] After settings override, domain cfnetwork rate configured as 1 / 2000000
2026-01-28 16:14:07.871 Db NayaVedAI[63826:20fb62] [com.apple.network:activity] Final domain cfnetwork rate configured as 1 / 2000000
2026-01-28 16:14:07.871 Db NayaVedAI[63826:20fb62] [com.apple.network:activity] <nw_activity 12:2 [No UUID] (reporting strategy default)> sampled at 1 / 2000000
2026-01-28 16:14:07.871 Db NayaVedAI[63826:20fb62] [com.apple.network:activity] Returning should log: 0 for activity cfnetwork:foreground_task
2026-01-28 16:14:07.871 Db NayaVedAI[63826:20fb62] [com.apple.network:activity] Returning should log: 0 for activity cfnetwork:foreground_task
2026-01-28 16:14:07.871 Db NayaVedAI[63826:20fb26] [com.apple.network:connection] nw_endpoint_flow_connected_path_change [C110.1.1 IPv6#9530c712.8081 ready socket-flow (satisfied (Path is satisfied), interface: lo0)]
2026-01-28 16:14:07.871 Db NayaVedAI[63826:20fb62] [com.apple.CFNetwork:Default] [Telemetry]: Activity <nw_activity 12:2 [691DF1DC-3902-4088-9D8E-A48191865686] (reporting strategy default)> on Task <92016268-3F6E-4FD0-ACE1-216C1D8E0B04>.<2> was not selected for reporting
2026-01-28 16:14:07.871 I  NayaVedAI[63826:20fb26] [com.apple.network:connection] nw_endpoint_flow_connected_path_change [C110.1.1 IPv6#9530c712.8081 ready socket-flow (satisfied (Path is satisfied), interface: lo0)] Connected path is satisfied, not viable
2026-01-28 16:14:07.871 Db NayaVedAI[63826:20fb26] [com.apple.network:connection] nw_endpoint_resolver_receive_report [C110.1 Hostname#b33e072a:8081 in_progress resolver (satisfied (Path is satisfied), interface: en0[802.11], uses wifi, LQM: unknown)] received child report: [C110.1.1 IPv6#9530c712.8081 ready socket-flow (satisfied (Path is satisfied), interface: lo0)]
2026-01-28 16:14:07.871 Db NayaVedAI[63826:20fb26] [com.apple.network:connection] nw_endpoint_flow_receive_report [C110 Hostname#b33e072a:8081 in_progress parent-flow (satisfied (Path is satisfied), interface: en0[802.11], uses wifi, LQM: unknown)] received child report: [C110.1.1 IPv6#9530c712.8081 ready socket-flow (satisfied (Path is satisfied), interface: lo0)]
2026-01-28 16:14:07.871 Df NayaVedAI[63826:20fb26] [com.apple.network:connection] [C110.1.1 IPv6#9530c712.8081 ready socket-flow (satisfied (Path is satisfied), interface: lo0)] event: flow:child_finish_connect @0.007s
2026-01-28 16:14:07.871 Db NayaVedAI[63826:20fb26] [com.apple.network:connection] nw_endpoint_flow_receive_report [C110 IPv6#9530c712.8081 in_progress parent-flow (satisfied (Path is satisfied), interface: en0[802.11], uses wifi, LQM: unknown)] connecting endpoint_flow to child's shared protocol
2026-01-28 16:14:07.871 Db NayaVedAI[63826:20fb26] [com.apple.network:connection] nw_endpoint_flow_setup_protocols [C110 IPv6#9530c712.8081 in_progress parent-flow (satisfied (Path is satisfied), interface: en0[802.11], uses wifi, LQM: unknown)] already set up
2026-01-28 16:14:07.871 Db NayaVedAI[63826:20fb26] [com.apple.network:connection] nw_endpoint_flow_setup_protocols [C110 IPv6#9530c712.8081 in_progress parent-flow (satisfied (Path is satisfied), interface: en0[802.11], uses wifi, LQM: unknown)] child flow connected, starting
2026-01-28 16:14:07.871 Db NayaVedAI[63826:20fb26] [com.apple.network:connection] nw_endpoint_flow_setup_protocols [C110 IPv6#9530c712.8081 in_progress parent-flow (satisfied (Path is satisfied), interface: en0[802.11], uses wifi, LQM: unknown)] already started
2026-01-28 16:14:07.871 Db NayaVedAI[63826:20fb26] [com.apple.network:connection] nw_endpoint_flow_receive_report [C110 IPv6#9530c712.8081 in_progress parent-flow (satisfied (Path is satisfied), interface: en0[802.11], uses wifi, LQM: unknown)] received child report: [C110.1 Hostname#b33e072a:8081 ready resolver (satisfied (Path is satisfied), interface: en0[802.11], uses wifi, LQM: unknown)]
2026-01-28 16:14:07.871 Df NayaVedAI[63826:20fb26] [com.apple.network:connection] [C110.1 Hostname#b33e072a:8081 ready resolver (satisfied (Path is satisfied), interface: en0[802.11], uses wifi, LQM: unknown)] event: flow:child_finish_connect @0.007s
2026-01-28 16:14:07.871 I  NayaVedAI[63826:20fb26] [com.apple.network:connection] nw_endpoint_handler_cancel [C110.1.2 IPv4#eafe643d:8081 initial path ((null))]
2026-01-28 16:14:07.871 Df NayaVedAI[63826:20fb26] [com.apple.network:connection] nw_flow_connected [C110 IPv6#9530c712.8081 in_progress parent-flow (satisfied (Path is satisfied), interface: en0[802.11], uses wifi, LQM: unknown)] Output protocol connected (endpoint_flow)
2026-01-28 16:14:07.871 Db NayaVedAI[63826:20fb26] [com.apple.network:connection] nw_endpoint_flow_connected_path_change [C110 IPv6#9530c712.8081 ready parent-flow (satisfied (Path is satisfied), interface: en0[802.11], uses wifi, LQM: unknown)]
2026-01-28 16:14:07.871 I  NayaVedAI[63826:20fb26] [com.apple.network:connection] nw_endpoint_flow_connected_path_change [C110 IPv6#9530c712.8081 ready parent-flow (satisfied (Path is satisfied), interface: en0[802.11], uses wifi, LQM: unknown)] Connected path is satisfied, child is not viable
2026-01-28 16:14:07.871 Df NayaVedAI[63826:20fb26] [com.apple.network:connection] [C110 IPv6#9530c712.8081 ready parent-flow (satisfied (Path is satisfied), interface: en0[802.11], uses wifi, LQM: unknown)] event: flow:finish_connect @0.007s
2026-01-28 16:14:07.871 Db NayaVedAI[63826:20fb26] [com.apple.network:connection] nw_connection_run_pqtls_probe_locked_on_nw_queue [C110] No TLS metadata; not running PQ-TLS probe
2026-01-28 16:14:07.871 Db NayaVedAI[63826:20fb26] [com.apple.network:connection] nw_connection_run_ech_probe_locked_on_nw_queue [C110] stack doesn't include TLS; not running ECH probe
2026-01-28 16:14:07.871 Db NayaVedAI[63826:20fb26] [com.apple.network:connection] nw_connection_endpoint_report_on_nw_queue_block_invoke [C110] Connected fallback generation 0
2026-01-28 16:14:07.871 I  NayaVedAI[63826:20fb26] [com.apple.network:connection] nw_connection_start_candidate_manager_if_needed_locked [C110] Checking whether to start candidate manager
2026-01-28 16:14:07.871 Db NayaVedAI[63826:20fb26] [com.apple.network:connection] nw_connection_start_candidate_manager_if_needed_locked [C110] Connection does not support multipath, not starting candidate manager
2026-01-28 16:14:07.871 Df NayaVedAI[63826:20fb26] [com.apple.network:connection] nw_connection_report_state_with_handler_on_nw_queue [C110] reporting state ready
2026-01-28 16:14:07.871 Df NayaVedAI[63826:20fb26] [com.apple.CFNetwork:Default] Connection 110: connected successfully
2026-01-28 16:14:07.871 Df NayaVedAI[63826:20fb26] [com.apple.CFNetwork:Default] Connection 110: ready C(N) E(N)
2026-01-28 16:14:07.871 Db NayaVedAI[63826:20fb26] [com.apple.CFNetwork:Default] Task <8848C1A9-821A-4F68-BEF0-A5AD4C46C2A9>.<1> done setting up Connection 110
2026-01-28 16:14:07.871 Db NayaVedAI[63826:20fb26] [com.apple.network:activity] Returning should log: 0 for activity cfnetwork:foreground_task
2026-01-28 16:14:07.871 Df NayaVedAI[63826:20fb26] [com.apple.CFNetwork:Default] Task <8848C1A9-821A-4F68-BEF0-A5AD4C46C2A9>.<1> now using Connection 110
2026-01-28 16:14:07.871 Db NayaVedAI[63826:20fb26] [com.apple.network:activity] Returning should log: 0 for activity cfnetwork:foreground_task
2026-01-28 16:14:07.871 Db NayaVedAI[63826:20fb26] [com.apple.CFNetwork:ATS] Uploading ATS exception ATSAllowsLocalNetworking
2026-01-28 16:14:07.871 A  NayaVedAI[63826:20fb34] (Security) SecTrustReportNetworkingAnalytics
2026-01-28 16:14:07.872 Df NayaVedAI[63826:20fb26] [com.apple.CFNetwork:Default] Task <8848C1A9-821A-4F68-BEF0-A5AD4C46C2A9>.<1> sent request, body N 0
2026-01-28 16:14:07.872 I  NayaVedAI[63826:20fb26] [com.apple.network:connection] nw_connection_create_with_id [C111] create connection to Hostname#b33e072a:8081
2026-01-28 16:14:07.872 Df NayaVedAI[63826:20fb26] [com.apple.CFNetwork:Default] Connection 111: starting, TC(0x0)
2026-01-28 16:14:07.872 Df NayaVedAI[63826:20fb26] [com.apple.network:connection] [C111 7D69D08A-C6D9-4779-9ED5-94040E283B6D Hostname#b33e072a:8081 tcp, url: http://localhost:8081/symbolicate, definite, attribution: developer, context: com.apple.CFNetwork.NSURLSession.{645B7B4E-FB45-45EE-A857-3C57517A0344}{(null)}{Y}{2}{0x0} (private), proc: 63B02D91-D502-3FF5-9842-92830ECC12FF, delegated upid: 0] start
2026-01-28 16:14:07.872 I  NayaVedAI[63826:20fb26] [com.apple.network:connection] nw_endpoint_handler_start [C111 Hostname#b33e072a:8081 initial parent-flow ((null))]
2026-01-28 16:14:07.872 Df NayaVedAI[63826:20fb26] [com.apple.network:connection] [C111 Hostname#b33e072a:8081 initial parent-flow ((null))] event: path:start @0.000s
2026-01-28 16:14:07.872 Df NayaVedAI[63826:20fb34] [com.apple.securityd:SecError] SecTrustReportNetworkingAnalytics failed with error: -4
2026-01-28 16:14:07.872 Db NayaVedAI[63826:20fb26] [com.apple.network:connection] nw_endpoint_handler_path_change [C111 Hostname#b33e072a:8081 waiting parent-flow (satisfied (Path is satisfied), interface: en0[802.11], uses wifi, LQM: unknown)]
2026-01-28 16:14:07.872 Db NayaVedAI[63826:20fb26] [com.apple.networkextension:] ne_tracker_check_is_hostname_blocked() proceeding with the in_the_app check for hostname: localhost
2026-01-28 16:14:07.872 Db NayaVedAI[63826:20fb26] [com.apple.CFBundle:resources] Resource lookup at CFBundle 0x600003b10000 </Users/shivi.agarwal/Library/Developer/CoreSimulator/Devices/AC7E343F-585F-430E-B17D-BDD649803605/data/Containers/Bundle/Application/526E8406-59B6-4C05-9D18-38A7EF2F46C7/NayaVedAI.app> (executable, loaded)
	Request       : InfoPlist type: strings
	Result        : None
2026-01-28 16:14:07.872 Db NayaVedAI[63826:20fb26] [com.apple.CFBundle:resources] Resource lookup at CFBundle 0x600003b10000 </Users/shivi.agarwal/Library/Developer/CoreSimulator/Devices/AC7E343F-585F-430E-B17D-BDD649803605/data/Containers/Bundle/Application/526E8406-59B6-4C05-9D18-38A7EF2F46C7/NayaVedAI.app> (executable, loaded)
	Request       : InfoPlist type: stringsdict
	Result        : None
2026-01-28 16:14:07.872 Db NayaVedAI[63826:20fb26] [com.apple.networkextension:] ne_tracker_check_is_hostname_blocked(): hostname localhost is not a tracker. Returning: ne_tracker_status_none
2026-01-28 16:14:07.872 Df NayaVedAI[63826:20fb26] [com.apple.network:connection] [C111 Hostname#b33e072a:8081 waiting parent-flow (satisfied (Path is satisfied), interface: en0[802.11], uses wifi, LQM: unknown)] event: path:satisfied @0.000s, uuid: 4B894610-8D39-42D2-AE38-227B1F261E27
2026-01-28 16:14:07.872 I  NayaVedAI[63826:20fb26] [com.apple.network:connection] nw_connection_endpoint_report_on_nw_queue_block_invoke [C111 Hostname#b33e072a:8081 waiting parent-flow (satisfied (Path is satisfied), interface: en0[802.11], uses wifi, LQM: unknown)] skipping state update
2026-01-28 16:14:07.872 Db NayaVedAI[63826:20fb26] [com.apple.network:] nw_endpoint_proxy_handler_should_use_proxy Looking up proxy for hostname: localhost, ifindex: 0
2026-01-28 16:14:07.872 Db NayaVedAI[63826:20fb26] [com.apple.SystemConfiguration:SCPreferences] create <SCPreferences 0x12e6ec4b0 [0x1e578fa80]> {name = SCDynamicStoreCopyProxiesWithOptions, id = /Library/Managed Preferences/mobile/com.apple.SystemConfiguration.plist, path = /Library/Managed Preferences/mobile/com.apple.SystemConfiguration.plist}
2026-01-28 16:14:07.872 Db NayaVedAI[63826:20fb26] [com.apple.SystemConfiguration:SCPreferences] SCPreferences() access: /Library/Managed Preferences/mobile/com.apple.SystemConfiguration.plist, size=0
2026-01-28 16:14:07.872 Db NayaVedAI[63826:20fb26] [com.apple.SystemConfiguration:SCPreferences] release <SCPreferences 0x12e6ec4b0 [0x1e578fa80]> {name = SCDynamicStoreCopyProxiesWithOptions, id = /Library/Managed Preferences/mobile/com.apple.SystemConfiguration.plist, path = /Library/Managed Preferences/mobile/com.apple.SystemConfiguration.plist, accessed}
2026-01-28 16:14:07.872 Db NayaVedAI[63826:20fb26] [com.apple.network:connection] nw_endpoint_flow_attach_protocols [C111 Hostname#b33e072a:8081 in_progress parent-flow (satisfied (Path is satisfied), interface: en0[802.11], uses wifi, LQM: unknown)]
2026-01-28 16:14:07.873 Db NayaVedAI[63826:20fb26] [com.apple.network:connection] nw_endpoint_flow_attach_protocols [C111 Hostname#b33e072a:8081 in_progress parent-flow (satisfied (Path is satisfied), interface: en0[802.11], uses wifi, LQM: unknown)] stopping after adding persistent application protocols
2026-01-28 16:14:07.873 Db NayaVedAI[63826:20fb26] [com.apple.network:connection] nw_endpoint_flow_setup_protocols [C111 Hostname#b33e072a:8081 in_progress parent-flow (satisfied (Path is satisfied), interface: en0[802.11], uses wifi, LQM: unknown)] persistent protocol stack, starting
2026-01-28 16:14:07.873 Df NayaVedAI[63826:20fb26] [com.apple.network:connection] [C111 Hostname#b33e072a:8081 in_progress parent-flow (satisfied (Path is satisfied), interface: en0[802.11], uses wifi, LQM: unknown)] event: flow:start_connect @0.000s
2026-01-28 16:14:07.873 Df NayaVedAI[63826:20fb26] [com.apple.network:connection] nw_connection_report_state_with_handler_on_nw_queue [C111] reporting state preparing
2026-01-28 16:14:07.873 I  NayaVedAI[63826:20fb26] [com.apple.network:connection] nw_endpoint_flow_connect [C111 Hostname#b33e072a:8081 in_progress parent-flow (satisfied (Path is satisfied), interface: en0[802.11], uses wifi, LQM: unknown)] connect bottom protocol
2026-01-28 16:14:07.873 Db NayaVedAI[63826:20fb26] [com.apple.network:connection] nw_endpoint_flow_start_child [C111 Hostname#b33e072a:8081 in_progress parent-flow (satisfied (Path is satisfied), interface: en0[802.11], uses wifi, LQM: unknown)] creating and starting child handler
2026-01-28 16:14:07.873 Db NayaVedAI[63826:20fb26] [com.apple.network:] nw_endpoint_proxy_handler_should_use_proxy Looking up proxy for hostname: localhost, ifindex: 0
2026-01-28 16:14:07.873 Db NayaVedAI[63826:20fb26] [com.apple.SystemConfiguration:SCPreferences] create <SCPreferences 0x10bb9b680 [0x1e578fa80]> {name = SCDynamicStoreCopyProxiesWithOptions, id = /Library/Managed Preferences/mobile/com.apple.SystemConfiguration.plist, path = /Library/Managed Preferences/mobile/com.apple.SystemConfiguration.plist}
2026-01-28 16:14:07.873 Db NayaVedAI[63826:20fb26] [com.apple.SystemConfiguration:SCPreferences] SCPreferences() access: /Library/Managed Preferences/mobile/com.apple.SystemConfiguration.plist, size=0
2026-01-28 16:14:07.873 Db NayaVedAI[63826:20fb26] [com.apple.SystemConfiguration:SCPreferences] release <SCPreferences 0x10bb9b680 [0x1e578fa80]> {name = SCDynamicStoreCopyProxiesWithOptions, id = /Library/Managed Preferences/mobile/com.apple.SystemConfiguration.plist, path = /Library/Managed Preferences/mobile/com.apple.SystemConfiguration.plist, accessed}
2026-01-28 16:14:07.873 Df NayaVedAI[63826:20fb26] [com.apple.network:connection] [C111 Hostname#b33e072a:8081 in_progress parent-flow (satisfied (Path is satisfied), interface: en0[802.11], uses wifi, LQM: unknown)] event: flow:start_child @0.001s
2026-01-28 16:14:07.873 I  NayaVedAI[63826:20fb26] [com.apple.network:connection] nw_endpoint_handler_start [C111.1 Hostname#b33e072a:8081 initial path ((null))]
2026-01-28 16:14:07.873 Db NayaVedAI[63826:20fb26] [com.apple.network:connection] nw_endpoint_flow_receive_report [C111 Hostname#b33e072a:8081 in_progress parent-flow (satisfied (Path is satisfied), interface: en0[802.11], uses wifi, LQM: unknown)] received child report: [C111.1 Hostname#b33e072a:8081 initial path ((null))]
2026-01-28 16:14:07.873 Df NayaVedAI[63826:20fb26] [com.apple.network:connection] [C111.1 Hostname#b33e072a:8081 initial path ((null))] event: path:start @0.001s
2026-01-28 16:14:07.873 Db NayaVedAI[63826:20fb26] [com.apple.network:connection] nw_endpoint_handler_path_change [C111.1 Hostname#b33e072a:8081 waiting path (satisfied (Path is satisfied), interface: en0[802.11], uses wifi, LQM: unknown)]
2026-01-28 16:14:07.873 Db NayaVedAI[63826:20fb26] [com.apple.networkextension:] ne_tracker_check_is_hostname_blocked() proceeding with the in_the_app check for hostname: localhost
2026-01-28 16:14:07.873 Db NayaVedAI[63826:20fb26] [com.apple.CFBundle:resources] Resource lookup at CFBundle 0x600003b10000 </Users/shivi.agarwal/Library/Developer/CoreSimulator/Devices/AC7E343F-585F-430E-B17D-BDD649803605/data/Containers/Bundle/Application/526E8406-59B6-4C05-9D18-38A7EF2F46C7/NayaVedAI.app> (executable, loaded)
	Request       : InfoPlist type: strings
	Result        : None
2026-01-28 16:14:07.873 Db NayaVedAI[63826:20fb26] [com.apple.CFBundle:resources] Resource lookup at CFBundle 0x600003b10000 </Users/shivi.agarwal/Library/Developer/CoreSimulator/Devices/AC7E343F-585F-430E-B17D-BDD649803605/data/Containers/Bundle/Application/526E8406-59B6-4C05-9D18-38A7EF2F46C7/NayaVedAI.app> (executable, loaded)
	Request       : InfoPlist type: stringsdict
	Result        : None
2026-01-28 16:14:07.873 Db NayaVedAI[63826:20fb26] [com.apple.networkextension:] ne_tracker_check_is_hostname_blocked(): hostname localhost is not a tracker. Returning: ne_tracker_status_none
2026-01-28 16:14:07.873 Db NayaVedAI[63826:20fb26] [com.apple.network:connection] nw_endpoint_flow_receive_report [C111 Hostname#b33e072a:8081 in_progress parent-flow (satisfied (Path is satisfied), interface: en0[802.11], uses wifi, LQM: unknown)] received child report: [C111.1 Hostname#b33e072a:8081 waiting path (satisfied (Path is satisfied), interface: en0[802.11], uses wifi, LQM: unknown)]
2026-01-28 16:14:07.873 Df NayaVedAI[63826:20fb26] [com.apple.network:connection] [C111.1 Hostname#b33e072a:8081 waiting path (satisfied (Path is satisfied), interface: en0[802.11], uses wifi, LQM: unknown)] event: path:satisfied @0.001s, uuid: 4B894610-8D39-42D2-AE38-227B1F261E27
2026-01-28 16:14:07.873 Db NayaVedAI[63826:20fb26] [com.apple.network:] nw_endpoint_proxy_handler_should_use_proxy Looking up proxy for hostname: localhost, ifindex: 0
2026-01-28 16:14:07.873 Db NayaVedAI[63826:20fb26] [com.apple.SystemConfiguration:SCPreferences] create <SCPreferences 0x1088b6ae0 [0x1e578fa80]> {name = SCDynamicStoreCopyProxiesWithOptions, id = /Library/Managed Preferences/mobile/com.apple.SystemConfiguration.plist, path = /Library/Managed Preferences/mobile/com.apple.SystemConfiguration.plist}
2026-01-28 16:14:07.873 Db NayaVedAI[63826:20fb26] [com.apple.SystemConfiguration:SCPreferences] SCPreferences() access: /Library/Managed Preferences/mobile/com.apple.SystemConfiguration.plist, size=0
2026-01-28 16:14:07.873 Db NayaVedAI[63826:20fb26] [com.apple.SystemConfiguration:SCPreferences] release <SCPreferences 0x1088b6ae0 [0x1e578fa80]> {name = SCDynamicStoreCopyProxiesWithOptions, id = /Library/Managed Preferences/mobile/com.apple.SystemConfiguration.plist, path = /Library/Managed Preferences/mobile/com.apple.SystemConfiguration.plist, accessed}
2026-01-28 16:14:07.873 Db NayaVedAI[63826:20fabf] [com.apple.defaults:User Defaults] looked up value 1 for key RCTI18nUtil_makeRTLFlipLeftAndRightStyles in CFPrefsPlistSource<0x600002c00600> (Domain: com.nayaved.app, User: kCFPreferencesCurrentUser, ByHost: No, Container: (null), Contents Need Refresh: No) via CFPrefsSearchListSource<0x600002c00200> (Domain: com.nayaved.app, Container: (null) Non-launch persona: 0)
2026-01-28 16:14:07.873 Db NayaVedAI[63826:20fabf] [com.apple.defaults:User Defaults] looked up value 1 for key RCTI18nUtil_makeRTLFlipLeftAndRightStyles in CFPrefsPlistSource<0x600002c00600> (Domain: com.nayaved.app, User: kCFPreferencesCurrentUser, ByHost: No, Container: (null), Contents Need Refresh: No) via CFPrefsSearchListSource<0x600002c00200> (Domain: com.nayaved.app, Container: (null) Non-launch persona: 0)
2026-01-28 16:14:07.873 Db NayaVedAI[63826:20fabf] [com.apple.defaults:User Defaults] looked up value 1 for key RCTI18nUtil_makeRTLFlipLeftAndRightStyles in CFPrefsPlistSource<0x600002c00600> (Domain: com.nayaved.app, User: kCFPreferencesCurrentUser, ByHost: No, Container: (null), Contents Need Refresh: No) via CFPrefsSearchListSource<0x600002c00200> (Domain: com.nayaved.app, Container: (null) Non-launch persona: 0)
2026-01-28 16:14:07.873 Db NayaVedAI[63826:20fb26] [com.apple.network:connection] -[NWConcrete_nw_endpoint_resolver startWithHandler:] [C111.1 Hostname#b33e072a:8081 waiting resolver (satisfied (Path is satisfied), interface: en0[802.11], uses wifi, LQM: unknown)]
2026-01-28 16:14:07.873 Db NayaVedAI[63826:20fb26] [com.apple.network:connection] nw_endpoint_flow_receive_report [C111 Hostname#b33e072a:8081 in_progress parent-flow (satisfied (Path is satisfied), interface: en0[802.11], uses wifi, LQM: unknown)] received child report: [C111.1 Hostname#b33e072a:8081 in_progress resolver (satisfied (Path is satisfied), interface: en0[802.11], uses wifi, LQM: unknown)]
2026-01-28 16:14:07.873 Df NayaVedAI[63826:20fb26] [com.apple.network:connection] [C111.1 Hostname#b33e072a:8081 in_progress resolver (satisfied (Path is satisfied), interface: en0[802.11], uses wifi, LQM: unknown)] event: resolver:start_dns @0.001s
2026-01-28 16:14:07.875 Db NayaVedAI[63826:20fb26] [com.apple.networkextension:] ne_tracker_check_is_hostname_blocked() proceeding with the in_the_app check for hostname: localhost
2026-01-28 16:14:07.875 Db NayaVedAI[63826:20fb26] [com.apple.CFBundle:resources] Resource lookup at CFBundle 0x600003b10000 </Users/shivi.agarwal/Library/Developer/CoreSimulator/Devices/AC7E343F-585F-430E-B17D-BDD649803605/data/Containers/Bundle/Application/526E8406-59B6-4C05-9D18-38A7EF2F46C7/NayaVedAI.app> (executable, loaded)
	Request       : InfoPlist type: strings
	Result        : None
2026-01-28 16:14:07.875 Db NayaVedAI[63826:20fb26] [com.apple.CFBundle:resources] Resource lookup at CFBundle 0x600003b10000 </Users/shivi.agarwal/Library/Developer/CoreSimulator/Devices/AC7E343F-585F-430E-B17D-BDD649803605/data/Containers/Bundle/Application/526E8406-59B6-4C05-9D18-38A7EF2F46C7/NayaVedAI.app> (executable, loaded)
	Request       : InfoPlist type: stringsdict
	Result        : None
2026-01-28 16:14:07.875 Db NayaVedAI[63826:20fb26] [com.apple.networkextension:] ne_tracker_check_is_hostname_blocked(): hostname localhost is not a tracker. Returning: ne_tracker_status_none
2026-01-28 16:14:07.876 I  NayaVedAI[63826:20fb26] [com.apple.network:connection] nw_resolver_create_dns_service_locked [C111.1] Starting host resolution Hostname#b33e072a:8081, flags 0xc000d000 proto 0
2026-01-28 16:14:07.876 Df NayaVedAI[63826:20fb26] [com.apple.CFNetwork:Default] Task <92016268-3F6E-4FD0-ACE1-216C1D8E0B04>.<2> setting up Connection 111
2026-01-28 16:14:07.876 Db NayaVedAI[63826:20fb26] [com.apple.network:activity] Returning should log: 0 for activity cfnetwork:foreground_task
2026-01-28 16:14:07.876 I  NayaVedAI[63826:20fb26] [com.apple.network:connection] nw_resolver_host_resolve_callback [C111.1] flags=0x40000003 ifindex=4294967295 error=NoError(0) hostname=localhost. addr=IPv6#42e9e5e9 ttl=1
2026-01-28 16:14:07.876 I  NayaVedAI[63826:20fb26] [com.apple.network:connection] nw_resolver_host_resolve_callback [C111.1] flags=0x40000002 ifindex=4294967295 error=NoError(0) hostname=localhost. addr=IPv4#075c8fe9 ttl=1
2026-01-28 16:14:07.876 Db NayaVedAI[63826:20fb26] [com.apple.network:] sa_dst_compare_rfc6724 Rule 6, prefer d2, d2 precedence 50 > d1 precedence 35
2026-01-28 16:14:07.876 Db NayaVedAI[63826:20fb26] [com.apple.network:] sa_dst_compare_internal <private>@0 < <private>@0
2026-01-28 16:14:07.876 I  NayaVedAI[63826:20fb26] [com.apple.network:connection] nw_resolver_create_prefer_connected_variant [C111.1] Prefer Connected: IPv6#9530c712.8081 is already the first endpoint
2026-01-28 16:14:07.876 Df NayaVedAI[63826:20fb26] [com.apple.CFNetwork:Default] Task <8848C1A9-821A-4F68-BEF0-A5AD4C46C2A9>.<1> received response, status 200 content K
2026-01-28 16:14:07.876 Db NayaVedAI[63826:20fb26] [com.apple.network:connection] nw_connection_modify_estimated_bytes_block_invoke [C110] Incremented estimated bytes to receive by 187, total now 187
2026-01-28 16:14:07.876 Db NayaVedAI[63826:20fb26] [com.apple.network:connection] nw_connection_modify_estimated_bytes_block_invoke [C110] Using lower threshold 12582912, upper threshold 31457280
2026-01-28 16:14:07.876 Df NayaVedAI[63826:20fb26] [com.apple.CFNetwork:Default] Task <8848C1A9-821A-4F68-BEF0-A5AD4C46C2A9>.<1> response ended
2026-01-28 16:14:07.876 Df NayaVedAI[63826:20fb26] [com.apple.CFNetwork:Default] Task <8848C1A9-821A-4F68-BEF0-A5AD4C46C2A9>.<1> done using Connection 110
2026-01-28 16:14:07.876 Db NayaVedAI[63826:20fb26] [com.apple.network:activity] Returning should log: 0 for activity cfnetwork:foreground_task
2026-01-28 16:14:07.876 Db NayaVedAI[63826:20fb26] [com.apple.CFNetwork:Default] Connection 110: set is idle true
2026-01-28 16:14:07.876 Df NayaVedAI[63826:20fb26] [com.apple.network:connection] [C110] event: client:connection_idle @0.013s
2026-01-28 16:14:07.876 I  NayaVedAI[63826:20fb26] [com.apple.network:connection] nw_endpoint_handler_report_connection_idle [C110 IPv6#9530c712.8081 ready parent-flow (satisfied (Path is satisfied), interface: en0[802.11], uses wifi, LQM: unknown)] Reporting connection idle to protocols
2026-01-28 16:14:07.876 I  NayaVedAI[63826:20fb26] [com.apple.network:connection] nw_flow_passthrough_notify [C110.1.1 IPv6#9530c712.8081 ready socket-flow (satisfied (Path is satisfied), interface: lo0)] received notification connection_idle
2026-01-28 16:14:07.876 Df NayaVedAI[63826:20fb26] [com.apple.network:connection] nw_protocol_socket_notify [C110.1.1:2] nw_protocol_notification_type_connection_idle is true
2026-01-28 16:14:07.876 Db NayaVedAI[63826:20fb26] [com.apple.CFNetwork:Default] Connection 110: set is idle true
2026-01-28 16:14:07.876 Df NayaVedAI[63826:20fb26] [com.apple.network:connection] [C110] event: client:connection_idle @0.013s
2026-01-28 16:14:07.876 I  NayaVedAI[63826:20fb26] [com.apple.network:connection] nw_endpoint_handler_report_connection_idle [C110 IPv6#9530c712.8081 ready parent-flow (satisfied (Path is satisfied), interface: en0[802.11], uses wifi, LQM: unknown)] Reporting connection idle to protocols
2026-01-28 16:14:07.876 I  NayaVedAI[63826:20fb26] [com.apple.network:connection] nw_flow_passthrough_notify [C110.1.1 IPv6#9530c712.8081 ready socket-flow (satisfied (Path is satisfied), interface: lo0)] received notification connection_idle
2026-01-28 16:14:07.876 Df NayaVedAI[63826:20fb26] [com.apple.network:connection] nw_protocol_socket_notify [C110.1.1:2] nw_protocol_notification_type_connection_idle is true
2026-01-28 16:14:07.876 Db NayaVedAI[63826:20fb26] [com.apple.network:connection] nw_endpoint_resolver_update [C111.1 Hostname#b33e072a:8081 in_progress resolver (satisfied (Path is satisfied), interface: en0[802.11], uses wifi, LQM: unknown)] resolver is complete
2026-01-28 16:14:07.876 Df NayaVedAI[63826:20fb26] [com.apple.network:connection] nw_endpoint_resolver_update [C111.1 Hostname#b33e072a:8081 in_progress resolver (satisfied (Path is satisfied), interface: en0[802.11], uses wifi, LQM: unknown)] Adding endpoint handler for IPv6#9530c712.8081
2026-01-28 16:14:07.876 Df NayaVedAI[63826:21027f] [com.apple.CFNetwork:Summary] Task <8848C1A9-821A-4F68-BEF0-A5AD4C46C2A9>.<1> summary for task success {transaction_duration_ms=13, response_status=200, connection=110, protocol="http/1.1", domain_lookup_duration_ms=4, connect_duration_ms=1, secure_connection_duration_ms=0, private_relay=false, request_start_ms=8, request_duration_ms=0, response_start_ms=13, response_duration_ms=0, request_bytes=370, request_throughput_kbps=41109, response_bytes=498, response_throughput_kbps=13787, cache_hit=false}
2026-01-28 16:14:07.876 Df NayaVedAI[63826:20fb26] [com.apple.network:connection] nw_endpoint_resolver_update [C111.1 Hostname#b33e072a:8081 in_progress resolver (satisfied (Path is satisfied), interface: en0[802.11], uses wifi, LQM: unknown)] Adding endpoint handler for IPv4#eafe643d:8081
2026-01-28 16:14:07.876 Df NayaVedAI[63826:21027f] [com.apple.CFNetwork:Default] Task <8848C1A9-821A-4F68-BEF0-A5AD4C46C2A9>.<1> finished successfully
2026-01-28 16:14:07.876 Db NayaVedAI[63826:20fb26] [com.apple.network:connection] nw_endpoint_resolver_update [C111.1 Hostname#b33e072a:8081 in_progress resolver (satisfied (Path is satisfied), interface: en0[802.11], uses wifi, LQM: unknown)] Updated endpoint list is (IPv6#9530c712.8081,IPv4#eafe643d:8081)
2026-01-28 16:14:07.876 Db NayaVedAI[63826:21027f] [com.apple.network:activity] Returning should log: 0 for activity cfnetwork:foreground_task
2026-01-28 16:14:07.876 Db NayaVedAI[63826:21027f] [com.apple.network:activity] Returning should log: 0 for activity cfnetwork:foreground_task
2026-01-28 16:14:07.876 Db NayaVedAI[63826:21027f] [com.apple.network:activity] No threshold for cfnetwork:foreground_task, returning NW_ACTIVITY_DURATION_INVALID
2026-01-28 16:14:07.877 Db NayaVedAI[63826:21027f] [com.apple.network:activity] No threshold for activity <nw_activity 12:2 [8A1847EE-AF0C-4F4A-BD9C-7E718B600014] (reporting strategy default) complete (reason success)>
2026-01-28 16:14:07.876 Db NayaVedAI[63826:20fb26] [com.apple.network:connection] nw_endpoint_flow_receive_report [C111 Hostname#b33e072a:8081 in_progress parent-flow (satisfied (Path is satisfied), interface: en0[802.11], uses wifi, LQM: unknown)] received child report: [C111.1 Hostname#b33e072a:8081 in_progress resolver (satisfied (Path is satisfied), interface: en0[802.11], uses wifi, LQM: unknown)]
2026-01-28 16:14:07.877 Df NayaVedAI[63826:20fb26] [com.apple.network:connection] [C111.1 Hostname#b33e072a:8081 in_progress resolver (satisfied (Path is satisfied), interface: en0[802.11], uses wifi, LQM: unknown)] event: resolver:receive_dns @0.004s
2026-01-28 16:14:07.877 I  NayaVedAI[63826:20fb26] [com.apple.network:connection] nw_endpoint_resolver_start_next_child [C111.1 Hostname#b33e072a:8081 in_progress resolver (satisfied (Path is satisfied), interface: en0[802.11], uses wifi, LQM: unknown)] starting child endpoint IPv6#9530c712.8081
2026-01-28 16:14:07.877 I  NayaVedAI[63826:20fb26] [com.apple.network:connection] nw_endpoint_handler_start [C111.1.1 IPv6#9530c712.8081 initial path ((null))]
2026-01-28 16:14:07.877 Db NayaVedAI[63826:20fb26] [com.apple.network:connection] nw_endpoint_resolver_receive_report [C111.1 Hostname#b33e072a:8081 in_progress resolver (satisfied (Path is satisfied), interface: en0[802.11], uses wifi, LQM: unknown)] received child report: [C111.1.1 IPv6#9530c712.8081 initial path ((null))]
2026-01-28 16:14:07.877 Db NayaVedAI[63826:20fb26] [com.apple.network:connection] nw_endpoint_flow_receive_report [C111 Hostname#b33e072a:8081 in_progress parent-flow (satisfied (Path is satisfied), interface: en0[802.11], uses wifi, LQM: unknown)] received child report: [C111.1.1 IPv6#9530c712.8081 initial path ((null))]
2026-01-28 16:14:07.877 Df NayaVedAI[63826:20fb26] [com.apple.network:connection] [C111.1.1 IPv6#9530c712.8081 initial path ((null))] event: path:start @0.005s
2026-01-28 16:14:07.877 Db NayaVedAI[63826:20fb26] [com.apple.network:connection] nw_endpoint_handler_path_change [C111.1.1 IPv6#9530c712.8081 waiting path (satisfied (Path is satisfied), interface: lo0)]
2026-01-28 16:14:07.877 Db NayaVedAI[63826:20fb26] [com.apple.network:connection] nw_endpoint_resolver_receive_report [C111.1 Hostname#b33e072a:8081 in_progress resolver (satisfied (Path is satisfied), interface: en0[802.11], uses wifi, LQM: unknown)] received child report: [C111.1.1 IPv6#9530c712.8081 waiting path (satisfied (Path is satisfied), interface: lo0)]
2026-01-28 16:14:07.877 Db NayaVedAI[63826:20fb26] [com.apple.network:connection] nw_endpoint_flow_receive_report [C111 Hostname#b33e072a:8081 in_progress parent-flow (satisfied (Path is satisfied), interface: en0[802.11], uses wifi, LQM: unknown)] received child report: [C111.1.1 IPv6#9530c712.8081 waiting path (satisfied (Path is satisfied), interface: lo0)]
2026-01-28 16:14:07.877 Df NayaVedAI[63826:20fb26] [com.apple.network:connection] [C111.1.1 IPv6#9530c712.8081 waiting path (satisfied (Path is satisfied), interface: lo0)] event: path:satisfied @0.005s, uuid: 0D5D079D-7144-4795-B312-155D1A8327F5
2026-01-28 16:14:07.877 Db NayaVedAI[63826:20fb26] [com.apple.network:] nw_endpoint_proxy_handler_should_use_proxy Looking up proxy for hostname: <nil>, ifindex: 0
2026-01-28 16:14:07.877 Db NayaVedAI[63826:20fb26] [com.apple.SystemConfiguration:SCPreferences] create <SCPreferences 0x12e72c4f0 [0x1e578fa80]> {name = SCDynamicStoreCopyProxiesWithOptions, id = /Library/Managed Preferences/mobile/com.apple.SystemConfiguration.plist, path = /Library/Managed Preferences/mobile/com.apple.SystemConfiguration.plist}
2026-01-28 16:14:07.877 Db NayaVedAI[63826:20fb26] [com.apple.SystemConfiguration:SCPreferences] SCPreferences() access: /Library/Managed Preferences/mobile/com.apple.SystemConfiguration.plist, size=0
2026-01-28 16:14:07.877 Db NayaVedAI[63826:20fb26] [com.apple.SystemConfiguration:SCPreferences] release <SCPreferences 0x12e72c4f0 [0x1e578fa80]> {name = SCDynamicStoreCopyProxiesWithOptions, id = /Library/Managed Preferences/mobile/com.apple.SystemConfiguration.plist, path = /Library/Managed Preferences/mobile/com.apple.SystemConfiguration.plist, accessed}
2026-01-28 16:14:07.877 I  NayaVedAI[63826:20fb26] [com.apple.network:connection] nw_association_create_flow <nw_association IPv6#9530c712.8081> Added association flow ID 063138BA-395C-4402-8547-765A48CE8C2F
2026-01-28 16:14:07.877 I  NayaVedAI[63826:20fb26] [com.apple.network:connection] nw_endpoint_flow_setup_protocols [C111.1.1 IPv6#9530c712.8081 in_progress socket-flow (satisfied (Path is satisfied), interface: lo0)] setup flow id 063138BA-395C-4402-8547-765A48CE8C2F
2026-01-28 16:14:07.877 Db NayaVedAI[63826:20fb26] [com.apple.network:connection] nw_endpoint_flow_attach_protocols [C111.1.1 IPv6#9530c712.8081 in_progress socket-flow (satisfied (Path is satisfied), interface: lo0)]
2026-01-28 16:14:07.878 Db NayaVedAI[63826:20fb26] [com.apple.network:connection] nw_endpoint_flow_attach_protocols_block_invoke [C111.1.1 IPv6#9530c712.8081 in_progress socket-flow (satisfied (Path is satisfied), interface: lo0)] Attached application protocol: CFNetworkConnection-1110212295
2026-01-28 16:14:07.878 Db NayaVedAI[63826:20fb26] [com.apple.network:] nw_fd_wrapper_create Created <fd_wrapper 25, guarded: false>
2026-01-28 16:14:07.878 Db NayaVedAI[63826:20fb26] [com.apple.network:connection] nw_endpoint_flow_attach_protocols [C111.1.1 IPv6#9530c712.8081 in_progress socket-flow (satisfied (Path is satisfied), interface: lo0)] Attached socket protocol
2026-01-28 16:14:07.878 Db NayaVedAI[63826:20fb26] [com.apple.network:connection] nw_endpoint_flow_setup_protocols [C111.1.1 IPv6#9530c712.8081 in_progress socket-flow (satisfied (Path is satisfied), interface: lo0)] leaf flow starting
2026-01-28 16:14:07.878 Db NayaVedAI[63826:20fb26] [com.apple.network:connection] nw_endpoint_resolver_receive_report [C111.1 Hostname#b33e072a:8081 in_progress resolver (satisfied (Path is satisfied), interface: en0[802.11], uses wifi, LQM: unknown)] received child report: [C111.1.1 IPv6#9530c712.8081 in_progress socket-flow (satisfied (Path is satisfied), interface: lo0)]
