2026-01-28 23:10:34.052 I  NayaVedAI[16995:288c8c] [com.apple.network:connection] nw_endpoint_handler_report_connection_idle [C2 IPv6#92b0b836.8081 ready parent-flow (satisfied (Path is satisfied), interface: en0[802.11], uses wifi, LQM: unknown)] Reporting connection idle to protocols
2026-01-28 23:10:34.052 I  NayaVedAI[16995:288c8c] [com.apple.network:connection] nw_flow_passthrough_notify [C2.1.1 IPv6#92b0b836.8081 ready socket-flow (satisfied (Path is satisfied), interface: lo0)] received notification connection_idle
2026-01-28 23:10:34.052 Df NayaVedAI[16995:288c8c] [com.apple.network:connection] nw_protocol_socket_notify [C2.1.1:2] nw_protocol_notification_type_connection_idle is true
2026-01-28 23:10:34.053 Df NayaVedAI[16995:288c8c] [com.apple.CFNetwork:Default] Task <C4F63159-18BC-4084-80A6-2979B4A84D55>.<2> now using Connection 2
2026-01-28 23:10:34.053 Db NayaVedAI[16995:288c8c] [com.apple.network:activity] Returning should log: 0 for activity cfnetwork:foreground_task
2026-01-28 23:10:34.053 Db NayaVedAI[16995:288c8c] [com.apple.CFNetwork:Default] Connection 2: set is idle false
2026-01-28 23:10:34.053 Df NayaVedAI[16995:288c8c] [com.apple.network:connection] [C2] event: client:connection_reused @0.131s
2026-01-28 23:10:34.053 I  NayaVedAI[16995:288c8c] [com.apple.network:connection] nw_endpoint_handler_report_connection_idle [C2 IPv6#92b0b836.8081 ready parent-flow (satisfied (Path is satisfied), interface: en0[802.11], uses wifi, LQM: unknown)] Reporting connection not idle to protocols
2026-01-28 23:10:34.053 I  NayaVedAI[16995:288c8c] [com.apple.network:connection] nw_flow_passthrough_notify [C2.1.1 IPv6#92b0b836.8081 ready socket-flow (satisfied (Path is satisfied), interface: lo0)] received notification connection_idle
2026-01-28 23:10:34.053 Df NayaVedAI[16995:288c8c] [com.apple.network:connection] nw_protocol_socket_notify [C2.1.1:2] nw_protocol_notification_type_connection_idle is false
2026-01-28 23:10:34.053 Df NayaVedAI[16995:288c94] [com.apple.securityd:SecError] SecTrustReportNetworkingAnalytics failed with error: -4
2026-01-28 23:10:34.053 Df NayaVedAI[16995:288c8c] [com.apple.CFNetwork:Default] Task <C4F63159-18BC-4084-80A6-2979B4A84D55>.<2> sent request, body N 0
2026-01-28 23:10:34.053 Df NayaVedAI[16995:288c8f] [com.apple.CFNetwork:Default] Task <C4F63159-18BC-4084-80A6-2979B4A84D55>.<2> received response, status 200 content K
2026-01-28 23:10:34.053 Db NayaVedAI[16995:288c8f] [com.apple.network:connection] nw_connection_modify_estimated_bytes_block_invoke [C2] Incremented estimated bytes to receive by 23, total now 46
2026-01-28 23:10:34.054 Db NayaVedAI[16995:288c8f] [com.apple.network:connection] nw_connection_modify_estimated_bytes_block_invoke [C2] Using lower threshold 12582912, upper threshold 31457280
2026-01-28 23:10:34.054 Df NayaVedAI[16995:288c8f] [com.apple.CFNetwork:Default] Task <C4F63159-18BC-4084-80A6-2979B4A84D55>.<2> response ended
2026-01-28 23:10:34.054 Df NayaVedAI[16995:288c8f] [com.apple.CFNetwork:Default] Task <C4F63159-18BC-4084-80A6-2979B4A84D55>.<2> done using Connection 2
2026-01-28 23:10:34.054 Db NayaVedAI[16995:288c8f] [com.apple.network:activity] Returning should log: 0 for activity cfnetwork:foreground_task
2026-01-28 23:10:34.054 Db NayaVedAI[16995:288c8f] [com.apple.CFNetwork:Default] Connection 2: set is idle true
2026-01-28 23:10:34.054 Df NayaVedAI[16995:288c8f] [com.apple.network:connection] [C2] event: client:connection_idle @0.132s
2026-01-28 23:10:34.054 I  NayaVedAI[16995:288c8f] [com.apple.network:connection] nw_endpoint_handler_report_connection_idle [C2 IPv6#92b0b836.8081 ready parent-flow (satisfied (Path is satisfied), interface: en0[802.11], uses wifi, LQM: unknown)] Reporting connection idle to protocols
2026-01-28 23:10:34.054 I  NayaVedAI[16995:288c8f] [com.apple.network:connection] nw_flow_passthrough_notify [C2.1.1 IPv6#92b0b836.8081 ready socket-flow (satisfied (Path is satisfied), interface: lo0)] received notification connection_idle
2026-01-28 23:10:34.054 Df NayaVedAI[16995:288c8f] [com.apple.network:connection] nw_protocol_socket_notify [C2.1.1:2] nw_protocol_notification_type_connection_idle is true
2026-01-28 23:10:34.054 Df NayaVedAI[16995:288c94] [com.apple.CFNetwork:Summary] Task <C4F63159-18BC-4084-80A6-2979B4A84D55>.<2> summary for task success {transaction_duration_ms=1, response_status=200, connection=2, reused=1, reused_after_ms=0, request_start_ms=0, request_duration_ms=0, response_start_ms=1, response_duration_ms=0, request_bytes=221, request_throughput_kbps=19854, response_bytes=408, response_throughput_kbps=15469, cache_hit=false}
2026-01-28 23:10:34.054 Db NayaVedAI[16995:288c8f] [com.apple.CFNetwork:Default] Connection 2: set is idle true
2026-01-28 23:10:34.054 Df NayaVedAI[16995:288c8f] [com.apple.network:connection] [C2] event: client:connection_idle @0.132s
2026-01-28 23:10:34.054 I  NayaVedAI[16995:288c8f] [com.apple.network:connection] nw_endpoint_handler_report_connection_idle [C2 IPv6#92b0b836.8081 ready parent-flow (satisfied (Path is satisfied), interface: en0[802.11], uses wifi, LQM: unknown)] Reporting connection idle to protocols
2026-01-28 23:10:34.054 Db NayaVedAI[16995:288c8c] [com.apple.network:activity] Returning should log: 0 for activity cfnetwork:foreground_task
2026-01-28 23:10:34.054 Db NayaVedAI[16995:288c8c] [com.apple.network:activity] Returning should log: 0 for activity cfnetwork:foreground_task
2026-01-28 23:10:34.054 Db NayaVedAI[16995:288c8c] [com.apple.network:activity] No threshold for cfnetwork:foreground_task, returning NW_ACTIVITY_DURATION_INVALID
2026-01-28 23:10:34.054 I  NayaVedAI[16995:288c8f] [com.apple.network:connection] nw_flow_passthrough_notify [C2.1.1 IPv6#92b0b836.8081 ready socket-flow (satisfied (Path is satisfied), interface: lo0)] received notification connection_idle
2026-01-28 23:10:34.054 Db NayaVedAI[16995:288c8c] [com.apple.network:activity] No threshold for activity <nw_activity 12:2 [6A3871BE-B809-448D-A0EC-CBF0728876A1] (parent is global) (reporting strategy default) complete (reason success)>
2026-01-28 23:10:34.054 Df NayaVedAI[16995:288c8f] [com.apple.network:connection] nw_protocol_socket_notify [C2.1.1:2] nw_protocol_notification_type_connection_idle is true
2026-01-28 23:10:34.054 Df NayaVedAI[16995:288c8c] [com.apple.CFNetwork:Default] Task <C4F63159-18BC-4084-80A6-2979B4A84D55>.<2> finished successfully
2026-01-28 23:10:34.054 Db NayaVedAI[16995:288c87] [com.apple.defaults:User Defaults] found no value for key RCT_packager_scheme in CFPrefsSearchListSource<0x600002c00180> (Domain: com.nayaved.app, Container: (null) Non-launch persona: 0)
2026-01-28 23:10:34.054 Db NayaVedAI[16995:288c87] [com.apple.SystemConfiguration:SCPreferences] create <SCPreferences 0x106f23500 [0x1e578fa80]> {name = SCDynamicStoreCopyProxiesWithOptions, id = /Library/Managed Preferences/mobile/com.apple.SystemConfiguration.plist, path = /Library/Managed Preferences/mobile/com.apple.SystemConfiguration.plist}
2026-01-28 23:10:34.054 Db NayaVedAI[16995:288c87] [com.apple.SystemConfiguration:SCPreferences] SCPreferences() access: /Library/Managed Preferences/mobile/com.apple.SystemConfiguration.plist, size=0
2026-01-28 23:10:34.054 Db NayaVedAI[16995:288c87] [com.apple.SystemConfiguration:SCPreferences] release <SCPreferences 0x106f23500 [0x1e578fa80]> {name = SCDynamicStoreCopyProxiesWithOptions, id = /Library/Managed Preferences/mobile/com.apple.SystemConfiguration.plist, path = /Library/Managed Preferences/mobile/com.apple.SystemConfiguration.plist, accessed}
2026-01-28 23:10:34.055 Df NayaVedAI[16995:288b7a] [com.apple.UIKit:EventDeferring] [0x60000292efb0] Scene target of event deferring environments did update: scene: 0x106f1f990; current systemShellManagesKeyboardFocus: 1; systemShellManagesKeyboardFocusForScene: 1; eligibleForRecordRemoval: 1;
2026-01-28 23:10:34.055 Df NayaVedAI[16995:288b7a] [com.apple.UIKit:KeyWindow] Scene became target of keyboard event deferring environment: UIWindowScene: 0x106f1f990; scene identity: com.apple.frontboard.systemappservices/FBSceneManager:sceneID%3Acom.nayaved.app-default
2026-01-28 23:10:34.055 Db NayaVedAI[16995:288b7a] [com.apple.defaults:User Defaults] found no value for key LogFirstResponderRestoration in CFPrefsSearchListSource<0x600002c07080> (Domain: com.apple.UIKit, Container: (null) Non-launch persona: 0)
2026-01-28 23:10:34.055 Db NayaVedAI[16995:288c87] [com.apple.network:] tcp_connection_create_with_endpoint_and_parameters 4 localhost 8081
2026-01-28 23:10:34.055 Db NayaVedAI[16995:288c87] [com.apple.network:] tcp_connection_set_usage_model 4 setting usage model to 1
2026-01-28 23:10:34.055 Db NayaVedAI[16995:288c87] [com.apple.CFBundle:resources] Resource lookup at CFBundle 0x600003b04540 </Users/shivi.agarwal/Library/Developer/CoreSimulator/Devices/AC7E343F-585F-430E-B17D-BDD649803605/data/Containers/Bundle/Application/138068ED-0CC3-44B8-A55C-5C4C2004D963/NayaVedAI.app> (executable, loaded)
	Request       : InfoPlist type: strings
	Result        : None
2026-01-28 23:10:34.055 Db NayaVedAI[16995:288c87] [com.apple.CFBundle:resources] Resource lookup at CFBundle 0x600003b04540 </Users/shivi.agarwal/Library/Developer/CoreSimulator/Devices/AC7E343F-585F-430E-B17D-BDD649803605/data/Containers/Bundle/Application/138068ED-0CC3-44B8-A55C-5C4C2004D963/NayaVedAI.app> (executable, loaded)
	Request       : InfoPlist type: stringsdict
	Result        : None
2026-01-28 23:10:34.055 Df NayaVedAI[16995:288c87] [com.apple.CFNetwork:Default] TCP Conn [4:0x60000330cdc0] using empty proxy configuration
2026-01-28 23:10:34.055 Df NayaVedAI[16995:288c87] [com.apple.CFNetwork:Default] Stream client bypassing proxies on TCP Conn [4:0x60000330cdc0]
2026-01-28 23:10:34.055 Df NayaVedAI[16995:288c87] [com.apple.CFNetwork:Default] TCP Conn 0x60000330cdc0 started
2026-01-28 23:10:34.055 Db NayaVedAI[16995:288c87] [com.apple.network:] tcp_connection_start 4 starting
2026-01-28 23:10:34.055 I  NayaVedAI[16995:288c87] [com.apple.network:connection] nw_connection_create_with_id [C4] create connection to Hostname#5490af17:8081
2026-01-28 23:10:34.055 Db NayaVedAI[16995:288c87] [com.apple.network:] tcp_connection_start starting tc_nwconn=0x108111ab0
2026-01-28 23:10:34.055 Df NayaVedAI[16995:288c8f] [com.apple.network:connection] [C4 121FB8D8-7CAB-448C-97E2-E638C91ADF80 Hostname#5490af17:8081 tcp, definite, attribution: developer, context: Default Network Context (private), proc: 63B02D91-D502-3FF5-9842-92830ECC12FF, delegated upid: 0, no proxy, prohibit fallback, allow socket access] start
2026-01-28 23:10:34.055 I  NayaVedAI[16995:288c8f] [com.apple.network:connection] nw_endpoint_handler_start [C4 Hostname#5490af17:8081 initial parent-flow ((null))]
2026-01-28 23:10:34.055 Df NayaVedAI[16995:288c8f] [com.apple.network:connection] [C4 Hostname#5490af17:8081 initial parent-flow ((null))] event: path:start @0.000s
2026-01-28 23:10:34.055 Df NayaVedAI[16995:288b7a] [com.apple.FrontBoard:SceneExtension] Realizing settings extension SBUISecureRenderingSettingsExtension on FBSSceneSettings
2026-01-28 23:10:34.055 Db NayaVedAI[16995:288c8f] [com.apple.network:connection] nw_endpoint_handler_path_change [C4 Hostname#5490af17:8081 waiting parent-flow (satisfied (Path is satisfied), interface: en0[802.11], uses wifi, LQM: unknown)]
2026-01-28 23:10:34.055 Df NayaVedAI[16995:288c87] [com.apple.xpc:connection] [0x108113190] activating connection: mach=true listener=false peer=false name=com.apple.lsd.advertisingidentifiers
2026-01-28 23:10:34.055 Db NayaVedAI[16995:288c8f] [com.apple.networkextension:] ne_tracker_check_is_hostname_blocked() proceeding with the in_the_app check for hostname: localhost
2026-01-28 23:10:34.055 Db NayaVedAI[16995:288b7a] [com.apple.FrontBoard:SceneExtension] registering method "isSecureRenderingEnabled" from extension SBUISecureRenderingSettingsExtension on class "FBSSceneSettings"
2026-01-28 23:10:34.055 Db NayaVedAI[16995:288b7a] [com.apple.FrontBoard:SceneExtension] registering method "setSecureRenderingEnabled:" from extension SBUISecureRenderingSettingsExtension on class "FBSSceneSettings"
2026-01-28 23:10:34.055 Db NayaVedAI[16995:288c8f] [com.apple.CFBundle:resources] Resource lookup at CFBundle 0x600003b04540 </Users/shivi.agarwal/Library/Developer/CoreSimulator/Devices/AC7E343F-585F-430E-B17D-BDD649803605/data/Containers/Bundle/Application/138068ED-0CC3-44B8-A55C-5C4C2004D963/NayaVedAI.app> (executable, loaded)
	Request       : InfoPlist type: strings
	Result        : None
2026-01-28 23:10:34.055 Db NayaVedAI[16995:288c8f] [com.apple.CFBundle:resources] Resource lookup at CFBundle 0x600003b04540 </Users/shivi.agarwal/Library/Developer/CoreSimulator/Devices/AC7E343F-585F-430E-B17D-BDD649803605/data/Containers/Bundle/Application/138068ED-0CC3-44B8-A55C-5C4C2004D963/NayaVedAI.app> (executable, loaded)
	Request       : InfoPlist type: stringsdict
	Result        : None
2026-01-28 23:10:34.055 Db NayaVedAI[16995:288c8f] [com.apple.networkextension:] ne_tracker_check_is_hostname_blocked(): hostname localhost is not a tracker. Returning: ne_tracker_status_none
2026-01-28 23:10:34.055 Db NayaVedAI[16995:288b7a] [com.apple.FrontBoard:SceneClient] [(FBSceneManager):sceneID:com.nayaved.app-default] Adding extension: "SBUISecureRenderingSceneExtension"
2026-01-28 23:10:34.055 Df NayaVedAI[16995:288c8f] [com.apple.network:connection] [C4 Hostname#5490af17:8081 waiting parent-flow (satisfied (Path is satisfied), interface: en0[802.11], uses wifi, LQM: unknown)] event: path:satisfied @0.000s, uuid: 51FB9491-8693-4F6A-9297-5D9CABF0FE79
2026-01-28 23:10:34.056 Db NayaVedAI[16995:288b7a] [com.apple.FrontBoard:SceneClient] [(FBSceneManager):sceneID:com.nayaved.app-default] Instantiated component: "<SBUISecureRenderingClientComponent: 0x60000027d780>"
2026-01-28 23:10:34.056 I  NayaVedAI[16995:288c8f] [com.apple.network:connection] nw_connection_endpoint_report_on_nw_queue_block_invoke [C4 Hostname#5490af17:8081 waiting parent-flow (satisfied (Path is satisfied), interface: en0[802.11], uses wifi, LQM: unknown)] skipping state update
2026-01-28 23:10:34.056 Db NayaVedAI[16995:288c8f] [com.apple.network:connection] nw_endpoint_flow_attach_protocols [C4 Hostname#5490af17:8081 in_progress parent-flow (satisfied (Path is satisfied), interface: en0[802.11], uses wifi, LQM: unknown)]
2026-01-28 23:10:34.056 Db NayaVedAI[16995:288c8f] [com.apple.network:connection] nw_endpoint_flow_attach_protocols [C4 Hostname#5490af17:8081 in_progress parent-flow (satisfied (Path is satisfied), interface: en0[802.11], uses wifi, LQM: unknown)] stopping after adding persistent application protocols
2026-01-28 23:10:34.056 Db NayaVedAI[16995:288c8f] [com.apple.network:connection] nw_endpoint_flow_setup_protocols [C4 Hostname#5490af17:8081 in_progress parent-flow (satisfied (Path is satisfied), interface: en0[802.11], uses wifi, LQM: unknown)] persistent protocol stack, starting
2026-01-28 23:10:34.056 Df NayaVedAI[16995:288c8f] [com.apple.network:connection] [C4 Hostname#5490af17:8081 in_progress parent-flow (satisfied (Path is satisfied), interface: en0[802.11], uses wifi, LQM: unknown)] event: flow:start_connect @0.000s
2026-01-28 23:10:34.056 Df NayaVedAI[16995:288b7a] [com.apple.UIKit:InterfaceStyle] Not push traits update to screen for new style 1, <UIWindowScene: 0x106f1f990> (AF758778-0A3E-4F97-8920-F9E27F176868)
2026-01-28 23:10:34.056 Df NayaVedAI[16995:288c8f] [com.apple.network:connection] nw_connection_report_state_with_handler_on_nw_queue [C4] reporting state preparing
2026-01-28 23:10:34.056 I  NayaVedAI[16995:288c8f] [com.apple.network:connection] nw_endpoint_flow_connect [C4 Hostname#5490af17:8081 in_progress parent-flow (satisfied (Path is satisfied), interface: en0[802.11], uses wifi, LQM: unknown)] connect bottom protocol
2026-01-28 23:10:34.056 Db NayaVedAI[16995:288c8f] [com.apple.network:connection] nw_endpoint_flow_start_child [C4 Hostname#5490af17:8081 in_progress parent-flow (satisfied (Path is satisfied), interface: en0[802.11], uses wifi, LQM: unknown)] creating and starting child handler
2026-01-28 23:10:34.056 Df NayaVedAI[16995:288c8f] [com.apple.network:connection] [C4 Hostname#5490af17:8081 in_progress parent-flow (satisfied (Path is satisfied), interface: en0[802.11], uses wifi, LQM: unknown)] event: flow:start_child @0.000s
2026-01-28 23:10:34.056 I  NayaVedAI[16995:288c8f] [com.apple.network:connection] nw_endpoint_handler_start [C4.1 Hostname#5490af17:8081 initial path ((null))]
2026-01-28 23:10:34.056 Db NayaVedAI[16995:288c8f] [com.apple.network:connection] nw_endpoint_flow_receive_report [C4 Hostname#5490af17:8081 in_progress parent-flow (satisfied (Path is satisfied), interface: en0[802.11], uses wifi, LQM: unknown)] received child report: [C4.1 Hostname#5490af17:8081 initial path ((null))]
2026-01-28 23:10:34.056 Df NayaVedAI[16995:288c8f] [com.apple.network:connection] [C4.1 Hostname#5490af17:8081 initial path ((null))] event: path:start @0.000s
2026-01-28 23:10:34.056 Db NayaVedAI[16995:288c8f] [com.apple.network:connection] nw_endpoint_handler_path_change [C4.1 Hostname#5490af17:8081 waiting path (satisfied (Path is satisfied), interface: en0[802.11], uses wifi, LQM: unknown)]
2026-01-28 23:10:34.056 Db NayaVedAI[16995:288c8f] [com.apple.networkextension:] ne_tracker_check_is_hostname_blocked() proceeding with the in_the_app check for hostname: localhost
2026-01-28 23:10:34.056 Db NayaVedAI[16995:288c87] [com.apple.network:] tcp_connection_create_with_endpoint_and_parameters 5 localhost 8081
2026-01-28 23:10:34.056 Df NayaVedAI[16995:288b7a] [com.apple.UIKit:InterfaceStyle] Not push traits update to screen for new style 1, <UIWindowScene: 0x106f1f990> (AF758778-0A3E-4F97-8920-F9E27F176868)
2026-01-28 23:10:34.056 Db NayaVedAI[16995:288c87] [com.apple.network:] tcp_connection_set_usage_model 5 setting usage model to 1
2026-01-28 23:10:34.056 Db NayaVedAI[16995:288c8f] [com.apple.CFBundle:resources] Resource lookup at CFBundle 0x600003b04540 </Users/shivi.agarwal/Library/Developer/CoreSimulator/Devices/AC7E343F-585F-430E-B17D-BDD649803605/data/Containers/Bundle/Application/138068ED-0CC3-44B8-A55C-5C4C2004D963/NayaVedAI.app> (executable, loaded)
	Request       : InfoPlist type: strings
	Result        : None
2026-01-28 23:10:34.056 Df NayaVedAI[16995:288c87] [com.apple.CFNetwork:Default] TCP Conn [5:0x600003304aa0] using empty proxy configuration
2026-01-28 23:10:34.056 Db NayaVedAI[16995:288c8f] [com.apple.CFBundle:resources] Resource lookup at CFBundle 0x600003b04540 </Users/shivi.agarwal/Library/Developer/CoreSimulator/Devices/AC7E343F-585F-430E-B17D-BDD649803605/data/Containers/Bundle/Application/138068ED-0CC3-44B8-A55C-5C4C2004D963/NayaVedAI.app> (executable, loaded)
	Request       : InfoPlist type: stringsdict
	Result        : None
2026-01-28 23:10:34.056 Df NayaVedAI[16995:288c87] [com.apple.CFNetwork:Default] Stream client bypassing proxies on TCP Conn [5:0x600003304aa0]
2026-01-28 23:10:34.056 Db NayaVedAI[16995:288c8f] [com.apple.networkextension:] ne_tracker_check_is_hostname_blocked(): hostname localhost is not a tracker. Returning: ne_tracker_status_none
2026-01-28 23:10:34.056 Df NayaVedAI[16995:288c87] [com.apple.CFNetwork:Default] TCP Conn 0x600003304aa0 started
2026-01-28 23:10:34.056 Db NayaVedAI[16995:288c8f] [com.apple.network:connection] nw_endpoint_flow_receive_report [C4 Hostname#5490af17:8081 in_progress parent-flow (satisfied (Path is satisfied), interface: en0[802.11], uses wifi, LQM: unknown)] received child report: [C4.1 Hostname#5490af17:8081 waiting path (satisfied (Path is satisfied), interface: en0[802.11], uses wifi, LQM: unknown)]
2026-01-28 23:10:34.056 Db NayaVedAI[16995:288c87] [com.apple.network:] tcp_connection_start 5 starting
2026-01-28 23:10:34.056 Df NayaVedAI[16995:288c8f] [com.apple.network:connection] [C4.1 Hostname#5490af17:8081 waiting path (satisfied (Path is satisfied), interface: en0[802.11], uses wifi, LQM: unknown)] event: path:satisfied @0.001s, uuid: 51FB9491-8693-4F6A-9297-5D9CABF0FE79
2026-01-28 23:10:34.056 I  NayaVedAI[16995:288c87] [com.apple.network:connection] nw_connection_create_with_id [C5] create connection to Hostname#5490af17:8081
2026-01-28 23:10:34.056 Df NayaVedAI[16995:288b7a] [com.apple.UIKit:AppLifecycle] sceneOfRecord: sceneID: sceneID:com.nayaved.app-default  persistentID: AF758778-0A3E-4F97-8920-F9E27F176868
2026-01-28 23:10:34.056 Db NayaVedAI[16995:288c87] [com.apple.network:] tcp_connection_start starting tc_nwconn=0x1080102b0
2026-01-28 23:10:34.056 Df NayaVedAI[16995:288b7a] [com.apple.UIKit:Application] Deactivation reason removed: 12; deactivation reasons: 4128 -> 32; animating application lifecycle event: 1
2026-01-28 23:10:34.056 Db NayaVedAI[16995:288c8f] [com.apple.network:connection] -[NWConcrete_nw_endpoint_resolver startWithHandler:] [C4.1 Hostname#5490af17:8081 waiting resolver (satisfied (Path is satisfied), interface: en0[802.11], uses wifi, LQM: unknown)]
2026-01-28 23:10:34.056 Df NayaVedAI[16995:288b7a] [com.apple.KeyboardArbiter:Client] Send setDeactivating: N (-DeactivationReason:SuspendedEventsOnly)
2026-01-28 23:10:34.056 Db NayaVedAI[16995:288c8f] [com.apple.network:connection] nw_endpoint_flow_receive_report [C4 Hostname#5490af17:8081 in_progress parent-flow (satisfied (Path is satisfied), interface: en0[802.11], uses wifi, LQM: unknown)] received child report: [C4.1 Hostname#5490af17:8081 in_progress resolver (satisfied (Path is satisfied), interface: en0[802.11], uses wifi, LQM: unknown)]
2026-01-28 23:10:34.056 Df NayaVedAI[16995:288c8f] [com.apple.network:connection] [C4.1 Hostname#5490af17:8081 in_progress resolver (satisfied (Path is satisfied), interface: en0[802.11], uses wifi, LQM: unknown)] event: resolver:start_dns @0.001s
2026-01-28 23:10:34.057 Df NayaVedAI[16995:288b7a] [com.apple.UIKit:Application] Deactivation reason removed: 5; deactivation reasons: 32 -> 0; animating application lifecycle event: 0
2026-01-28 23:10:34.057 Db NayaVedAI[16995:288c8f] [com.apple.networkextension:] ne_tracker_check_is_hostname_blocked() proceeding with the in_the_app check for hostname: localhost
2026-01-28 23:10:34.057 Db NayaVedAI[16995:288b7a] [com.apple.BacklightServices:scenes] 0x600000c3eb20 environment updated:sceneID:com.nayaved.app-default
  delta:{ visualState:0 date:0 active:0 seed:0 }
  diff:<FBSSceneSettingsDiff: 0x600001734480; UIApplicationSceneSettings> {
    settings = <BSKeyedSettingsDiff: 0x600000c70930> {
        SBUISecureRenderingSettingsExtension = <BSKeyedSettingsDiff: 0x600000c70750> {
            secureRenderingEnabled = 0;
        };
        _UISystemShellSceneHostingEnvironmentSettings = <BSKeyedSettingsDiff: 0x600000c707e0> {
            systemShellHostingSpaceIdentifier = SB-display-<embedded>;
        };
        FBSSceneExtensions = <BSKeyedSettingsDiff: 0x600000c708a0> {
            14 = SBUISecureRenderingSceneExtension;
        };
        <_UIHomeAffordanceHostSceneSettings> = <BSKeyedSettingsDiff: 0x600000c70900> {
            homeAffordanceSceneReferenceFrame = NSRect: {{119, 835}, {164, 39}};
        };
        _UISceneRenderingEnvironmentSettings = <BSKeyedSettingsDiff: 0x600000c70840> {
            systemDisplayIdentifier = 92FE7C51-0A42-4D3B-B132-B8EEBBEF75C0;
      
  new:<decode: missing data>
  old:<decode: missing data>
  new:<decode: missing data>
2026-01-28 23:10:34.057 Db NayaVedAI[16995:288c8f] [com.apple.CFBundle:resources] Resource lookup at CFBundle 0x600003b04540 </Users/shivi.agarwal/Library/Developer/CoreSimulator/Devices/AC7E343F-585F-430E-B17D-BDD649803605/data/Containers/Bundle/Application/138068ED-0CC3-44B8-A55C-5C4C2004D963/NayaVedAI.app> (executable, loaded)
	Request       : InfoPlist type: strings
	Result        : None
2026-01-28 23:10:34.057 Db NayaVedAI[16995:288c8f] [com.apple.CFBundle:resources] Resource lookup at CFBundle 0x600003b04540 </Users/shivi.agarwal/Library/Developer/CoreSimulator/Devices/AC7E343F-585F-430E-B17D-BDD649803605/data/Containers/Bundle/Application/138068ED-0CC3-44B8-A55C-5C4C2004D963/NayaVedAI.app> (executable, loaded)
	Request       : InfoPlist type: stringsdict
	Result        : None
2026-01-28 23:10:34.057 Db NayaVedAI[16995:288c8f] [com.apple.networkextension:] ne_tracker_check_is_hostname_blocked(): hostname localhost is not a tracker. Returning: ne_tracker_status_none
2026-01-28 23:10:34.057 Db NayaVedAI[16995:288b7a] [com.apple.defaults:User Defaults] found no value for key LogHomeAffordanceGestureGate in CFPrefsSearchListSource<0x600002c07080> (Domain: com.apple.UIKit, Container: (null) Non-launch persona: 0)
2026-01-28 23:10:34.057 Db NayaVedAI[16995:288b7a] [com.apple.BaseBoard:Common] [BSBlockSentinel:FBSScene] signaled! 1 of 2
2026-01-28 23:10:34.057 I  NayaVedAI[16995:288c8f] [com.apple.network:connection] nw_resolver_create_dns_service_locked [C4.1] Starting host resolution Hostname#5490af17:8081, flags 0xc000d000 proto 0
2026-01-28 23:10:34.058 Df NayaVedAI[16995:288c8f] [com.apple.network:connection] [C5 88CC86FF-BDC7-451D-B894-18EA7CFAAA05 Hostname#5490af17:8081 tcp, definite, attribution: developer, context: Default Network Context (private), proc: 63B02D91-D502-3FF5-9842-92830ECC12FF, delegated upid: 0, no proxy, prohibit fallback, allow socket access] start
2026-01-28 23:10:34.058 I  NayaVedAI[16995:288c8f] [com.apple.network:connection] nw_endpoint_handler_start [C5 Hostname#5490af17:8081 initial parent-flow ((null))]
2026-01-28 23:10:34.058 Df NayaVedAI[16995:288c8f] [com.apple.network:connection] [C5 Hostname#5490af17:8081 initial parent-flow ((null))] event: path:start @0.000s
2026-01-28 23:10:34.058 Db NayaVedAI[16995:288c8f] [com.apple.network:connection] nw_endpoint_handler_path_change [C5 Hostname#5490af17:8081 waiting parent-flow (satisfied (Path is satisfied), interface: en0[802.11], uses wifi, LQM: unknown)]
2026-01-28 23:10:34.058 Db NayaVedAI[16995:288c8f] [com.apple.networkextension:] ne_tracker_check_is_hostname_blocked() proceeding with the in_the_app check for hostname: localhost
2026-01-28 23:10:34.058 Db NayaVedAI[16995:288c8f] [com.apple.CFBundle:resources] Resource lookup at CFBundle 0x600003b04540 </Users/shivi.agarwal/Library/Developer/CoreSimulator/Devices/AC7E343F-585F-430E-B17D-BDD649803605/data/Containers/Bundle/Application/138068ED-0CC3-44B8-A55C-5C4C2004D963/NayaVedAI.app> (executable, loaded)
	Request       : InfoPlist type: strings
	Result        : None
2026-01-28 23:10:34.058 Db NayaVedAI[16995:288c8f] [com.apple.CFBundle:resources] Resource lookup at CFBundle 0x600003b04540 </Users/shivi.agarwal/Library/Developer/CoreSimulator/Devices/AC7E343F-585F-430E-B17D-BDD649803605/data/Containers/Bundle/Application/138068ED-0CC3-44B8-A55C-5C4C2004D963/NayaVedAI.app> (executable, loaded)
	Request       : InfoPlist type: stringsdict
	Result        : None
2026-01-28 23:10:34.058 Db NayaVedAI[16995:288c8f] [com.apple.networkextension:] ne_tracker_check_is_hostname_blocked(): hostname localhost is not a tracker. Returning: ne_tracker_status_none
2026-01-28 23:10:34.058 Df NayaVedAI[16995:288c8f] [com.apple.network:connection] [C5 Hostname#5490af17:8081 waiting parent-flow (satisfied (Path is satisfied), interface: en0[802.11], uses wifi, LQM: unknown)] event: path:satisfied @0.000s, uuid: 51FB9491-8693-4F6A-9297-5D9CABF0FE79
2026-01-28 23:10:34.058 I  NayaVedAI[16995:288c8f] [com.apple.network:connection] nw_connection_endpoint_report_on_nw_queue_block_invoke [C5 Hostname#5490af17:8081 waiting parent-flow (satisfied (Path is satisfied), interface: en0[802.11], uses wifi, LQM: unknown)] skipping state update
2026-01-28 23:10:34.058 Db NayaVedAI[16995:288c8f] [com.apple.network:connection] nw_endpoint_flow_attach_protocols [C5 Hostname#5490af17:8081 in_progress parent-flow (satisfied (Path is satisfied), interface: en0[802.11], uses wifi, LQM: unknown)]
2026-01-28 23:10:34.058 Db NayaVedAI[16995:288c8f] [com.apple.network:connection] nw_endpoint_flow_attach_protocols [C5 Hostname#5490af17:8081 in_progress parent-flow (satisfied (Path is satisfied), interface: en0[802.11], uses wifi, LQM: unknown)] stopping after adding persistent application protocols
2026-01-28 23:10:34.058 Db NayaVedAI[16995:288c8f] [com.apple.network:connection] nw_endpoint_flow_setup_protocols [C5 Hostname#5490af17:8081 in_progress parent-flow (satisfied (Path is satisfied), interface: en0[802.11], uses wifi, LQM: unknown)] persistent protocol stack, starting
2026-01-28 23:10:34.058 Df NayaVedAI[16995:288c8f] [com.apple.network:connection] [C5 Hostname#5490af17:8081 in_progress parent-flow (satisfied (Path is satisfied), interface: en0[802.11], uses wifi, LQM: unknown)] event: flow:start_connect @0.000s
2026-01-28 23:10:34.058 Df NayaVedAI[16995:288c8f] [com.apple.network:connection] nw_connection_report_state_with_handler_on_nw_queue [C5] reporting state preparing
2026-01-28 23:10:34.058 I  NayaVedAI[16995:288c8f] [com.apple.network:connection] nw_endpoint_flow_connect [C5 Hostname#5490af17:8081 in_progress parent-flow (satisfied (Path is satisfied), interface: en0[802.11], uses wifi, LQM: unknown)] connect bottom protocol
2026-01-28 23:10:34.058 Db NayaVedAI[16995:288c8f] [com.apple.network:connection] nw_endpoint_flow_start_child [C5 Hostname#5490af17:8081 in_progress parent-flow (satisfied (Path is satisfied), interface: en0[802.11], uses wifi, LQM: unknown)] creating and starting child handler
2026-01-28 23:10:34.058 Df NayaVedAI[16995:288c8f] [com.apple.network:connection] [C5 Hostname#5490af17:8081 in_progress parent-flow (satisfied (Path is satisfied), interface: en0[802.11], uses wifi, LQM: unknown)] event: flow:start_child @0.000s
2026-01-28 23:10:34.058 I  NayaVedAI[16995:288c8f] [com.apple.network:connection] nw_endpoint_handler_start [C5.1 Hostname#5490af17:8081 initial path ((null))]
2026-01-28 23:10:34.058 Db NayaVedAI[16995:288c8f] [com.apple.network:connection] nw_endpoint_flow_receive_report [C5 Hostname#5490af17:8081 in_progress parent-flow (satisfied (Path is satisfied), interface: en0[802.11], uses wifi, LQM: unknown)] received child report: [C5.1 Hostname#5490af17:8081 initial path ((null))]
2026-01-28 23:10:34.058 Df NayaVedAI[16995:288c8f] [com.apple.network:connection] [C5.1 Hostname#5490af17:8081 initial path ((null))] event: path:start @0.000s
2026-01-28 23:10:34.058 Db NayaVedAI[16995:288c8f] [com.apple.network:connection] nw_endpoint_handler_path_change [C5.1 Hostname#5490af17:8081 waiting path (satisfied (Path is satisfied), interface: en0[802.11], uses wifi, LQM: unknown)]
2026-01-28 23:10:34.058 Db NayaVedAI[16995:288c8f] [com.apple.networkextension:] ne_tracker_check_is_hostname_blocked() proceeding with the in_the_app check for hostname: localhost
2026-01-28 23:10:34.058 Db NayaVedAI[16995:288c8f] [com.apple.CFBundle:resources] Resource lookup at CFBundle 0x600003b04540 </Users/shivi.agarwal/Library/Developer/CoreSimulator/Devices/AC7E343F-585F-430E-B17D-BDD649803605/data/Containers/Bundle/Application/138068ED-0CC3-44B8-A55C-5C4C2004D963/NayaVedAI.app> (executable, loaded)
	Request       : InfoPlist type: strings
	Result        : None
2026-01-28 23:10:34.058 Db NayaVedAI[16995:288c8f] [com.apple.CFBundle:resources] Resource lookup at CFBundle 0x600003b04540 </Users/shivi.agarwal/Library/Developer/CoreSimulator/Devices/AC7E343F-585F-430E-B17D-BDD649803605/data/Containers/Bundle/Application/138068ED-0CC3-44B8-A55C-5C4C2004D963/NayaVedAI.app> (executable, loaded)
	Request       : InfoPlist type: stringsdict
	Result        : None
2026-01-28 23:10:34.058 Db NayaVedAI[16995:288c8f] [com.apple.networkextension:] ne_tracker_check_is_hostname_blocked(): hostname localhost is not a tracker. Returning: ne_tracker_status_none
2026-01-28 23:10:34.058 Db NayaVedAI[16995:288c8f] [com.apple.network:connection] nw_endpoint_flow_receive_report [C5 Hostname#5490af17:8081 in_progress parent-flow (satisfied (Path is satisfied), interface: en0[802.11], uses wifi, LQM: unknown)] received child report: [C5.1 Hostname#5490af17:8081 waiting path (satisfied (Path is satisfied), interface: en0[802.11], uses wifi, LQM: unknown)]
2026-01-28 23:10:34.058 Df NayaVedAI[16995:288c8f] [com.apple.network:connection] [C5.1 Hostname#5490af17:8081 waiting path (satisfied (Path is satisfied), interface: en0[802.11], uses wifi, LQM: unknown)] event: path:satisfied @0.000s, uuid: 51FB9491-8693-4F6A-9297-5D9CABF0FE79
2026-01-28 23:10:34.058 Db NayaVedAI[16995:288c8f] [com.apple.network:connection] -[NWConcrete_nw_endpoint_resolver startWithHandler:] [C5.1 Hostname#5490af17:8081 waiting resolver (satisfied (Path is satisfied), interface: en0[802.11], uses wifi, LQM: unknown)]
2026-01-28 23:10:34.058 Db NayaVedAI[16995:288c8f] [com.apple.network:connection] nw_endpoint_flow_receive_report [C5 Hostname#5490af17:8081 in_progress parent-flow (satisfied (Path is satisfied), interface: en0[802.11], uses wifi, LQM: unknown)] received child report: [C5.1 Hostname#5490af17:8081 in_progress resolver (satisfied (Path is satisfied), interface: en0[802.11], uses wifi, LQM: unknown)]
2026-01-28 23:10:34.058 Df NayaVedAI[16995:288c8f] [com.apple.network:connection] [C5.1 Hostname#5490af17:8081 in_progress resolver (satisfied (Path is satisfied), interface: en0[802.11], uses wifi, LQM: unknown)] event: resolver:start_dns @0.000s
2026-01-28 23:10:34.058 Db NayaVedAI[16995:288c8c] [com.apple.BaseBoard:Common] [BSBlockSentinel:FBSScene] signaled! 2 of 2
2026-01-28 23:10:34.058 Db NayaVedAI[16995:288b7a] [com.apple.defaults:User Defaults] found no value for key AutomationEnabled in CFPrefsSearchListSource<0x600002c09300> (Domain: com.apple.Accessibility, Container: (null) Non-launch persona: 0)
2026-01-28 23:10:34.058 Db NayaVedAI[16995:288c8c] [com.apple.BaseBoard:Common] [BSBlockSentinel:FBSScene] dealloc
2026-01-28 23:10:34.058 Db NayaVedAI[16995:288b7a] [com.apple.Accessibility:AXSupportCommon] CF Read: domain = com.apple.Accessibility, preference = AutomationEnabled, appID = (null) result = (null) (-1 - empty, 0 - false, 1 - true)
2026-01-28 23:10:34.058 Db NayaVedAI[16995:288c8c] [com.apple.BaseBoard:Common] [BSBlockSentinel:FBSScene] signaled! 2 of 2
2026-01-28 23:10:34.058 Db NayaVedAI[16995:288b7a] [com.apple.defaults:User Defaults] found no value for key AutomationEnabled in CFPrefsPlistSource<0x600002c09680> (Domain: com.apple.Accessibility, User: kCFPreferencesCurrentUser, ByHost: No, Container: /Users/shivi.agarwal/Library/Developer/CoreSimulator/Devices/AC7E343F-585F-430E-B17D-BDD649803605/data, Contents Need Refresh: No)
2026-01-28 23:10:34.058 Db NayaVedAI[16995:288c8c] [com.apple.BaseBoard:Common] [BSBlockSentinel:FBSScene] dealloc
2026-01-28 23:10:34.058 Db NayaVedAI[16995:288c8f] [com.apple.networkextension:] ne_tracker_check_is_hostname_blocked() proceeding with the in_the_app check for hostname: localhost
2026-01-28 23:10:34.059 Db NayaVedAI[16995:288b7a] [com.apple.defaults:User Defaults] found no value for key LogUpdateCycle.Stalls in CFPrefsSearchListSource<0x600002c07080> (Domain: com.apple.UIKit, Container: (null) Non-launch persona: 0)
2026-01-28 23:10:34.059 Db NayaVedAI[16995:288c8f] [com.apple.CFBundle:resources] Resource lookup at CFBundle 0x600003b04540 </Users/shivi.agarwal/Library/Developer/CoreSimulator/Devices/AC7E343F-585F-430E-B17D-BDD649803605/data/Containers/Bundle/Application/138068ED-0CC3-44B8-A55C-5C4C2004D963/NayaVedAI.app> (executable, loaded)
	Request       : InfoPlist type: strings
	Result        : None
2026-01-28 23:10:34.059 Db NayaVedAI[16995:288c8f] [com.apple.CFBundle:resources] Resource lookup at CFBundle 0x600003b04540 </Users/shivi.agarwal/Library/Developer/CoreSimulator/Devices/AC7E343F-585F-430E-B17D-BDD649803605/data/Containers/Bundle/Application/138068ED-0CC3-44B8-A55C-5C4C2004D963/NayaVedAI.app> (executable, loaded)
	Request       : InfoPlist type: stringsdict
	Result        : None
2026-01-28 23:10:34.059 Db NayaVedAI[16995:288b7a] (TextInput) -[TIPreferencesController preferencesChangedCallback:]  preferencesChangedCallback: Triggering preferencesChangedCallback for domain <_TIPreferenceDomain: 0x600000c00150> with notification AppleKeyboardsSettingsChangedNotification
2026-01-28 23:10:34.059 Db NayaVedAI[16995:288c8f] [com.apple.networkextension:] ne_tracker_check_is_hostname_blocked(): hostname localhost is not a tracker. Returning: ne_tracker_status_none
2026-01-28 23:10:34.059 I  NayaVedAI[16995:288b7a] [com.wix.Detox:WebSocket] Action received: loginSuccess
2026-01-28 23:10:34.059 I  NayaVedAI[16995:288b7a] [com.wix.Detox:DetoxManager] Successfully logged in
2026-01-28 23:10:34.059 I  NayaVedAI[16995:288c8f] [com.apple.network:connection] nw_resolver_create_dns_service_locked [C5.1] Starting host resolution Hostname#5490af17:8081, flags 0xc000d000 proto 0
2026-01-28 23:10:34.059 Db NayaVedAI[16995:288c8f] [com.apple.CFNetwork:Coalescing] removing all entries config 0x60000020eee0
2026-01-28 23:10:34.059 Df NayaVedAI[16995:288c8f] [com.apple.CFNetwork:Default] Connection 3: cleaning up
2026-01-28 23:10:34.059 Df NayaVedAI[16995:288c8f] [com.apple.network:connection] [C3 965365C8-28EF-4DFB-99B3-059FA4729847 Hostname#5490af17:8081 tcp, url: http://localhost:8081/.expo/.virtual-metro-entry.bundle, definite, attribution: developer] cancel
2026-01-28 23:10:34.059 Df NayaVedAI[16995:288c8f] [com.apple.network:connection] [C3 965365C8-28EF-4DFB-99B3-059FA4729847 Hostname#5490af17:8081 tcp, url: http://localhost:8081/.expo/.virtual-metro-entry.bundle, definite, attribution: developer] cancelled
	[C3.1.1 B0A4ED9A-C3B1-468A-A8AF-7BD40BF1B948 ::1.49585<->IPv6#92b0b836.8081]
	Connected Path: satisfied (Path is satisfied), interface: lo0
	Privacy Stance: Not Eligible
	Duration: 0.125s, DNS @0.001s took 0.001s, TCP @0.003s took 0.001s
	bytes in/out: 12057516/422, packets in/out: 750/1, rtt: 0.001s, retransmitted bytes: 0, out-of-order bytes: 0
	ecn packets sent/acked/marked/lost: 0/0/0/0
2026-01-28 23:10:34.059 I  NayaVedAI[16995:288c8f] [com.apple.network:connection] nw_endpoint_handler_cancel [C3 IPv6#92b0b836.8081 ready parent-flow (satisfied (Path is satisfied), interface: en0[802.11], uses wifi, LQM: unknown)]
2026-01-28 23:10:34.059 Db NayaVedAI[16995:288c8f] [com.apple.network:connection] nw_flow_passthrough_disconnected [C3.1.1 IPv6#92b0b836.8081 ready socket-flow (satisfied (Path is satisfied), interface: lo0)] deferring fail on disconnected
2026-01-28 23:10:34.059 I  NayaVedAI[16995:288c8f] [com.apple.network:connection] nw_endpoint_handler_cancel [C3.1 Hostname#5490af17:8081 ready resolver (satisfied (Path is satisfied), interface: en0[802.11], uses wifi, LQM: unknown)]
2026-01-28 23:10:34.059 I  NayaVedAI[16995:288c8f] [com.apple.network:connection] nw_association_schedule_deactivation <nw_association Hostname#5490af17:8081> will become dormant after 10000ms of inactivity
2026-01-28 23:10:34.059 I  NayaVedAI[16995:288c8f] [com.apple.network:connection] nw_endpoint_handler_cancel [C3.1.1 IPv6#92b0b836.8081 ready socket-flow (satisfied (Path is satisfied), interface: lo0)]
2026-01-28 23:10:34.059 I  NayaVedAI[16995:288c8f] [com.apple.network:connection] nw_association_schedule_deactivation <nw_association IPv6#92b0b836.8081> will become dormant after 10000ms of inactivity
2026-01-28 23:10:34.059 Db NayaVedAI[16995:288c8f] [com.apple.network:connection] nw_endpoint_flow_stitch_stack_without_passthrough [C3.1.1 IPv6#92b0b836.8081 cancelled socket-flow ((null))] Not stitching the stack since passthrough is directly below a flow
2026-01-28 23:10:34.059 Db NayaVedAI[16995:288c8f] [com.apple.network:connection] nw_flow_passthrough_disconnected [C3.1.1 IPv6#92b0b836.8081 cancelled socket-flow ((null))] deferring fail on disconnected
2026-01-28 23:10:34.060 Db NayaVedAI[16995:288c8f] [com.apple.network:connection] nw_flow_cancel_read_write_requests [C3.1.1 IPv6#92b0b836.8081 cancelled socket-flow ((null))] cancelling read/write requests
2026-01-28 23:10:34.060 I  NayaVedAI[16995:288c8f] [com.apple.network:connection] nw_endpoint_handler_cancel [C3.1.2 IPv4#a9889cc3:8081 cancelled path ((null))]
2026-01-28 23:10:34.060 Df NayaVedAI[16995:288b7a] [com.apple.KeyboardArbiter:Client] startConnection
2026-01-28 23:10:34.060 Db NayaVedAI[16995:288c8f] [com.apple.network:connection] nw_resolver_cancel [C3.1] 0x106e0dd50
2026-01-28 23:10:34.060 Db NayaVedAI[16995:288c8f] [com.apple.network:connection] nw_flow_cancel_read_write_requests [C3 Hostname#5490af17:8081 cancelled parent-flow ((null))] cancelling read/write requests
2026-01-28 23:10:34.060 Df NayaVedAI[16995:288c8f] [com.apple.network:connection] nw_connection_report_state_with_handler_on_nw_queue [C3] reporting state cancelled
2026-01-28 23:10:34.060 I  NayaVedAI[16995:288c8f] [com.apple.network:connection] nw_resolver_host_resolve_callback [C4.1] flags=0x40000003 ifindex=4294967295 error=NoError(0) hostname=localhost. addr=IPv6#bf6051d7 ttl=1
2026-01-28 23:10:34.060 I  NayaVedAI[16995:288c8f] [com.apple.network:connection] nw_resolver_host_resolve_callback [C4.1] flags=0x40000002 ifindex=4294967295 error=NoError(0) hostname=localhost. addr=IPv4#49966766 ttl=1
2026-01-28 23:10:34.060 Db NayaVedAI[16995:288c8f] [com.apple.network:] sa_dst_compare_rfc6724 Rule 6, prefer d2, d2 precedence 50 > d1 precedence 35
2026-01-28 23:10:34.060 Db NayaVedAI[16995:288c8f] [com.apple.network:] sa_dst_compare_internal <private>@0 < <private>@0
2026-01-28 23:10:34.060 I  NayaVedAI[16995:288c8f] [com.apple.network:connection] [C3 Hostname#5490af17:8081 tcp, url: http://localhost:8081/.expo/.virtual-metro-entry.bundle, definite, attribution: developer] dealloc
2026-01-28 23:10:34.060 I  NayaVedAI[16995:288c8f] [com.apple.network:connection] nw_resolver_host_resolve_callback [C5.1] flags=0x40000003 ifindex=4294967295 error=NoError(0) hostname=localhost. addr=IPv6#bf6051d7 ttl=1
2026-01-28 23:10:34.060 I  NayaVedAI[16995:288c8f] [com.apple.network:connection] nw_resolver_host_resolve_callback [C5.1] flags=0x40000002 ifindex=4294967295 error=NoError(0) hostname=localhost. addr=IPv4#49966766 ttl=1
2026-01-28 23:10:34.060 Db NayaVedAI[16995:288c8f] [com.apple.network:] sa_dst_compare_rfc6724 Rule 6, prefer d2, d2 precedence 50 > d1 precedence 35
2026-01-28 23:10:34.060 Db NayaVedAI[16995:288c8f] [com.apple.network:] sa_dst_compare_internal <private>@0 < <private>@0
2026-01-28 23:10:34.061 Db NayaVedAI[16995:288c8f] [com.apple.network:] nw_fd_wrapper_close closed <fd_wrapper 14, guarded: true>
2026-01-28 23:10:34.061 Db NayaVedAI[16995:288c8f] [com.apple.network:connection] nw_endpoint_resolver_update [C4.1 Hostname#5490af17:8081 in_progress resolver (satisfied (Path is satisfied), interface: en0[802.11], uses wifi, LQM: unknown)] resolver is complete
2026-01-28 23:10:34.061 Df NayaVedAI[16995:288c8f] [com.apple.network:connection] nw_endpoint_resolver_update [C4.1 Hostname#5490af17:8081 in_progress resolver (satisfied (Path is satisfied), interface: en0[802.11], uses wifi, LQM: unknown)] Adding endpoint handler for IPv6#92b0b836.8081
2026-01-28 23:10:34.061 Df NayaVedAI[16995:288c8f] [com.apple.network:connection] nw_endpoint_resolver_update [C4.1 Hostname#5490af17:8081 in_progress resolver (satisfied (Path is satisfied), interface: en0[802.11], uses wifi, LQM: unknown)] Adding endpoint handler for IPv4#a9889cc3:8081
2026-01-28 23:10:34.061 Db NayaVedAI[16995:288c8f] [com.apple.network:connection] nw_endpoint_resolver_update [C4.1 Hostname#5490af17:8081 in_progress resolver (satisfied (Path is satisfied), interface: en0[802.11], uses wifi, LQM: unknown)] Updated endpoint list is (IPv6#92b0b836.8081,IPv4#a9889cc3:8081)
2026-01-28 23:10:34.061 Db NayaVedAI[16995:288c8f] [com.apple.network:connection] nw_endpoint_flow_receive_report [C4 Hostname#5490af17:8081 in_progress parent-flow (satisfied (Path is satisfied), interface: en0[802.11], uses wifi, LQM: unknown)] received child report: [C4.1 Hostname#5490af17:8081 in_progress resolver (satisfied (Path is satisfied), interface: en0[802.11], uses wifi, LQM: unknown)]
2026-01-28 23:10:34.061 Df NayaVedAI[16995:288c8f] [com.apple.network:connection] [C4.1 Hostname#5490af17:8081 in_progress resolver (satisfied (Path is satisfied), interface: en0[802.11], uses wifi, LQM: unknown)] event: resolver:receive_dns @0.005s
2026-01-28 23:10:34.061 Db NayaVedAI[16995:288c8f] [com.apple.network:connection] nw_endpoint_resolver_update [C5.1 Hostname#5490af17:8081 in_progress resolver (satisfied (Path is satisfied), interface: en0[802.11], uses wifi, LQM: unknown)] resolver is complete
2026-01-28 23:10:34.061 Df NayaVedAI[16995:288c8f] [com.apple.network:connection] nw_endpoint_resolver_update [C5.1 Hostname#5490af17:8081 in_progress resolver (satisfied (Path is satisfied), interface: en0[802.11], uses wifi, LQM: unknown)] Adding endpoint handler for IPv6#92b0b836.8081
2026-01-28 23:10:34.061 Df NayaVedAI[16995:288c8f] [com.apple.network:connection] nw_endpoint_resolver_update [C5.1 Hostname#5490af17:8081 in_progress resolver (satisfied (Path is satisfied), interface: en0[802.11], uses wifi, LQM: unknown)] Adding endpoint handler for IPv4#a9889cc3:8081
2026-01-28 23:10:34.061 Db NayaVedAI[16995:288b7a] [com.apple.defaults:User Defaults] found no value for key BarUseDynamicType in CFPrefsSearchListSource<0x600002c07080> (Domain: com.apple.UIKit, Container: (null) Non-launch persona: 0)
2026-01-28 23:10:34.061 Db NayaVedAI[16995:288c8f] [com.apple.network:connection] nw_endpoint_resolver_update [C5.1 Hostname#5490af17:8081 in_progress resolver (satisfied (Path is satisfied), interface: en0[802.11], uses wifi, LQM: unknown)] Updated endpoint list is (IPv6#92b0b836.8081,IPv4#a9889cc3:8081)
2026-01-28 23:10:34.061 Db NayaVedAI[16995:288c8f] [com.apple.network:connection] nw_endpoint_flow_receive_report [C5 Hostname#5490af17:8081 in_progress parent-flow (satisfied (Path is satisfied), interface: en0[802.11], uses wifi, LQM: unknown)] received child report: [C5.1 Hostname#5490af17:8081 in_progress resolver (satisfied (Path is satisfied), interface: en0[802.11], uses wifi, LQM: unknown)]
2026-01-28 23:10:34.061 Df NayaVedAI[16995:288c8f] [com.apple.network:connection] [C5.1 Hostname#5490af17:8081 in_progress resolver (satisfied (Path is satisfied), interface: en0[802.11], uses wifi, LQM: unknown)] event: resolver:receive_dns @0.003s
2026-01-28 23:10:34.061 I  NayaVedAI[16995:288c8f] [com.apple.network:connection] nw_endpoint_resolver_start_next_child [C4.1 Hostname#5490af17:8081 in_progress resolver (satisfied (Path is satisfied), interface: en0[802.11], uses wifi, LQM: unknown)] starting child endpoint IPv6#92b0b836.8081
2026-01-28 23:10:34.061 I  NayaVedAI[16995:288c8f] [com.apple.network:connection] nw_endpoint_handler_start [C4.1.1 IPv6#92b0b836.8081 initial path ((null))]
2026-01-28 23:10:34.061 Db NayaVedAI[16995:288c8f] [com.apple.network:connection] nw_endpoint_resolver_receive_report [C4.1 Hostname#5490af17:8081 in_progress resolver (satisfied (Path is satisfied), interface: en0[802.11], uses wifi, LQM: unknown)] received child report: [C4.1.1 IPv6#92b0b836.8081 initial path ((null))]
2026-01-28 23:10:34.061 Db NayaVedAI[16995:288c8f] [com.apple.network:connection] nw_endpoint_flow_receive_report [C4 Hostname#5490af17:8081 in_progress parent-flow (satisfied (Path is satisfied), interface: en0[802.11], uses wifi, LQM: unknown)] received child report: [C4.1.1 IPv6#92b0b836.8081 initial path ((null))]
2026-01-28 23:10:34.061 Df NayaVedAI[16995:288c8f] [com.apple.network:connection] [C4.1.1 IPv6#92b0b836.8081 initial path ((null))] event: path:start @0.005s
2026-01-28 23:10:34.061 Db NayaVedAI[16995:288c8f] [com.apple.network:connection] nw_endpoint_handler_path_change [C4.1.1 IPv6#92b0b836.8081 waiting path (satisfied (Path is satisfied), interface: lo0)]
2026-01-28 23:10:34.061 Db NayaVedAI[16995:288c8f] [com.apple.network:connection] nw_endpoint_resolver_receive_report [C4.1 Hostname#5490af17:8081 in_progress resolver (satisfied (Path is satisfied), interface: en0[802.11], uses wifi, LQM: unknown)] received child report: [C4.1.1 IPv6#92b0b836.8081 waiting path (satisfied (Path is satisfied), interface: lo0)]
2026-01-28 23:10:34.061 Db NayaVedAI[16995:288c8f] [com.apple.network:connection] nw_endpoint_flow_receive_report [C4 Hostname#5490af17:8081 in_progress parent-flow (satisfied (Path is satisfied), interface: en0[802.11], uses wifi, LQM: unknown)] received child report: [C4.1.1 IPv6#92b0b836.8081 waiting path (satisfied (Path is satisfied), interface: lo0)]
2026-01-28 23:10:34.061 Df NayaVedAI[16995:288c8f] [com.apple.network:connection] [C4.1.1 IPv6#92b0b836.8081 waiting path (satisfied (Path is satisfied), interface: lo0)] event: path:satisfied @0.006s, uuid: E3A37600-CD07-448E-A642-632E40F34D6E
2026-01-28 23:10:34.061 I  NayaVedAI[16995:288c8f] [com.apple.network:connection] nw_association_create_flow <nw_association IPv6#92b0b836.8081> Added association flow ID 1D19A488-B506-4DD5-A523-85F01E1EC39E
2026-01-28 23:10:34.061 I  NayaVedAI[16995:288c8f] [com.apple.network:connection] nw_endpoint_flow_setup_protocols [C4.1.1 IPv6#92b0b836.8081 in_progress socket-flow (satisfied (Path is satisfied), interface: lo0)] setup flow id 1D19A488-B506-4DD5-A523-85F01E1EC39E
2026-01-28 23:10:34.061 Db NayaVedAI[16995:288c8f] [com.apple.network:connection] nw_endpoint_flow_attach_protocols [C4.1.1 IPv6#92b0b836.8081 in_progress socket-flow (satisfied (Path is satisfied), interface: lo0)]
2026-01-28 23:10:34.061 Db NayaVedAI[16995:288c8f] [com.apple.network:] nw_fd_wrapper_create Created <fd_wrapper 14, guarded: false>
2026-01-28 23:10:34.061 Df NayaVedAI[16995:288c8f] [com.apple.network:connection] nw_socket_initialize_socket [C4.1.1:1] Not guarding fd 14
2026-01-28 23:10:34.061 Db NayaVedAI[16995:288c8f] [com.apple.network:connection] nw_endpoint_flow_attach_protocols [C4.1.1 IPv6#92b0b836.8081 in_progress socket-flow (satisfied (Path is satisfied), interface: lo0)] Attached socket protocol
