2026-01-28 16:28:55.685 Db NayaVedAI[71451:21a115] [com.apple.network:connection] -[NWConcrete_nw_endpoint_resolver startWithHandler:] [C23.1 Hostname#a19a2c0f:8081 waiting resolver (satisfied (Path is satisfied), interface: en0[802.11], uses wifi, LQM: unknown)]
2026-01-28 16:28:55.685 Db NayaVedAI[71451:21a115] [com.apple.network:connection] nw_endpoint_flow_receive_report [C23 Hostname#a19a2c0f:8081 in_progress parent-flow (satisfied (Path is satisfied), interface: en0[802.11], uses wifi, LQM: unknown)] received child report: [C23.1 Hostname#a19a2c0f:8081 in_progress resolver (satisfied (Path is satisfied), interface: en0[802.11], uses wifi, LQM: unknown)]
2026-01-28 16:28:55.685 Df NayaVedAI[71451:21a115] [com.apple.network:connection] [C23.1 Hostname#a19a2c0f:8081 in_progress resolver (satisfied (Path is satisfied), interface: en0[802.11], uses wifi, LQM: unknown)] event: resolver:start_dns @0.002s
2026-01-28 16:28:55.685 Db NayaVedAI[71451:21a115] [com.apple.networkextension:] ne_tracker_check_is_hostname_blocked() proceeding with the in_the_app check for hostname: localhost
2026-01-28 16:28:55.685 Db NayaVedAI[71451:21a115] [com.apple.CFBundle:resources] Resource lookup at CFBundle 0x600003b04700 </Users/shivi.agarwal/Library/Developer/CoreSimulator/Devices/AC7E343F-585F-430E-B17D-BDD649803605/data/Containers/Bundle/Application/AD33C3F3-69F6-4E76-8701-44660F53F11C/NayaVedAI.app> (executable, loaded)
	Request       : InfoPlist type: strings
	Result        : None
2026-01-28 16:28:55.685 Db NayaVedAI[71451:21a115] [com.apple.CFBundle:resources] Resource lookup at CFBundle 0x600003b04700 </Users/shivi.agarwal/Library/Developer/CoreSimulator/Devices/AC7E343F-585F-430E-B17D-BDD649803605/data/Containers/Bundle/Application/AD33C3F3-69F6-4E76-8701-44660F53F11C/NayaVedAI.app> (executable, loaded)
	Request       : InfoPlist type: stringsdict
	Result        : None
2026-01-28 16:28:55.685 Db NayaVedAI[71451:21a115] [com.apple.networkextension:] ne_tracker_check_is_hostname_blocked(): hostname localhost is not a tracker. Returning: ne_tracker_status_none
2026-01-28 16:28:55.685 I  NayaVedAI[71451:21a115] [com.apple.network:connection] nw_resolver_create_dns_service_locked [C23.1] Starting host resolution Hostname#a19a2c0f:8081, flags 0xc000d000 proto 0
2026-01-28 16:28:55.685 Df NayaVedAI[71451:21a115] [com.apple.CFNetwork:Default] Task <A7A5BF2B-47C7-4D03-A217-8CE011EC99A4>.<1> setting up Connection 23
2026-01-28 16:28:55.685 Db NayaVedAI[71451:21a115] [com.apple.network:activity] Returning should log: 0 for activity cfnetwork:foreground_task
2026-01-28 16:28:55.685 I  NayaVedAI[71451:21a115] [com.apple.network:connection] nw_resolver_host_resolve_callback [C23.1] flags=0x40000003 ifindex=4294967295 error=NoError(0) hostname=localhost. addr=IPv6#4f2c3092 ttl=1
2026-01-28 16:28:55.685 I  NayaVedAI[71451:21a115] [com.apple.network:connection] nw_resolver_host_resolve_callback [C23.1] flags=0x40000002 ifindex=4294967295 error=NoError(0) hostname=localhost. addr=IPv4#8deebaa3 ttl=1
2026-01-28 16:28:55.685 Db NayaVedAI[71451:21a115] [com.apple.network:] sa_dst_compare_rfc6724 Rule 6, prefer d2, d2 precedence 50 > d1 precedence 35
2026-01-28 16:28:55.685 Db NayaVedAI[71451:21a115] [com.apple.network:] sa_dst_compare_internal <private>@0 < <private>@0
2026-01-28 16:28:55.685 Db NayaVedAI[71451:21a115] [com.apple.network:connection] nw_endpoint_resolver_update [C23.1 Hostname#a19a2c0f:8081 in_progress resolver (satisfied (Path is satisfied), interface: en0[802.11], uses wifi, LQM: unknown)] resolver is complete
2026-01-28 16:28:55.685 Df NayaVedAI[71451:21a115] [com.apple.network:connection] nw_endpoint_resolver_update [C23.1 Hostname#a19a2c0f:8081 in_progress resolver (satisfied (Path is satisfied), interface: en0[802.11], uses wifi, LQM: unknown)] Adding endpoint handler for IPv6#e1664cbf.8081
2026-01-28 16:28:55.685 Df NayaVedAI[71451:21a115] [com.apple.network:connection] nw_endpoint_resolver_update [C23.1 Hostname#a19a2c0f:8081 in_progress resolver (satisfied (Path is satisfied), interface: en0[802.11], uses wifi, LQM: unknown)] Adding endpoint handler for IPv4#43158804:8081
2026-01-28 16:28:55.686 Db NayaVedAI[71451:21a115] [com.apple.network:connection] nw_endpoint_resolver_update [C23.1 Hostname#a19a2c0f:8081 in_progress resolver (satisfied (Path is satisfied), interface: en0[802.11], uses wifi, LQM: unknown)] Updated endpoint list is (IPv6#e1664cbf.8081,IPv4#43158804:8081)
2026-01-28 16:28:55.686 Db NayaVedAI[71451:21a115] [com.apple.network:connection] nw_endpoint_flow_receive_report [C23 Hostname#a19a2c0f:8081 in_progress parent-flow (satisfied (Path is satisfied), interface: en0[802.11], uses wifi, LQM: unknown)] received child report: [C23.1 Hostname#a19a2c0f:8081 in_progress resolver (satisfied (Path is satisfied), interface: en0[802.11], uses wifi, LQM: unknown)]
2026-01-28 16:28:55.686 Df NayaVedAI[71451:21a115] [com.apple.network:connection] [C23.1 Hostname#a19a2c0f:8081 in_progress resolver (satisfied (Path is satisfied), interface: en0[802.11], uses wifi, LQM: unknown)] event: resolver:receive_dns @0.003s
2026-01-28 16:28:55.686 I  NayaVedAI[71451:21a115] [com.apple.network:connection] nw_endpoint_resolver_start_next_child [C23.1 Hostname#a19a2c0f:8081 in_progress resolver (satisfied (Path is satisfied), interface: en0[802.11], uses wifi, LQM: unknown)] starting child endpoint IPv6#e1664cbf.8081
2026-01-28 16:28:55.686 I  NayaVedAI[71451:21a115] [com.apple.network:connection] nw_endpoint_handler_start [C23.1.1 IPv6#e1664cbf.8081 initial path ((null))]
2026-01-28 16:28:55.686 Db NayaVedAI[71451:21a115] [com.apple.network:connection] nw_endpoint_resolver_receive_report [C23.1 Hostname#a19a2c0f:8081 in_progress resolver (satisfied (Path is satisfied), interface: en0[802.11], uses wifi, LQM: unknown)] received child report: [C23.1.1 IPv6#e1664cbf.8081 initial path ((null))]
2026-01-28 16:28:55.686 Db NayaVedAI[71451:21a115] [com.apple.network:connection] nw_endpoint_flow_receive_report [C23 Hostname#a19a2c0f:8081 in_progress parent-flow (satisfied (Path is satisfied), interface: en0[802.11], uses wifi, LQM: unknown)] received child report: [C23.1.1 IPv6#e1664cbf.8081 initial path ((null))]
2026-01-28 16:28:55.686 Df NayaVedAI[71451:21a115] [com.apple.network:connection] [C23.1.1 IPv6#e1664cbf.8081 initial path ((null))] event: path:start @0.003s
2026-01-28 16:28:55.686 Db NayaVedAI[71451:21a115] [com.apple.network:connection] nw_endpoint_handler_path_change [C23.1.1 IPv6#e1664cbf.8081 waiting path (satisfied (Path is satisfied), interface: lo0)]
2026-01-28 16:28:55.686 Db NayaVedAI[71451:21a115] [com.apple.network:connection] nw_endpoint_resolver_receive_report [C23.1 Hostname#a19a2c0f:8081 in_progress resolver (satisfied (Path is satisfied), interface: en0[802.11], uses wifi, LQM: unknown)] received child report: [C23.1.1 IPv6#e1664cbf.8081 waiting path (satisfied (Path is satisfied), interface: lo0)]
2026-01-28 16:28:55.686 Db NayaVedAI[71451:21a115] [com.apple.network:connection] nw_endpoint_flow_receive_report [C23 Hostname#a19a2c0f:8081 in_progress parent-flow (satisfied (Path is satisfied), interface: en0[802.11], uses wifi, LQM: unknown)] received child report: [C23.1.1 IPv6#e1664cbf.8081 waiting path (satisfied (Path is satisfied), interface: lo0)]
2026-01-28 16:28:55.686 Df NayaVedAI[71451:21a115] [com.apple.network:connection] [C23.1.1 IPv6#e1664cbf.8081 waiting path (satisfied (Path is satisfied), interface: lo0)] event: path:satisfied @0.003s, uuid: D1BB3EF3-6379-4A35-8E51-916FDC900F98
2026-01-28 16:28:55.686 Db NayaVedAI[71451:21a115] [com.apple.network:] nw_endpoint_proxy_handler_should_use_proxy Looking up proxy for hostname: <nil>, ifindex: 0
2026-01-28 16:28:55.686 Db NayaVedAI[71451:21a115] [com.apple.SystemConfiguration:SCPreferences] create <SCPreferences 0x10bba20b0 [0x1e578fa80]> {name = SCDynamicStoreCopyProxiesWithOptions, id = /Library/Managed Preferences/mobile/com.apple.SystemConfiguration.plist, path = /Library/Managed Preferences/mobile/com.apple.SystemConfiguration.plist}
2026-01-28 16:28:55.686 Db NayaVedAI[71451:21a115] [com.apple.SystemConfiguration:SCPreferences] SCPreferences() access: /Library/Managed Preferences/mobile/com.apple.SystemConfiguration.plist, size=0
2026-01-28 16:28:55.686 Db NayaVedAI[71451:21a115] [com.apple.SystemConfiguration:SCPreferences] release <SCPreferences 0x10bba20b0 [0x1e578fa80]> {name = SCDynamicStoreCopyProxiesWithOptions, id = /Library/Managed Preferences/mobile/com.apple.SystemConfiguration.plist, path = /Library/Managed Preferences/mobile/com.apple.SystemConfiguration.plist, accessed}
2026-01-28 16:28:55.686 I  NayaVedAI[71451:21a115] [com.apple.network:connection] nw_association_create_flow <nw_association IPv6#e1664cbf.8081> Added association flow ID ABFF8107-8D89-4575-9135-AEA5C4168C70
2026-01-28 16:28:55.686 I  NayaVedAI[71451:21a115] [com.apple.network:connection] nw_endpoint_flow_setup_protocols [C23.1.1 IPv6#e1664cbf.8081 in_progress socket-flow (satisfied (Path is satisfied), interface: lo0)] setup flow id ABFF8107-8D89-4575-9135-AEA5C4168C70
2026-01-28 16:28:55.686 Db NayaVedAI[71451:21a115] [com.apple.network:connection] nw_endpoint_flow_attach_protocols [C23.1.1 IPv6#e1664cbf.8081 in_progress socket-flow (satisfied (Path is satisfied), interface: lo0)]
2026-01-28 16:28:55.686 Db NayaVedAI[71451:21a115] [com.apple.network:connection] nw_endpoint_flow_attach_protocols_block_invoke [C23.1.1 IPv6#e1664cbf.8081 in_progress socket-flow (satisfied (Path is satisfied), interface: lo0)] Attached application protocol: CFNetworkConnection-3282745862
2026-01-28 16:28:55.686 Db NayaVedAI[71451:21a115] [com.apple.network:] nw_fd_wrapper_create Created <fd_wrapper 24, guarded: false>
2026-01-28 16:28:55.686 Db NayaVedAI[71451:21a115] [com.apple.network:connection] nw_endpoint_flow_attach_protocols [C23.1.1 IPv6#e1664cbf.8081 in_progress socket-flow (satisfied (Path is satisfied), interface: lo0)] Attached socket protocol
2026-01-28 16:28:55.686 Db NayaVedAI[71451:21a115] [com.apple.network:connection] nw_endpoint_flow_setup_protocols [C23.1.1 IPv6#e1664cbf.8081 in_progress socket-flow (satisfied (Path is satisfied), interface: lo0)] leaf flow starting
2026-01-28 16:28:55.686 Db NayaVedAI[71451:21a115] [com.apple.network:connection] nw_endpoint_resolver_receive_report [C23.1 Hostname#a19a2c0f:8081 in_progress resolver (satisfied (Path is satisfied), interface: en0[802.11], uses wifi, LQM: unknown)] received child report: [C23.1.1 IPv6#e1664cbf.8081 in_progress socket-flow (satisfied (Path is satisfied), interface: lo0)]
2026-01-28 16:28:55.686 Db NayaVedAI[71451:21a115] [com.apple.network:connection] nw_endpoint_flow_receive_report [C23 Hostname#a19a2c0f:8081 in_progress parent-flow (satisfied (Path is satisfied), interface: en0[802.11], uses wifi, LQM: unknown)] received child report: [C23.1.1 IPv6#e1664cbf.8081 in_progress socket-flow (satisfied (Path is satisfied), interface: lo0)]
2026-01-28 16:28:55.686 Df NayaVedAI[71451:21a115] [com.apple.network:connection] [C23.1.1 IPv6#e1664cbf.8081 in_progress socket-flow (satisfied (Path is satisfied), interface: lo0)] event: flow:start_connect @0.004s
2026-01-28 16:28:55.687 I  NayaVedAI[71451:21a115] [com.apple.network:connection] nw_endpoint_resolver_start_next_child [C23.1 Hostname#a19a2c0f:8081 in_progress resolver (satisfied (Path is satisfied), interface: en0[802.11], uses wifi, LQM: unknown)] starting next child endpoint in 100ms
2026-01-28 16:28:55.687 Db NayaVedAI[71451:21a115] [com.apple.network:connection] nw_socket_handle_socket_event [C23.1.1:2] Event mask: 0x800
2026-01-28 16:28:55.687 Df NayaVedAI[71451:21a115] [com.apple.network:connection] nw_socket_handle_socket_event [C23.1.1:2] Socket received CONNECTED event
2026-01-28 16:28:55.687 Db NayaVedAI[71451:21a115] [com.apple.network:connection] nw_socket_setup_notsent_lowat [C23.1.1:2] Set TCP_NOTSENT_LOWAT(16384)
2026-01-28 16:28:55.687 Df NayaVedAI[71451:21a115] [com.apple.network:connection] nw_flow_connected [C23.1.1 IPv6#e1664cbf.8081 in_progress socket-flow (satisfied (Path is satisfied), interface: lo0)] Transport protocol connected (socket)
2026-01-28 16:28:55.687 Db NayaVedAI[71451:21a115] [com.apple.network:connection] nw_endpoint_resolver_receive_report [C23.1 Hostname#a19a2c0f:8081 in_progress resolver (satisfied (Path is satisfied), interface: en0[802.11], uses wifi, LQM: unknown)] received child report: [C23.1.1 IPv6#e1664cbf.8081 in_progress socket-flow (satisfied (Path is satisfied), interface: lo0)]
2026-01-28 16:28:55.687 Db NayaVedAI[71451:21a115] [com.apple.network:connection] nw_endpoint_flow_receive_report [C23 Hostname#a19a2c0f:8081 in_progress parent-flow (satisfied (Path is satisfied), interface: en0[802.11], uses wifi, LQM: unknown)] received child report: [C23.1.1 IPv6#e1664cbf.8081 in_progress socket-flow (satisfied (Path is satisfied), interface: lo0)]
2026-01-28 16:28:55.687 Df NayaVedAI[71451:21a115] [com.apple.network:connection] [C23.1.1 IPv6#e1664cbf.8081 in_progress socket-flow (satisfied (Path is satisfied), interface: lo0)] event: flow:finish_transport @0.005s
2026-01-28 16:28:55.687 I  NayaVedAI[71451:21a115] [com.apple.network:connection] nw_endpoint_resolver_receive_report [C23.1 Hostname#a19a2c0f:8081 in_progress resolver (satisfied (Path is satisfied), interface: en0[802.11], uses wifi, LQM: unknown)] pushing out endpoint race by 2000ms
2026-01-28 16:28:55.687 Df NayaVedAI[71451:21a115] [com.apple.network:connection] nw_flow_connected [C23.1.1 IPv6#e1664cbf.8081 in_progress socket-flow (satisfied (Path is satisfied), interface: lo0)] Output protocol connected (CFNetworkConnection-3282745862)
2026-01-28 16:28:55.687 Db NayaVedAI[71451:21a115] [com.apple.network:connection] nw_endpoint_flow_connected_path_change [C23.1.1 IPv6#e1664cbf.8081 ready socket-flow (satisfied (Path is satisfied), interface: lo0)]
2026-01-28 16:28:55.687 I  NayaVedAI[71451:21a115] [com.apple.network:connection] nw_endpoint_flow_connected_path_change [C23.1.1 IPv6#e1664cbf.8081 ready socket-flow (satisfied (Path is satisfied), interface: lo0)] Connected path is satisfied, not viable
2026-01-28 16:28:55.687 Db NayaVedAI[71451:21a115] [com.apple.network:connection] nw_endpoint_resolver_receive_report [C23.1 Hostname#a19a2c0f:8081 in_progress resolver (satisfied (Path is satisfied), interface: en0[802.11], uses wifi, LQM: unknown)] received child report: [C23.1.1 IPv6#e1664cbf.8081 ready socket-flow (satisfied (Path is satisfied), interface: lo0)]
2026-01-28 16:28:55.687 Db NayaVedAI[71451:21a115] [com.apple.network:connection] nw_endpoint_flow_receive_report [C23 Hostname#a19a2c0f:8081 in_progress parent-flow (satisfied (Path is satisfied), interface: en0[802.11], uses wifi, LQM: unknown)] received child report: [C23.1.1 IPv6#e1664cbf.8081 ready socket-flow (satisfied (Path is satisfied), interface: lo0)]
2026-01-28 16:28:55.687 Df NayaVedAI[71451:21a115] [com.apple.network:connection] [C23.1.1 IPv6#e1664cbf.8081 ready socket-flow (satisfied (Path is satisfied), interface: lo0)] event: flow:child_finish_connect @0.005s
2026-01-28 16:28:55.687 Db NayaVedAI[71451:21a115] [com.apple.network:connection] nw_endpoint_flow_receive_report [C23 IPv6#e1664cbf.8081 in_progress parent-flow (satisfied (Path is satisfied), interface: en0[802.11], uses wifi, LQM: unknown)] connecting endpoint_flow to child's shared protocol
2026-01-28 16:28:55.687 Db NayaVedAI[71451:21a115] [com.apple.network:connection] nw_endpoint_flow_setup_protocols [C23 IPv6#e1664cbf.8081 in_progress parent-flow (satisfied (Path is satisfied), interface: en0[802.11], uses wifi, LQM: unknown)] already set up
2026-01-28 16:28:55.687 Db NayaVedAI[71451:21a115] [com.apple.network:connection] nw_endpoint_flow_setup_protocols [C23 IPv6#e1664cbf.8081 in_progress parent-flow (satisfied (Path is satisfied), interface: en0[802.11], uses wifi, LQM: unknown)] child flow connected, starting
2026-01-28 16:28:55.687 Db NayaVedAI[71451:21a115] [com.apple.network:connection] nw_endpoint_flow_setup_protocols [C23 IPv6#e1664cbf.8081 in_progress parent-flow (satisfied (Path is satisfied), interface: en0[802.11], uses wifi, LQM: unknown)] already started
2026-01-28 16:28:55.688 Db NayaVedAI[71451:21a115] [com.apple.network:connection] nw_endpoint_flow_receive_report [C23 IPv6#e1664cbf.8081 in_progress parent-flow (satisfied (Path is satisfied), interface: en0[802.11], uses wifi, LQM: unknown)] received child report: [C23.1 Hostname#a19a2c0f:8081 ready resolver (satisfied (Path is satisfied), interface: en0[802.11], uses wifi, LQM: unknown)]
2026-01-28 16:28:55.688 Df NayaVedAI[71451:21a115] [com.apple.network:connection] [C23.1 Hostname#a19a2c0f:8081 ready resolver (satisfied (Path is satisfied), interface: en0[802.11], uses wifi, LQM: unknown)] event: flow:child_finish_connect @0.005s
2026-01-28 16:28:55.688 I  NayaVedAI[71451:21a115] [com.apple.network:connection] nw_endpoint_handler_cancel [C23.1.2 IPv4#43158804:8081 initial path ((null))]
2026-01-28 16:28:55.688 Df NayaVedAI[71451:21a115] [com.apple.network:connection] nw_flow_connected [C23 IPv6#e1664cbf.8081 in_progress parent-flow (satisfied (Path is satisfied), interface: en0[802.11], uses wifi, LQM: unknown)] Output protocol connected (endpoint_flow)
2026-01-28 16:28:55.688 Db NayaVedAI[71451:21a115] [com.apple.network:connection] nw_endpoint_flow_connected_path_change [C23 IPv6#e1664cbf.8081 ready parent-flow (satisfied (Path is satisfied), interface: en0[802.11], uses wifi, LQM: unknown)]
2026-01-28 16:28:55.688 I  NayaVedAI[71451:21a115] [com.apple.network:connection] nw_endpoint_flow_connected_path_change [C23 IPv6#e1664cbf.8081 ready parent-flow (satisfied (Path is satisfied), interface: en0[802.11], uses wifi, LQM: unknown)] Connected path is satisfied, child is not viable
2026-01-28 16:28:55.688 Df NayaVedAI[71451:21a115] [com.apple.network:connection] [C23 IPv6#e1664cbf.8081 ready parent-flow (satisfied (Path is satisfied), interface: en0[802.11], uses wifi, LQM: unknown)] event: flow:finish_connect @0.006s
2026-01-28 16:28:55.688 Db NayaVedAI[71451:21a115] [com.apple.network:connection] nw_connection_run_pqtls_probe_locked_on_nw_queue [C23] No TLS metadata; not running PQ-TLS probe
2026-01-28 16:28:55.688 Db NayaVedAI[71451:21a115] [com.apple.network:connection] nw_connection_run_ech_probe_locked_on_nw_queue [C23] stack doesn't include TLS; not running ECH probe
2026-01-28 16:28:55.688 Db NayaVedAI[71451:21a115] [com.apple.network:connection] nw_connection_endpoint_report_on_nw_queue_block_invoke [C23] Connected fallback generation 0
2026-01-28 16:28:55.688 I  NayaVedAI[71451:21a115] [com.apple.network:connection] nw_connection_start_candidate_manager_if_needed_locked [C23] Checking whether to start candidate manager
2026-01-28 16:28:55.688 Db NayaVedAI[71451:21a115] [com.apple.network:connection] nw_connection_start_candidate_manager_if_needed_locked [C23] Connection does not support multipath, not starting candidate manager
2026-01-28 16:28:55.688 Df NayaVedAI[71451:21a115] [com.apple.network:connection] nw_connection_report_state_with_handler_on_nw_queue [C23] reporting state ready
2026-01-28 16:28:55.688 Df NayaVedAI[71451:21a115] [com.apple.CFNetwork:Default] Connection 23: connected successfully
2026-01-28 16:28:55.689 Df NayaVedAI[71451:21a115] [com.apple.CFNetwork:Default] Connection 23: ready C(N) E(N)
2026-01-28 16:28:55.689 Db NayaVedAI[71451:21a115] [com.apple.CFNetwork:Default] Task <A7A5BF2B-47C7-4D03-A217-8CE011EC99A4>.<1> done setting up Connection 23
2026-01-28 16:28:55.689 Db NayaVedAI[71451:21a115] [com.apple.network:activity] Returning should log: 0 for activity cfnetwork:foreground_task
2026-01-28 16:28:55.689 Df NayaVedAI[71451:21a115] [com.apple.CFNetwork:Default] Task <A7A5BF2B-47C7-4D03-A217-8CE011EC99A4>.<1> now using Connection 23
2026-01-28 16:28:55.689 Db NayaVedAI[71451:21a115] [com.apple.network:activity] Returning should log: 0 for activity cfnetwork:foreground_task
2026-01-28 16:28:55.689 Df NayaVedAI[71451:21a115] [com.apple.CFNetwork:Default] Task <A7A5BF2B-47C7-4D03-A217-8CE011EC99A4>.<1> sent request, body N 0
2026-01-28 16:28:55.689 Df NayaVedAI[71451:219a9a] [com.apple.CFNetwork:Default] Task <1E2A8266-7B76-4037-8493-91930017ACBB>.<2> resuming, timeouts(0.0, 604800.0) qos(0x19) voucher((null)) activity(00000000-0000-0000-0000-000000000000)
2026-01-28 16:28:55.689 Db NayaVedAI[71451:219a9a] [com.apple.network:activity] Returning should log: 0 for activity cfnetwork:foreground_task
2026-01-28 16:28:55.689 Db NayaVedAI[71451:219a9a] [com.apple.network:activity] Domain cfnetwork rate configured in registry as 1 / 20000
2026-01-28 16:28:55.689 Db NayaVedAI[71451:219a9a] [com.apple.network:activity] Domain cfnetwork rate configured after remote default override as 1 / 20000
2026-01-28 16:28:55.689 Db NayaVedAI[71451:219a9a] [com.apple.network:activity] After reading settings plist, domain cfnetwork rate configured as 1 / 2000000
2026-01-28 16:28:55.689 Db NayaVedAI[71451:219a9a] [com.apple.network:activity] After settings override, domain cfnetwork rate configured as 1 / 2000000
2026-01-28 16:28:55.689 Db NayaVedAI[71451:219a9a] [com.apple.network:activity] Final domain cfnetwork rate configured as 1 / 2000000
2026-01-28 16:28:55.689 Db NayaVedAI[71451:219a9a] [com.apple.network:activity] <nw_activity 12:2 [No UUID] (reporting strategy default)> sampled at 1 / 2000000
2026-01-28 16:28:55.689 Db NayaVedAI[71451:219a9a] [com.apple.network:activity] Returning should log: 0 for activity cfnetwork:foreground_task
2026-01-28 16:28:55.689 Db NayaVedAI[71451:219a9a] [com.apple.network:activity] Returning should log: 0 for activity cfnetwork:foreground_task
2026-01-28 16:28:55.689 Db NayaVedAI[71451:219a9a] [com.apple.CFNetwork:Default] [Telemetry]: Activity <nw_activity 12:2 [373B8DE7-8F72-4946-AB0A-B9849B109E23] (reporting strategy default)> on Task <1E2A8266-7B76-4037-8493-91930017ACBB>.<2> was not selected for reporting
2026-01-28 16:28:55.690 Db NayaVedAI[71451:219a9a] [com.apple.CFNetwork:ATS] Uploading ATS exception ATSAllowsLocalNetworking
2026-01-28 16:28:55.690 A  NayaVedAI[71451:21a115] (Security) SecTrustReportNetworkingAnalytics
2026-01-28 16:28:55.690 I  NayaVedAI[71451:219a9a] [com.apple.network:connection] nw_connection_create_with_id [C24] create connection to Hostname#a19a2c0f:8081
2026-01-28 16:28:55.690 Df NayaVedAI[71451:219a9a] [com.apple.CFNetwork:Default] Connection 24: starting, TC(0x0)
2026-01-28 16:28:55.690 Df NayaVedAI[71451:219a9a] [com.apple.network:connection] [C24 9DAC9365-6FB2-4A74-94F3-052A229388C3 Hostname#a19a2c0f:8081 tcp, url: http://localhost:8081/symbolicate, definite, attribution: developer, context: com.apple.CFNetwork.NSURLSession.{B0E59295-EAD1-4045-89A4-FB87DD694C83}{(null)}{Y}{2}{0x0} (private), proc: 63B02D91-D502-3FF5-9842-92830ECC12FF, delegated upid: 0] start
2026-01-28 16:28:55.690 I  NayaVedAI[71451:219a9a] [com.apple.network:connection] nw_endpoint_handler_start [C24 Hostname#a19a2c0f:8081 initial parent-flow ((null))]
2026-01-28 16:28:55.690 Df NayaVedAI[71451:219a9a] [com.apple.network:connection] [C24 Hostname#a19a2c0f:8081 initial parent-flow ((null))] event: path:start @0.000s
2026-01-28 16:28:55.690 Db NayaVedAI[71451:219a9a] [com.apple.network:connection] nw_endpoint_handler_path_change [C24 Hostname#a19a2c0f:8081 waiting parent-flow (satisfied (Path is satisfied), interface: en0[802.11], uses wifi, LQM: unknown)]
2026-01-28 16:28:55.690 Db NayaVedAI[71451:219a9a] [com.apple.networkextension:] ne_tracker_check_is_hostname_blocked() proceeding with the in_the_app check for hostname: localhost
2026-01-28 16:28:55.690 Db NayaVedAI[71451:219a9a] [com.apple.CFBundle:resources] Resource lookup at CFBundle 0x600003b04700 </Users/shivi.agarwal/Library/Developer/CoreSimulator/Devices/AC7E343F-585F-430E-B17D-BDD649803605/data/Containers/Bundle/Application/AD33C3F3-69F6-4E76-8701-44660F53F11C/NayaVedAI.app> (executable, loaded)
	Request       : InfoPlist type: strings
	Result        : None
2026-01-28 16:28:55.690 Db NayaVedAI[71451:219a9a] [com.apple.CFBundle:resources] Resource lookup at CFBundle 0x600003b04700 </Users/shivi.agarwal/Library/Developer/CoreSimulator/Devices/AC7E343F-585F-430E-B17D-BDD649803605/data/Containers/Bundle/Application/AD33C3F3-69F6-4E76-8701-44660F53F11C/NayaVedAI.app> (executable, loaded)
	Request       : InfoPlist type: stringsdict
	Result        : None
2026-01-28 16:28:55.690 Db NayaVedAI[71451:219a9a] [com.apple.networkextension:] ne_tracker_check_is_hostname_blocked(): hostname localhost is not a tracker. Returning: ne_tracker_status_none
2026-01-28 16:28:55.690 Df NayaVedAI[71451:219a9a] [com.apple.network:connection] [C24 Hostname#a19a2c0f:8081 waiting parent-flow (satisfied (Path is satisfied), interface: en0[802.11], uses wifi, LQM: unknown)] event: path:satisfied @0.000s, uuid: 86570DBF-A183-400C-85A6-1C8207197EB0
2026-01-28 16:28:55.690 I  NayaVedAI[71451:219a9a] [com.apple.network:connection] nw_connection_endpoint_report_on_nw_queue_block_invoke [C24 Hostname#a19a2c0f:8081 waiting parent-flow (satisfied (Path is satisfied), interface: en0[802.11], uses wifi, LQM: unknown)] skipping state update
2026-01-28 16:28:55.690 Df NayaVedAI[71451:21a115] [com.apple.securityd:SecError] SecTrustReportNetworkingAnalytics failed with error: -4
2026-01-28 16:28:55.690 Db NayaVedAI[71451:219a9a] [com.apple.network:] nw_endpoint_proxy_handler_should_use_proxy Looking up proxy for hostname: localhost, ifindex: 0
2026-01-28 16:28:55.690 Db NayaVedAI[71451:219a9a] [com.apple.SystemConfiguration:SCPreferences] create <SCPreferences 0x10bba7b70 [0x1e578fa80]> {name = SCDynamicStoreCopyProxiesWithOptions, id = /Library/Managed Preferences/mobile/com.apple.SystemConfiguration.plist, path = /Library/Managed Preferences/mobile/com.apple.SystemConfiguration.plist}
2026-01-28 16:28:55.690 Db NayaVedAI[71451:219a9a] [com.apple.SystemConfiguration:SCPreferences] SCPreferences() access: /Library/Managed Preferences/mobile/com.apple.SystemConfiguration.plist, size=0
2026-01-28 16:28:55.690 Db NayaVedAI[71451:219a9a] [com.apple.SystemConfiguration:SCPreferences] release <SCPreferences 0x10bba7b70 [0x1e578fa80]> {name = SCDynamicStoreCopyProxiesWithOptions, id = /Library/Managed Preferences/mobile/com.apple.SystemConfiguration.plist, path = /Library/Managed Preferences/mobile/com.apple.SystemConfiguration.plist, accessed}
2026-01-28 16:28:55.691 Db NayaVedAI[71451:219a9a] [com.apple.network:connection] nw_endpoint_flow_attach_protocols [C24 Hostname#a19a2c0f:8081 in_progress parent-flow (satisfied (Path is satisfied), interface: en0[802.11], uses wifi, LQM: unknown)]
2026-01-28 16:28:55.691 Db NayaVedAI[71451:219a9a] [com.apple.network:connection] nw_endpoint_flow_attach_protocols [C24 Hostname#a19a2c0f:8081 in_progress parent-flow (satisfied (Path is satisfied), interface: en0[802.11], uses wifi, LQM: unknown)] stopping after adding persistent application protocols
2026-01-28 16:28:55.691 Db NayaVedAI[71451:219a9a] [com.apple.network:connection] nw_endpoint_flow_setup_protocols [C24 Hostname#a19a2c0f:8081 in_progress parent-flow (satisfied (Path is satisfied), interface: en0[802.11], uses wifi, LQM: unknown)] persistent protocol stack, starting
2026-01-28 16:28:55.691 Df NayaVedAI[71451:219a9a] [com.apple.network:connection] [C24 Hostname#a19a2c0f:8081 in_progress parent-flow (satisfied (Path is satisfied), interface: en0[802.11], uses wifi, LQM: unknown)] event: flow:start_connect @0.000s
2026-01-28 16:28:55.691 Df NayaVedAI[71451:219a9a] [com.apple.network:connection] nw_connection_report_state_with_handler_on_nw_queue [C24] reporting state preparing
2026-01-28 16:28:55.691 I  NayaVedAI[71451:219a9a] [com.apple.network:connection] nw_endpoint_flow_connect [C24 Hostname#a19a2c0f:8081 in_progress parent-flow (satisfied (Path is satisfied), interface: en0[802.11], uses wifi, LQM: unknown)] connect bottom protocol
2026-01-28 16:28:55.691 Db NayaVedAI[71451:219a9a] [com.apple.network:connection] nw_endpoint_flow_start_child [C24 Hostname#a19a2c0f:8081 in_progress parent-flow (satisfied (Path is satisfied), interface: en0[802.11], uses wifi, LQM: unknown)] creating and starting child handler
2026-01-28 16:28:55.691 Db NayaVedAI[71451:219a9a] [com.apple.network:] nw_endpoint_proxy_handler_should_use_proxy Looking up proxy for hostname: localhost, ifindex: 0
2026-01-28 16:28:55.691 Db NayaVedAI[71451:219a9a] [com.apple.SystemConfiguration:SCPreferences] create <SCPreferences 0x1089c7b30 [0x1e578fa80]> {name = SCDynamicStoreCopyProxiesWithOptions, id = /Library/Managed Preferences/mobile/com.apple.SystemConfiguration.plist, path = /Library/Managed Preferences/mobile/com.apple.SystemConfiguration.plist}
2026-01-28 16:28:55.691 Db NayaVedAI[71451:219a9a] [com.apple.SystemConfiguration:SCPreferences] SCPreferences() access: /Library/Managed Preferences/mobile/com.apple.SystemConfiguration.plist, size=0
2026-01-28 16:28:55.691 Db NayaVedAI[71451:219a9a] [com.apple.SystemConfiguration:SCPreferences] release <SCPreferences 0x1089c7b30 [0x1e578fa80]> {name = SCDynamicStoreCopyProxiesWithOptions, id = /Library/Managed Preferences/mobile/com.apple.SystemConfiguration.plist, path = /Library/Managed Preferences/mobile/com.apple.SystemConfiguration.plist, accessed}
2026-01-28 16:28:55.691 Df NayaVedAI[71451:219a9a] [com.apple.network:connection] [C24 Hostname#a19a2c0f:8081 in_progress parent-flow (satisfied (Path is satisfied), interface: en0[802.11], uses wifi, LQM: unknown)] event: flow:start_child @0.000s
2026-01-28 16:28:55.691 I  NayaVedAI[71451:219a9a] [com.apple.network:connection] nw_endpoint_handler_start [C24.1 Hostname#a19a2c0f:8081 initial path ((null))]
2026-01-28 16:28:55.691 Db NayaVedAI[71451:219a9a] [com.apple.network:connection] nw_endpoint_flow_receive_report [C24 Hostname#a19a2c0f:8081 in_progress parent-flow (satisfied (Path is satisfied), interface: en0[802.11], uses wifi, LQM: unknown)] received child report: [C24.1 Hostname#a19a2c0f:8081 initial path ((null))]
2026-01-28 16:28:55.691 Df NayaVedAI[71451:219a9a] [com.apple.network:connection] [C24.1 Hostname#a19a2c0f:8081 initial path ((null))] event: path:start @0.000s
2026-01-28 16:28:55.691 Db NayaVedAI[71451:219a9a] [com.apple.network:connection] nw_endpoint_handler_path_change [C24.1 Hostname#a19a2c0f:8081 waiting path (satisfied (Path is satisfied), interface: en0[802.11], uses wifi, LQM: unknown)]
2026-01-28 16:28:55.691 Db NayaVedAI[71451:219a9a] [com.apple.networkextension:] ne_tracker_check_is_hostname_blocked() proceeding with the in_the_app check for hostname: localhost
2026-01-28 16:28:55.691 Db NayaVedAI[71451:219a9a] [com.apple.CFBundle:resources] Resource lookup at CFBundle 0x600003b04700 </Users/shivi.agarwal/Library/Developer/CoreSimulator/Devices/AC7E343F-585F-430E-B17D-BDD649803605/data/Containers/Bundle/Application/AD33C3F3-69F6-4E76-8701-44660F53F11C/NayaVedAI.app> (executable, loaded)
	Request       : InfoPlist type: strings
	Result        : None
2026-01-28 16:28:55.691 Db NayaVedAI[71451:219a9a] [com.apple.CFBundle:resources] Resource lookup at CFBundle 0x600003b04700 </Users/shivi.agarwal/Library/Developer/CoreSimulator/Devices/AC7E343F-585F-430E-B17D-BDD649803605/data/Containers/Bundle/Application/AD33C3F3-69F6-4E76-8701-44660F53F11C/NayaVedAI.app> (executable, loaded)
	Request       : InfoPlist type: stringsdict
	Result        : None
2026-01-28 16:28:55.691 Db NayaVedAI[71451:219a9a] [com.apple.networkextension:] ne_tracker_check_is_hostname_blocked(): hostname localhost is not a tracker. Returning: ne_tracker_status_none
2026-01-28 16:28:55.691 Db NayaVedAI[71451:219a9a] [com.apple.network:connection] nw_endpoint_flow_receive_report [C24 Hostname#a19a2c0f:8081 in_progress parent-flow (satisfied (Path is satisfied), interface: en0[802.11], uses wifi, LQM: unknown)] received child report: [C24.1 Hostname#a19a2c0f:8081 waiting path (satisfied (Path is satisfied), interface: en0[802.11], uses wifi, LQM: unknown)]
2026-01-28 16:28:55.691 Df NayaVedAI[71451:219a9a] [com.apple.network:connection] [C24.1 Hostname#a19a2c0f:8081 waiting path (satisfied (Path is satisfied), interface: en0[802.11], uses wifi, LQM: unknown)] event: path:satisfied @0.001s, uuid: 86570DBF-A183-400C-85A6-1C8207197EB0
2026-01-28 16:28:55.691 Db NayaVedAI[71451:219a9a] [com.apple.network:] nw_endpoint_proxy_handler_should_use_proxy Looking up proxy for hostname: localhost, ifindex: 0
2026-01-28 16:28:55.691 Db NayaVedAI[71451:219a9a] [com.apple.SystemConfiguration:SCPreferences] create <SCPreferences 0x10776df10 [0x1e578fa80]> {name = SCDynamicStoreCopyProxiesWithOptions, id = /Library/Managed Preferences/mobile/com.apple.SystemConfiguration.plist, path = /Library/Managed Preferences/mobile/com.apple.SystemConfiguration.plist}
2026-01-28 16:28:55.691 Db NayaVedAI[71451:219a9a] [com.apple.SystemConfiguration:SCPreferences] SCPreferences() access: /Library/Managed Preferences/mobile/com.apple.SystemConfiguration.plist, size=0
2026-01-28 16:28:55.691 Db NayaVedAI[71451:219a9a] [com.apple.SystemConfiguration:SCPreferences] release <SCPreferences 0x10776df10 [0x1e578fa80]> {name = SCDynamicStoreCopyProxiesWithOptions, id = /Library/Managed Preferences/mobile/com.apple.SystemConfiguration.plist, path = /Library/Managed Preferences/mobile/com.apple.SystemConfiguration.plist, accessed}
2026-01-28 16:28:55.692 Db NayaVedAI[71451:219a9a] [com.apple.network:connection] -[NWConcrete_nw_endpoint_resolver startWithHandler:] [C24.1 Hostname#a19a2c0f:8081 waiting resolver (satisfied (Path is satisfied), interface: en0[802.11], uses wifi, LQM: unknown)]
2026-01-28 16:28:55.692 Db NayaVedAI[71451:219a9a] [com.apple.network:connection] nw_endpoint_flow_receive_report [C24 Hostname#a19a2c0f:8081 in_progress parent-flow (satisfied (Path is satisfied), interface: en0[802.11], uses wifi, LQM: unknown)] received child report: [C24.1 Hostname#a19a2c0f:8081 in_progress resolver (satisfied (Path is satisfied), interface: en0[802.11], uses wifi, LQM: unknown)]
2026-01-28 16:28:55.692 Df NayaVedAI[71451:219a9a] [com.apple.network:connection] [C24.1 Hostname#a19a2c0f:8081 in_progress resolver (satisfied (Path is satisfied), interface: en0[802.11], uses wifi, LQM: unknown)] event: resolver:start_dns @0.002s
2026-01-28 16:28:55.693 Db NayaVedAI[71451:219a9a] [com.apple.networkextension:] ne_tracker_check_is_hostname_blocked() proceeding with the in_the_app check for hostname: localhost
2026-01-28 16:28:55.693 Db NayaVedAI[71451:2199c2] [com.apple.defaults:User Defaults] looked up value 1 for key RCTI18nUtil_makeRTLFlipLeftAndRightStyles in CFPrefsPlistSource<0x600002c0c080> (Domain: com.nayaved.app, User: kCFPreferencesCurrentUser, ByHost: No, Container: (null), Contents Need Refresh: No) via CFPrefsSearchListSource<0x600002c04180> (Domain: com.nayaved.app, Container: (null) Non-launch persona: 0)
2026-01-28 16:28:55.693 Db NayaVedAI[71451:2199c2] [com.apple.defaults:User Defaults] looked up value 1 for key RCTI18nUtil_makeRTLFlipLeftAndRightStyles in CFPrefsPlistSource<0x600002c0c080> (Domain: com.nayaved.app, User: kCFPreferencesCurrentUser, ByHost: No, Container: (null), Contents Need Refresh: No) via CFPrefsSearchListSource<0x600002c04180> (Domain: com.nayaved.app, Container: (null) Non-launch persona: 0)
2026-01-28 16:28:55.693 Db NayaVedAI[71451:219a9a] [com.apple.CFBundle:resources] Resource lookup at CFBundle 0x600003b04700 </Users/shivi.agarwal/Library/Developer/CoreSimulator/Devices/AC7E343F-585F-430E-B17D-BDD649803605/data/Containers/Bundle/Application/AD33C3F3-69F6-4E76-8701-44660F53F11C/NayaVedAI.app> (executable, loaded)
	Request       : InfoPlist type: strings
	Result        : None
2026-01-28 16:28:55.693 Db NayaVedAI[71451:2199c2] [com.apple.defaults:User Defaults] looked up value 1 for key RCTI18nUtil_makeRTLFlipLeftAndRightStyles in CFPrefsPlistSource<0x600002c0c080> (Domain: com.nayaved.app, User: kCFPreferencesCurrentUser, ByHost: No, Container: (null), Contents Need Refresh: No) via CFPrefsSearchListSource<0x600002c04180> (Domain: com.nayaved.app, Container: (null) Non-launch persona: 0)
2026-01-28 16:28:55.693 Db NayaVedAI[71451:219a9a] [com.apple.CFBundle:resources] Resource lookup at CFBundle 0x600003b04700 </Users/shivi.agarwal/Library/Developer/CoreSimulator/Devices/AC7E343F-585F-430E-B17D-BDD649803605/data/Containers/Bundle/Application/AD33C3F3-69F6-4E76-8701-44660F53F11C/NayaVedAI.app> (executable, loaded)
	Request       : InfoPlist type: stringsdict
	Result        : None
2026-01-28 16:28:55.693 Db NayaVedAI[71451:219a9a] [com.apple.networkextension:] ne_tracker_check_is_hostname_blocked(): hostname localhost is not a tracker. Returning: ne_tracker_status_none
2026-01-28 16:28:55.693 I  NayaVedAI[71451:219a9a] [com.apple.network:connection] nw_resolver_create_dns_service_locked [C24.1] Starting host resolution Hostname#a19a2c0f:8081, flags 0xc000d000 proto 0
2026-01-28 16:28:55.693 Df NayaVedAI[71451:219a9a] [com.apple.CFNetwork:Default] Task <1E2A8266-7B76-4037-8493-91930017ACBB>.<2> setting up Connection 24
2026-01-28 16:28:55.693 Db NayaVedAI[71451:219a9a] [com.apple.network:activity] Returning should log: 0 for activity cfnetwork:foreground_task
2026-01-28 16:28:55.693 I  NayaVedAI[71451:219a9a] [com.apple.network:connection] nw_resolver_host_resolve_callback [C24.1] flags=0x40000003 ifindex=4294967295 error=NoError(0) hostname=localhost. addr=IPv6#4f2c3092 ttl=1
2026-01-28 16:28:55.693 I  NayaVedAI[71451:219a9a] [com.apple.network:connection] nw_resolver_host_resolve_callback [C24.1] flags=0x40000002 ifindex=4294967295 error=NoError(0) hostname=localhost. addr=IPv4#8deebaa3 ttl=1
2026-01-28 16:28:55.693 Db NayaVedAI[71451:219a9a] [com.apple.network:] sa_dst_compare_rfc6724 Rule 6, prefer d2, d2 precedence 50 > d1 precedence 35
2026-01-28 16:28:55.693 Db NayaVedAI[71451:219a9a] [com.apple.network:] sa_dst_compare_internal <private>@0 < <private>@0
2026-01-28 16:28:55.693 I  NayaVedAI[71451:219a9a] [com.apple.network:connection] nw_resolver_create_prefer_connected_variant [C24.1] Prefer Connected: IPv6#e1664cbf.8081 is already the first endpoint
2026-01-28 16:28:55.693 Db NayaVedAI[71451:219a9a] [com.apple.network:connection] nw_endpoint_resolver_update [C24.1 Hostname#a19a2c0f:8081 in_progress resolver (satisfied (Path is satisfied), interface: en0[802.11], uses wifi, LQM: unknown)] resolver is complete
2026-01-28 16:28:55.694 Df NayaVedAI[71451:219a9a] [com.apple.network:connection] nw_endpoint_resolver_update [C24.1 Hostname#a19a2c0f:8081 in_progress resolver (satisfied (Path is satisfied), interface: en0[802.11], uses wifi, LQM: unknown)] Adding endpoint handler for IPv6#e1664cbf.8081
2026-01-28 16:28:55.694 Df NayaVedAI[71451:219a9a] [com.apple.network:connection] nw_endpoint_resolver_update [C24.1 Hostname#a19a2c0f:8081 in_progress resolver (satisfied (Path is satisfied), interface: en0[802.11], uses wifi, LQM: unknown)] Adding endpoint handler for IPv4#43158804:8081
2026-01-28 16:28:55.694 Db NayaVedAI[71451:219a9a] [com.apple.network:connection] nw_endpoint_resolver_update [C24.1 Hostname#a19a2c0f:8081 in_progress resolver (satisfied (Path is satisfied), interface: en0[802.11], uses wifi, LQM: unknown)] Updated endpoint list is (IPv6#e1664cbf.8081,IPv4#43158804:8081)
2026-01-28 16:28:55.694 Db NayaVedAI[71451:219a9a] [com.apple.network:connection] nw_endpoint_flow_receive_report [C24 Hostname#a19a2c0f:8081 in_progress parent-flow (satisfied (Path is satisfied), interface: en0[802.11], uses wifi, LQM: unknown)] received child report: [C24.1 Hostname#a19a2c0f:8081 in_progress resolver (satisfied (Path is satisfied), interface: en0[802.11], uses wifi, LQM: unknown)]
2026-01-28 16:28:55.694 Df NayaVedAI[71451:219a9a] [com.apple.network:connection] [C24.1 Hostname#a19a2c0f:8081 in_progress resolver (satisfied (Path is satisfied), interface: en0[802.11], uses wifi, LQM: unknown)] event: resolver:receive_dns @0.003s
2026-01-28 16:28:55.694 I  NayaVedAI[71451:219a9a] [com.apple.network:connection] nw_endpoint_resolver_start_next_child [C24.1 Hostname#a19a2c0f:8081 in_progress resolver (satisfied (Path is satisfied), interface: en0[802.11], uses wifi, LQM: unknown)] starting child endpoint IPv6#e1664cbf.8081
2026-01-28 16:28:55.694 I  NayaVedAI[71451:219a9a] [com.apple.network:connection] nw_endpoint_handler_start [C24.1.1 IPv6#e1664cbf.8081 initial path ((null))]
2026-01-28 16:28:55.694 Db NayaVedAI[71451:219a9a] [com.apple.network:connection] nw_endpoint_resolver_receive_report [C24.1 Hostname#a19a2c0f:8081 in_progress resolver (satisfied (Path is satisfied), interface: en0[802.11], uses wifi, LQM: unknown)] received child report: [C24.1.1 IPv6#e1664cbf.8081 initial path ((null))]
2026-01-28 16:28:55.694 Db NayaVedAI[71451:219a9a] [com.apple.network:connection] nw_endpoint_flow_receive_report [C24 Hostname#a19a2c0f:8081 in_progress parent-flow (satisfied (Path is satisfied), interface: en0[802.11], uses wifi, LQM: unknown)] received child report: [C24.1.1 IPv6#e1664cbf.8081 initial path ((null))]
2026-01-28 16:28:55.694 Df NayaVedAI[71451:219a9a] [com.apple.network:connection] [C24.1.1 IPv6#e1664cbf.8081 initial path ((null))] event: path:start @0.004s
2026-01-28 16:28:55.694 Db NayaVedAI[71451:219a9a] [com.apple.network:connection] nw_endpoint_handler_path_change [C24.1.1 IPv6#e1664cbf.8081 waiting path (satisfied (Path is satisfied), interface: lo0)]
2026-01-28 16:28:55.694 Db NayaVedAI[71451:219a9a] [com.apple.network:connection] nw_endpoint_resolver_receive_report [C24.1 Hostname#a19a2c0f:8081 in_progress resolver (satisfied (Path is satisfied), interface: en0[802.11], uses wifi, LQM: unknown)] received child report: [C24.1.1 IPv6#e1664cbf.8081 waiting path (satisfied (Path is satisfied), interface: lo0)]
2026-01-28 16:28:55.694 Db NayaVedAI[71451:219a9a] [com.apple.network:connection] nw_endpoint_flow_receive_report [C24 Hostname#a19a2c0f:8081 in_progress parent-flow (satisfied (Path is satisfied), interface: en0[802.11], uses wifi, LQM: unknown)] received child report: [C24.1.1 IPv6#e1664cbf.8081 waiting path (satisfied (Path is satisfied), interface: lo0)]
2026-01-28 16:28:55.694 Df NayaVedAI[71451:219a9a] [com.apple.network:connection] [C24.1.1 IPv6#e1664cbf.8081 waiting path (satisfied (Path is satisfied), interface: lo0)] event: path:satisfied @0.004s, uuid: D1BB3EF3-6379-4A35-8E51-916FDC900F98
2026-01-28 16:28:55.694 Db NayaVedAI[71451:219a9a] [com.apple.network:] nw_endpoint_proxy_handler_should_use_proxy Looking up proxy for hostname: <nil>, ifindex: 0
2026-01-28 16:28:55.694 Db NayaVedAI[71451:219a9a] [com.apple.SystemConfiguration:SCPreferences] create <SCPreferences 0x10bba7b70 [0x1e578fa80]> {name = SCDynamicStoreCopyProxiesWithOptions, id = /Library/Managed Preferences/mobile/com.apple.SystemConfiguration.plist, path = /Library/Managed Preferences/mobile/com.apple.SystemConfiguration.plist}
2026-01-28 16:28:55.694 Db NayaVedAI[71451:219a9a] [com.apple.SystemConfiguration:SCPreferences] SCPreferences() access: /Library/Managed Preferences/mobile/com.apple.SystemConfiguration.plist, size=0
2026-01-28 16:28:55.694 Db NayaVedAI[71451:219a9a] [com.apple.SystemConfiguration:SCPreferences] release <SCPreferences 0x10bba7b70 [0x1e578fa80]> {name = SCDynamicStoreCopyProxiesWithOptions, id = /Library/Managed Preferences/mobile/com.apple.SystemConfiguration.plist, path = /Library/Managed Preferences/mobile/com.apple.SystemConfiguration.plist, accessed}
2026-01-28 16:28:55.694 I  NayaVedAI[71451:219a9a] [com.apple.network:connection] nw_association_create_flow <nw_association IPv6#e1664cbf.8081> Added association flow ID 550517C9-AFCB-4A69-861F-A768F59B6EA9
2026-01-28 16:28:55.694 I  NayaVedAI[71451:219a9a] [com.apple.network:connection] nw_endpoint_flow_setup_protocols [C24.1.1 IPv6#e1664cbf.8081 in_progress socket-flow (satisfied (Path is satisfied), interface: lo0)] setup flow id 550517C9-AFCB-4A69-861F-A768F59B6EA9
2026-01-28 16:28:55.695 Db NayaVedAI[71451:219a9a] [com.apple.network:connection] nw_endpoint_flow_attach_protocols [C24.1.1 IPv6#e1664cbf.8081 in_progress socket-flow (satisfied (Path is satisfied), interface: lo0)]
2026-01-28 16:28:55.695 Db NayaVedAI[71451:219a9a] [com.apple.network:connection] nw_endpoint_flow_attach_protocols_block_invoke [C24.1.1 IPv6#e1664cbf.8081 in_progress socket-flow (satisfied (Path is satisfied), interface: lo0)] Attached application protocol: CFNetworkConnection-3282745862
2026-01-28 16:28:55.695 Db NayaVedAI[71451:219a9a] [com.apple.network:] nw_fd_wrapper_create Created <fd_wrapper 25, guarded: false>
2026-01-28 16:28:55.695 Db NayaVedAI[71451:219a9a] [com.apple.network:connection] nw_endpoint_flow_attach_protocols [C24.1.1 IPv6#e1664cbf.8081 in_progress socket-flow (satisfied (Path is satisfied), interface: lo0)] Attached socket protocol
2026-01-28 16:28:55.695 Db NayaVedAI[71451:219a9a] [com.apple.network:connection] nw_endpoint_flow_setup_protocols [C24.1.1 IPv6#e1664cbf.8081 in_progress socket-flow (satisfied (Path is satisfied), interface: lo0)] leaf flow starting
2026-01-28 16:28:55.695 Db NayaVedAI[71451:219a9a] [com.apple.network:connection] nw_endpoint_resolver_receive_report [C24.1 Hostname#a19a2c0f:8081 in_progress resolver (satisfied (Path is satisfied), interface: en0[802.11], uses wifi, LQM: unknown)] received child report: [C24.1.1 IPv6#e1664cbf.8081 in_progress socket-flow (satisfied (Path is satisfied), interface: lo0)]
2026-01-28 16:28:55.695 Db NayaVedAI[71451:219a9a] [com.apple.network:connection] nw_endpoint_flow_receive_report [C24 Hostname#a19a2c0f:8081 in_progress parent-flow (satisfied (Path is satisfied), interface: en0[802.11], uses wifi, LQM: unknown)] received child report: [C24.1.1 IPv6#e1664cbf.8081 in_progress socket-flow (satisfied (Path is satisfied), interface: lo0)]
2026-01-28 16:28:55.695 Df NayaVedAI[71451:219a9a] [com.apple.network:connection] [C24.1.1 IPv6#e1664cbf.8081 in_progress socket-flow (satisfied (Path is satisfied), interface: lo0)] event: flow:start_connect @0.004s
2026-01-28 16:28:55.695 I  NayaVedAI[71451:219a9a] [com.apple.network:connection] nw_endpoint_resolver_start_next_child [C24.1 Hostname#a19a2c0f:8081 in_progress resolver (satisfied (Path is satisfied), interface: en0[802.11], uses wifi, LQM: unknown)] starting next child endpoint in 100ms
2026-01-28 16:28:55.695 Db NayaVedAI[71451:219a9a] [com.apple.network:connection] nw_socket_handle_socket_event [C24.1.1:2] Event mask: 0x800
2026-01-28 16:28:55.695 Df NayaVedAI[71451:219a9a] [com.apple.network:connection] nw_socket_handle_socket_event [C24.1.1:2] Socket received CONNECTED event
2026-01-28 16:28:55.695 Db NayaVedAI[71451:219a9a] [com.apple.network:connection] nw_socket_setup_notsent_lowat [C24.1.1:2] Set TCP_NOTSENT_LOWAT(16384)
2026-01-28 16:28:55.695 Df NayaVedAI[71451:219a9a] [com.apple.network:connection] nw_flow_connected [C24.1.1 IPv6#e1664cbf.8081 in_progress socket-flow (satisfied (Path is satisfied), interface: lo0)] Transport protocol connected (socket)
2026-01-28 16:28:55.695 Db NayaVedAI[71451:219a9a] [com.apple.network:connection] nw_endpoint_resolver_receive_report [C24.1 Hostname#a19a2c0f:8081 in_progress resolver (satisfied (Path is satisfied), interface: en0[802.11], uses wifi, LQM: unknown)] received child report: [C24.1.1 IPv6#e1664cbf.8081 in_progress socket-flow (satisfied (Path is satisfied), interface: lo0)]
2026-01-28 16:28:55.695 Db NayaVedAI[71451:219a9a] [com.apple.network:connection] nw_endpoint_flow_receive_report [C24 Hostname#a19a2c0f:8081 in_progress parent-flow (satisfied (Path is satisfied), interface: en0[802.11], uses wifi, LQM: unknown)] received child report: [C24.1.1 IPv6#e1664cbf.8081 in_progress socket-flow (satisfied (Path is satisfied), interface: lo0)]
2026-01-28 16:28:55.695 Df NayaVedAI[71451:219a9a] [com.apple.network:connection] [C24.1.1 IPv6#e1664cbf.8081 in_progress socket-flow (satisfied (Path is satisfied), interface: lo0)] event: flow:finish_transport @0.005s
2026-01-28 16:28:55.695 I  NayaVedAI[71451:219a9a] [com.apple.network:connection] nw_endpoint_resolver_receive_report [C24.1 Hostname#a19a2c0f:8081 in_progress resolver (satisfied (Path is satisfied), interface: en0[802.11], uses wifi, LQM: unknown)] pushing out endpoint race by 2000ms
2026-01-28 16:28:55.695 Df NayaVedAI[71451:219a9a] [com.apple.network:connection] nw_flow_connected [C24.1.1 IPv6#e1664cbf.8081 in_progress socket-flow (satisfied (Path is satisfied), interface: lo0)] Output protocol connected (CFNetworkConnection-3282745862)
2026-01-28 16:28:55.695 Db NayaVedAI[71451:219a9a] [com.apple.network:connection] nw_endpoint_flow_connected_path_change [C24.1.1 IPv6#e1664cbf.8081 ready socket-flow (satisfied (Path is satisfied), interface: lo0)]
2026-01-28 16:28:55.695 I  NayaVedAI[71451:219a9a] [com.apple.network:connection] nw_endpoint_flow_connected_path_change [C24.1.1 IPv6#e1664cbf.8081 ready socket-flow (satisfied (Path is satisfied), interface: lo0)] Connected path is satisfied, not viable
2026-01-28 16:28:55.695 Db NayaVedAI[71451:219a9a] [com.apple.network:connection] nw_endpoint_resolver_receive_report [C24.1 Hostname#a19a2c0f:8081 in_progress resolver (satisfied (Path is satisfied), interface: en0[802.11], uses wifi, LQM: unknown)] received child report: [C24.1.1 IPv6#e1664cbf.8081 ready socket-flow (satisfied (Path is satisfied), interface: lo0)]
2026-01-28 16:28:55.696 Db NayaVedAI[71451:219a9a] [com.apple.network:connection] nw_endpoint_flow_receive_report [C24 Hostname#a19a2c0f:8081 in_progress parent-flow (satisfied (Path is satisfied), interface: en0[802.11], uses wifi, LQM: unknown)] received child report: [C24.1.1 IPv6#e1664cbf.8081 ready socket-flow (satisfied (Path is satisfied), interface: lo0)]
2026-01-28 16:28:55.696 Df NayaVedAI[71451:219a9a] [com.apple.network:connection] [C24.1.1 IPv6#e1664cbf.8081 ready socket-flow (satisfied (Path is satisfied), interface: lo0)] event: flow:child_finish_connect @0.005s
