2026-01-28 16:13:46.994 Db NayaVedAI[63826:20fb34] [com.apple.network:connection] nw_endpoint_resolver_receive_report [C76.1 Hostname#b33e072a:8081 in_progress resolver (satisfied (Path is satisfied), interface: en0[802.11], uses wifi, LQM: unknown)] received child report: [C76.1.1 IPv6#9530c712.8081 waiting path (satisfied (Path is satisfied), interface: lo0)]
2026-01-28 16:13:46.994 Db NayaVedAI[63826:20fb34] [com.apple.network:connection] nw_endpoint_flow_receive_report [C76 Hostname#b33e072a:8081 in_progress parent-flow (satisfied (Path is satisfied), interface: en0[802.11], uses wifi, LQM: unknown)] received child report: [C76.1.1 IPv6#9530c712.8081 waiting path (satisfied (Path is satisfied), interface: lo0)]
2026-01-28 16:13:46.994 Df NayaVedAI[63826:20fb34] [com.apple.network:connection] [C76.1.1 IPv6#9530c712.8081 waiting path (satisfied (Path is satisfied), interface: lo0)] event: path:satisfied @0.005s, uuid: 80A19C34-DF74-403B-B088-06872C3E1677
2026-01-28 16:13:46.994 Db NayaVedAI[63826:20fb34] [com.apple.network:] nw_endpoint_proxy_handler_should_use_proxy Looking up proxy for hostname: <nil>, ifindex: 0
2026-01-28 16:13:46.994 Db NayaVedAI[63826:20fb34] [com.apple.SystemConfiguration:SCPreferences] create <SCPreferences 0x12d9b46d0 [0x1e578fa80]> {name = SCDynamicStoreCopyProxiesWithOptions, id = /Library/Managed Preferences/mobile/com.apple.SystemConfiguration.plist, path = /Library/Managed Preferences/mobile/com.apple.SystemConfiguration.plist}
2026-01-28 16:13:46.994 Db NayaVedAI[63826:20fb34] [com.apple.SystemConfiguration:SCPreferences] SCPreferences() access: /Library/Managed Preferences/mobile/com.apple.SystemConfiguration.plist, size=0
2026-01-28 16:13:46.995 Db NayaVedAI[63826:20fb34] [com.apple.SystemConfiguration:SCPreferences] release <SCPreferences 0x12d9b46d0 [0x1e578fa80]> {name = SCDynamicStoreCopyProxiesWithOptions, id = /Library/Managed Preferences/mobile/com.apple.SystemConfiguration.plist, path = /Library/Managed Preferences/mobile/com.apple.SystemConfiguration.plist, accessed}
2026-01-28 16:13:46.995 I  NayaVedAI[63826:20fb34] [com.apple.network:connection] nw_association_create_flow <nw_association IPv6#9530c712.8081> Added association flow ID FB07FE43-33DE-4666-8EA5-11F3B0E7984A
2026-01-28 16:13:46.995 I  NayaVedAI[63826:20fb34] [com.apple.network:connection] nw_endpoint_flow_setup_protocols [C76.1.1 IPv6#9530c712.8081 in_progress socket-flow (satisfied (Path is satisfied), interface: lo0)] setup flow id FB07FE43-33DE-4666-8EA5-11F3B0E7984A
2026-01-28 16:13:46.995 Db NayaVedAI[63826:20fb34] [com.apple.network:connection] nw_endpoint_flow_attach_protocols [C76.1.1 IPv6#9530c712.8081 in_progress socket-flow (satisfied (Path is satisfied), interface: lo0)]
2026-01-28 16:13:46.995 Db NayaVedAI[63826:20fb34] [com.apple.network:connection] nw_endpoint_flow_attach_protocols_block_invoke [C76.1.1 IPv6#9530c712.8081 in_progress socket-flow (satisfied (Path is satisfied), interface: lo0)] Attached application protocol: CFNetworkConnection-1110212295
2026-01-28 16:13:46.995 Db NayaVedAI[63826:20fb34] [com.apple.network:] nw_fd_wrapper_create Created <fd_wrapper 24, guarded: false>
2026-01-28 16:13:46.995 Db NayaVedAI[63826:20fb34] [com.apple.network:connection] nw_endpoint_flow_attach_protocols [C76.1.1 IPv6#9530c712.8081 in_progress socket-flow (satisfied (Path is satisfied), interface: lo0)] Attached socket protocol
2026-01-28 16:13:46.995 Db NayaVedAI[63826:20fb34] [com.apple.network:connection] nw_endpoint_flow_setup_protocols [C76.1.1 IPv6#9530c712.8081 in_progress socket-flow (satisfied (Path is satisfied), interface: lo0)] leaf flow starting
2026-01-28 16:13:46.995 Db NayaVedAI[63826:20fb34] [com.apple.network:connection] nw_endpoint_resolver_receive_report [C76.1 Hostname#b33e072a:8081 in_progress resolver (satisfied (Path is satisfied), interface: en0[802.11], uses wifi, LQM: unknown)] received child report: [C76.1.1 IPv6#9530c712.8081 in_progress socket-flow (satisfied (Path is satisfied), interface: lo0)]
2026-01-28 16:13:46.995 Db NayaVedAI[63826:20fb34] [com.apple.network:connection] nw_endpoint_flow_receive_report [C76 Hostname#b33e072a:8081 in_progress parent-flow (satisfied (Path is satisfied), interface: en0[802.11], uses wifi, LQM: unknown)] received child report: [C76.1.1 IPv6#9530c712.8081 in_progress socket-flow (satisfied (Path is satisfied), interface: lo0)]
2026-01-28 16:13:46.995 Df NayaVedAI[63826:20fb34] [com.apple.network:connection] [C76.1.1 IPv6#9530c712.8081 in_progress socket-flow (satisfied (Path is satisfied), interface: lo0)] event: flow:start_connect @0.006s
2026-01-28 16:13:46.995 I  NayaVedAI[63826:20fb34] [com.apple.network:connection] nw_endpoint_resolver_start_next_child [C76.1 Hostname#b33e072a:8081 in_progress resolver (satisfied (Path is satisfied), interface: en0[802.11], uses wifi, LQM: unknown)] starting next child endpoint in 100ms
2026-01-28 16:13:46.996 Db NayaVedAI[63826:20fb34] [com.apple.network:connection] nw_socket_handle_socket_event [C76.1.1:2] Event mask: 0x800
2026-01-28 16:13:46.996 Df NayaVedAI[63826:20fb34] [com.apple.network:connection] nw_socket_handle_socket_event [C76.1.1:2] Socket received CONNECTED event
2026-01-28 16:13:46.996 Db NayaVedAI[63826:20fb34] [com.apple.network:connection] nw_socket_setup_notsent_lowat [C76.1.1:2] Set TCP_NOTSENT_LOWAT(16384)
2026-01-28 16:13:46.996 Df NayaVedAI[63826:20fb34] [com.apple.network:connection] nw_flow_connected [C76.1.1 IPv6#9530c712.8081 in_progress socket-flow (satisfied (Path is satisfied), interface: lo0)] Transport protocol connected (socket)
2026-01-28 16:13:46.996 Db NayaVedAI[63826:20fb34] [com.apple.network:connection] nw_endpoint_resolver_receive_report [C76.1 Hostname#b33e072a:8081 in_progress resolver (satisfied (Path is satisfied), interface: en0[802.11], uses wifi, LQM: unknown)] received child report: [C76.1.1 IPv6#9530c712.8081 in_progress socket-flow (satisfied (Path is satisfied), interface: lo0)]
2026-01-28 16:13:46.996 Db NayaVedAI[63826:20fb34] [com.apple.network:connection] nw_endpoint_flow_receive_report [C76 Hostname#b33e072a:8081 in_progress parent-flow (satisfied (Path is satisfied), interface: en0[802.11], uses wifi, LQM: unknown)] received child report: [C76.1.1 IPv6#9530c712.8081 in_progress socket-flow (satisfied (Path is satisfied), interface: lo0)]
2026-01-28 16:13:46.996 Df NayaVedAI[63826:20fb34] [com.apple.network:connection] [C76.1.1 IPv6#9530c712.8081 in_progress socket-flow (satisfied (Path is satisfied), interface: lo0)] event: flow:finish_transport @0.007s
2026-01-28 16:13:46.996 I  NayaVedAI[63826:20fb34] [com.apple.network:connection] nw_endpoint_resolver_receive_report [C76.1 Hostname#b33e072a:8081 in_progress resolver (satisfied (Path is satisfied), interface: en0[802.11], uses wifi, LQM: unknown)] pushing out endpoint race by 2000ms
2026-01-28 16:13:46.996 Df NayaVedAI[63826:20fb34] [com.apple.network:connection] nw_flow_connected [C76.1.1 IPv6#9530c712.8081 in_progress socket-flow (satisfied (Path is satisfied), interface: lo0)] Output protocol connected (CFNetworkConnection-1110212295)
2026-01-28 16:13:46.996 Db NayaVedAI[63826:20fb34] [com.apple.network:connection] nw_endpoint_flow_connected_path_change [C76.1.1 IPv6#9530c712.8081 ready socket-flow (satisfied (Path is satisfied), interface: lo0)]
2026-01-28 16:13:46.996 I  NayaVedAI[63826:20fb34] [com.apple.network:connection] nw_endpoint_flow_connected_path_change [C76.1.1 IPv6#9530c712.8081 ready socket-flow (satisfied (Path is satisfied), interface: lo0)] Connected path is satisfied, not viable
2026-01-28 16:13:46.996 Df NayaVedAI[63826:21027f] [com.apple.CFNetwork:Default] Task <A2F1542A-411B-45BB-AE4D-B15331695E50>.<2> resuming, timeouts(0.0, 604800.0) qos(0x19) voucher((null)) activity(00000000-0000-0000-0000-000000000000)
2026-01-28 16:13:46.997 Db NayaVedAI[63826:21027f] [com.apple.network:activity] Returning should log: 0 for activity cfnetwork:foreground_task
2026-01-28 16:13:46.997 Db NayaVedAI[63826:21027f] [com.apple.network:activity] Domain cfnetwork rate configured in registry as 1 / 20000
2026-01-28 16:13:46.997 Db NayaVedAI[63826:21027f] [com.apple.network:activity] Domain cfnetwork rate configured after remote default override as 1 / 20000
2026-01-28 16:13:46.997 Db NayaVedAI[63826:21027f] [com.apple.network:activity] After reading settings plist, domain cfnetwork rate configured as 1 / 2000000
2026-01-28 16:13:46.997 Db NayaVedAI[63826:21027f] [com.apple.network:activity] After settings override, domain cfnetwork rate configured as 1 / 2000000
2026-01-28 16:13:46.997 Db NayaVedAI[63826:20fb34] [com.apple.network:connection] nw_endpoint_resolver_receive_report [C76.1 Hostname#b33e072a:8081 in_progress resolver (satisfied (Path is satisfied), interface: en0[802.11], uses wifi, LQM: unknown)] received child report: [C76.1.1 IPv6#9530c712.8081 ready socket-flow (satisfied (Path is satisfied), interface: lo0)]
2026-01-28 16:13:46.997 Db NayaVedAI[63826:21027f] [com.apple.network:activity] Final domain cfnetwork rate configured as 1 / 2000000
2026-01-28 16:13:46.997 Db NayaVedAI[63826:20fb34] [com.apple.network:connection] nw_endpoint_flow_receive_report [C76 Hostname#b33e072a:8081 in_progress parent-flow (satisfied (Path is satisfied), interface: en0[802.11], uses wifi, LQM: unknown)] received child report: [C76.1.1 IPv6#9530c712.8081 ready socket-flow (satisfied (Path is satisfied), interface: lo0)]
2026-01-28 16:13:46.997 Df NayaVedAI[63826:20fb34] [com.apple.network:connection] [C76.1.1 IPv6#9530c712.8081 ready socket-flow (satisfied (Path is satisfied), interface: lo0)] event: flow:child_finish_connect @0.008s
2026-01-28 16:13:46.997 Db NayaVedAI[63826:21027f] [com.apple.network:activity] <nw_activity 12:2 [No UUID] (reporting strategy default)> sampled at 1 / 2000000
2026-01-28 16:13:46.997 Db NayaVedAI[63826:20fb34] [com.apple.network:connection] nw_endpoint_flow_receive_report [C76 IPv6#9530c712.8081 in_progress parent-flow (satisfied (Path is satisfied), interface: en0[802.11], uses wifi, LQM: unknown)] connecting endpoint_flow to child's shared protocol
2026-01-28 16:13:46.997 Db NayaVedAI[63826:20fb34] [com.apple.network:connection] nw_endpoint_flow_setup_protocols [C76 IPv6#9530c712.8081 in_progress parent-flow (satisfied (Path is satisfied), interface: en0[802.11], uses wifi, LQM: unknown)] already set up
2026-01-28 16:13:46.997 Db NayaVedAI[63826:21027f] [com.apple.network:activity] Returning should log: 0 for activity cfnetwork:foreground_task
2026-01-28 16:13:46.997 Db NayaVedAI[63826:21027f] [com.apple.network:activity] Returning should log: 0 for activity cfnetwork:foreground_task
2026-01-28 16:13:46.997 Db NayaVedAI[63826:21027f] [com.apple.CFNetwork:Default] [Telemetry]: Activity <nw_activity 12:2 [B78EA7D4-910B-48AD-AE18-9ADFDD6DC54B] (reporting strategy default)> on Task <A2F1542A-411B-45BB-AE4D-B15331695E50>.<2> was not selected for reporting
2026-01-28 16:13:46.997 Db NayaVedAI[63826:20fb34] [com.apple.network:connection] nw_endpoint_flow_setup_protocols [C76 IPv6#9530c712.8081 in_progress parent-flow (satisfied (Path is satisfied), interface: en0[802.11], uses wifi, LQM: unknown)] child flow connected, starting
2026-01-28 16:13:46.997 Db NayaVedAI[63826:20fb34] [com.apple.network:connection] nw_endpoint_flow_setup_protocols [C76 IPv6#9530c712.8081 in_progress parent-flow (satisfied (Path is satisfied), interface: en0[802.11], uses wifi, LQM: unknown)] already started
2026-01-28 16:13:46.997 Db NayaVedAI[63826:20fb34] [com.apple.network:connection] nw_endpoint_flow_receive_report [C76 IPv6#9530c712.8081 in_progress parent-flow (satisfied (Path is satisfied), interface: en0[802.11], uses wifi, LQM: unknown)] received child report: [C76.1 Hostname#b33e072a:8081 ready resolver (satisfied (Path is satisfied), interface: en0[802.11], uses wifi, LQM: unknown)]
2026-01-28 16:13:46.997 Df NayaVedAI[63826:20fb34] [com.apple.network:connection] [C76.1 Hostname#b33e072a:8081 ready resolver (satisfied (Path is satisfied), interface: en0[802.11], uses wifi, LQM: unknown)] event: flow:child_finish_connect @0.008s
2026-01-28 16:13:46.997 I  NayaVedAI[63826:20fb34] [com.apple.network:connection] nw_endpoint_handler_cancel [C76.1.2 IPv4#eafe643d:8081 initial path ((null))]
2026-01-28 16:13:46.997 Df NayaVedAI[63826:20fb34] [com.apple.network:connection] nw_flow_connected [C76 IPv6#9530c712.8081 in_progress parent-flow (satisfied (Path is satisfied), interface: en0[802.11], uses wifi, LQM: unknown)] Output protocol connected (endpoint_flow)
2026-01-28 16:13:46.997 Db NayaVedAI[63826:20fb34] [com.apple.network:connection] nw_endpoint_flow_connected_path_change [C76 IPv6#9530c712.8081 ready parent-flow (satisfied (Path is satisfied), interface: en0[802.11], uses wifi, LQM: unknown)]
2026-01-28 16:13:46.997 I  NayaVedAI[63826:20fb34] [com.apple.network:connection] nw_endpoint_flow_connected_path_change [C76 IPv6#9530c712.8081 ready parent-flow (satisfied (Path is satisfied), interface: en0[802.11], uses wifi, LQM: unknown)] Connected path is satisfied, child is not viable
2026-01-28 16:13:46.997 Df NayaVedAI[63826:20fb34] [com.apple.network:connection] [C76 IPv6#9530c712.8081 ready parent-flow (satisfied (Path is satisfied), interface: en0[802.11], uses wifi, LQM: unknown)] event: flow:finish_connect @0.008s
2026-01-28 16:13:46.997 Db NayaVedAI[63826:20fb34] [com.apple.network:connection] nw_connection_run_pqtls_probe_locked_on_nw_queue [C76] No TLS metadata; not running PQ-TLS probe
2026-01-28 16:13:46.998 Db NayaVedAI[63826:20fb34] [com.apple.network:connection] nw_connection_run_ech_probe_locked_on_nw_queue [C76] stack doesn't include TLS; not running ECH probe
2026-01-28 16:13:46.998 Db NayaVedAI[63826:20fb34] [com.apple.network:connection] nw_connection_endpoint_report_on_nw_queue_block_invoke [C76] Connected fallback generation 0
2026-01-28 16:13:46.998 I  NayaVedAI[63826:20fb34] [com.apple.network:connection] nw_connection_start_candidate_manager_if_needed_locked [C76] Checking whether to start candidate manager
2026-01-28 16:13:46.998 Db NayaVedAI[63826:20fb34] [com.apple.network:connection] nw_connection_start_candidate_manager_if_needed_locked [C76] Connection does not support multipath, not starting candidate manager
2026-01-28 16:13:46.998 Df NayaVedAI[63826:20fb34] [com.apple.network:connection] nw_connection_report_state_with_handler_on_nw_queue [C76] reporting state ready
2026-01-28 16:13:46.998 Db NayaVedAI[63826:20fb34] [com.apple.CFNetwork:ATS] Uploading ATS exception ATSAllowsLocalNetworking
2026-01-28 16:13:46.998 A  NayaVedAI[63826:21011c] (Security) SecTrustReportNetworkingAnalytics
2026-01-28 16:13:46.998 Df NayaVedAI[63826:20fb34] [com.apple.CFNetwork:Default] Connection 76: connected successfully
2026-01-28 16:13:46.998 Df NayaVedAI[63826:20fb34] [com.apple.CFNetwork:Default] Connection 76: ready C(N) E(N)
2026-01-28 16:13:46.998 Db NayaVedAI[63826:20fb34] [com.apple.CFNetwork:Default] Task <3BDE1979-4949-44FF-89C6-9639A515B540>.<1> done setting up Connection 76
2026-01-28 16:13:46.998 Db NayaVedAI[63826:20fb34] [com.apple.network:activity] Returning should log: 0 for activity cfnetwork:foreground_task
2026-01-28 16:13:46.998 Df NayaVedAI[63826:20fb34] [com.apple.CFNetwork:Default] Task <3BDE1979-4949-44FF-89C6-9639A515B540>.<1> now using Connection 76
2026-01-28 16:13:46.998 Db NayaVedAI[63826:20fb34] [com.apple.network:activity] Returning should log: 0 for activity cfnetwork:foreground_task
2026-01-28 16:13:46.998 Df NayaVedAI[63826:21011c] [com.apple.securityd:SecError] SecTrustReportNetworkingAnalytics failed with error: -4
2026-01-28 16:13:46.999 Df NayaVedAI[63826:20fb34] [com.apple.CFNetwork:Default] Task <3BDE1979-4949-44FF-89C6-9639A515B540>.<1> sent request, body N 0
2026-01-28 16:13:46.999 I  NayaVedAI[63826:20fb34] [com.apple.network:connection] nw_connection_create_with_id [C77] create connection to Hostname#b33e072a:8081
2026-01-28 16:13:46.999 Df NayaVedAI[63826:20fb34] [com.apple.CFNetwork:Default] Connection 77: starting, TC(0x0)
2026-01-28 16:13:46.999 Df NayaVedAI[63826:20fb34] [com.apple.network:connection] [C77 30F8174E-5F60-4118-B807-16530C832695 Hostname#b33e072a:8081 tcp, url: http://localhost:8081/symbolicate, definite, attribution: developer, context: com.apple.CFNetwork.NSURLSession.{356D9CA6-1B1D-4B9D-817F-1536835CA632}{(null)}{Y}{2}{0x0} (private), proc: 63B02D91-D502-3FF5-9842-92830ECC12FF, delegated upid: 0] start
2026-01-28 16:13:46.999 I  NayaVedAI[63826:20fb34] [com.apple.network:connection] nw_endpoint_handler_start [C77 Hostname#b33e072a:8081 initial parent-flow ((null))]
2026-01-28 16:13:46.999 Df NayaVedAI[63826:20fb34] [com.apple.network:connection] [C77 Hostname#b33e072a:8081 initial parent-flow ((null))] event: path:start @0.000s
2026-01-28 16:13:46.999 Db NayaVedAI[63826:20fb34] [com.apple.network:connection] nw_endpoint_handler_path_change [C77 Hostname#b33e072a:8081 waiting parent-flow (satisfied (Path is satisfied), interface: en0[802.11], uses wifi, LQM: unknown)]
2026-01-28 16:13:46.999 Db NayaVedAI[63826:20fb34] [com.apple.networkextension:] ne_tracker_check_is_hostname_blocked() proceeding with the in_the_app check for hostname: localhost
2026-01-28 16:13:46.999 Db NayaVedAI[63826:20fb34] [com.apple.CFBundle:resources] Resource lookup at CFBundle 0x600003b10000 </Users/shivi.agarwal/Library/Developer/CoreSimulator/Devices/AC7E343F-585F-430E-B17D-BDD649803605/data/Containers/Bundle/Application/526E8406-59B6-4C05-9D18-38A7EF2F46C7/NayaVedAI.app> (executable, loaded)
	Request       : InfoPlist type: strings
	Result        : None
2026-01-28 16:13:46.999 Db NayaVedAI[63826:20fb34] [com.apple.CFBundle:resources] Resource lookup at CFBundle 0x600003b10000 </Users/shivi.agarwal/Library/Developer/CoreSimulator/Devices/AC7E343F-585F-430E-B17D-BDD649803605/data/Containers/Bundle/Application/526E8406-59B6-4C05-9D18-38A7EF2F46C7/NayaVedAI.app> (executable, loaded)
	Request       : InfoPlist type: stringsdict
	Result        : None
2026-01-28 16:13:46.999 Db NayaVedAI[63826:20fb34] [com.apple.networkextension:] ne_tracker_check_is_hostname_blocked(): hostname localhost is not a tracker. Returning: ne_tracker_status_none
2026-01-28 16:13:46.999 Df NayaVedAI[63826:20fb34] [com.apple.network:connection] [C77 Hostname#b33e072a:8081 waiting parent-flow (satisfied (Path is satisfied), interface: en0[802.11], uses wifi, LQM: unknown)] event: path:satisfied @0.000s, uuid: 836986AF-90F8-416B-80AF-8FA81ECE5096
2026-01-28 16:13:46.999 I  NayaVedAI[63826:20fb34] [com.apple.network:connection] nw_connection_endpoint_report_on_nw_queue_block_invoke [C77 Hostname#b33e072a:8081 waiting parent-flow (satisfied (Path is satisfied), interface: en0[802.11], uses wifi, LQM: unknown)] skipping state update
2026-01-28 16:13:46.999 Db NayaVedAI[63826:20fb34] [com.apple.network:] nw_endpoint_proxy_handler_should_use_proxy Looking up proxy for hostname: localhost, ifindex: 0
2026-01-28 16:13:46.999 Db NayaVedAI[63826:20fb34] [com.apple.SystemConfiguration:SCPreferences] create <SCPreferences 0x1088de7e0 [0x1e578fa80]> {name = SCDynamicStoreCopyProxiesWithOptions, id = /Library/Managed Preferences/mobile/com.apple.SystemConfiguration.plist, path = /Library/Managed Preferences/mobile/com.apple.SystemConfiguration.plist}
2026-01-28 16:13:47.000 Db NayaVedAI[63826:20fb34] [com.apple.SystemConfiguration:SCPreferences] SCPreferences() access: /Library/Managed Preferences/mobile/com.apple.SystemConfiguration.plist, size=0
2026-01-28 16:13:47.000 Db NayaVedAI[63826:20fb34] [com.apple.SystemConfiguration:SCPreferences] release <SCPreferences 0x1088de7e0 [0x1e578fa80]> {name = SCDynamicStoreCopyProxiesWithOptions, id = /Library/Managed Preferences/mobile/com.apple.SystemConfiguration.plist, path = /Library/Managed Preferences/mobile/com.apple.SystemConfiguration.plist, accessed}
2026-01-28 16:13:47.000 Db NayaVedAI[63826:20fb34] [com.apple.network:connection] nw_endpoint_flow_attach_protocols [C77 Hostname#b33e072a:8081 in_progress parent-flow (satisfied (Path is satisfied), interface: en0[802.11], uses wifi, LQM: unknown)]
2026-01-28 16:13:47.000 Db NayaVedAI[63826:20fb34] [com.apple.network:connection] nw_endpoint_flow_attach_protocols [C77 Hostname#b33e072a:8081 in_progress parent-flow (satisfied (Path is satisfied), interface: en0[802.11], uses wifi, LQM: unknown)] stopping after adding persistent application protocols
2026-01-28 16:13:47.000 Db NayaVedAI[63826:20fabf] [com.apple.defaults:User Defaults] looked up value 1 for key RCTI18nUtil_makeRTLFlipLeftAndRightStyles in CFPrefsPlistSource<0x600002c00600> (Domain: com.nayaved.app, User: kCFPreferencesCurrentUser, ByHost: No, Container: (null), Contents Need Refresh: No) via CFPrefsSearchListSource<0x600002c00200> (Domain: com.nayaved.app, Container: (null) Non-launch persona: 0)
2026-01-28 16:13:47.000 Db NayaVedAI[63826:20fb34] [com.apple.network:connection] nw_endpoint_flow_setup_protocols [C77 Hostname#b33e072a:8081 in_progress parent-flow (satisfied (Path is satisfied), interface: en0[802.11], uses wifi, LQM: unknown)] persistent protocol stack, starting
2026-01-28 16:13:47.000 Db NayaVedAI[63826:20fabf] [com.apple.defaults:User Defaults] looked up value 1 for key RCTI18nUtil_makeRTLFlipLeftAndRightStyles in CFPrefsPlistSource<0x600002c00600> (Domain: com.nayaved.app, User: kCFPreferencesCurrentUser, ByHost: No, Container: (null), Contents Need Refresh: No) via CFPrefsSearchListSource<0x600002c00200> (Domain: com.nayaved.app, Container: (null) Non-launch persona: 0)
2026-01-28 16:13:47.000 Df NayaVedAI[63826:20fb34] [com.apple.network:connection] [C77 Hostname#b33e072a:8081 in_progress parent-flow (satisfied (Path is satisfied), interface: en0[802.11], uses wifi, LQM: unknown)] event: flow:start_connect @0.000s
2026-01-28 16:13:47.000 Db NayaVedAI[63826:20fabf] [com.apple.defaults:User Defaults] looked up value 1 for key RCTI18nUtil_makeRTLFlipLeftAndRightStyles in CFPrefsPlistSource<0x600002c00600> (Domain: com.nayaved.app, User: kCFPreferencesCurrentUser, ByHost: No, Container: (null), Contents Need Refresh: No) via CFPrefsSearchListSource<0x600002c00200> (Domain: com.nayaved.app, Container: (null) Non-launch persona: 0)
2026-01-28 16:13:47.000 Df NayaVedAI[63826:20fb34] [com.apple.network:connection] nw_connection_report_state_with_handler_on_nw_queue [C77] reporting state preparing
2026-01-28 16:13:47.000 I  NayaVedAI[63826:20fb34] [com.apple.network:connection] nw_endpoint_flow_connect [C77 Hostname#b33e072a:8081 in_progress parent-flow (satisfied (Path is satisfied), interface: en0[802.11], uses wifi, LQM: unknown)] connect bottom protocol
2026-01-28 16:13:47.000 Db NayaVedAI[63826:20fb34] [com.apple.network:connection] nw_endpoint_flow_start_child [C77 Hostname#b33e072a:8081 in_progress parent-flow (satisfied (Path is satisfied), interface: en0[802.11], uses wifi, LQM: unknown)] creating and starting child handler
2026-01-28 16:13:47.000 Db NayaVedAI[63826:20fb34] [com.apple.network:] nw_endpoint_proxy_handler_should_use_proxy Looking up proxy for hostname: localhost, ifindex: 0
2026-01-28 16:13:47.000 Db NayaVedAI[63826:20fb34] [com.apple.SystemConfiguration:SCPreferences] create <SCPreferences 0x108961c40 [0x1e578fa80]> {name = SCDynamicStoreCopyProxiesWithOptions, id = /Library/Managed Preferences/mobile/com.apple.SystemConfiguration.plist, path = /Library/Managed Preferences/mobile/com.apple.SystemConfiguration.plist}
2026-01-28 16:13:47.000 Db NayaVedAI[63826:20fb34] [com.apple.SystemConfiguration:SCPreferences] SCPreferences() access: /Library/Managed Preferences/mobile/com.apple.SystemConfiguration.plist, size=0
2026-01-28 16:13:47.000 Db NayaVedAI[63826:20fb34] [com.apple.SystemConfiguration:SCPreferences] release <SCPreferences 0x108961c40 [0x1e578fa80]> {name = SCDynamicStoreCopyProxiesWithOptions, id = /Library/Managed Preferences/mobile/com.apple.SystemConfiguration.plist, path = /Library/Managed Preferences/mobile/com.apple.SystemConfiguration.plist, accessed}
2026-01-28 16:13:47.000 Df NayaVedAI[63826:20fb34] [com.apple.network:connection] [C77 Hostname#b33e072a:8081 in_progress parent-flow (satisfied (Path is satisfied), interface: en0[802.11], uses wifi, LQM: unknown)] event: flow:start_child @0.000s
2026-01-28 16:13:47.000 I  NayaVedAI[63826:20fb34] [com.apple.network:connection] nw_endpoint_handler_start [C77.1 Hostname#b33e072a:8081 initial path ((null))]
2026-01-28 16:13:47.000 Db NayaVedAI[63826:20fb34] [com.apple.network:connection] nw_endpoint_flow_receive_report [C77 Hostname#b33e072a:8081 in_progress parent-flow (satisfied (Path is satisfied), interface: en0[802.11], uses wifi, LQM: unknown)] received child report: [C77.1 Hostname#b33e072a:8081 initial path ((null))]
2026-01-28 16:13:47.000 Df NayaVedAI[63826:20fb34] [com.apple.network:connection] [C77.1 Hostname#b33e072a:8081 initial path ((null))] event: path:start @0.000s
2026-01-28 16:13:47.000 Db NayaVedAI[63826:20fb34] [com.apple.network:connection] nw_endpoint_handler_path_change [C77.1 Hostname#b33e072a:8081 waiting path (satisfied (Path is satisfied), interface: en0[802.11], uses wifi, LQM: unknown)]
2026-01-28 16:13:47.000 Db NayaVedAI[63826:20fb34] [com.apple.networkextension:] ne_tracker_check_is_hostname_blocked() proceeding with the in_the_app check for hostname: localhost
2026-01-28 16:13:47.000 Db NayaVedAI[63826:20fb34] [com.apple.CFBundle:resources] Resource lookup at CFBundle 0x600003b10000 </Users/shivi.agarwal/Library/Developer/CoreSimulator/Devices/AC7E343F-585F-430E-B17D-BDD649803605/data/Containers/Bundle/Application/526E8406-59B6-4C05-9D18-38A7EF2F46C7/NayaVedAI.app> (executable, loaded)
	Request       : InfoPlist type: strings
	Result        : None
2026-01-28 16:13:47.000 Db NayaVedAI[63826:20fb34] [com.apple.CFBundle:resources] Resource lookup at CFBundle 0x600003b10000 </Users/shivi.agarwal/Library/Developer/CoreSimulator/Devices/AC7E343F-585F-430E-B17D-BDD649803605/data/Containers/Bundle/Application/526E8406-59B6-4C05-9D18-38A7EF2F46C7/NayaVedAI.app> (executable, loaded)
	Request       : InfoPlist type: stringsdict
	Result        : None
2026-01-28 16:13:47.000 Db NayaVedAI[63826:20fb34] [com.apple.networkextension:] ne_tracker_check_is_hostname_blocked(): hostname localhost is not a tracker. Returning: ne_tracker_status_none
2026-01-28 16:13:47.000 Db NayaVedAI[63826:20fb34] [com.apple.network:connection] nw_endpoint_flow_receive_report [C77 Hostname#b33e072a:8081 in_progress parent-flow (satisfied (Path is satisfied), interface: en0[802.11], uses wifi, LQM: unknown)] received child report: [C77.1 Hostname#b33e072a:8081 waiting path (satisfied (Path is satisfied), interface: en0[802.11], uses wifi, LQM: unknown)]
2026-01-28 16:13:47.000 Df NayaVedAI[63826:20fb34] [com.apple.network:connection] [C77.1 Hostname#b33e072a:8081 waiting path (satisfied (Path is satisfied), interface: en0[802.11], uses wifi, LQM: unknown)] event: path:satisfied @0.001s, uuid: 836986AF-90F8-416B-80AF-8FA81ECE5096
2026-01-28 16:13:47.000 Db NayaVedAI[63826:20fb34] [com.apple.network:] nw_endpoint_proxy_handler_should_use_proxy Looking up proxy for hostname: localhost, ifindex: 0
2026-01-28 16:13:47.000 Db NayaVedAI[63826:20fb34] [com.apple.SystemConfiguration:SCPreferences] create <SCPreferences 0x108a7a000 [0x1e578fa80]> {name = SCDynamicStoreCopyProxiesWithOptions, id = /Library/Managed Preferences/mobile/com.apple.SystemConfiguration.plist, path = /Library/Managed Preferences/mobile/com.apple.SystemConfiguration.plist}
2026-01-28 16:13:47.000 Db NayaVedAI[63826:20fb34] [com.apple.SystemConfiguration:SCPreferences] SCPreferences() access: /Library/Managed Preferences/mobile/com.apple.SystemConfiguration.plist, size=0
2026-01-28 16:13:47.000 Db NayaVedAI[63826:20fb34] [com.apple.SystemConfiguration:SCPreferences] release <SCPreferences 0x108a7a000 [0x1e578fa80]> {name = SCDynamicStoreCopyProxiesWithOptions, id = /Library/Managed Preferences/mobile/com.apple.SystemConfiguration.plist, path = /Library/Managed Preferences/mobile/com.apple.SystemConfiguration.plist, accessed}
2026-01-28 16:13:47.000 Db NayaVedAI[63826:20fb34] [com.apple.network:connection] -[NWConcrete_nw_endpoint_resolver startWithHandler:] [C77.1 Hostname#b33e072a:8081 waiting resolver (satisfied (Path is satisfied), interface: en0[802.11], uses wifi, LQM: unknown)]
2026-01-28 16:13:47.000 Db NayaVedAI[63826:20fb34] [com.apple.network:connection] nw_endpoint_flow_receive_report [C77 Hostname#b33e072a:8081 in_progress parent-flow (satisfied (Path is satisfied), interface: en0[802.11], uses wifi, LQM: unknown)] received child report: [C77.1 Hostname#b33e072a:8081 in_progress resolver (satisfied (Path is satisfied), interface: en0[802.11], uses wifi, LQM: unknown)]
2026-01-28 16:13:47.000 Df NayaVedAI[63826:20fb34] [com.apple.network:connection] [C77.1 Hostname#b33e072a:8081 in_progress resolver (satisfied (Path is satisfied), interface: en0[802.11], uses wifi, LQM: unknown)] event: resolver:start_dns @0.001s
2026-01-28 16:13:47.001 Db NayaVedAI[63826:20fb34] [com.apple.networkextension:] ne_tracker_check_is_hostname_blocked() proceeding with the in_the_app check for hostname: localhost
2026-01-28 16:13:47.001 Db NayaVedAI[63826:20fb34] [com.apple.CFBundle:resources] Resource lookup at CFBundle 0x600003b10000 </Users/shivi.agarwal/Library/Developer/CoreSimulator/Devices/AC7E343F-585F-430E-B17D-BDD649803605/data/Containers/Bundle/Application/526E8406-59B6-4C05-9D18-38A7EF2F46C7/NayaVedAI.app> (executable, loaded)
	Request       : InfoPlist type: strings
	Result        : None
2026-01-28 16:13:47.001 Db NayaVedAI[63826:20fb34] [com.apple.CFBundle:resources] Resource lookup at CFBundle 0x600003b10000 </Users/shivi.agarwal/Library/Developer/CoreSimulator/Devices/AC7E343F-585F-430E-B17D-BDD649803605/data/Containers/Bundle/Application/526E8406-59B6-4C05-9D18-38A7EF2F46C7/NayaVedAI.app> (executable, loaded)
	Request       : InfoPlist type: stringsdict
	Result        : None
2026-01-28 16:13:47.001 Db NayaVedAI[63826:20fb34] [com.apple.networkextension:] ne_tracker_check_is_hostname_blocked(): hostname localhost is not a tracker. Returning: ne_tracker_status_none
2026-01-28 16:13:47.001 I  NayaVedAI[63826:20fb34] [com.apple.network:connection] nw_resolver_create_dns_service_locked [C77.1] Starting host resolution Hostname#b33e072a:8081, flags 0xc000d000 proto 0
2026-01-28 16:13:47.001 Df NayaVedAI[63826:20fb34] [com.apple.CFNetwork:Default] Task <A2F1542A-411B-45BB-AE4D-B15331695E50>.<2> setting up Connection 77
2026-01-28 16:13:47.001 Db NayaVedAI[63826:20fb34] [com.apple.network:activity] Returning should log: 0 for activity cfnetwork:foreground_task
2026-01-28 16:13:47.001 I  NayaVedAI[63826:20fb34] [com.apple.network:connection] nw_resolver_host_resolve_callback [C77.1] flags=0x40000003 ifindex=4294967295 error=NoError(0) hostname=localhost. addr=IPv6#42e9e5e9 ttl=1
2026-01-28 16:13:47.001 I  NayaVedAI[63826:20fb34] [com.apple.network:connection] nw_resolver_host_resolve_callback [C77.1] flags=0x40000002 ifindex=4294967295 error=NoError(0) hostname=localhost. addr=IPv4#075c8fe9 ttl=1
2026-01-28 16:13:47.001 Db NayaVedAI[63826:20fb34] [com.apple.network:] sa_dst_compare_rfc6724 Rule 6, prefer d2, d2 precedence 50 > d1 precedence 35
2026-01-28 16:13:47.001 Db NayaVedAI[63826:20fb34] [com.apple.network:] sa_dst_compare_internal <private>@0 < <private>@0
2026-01-28 16:13:47.002 I  NayaVedAI[63826:20fb34] [com.apple.network:connection] nw_resolver_create_prefer_connected_variant [C77.1] Prefer Connected: IPv6#9530c712.8081 is already the first endpoint
2026-01-28 16:13:47.002 Df NayaVedAI[63826:20fb34] [com.apple.CFNetwork:Default] Task <3BDE1979-4949-44FF-89C6-9639A515B540>.<1> received response, status 200 content K
2026-01-28 16:13:47.002 Db NayaVedAI[63826:20fb34] [com.apple.network:connection] nw_connection_modify_estimated_bytes_block_invoke [C76] Incremented estimated bytes to receive by 187, total now 187
2026-01-28 16:13:47.002 Db NayaVedAI[63826:20fb34] [com.apple.network:connection] nw_connection_modify_estimated_bytes_block_invoke [C76] Using lower threshold 12582912, upper threshold 31457280
2026-01-28 16:13:47.002 Df NayaVedAI[63826:20fb34] [com.apple.CFNetwork:Default] Task <3BDE1979-4949-44FF-89C6-9639A515B540>.<1> response ended
2026-01-28 16:13:47.002 Df NayaVedAI[63826:20fb34] [com.apple.CFNetwork:Default] Task <3BDE1979-4949-44FF-89C6-9639A515B540>.<1> done using Connection 76
2026-01-28 16:13:47.002 Db NayaVedAI[63826:20fb34] [com.apple.network:activity] Returning should log: 0 for activity cfnetwork:foreground_task
2026-01-28 16:13:47.002 Db NayaVedAI[63826:20fb34] [com.apple.network:connection] nw_endpoint_resolver_update [C77.1 Hostname#b33e072a:8081 in_progress resolver (satisfied (Path is satisfied), interface: en0[802.11], uses wifi, LQM: unknown)] resolver is complete
2026-01-28 16:13:47.002 Df NayaVedAI[63826:20fb34] [com.apple.network:connection] nw_endpoint_resolver_update [C77.1 Hostname#b33e072a:8081 in_progress resolver (satisfied (Path is satisfied), interface: en0[802.11], uses wifi, LQM: unknown)] Adding endpoint handler for IPv6#9530c712.8081
2026-01-28 16:13:47.002 Df NayaVedAI[63826:20fb34] [com.apple.network:connection] nw_endpoint_resolver_update [C77.1 Hostname#b33e072a:8081 in_progress resolver (satisfied (Path is satisfied), interface: en0[802.11], uses wifi, LQM: unknown)] Adding endpoint handler for IPv4#eafe643d:8081
2026-01-28 16:13:47.002 Db NayaVedAI[63826:20fb34] [com.apple.network:connection] nw_endpoint_resolver_update [C77.1 Hostname#b33e072a:8081 in_progress resolver (satisfied (Path is satisfied), interface: en0[802.11], uses wifi, LQM: unknown)] Updated endpoint list is (IPv6#9530c712.8081,IPv4#eafe643d:8081)
2026-01-28 16:13:47.002 Db NayaVedAI[63826:20fb34] [com.apple.network:connection] nw_endpoint_flow_receive_report [C77 Hostname#b33e072a:8081 in_progress parent-flow (satisfied (Path is satisfied), interface: en0[802.11], uses wifi, LQM: unknown)] received child report: [C77.1 Hostname#b33e072a:8081 in_progress resolver (satisfied (Path is satisfied), interface: en0[802.11], uses wifi, LQM: unknown)]
2026-01-28 16:13:47.002 Df NayaVedAI[63826:20fb34] [com.apple.network:connection] [C77.1 Hostname#b33e072a:8081 in_progress resolver (satisfied (Path is satisfied), interface: en0[802.11], uses wifi, LQM: unknown)] event: resolver:receive_dns @0.002s
2026-01-28 16:13:47.002 Db NayaVedAI[63826:20fb34] [com.apple.CFNetwork:Default] Connection 76: set is idle true
2026-01-28 16:13:47.002 Df NayaVedAI[63826:20fb34] [com.apple.network:connection] [C76] event: client:connection_idle @0.013s
2026-01-28 16:13:47.002 I  NayaVedAI[63826:20fb34] [com.apple.network:connection] nw_endpoint_handler_report_connection_idle [C76 IPv6#9530c712.8081 ready parent-flow (satisfied (Path is satisfied), interface: en0[802.11], uses wifi, LQM: unknown)] Reporting connection idle to protocols
2026-01-28 16:13:47.002 I  NayaVedAI[63826:20fb34] [com.apple.network:connection] nw_flow_passthrough_notify [C76.1.1 IPv6#9530c712.8081 ready socket-flow (satisfied (Path is satisfied), interface: lo0)] received notification connection_idle
2026-01-28 16:13:47.002 Df NayaVedAI[63826:20fee4] [com.apple.CFNetwork:Summary] Task <3BDE1979-4949-44FF-89C6-9639A515B540>.<1> summary for task success {transaction_duration_ms=13, response_status=200, connection=76, protocol="http/1.1", domain_lookup_duration_ms=2, connect_duration_ms=2, secure_connection_duration_ms=0, private_relay=false, request_start_ms=10, request_duration_ms=0, response_start_ms=13, response_duration_ms=0, request_bytes=370, request_throughput_kbps=14092, response_bytes=498, response_throughput_kbps=14755, cache_hit=false}
2026-01-28 16:13:47.002 Df NayaVedAI[63826:20fee4] [com.apple.CFNetwork:Default] Task <3BDE1979-4949-44FF-89C6-9639A515B540>.<1> finished successfully
2026-01-28 16:13:47.002 Db NayaVedAI[63826:20fee4] [com.apple.network:activity] Returning should log: 0 for activity cfnetwork:foreground_task
2026-01-28 16:13:47.002 Db NayaVedAI[63826:20fee4] [com.apple.network:activity] Returning should log: 0 for activity cfnetwork:foreground_task
2026-01-28 16:13:47.002 Db NayaVedAI[63826:20fee4] [com.apple.network:activity] No threshold for cfnetwork:foreground_task, returning NW_ACTIVITY_DURATION_INVALID
2026-01-28 16:13:47.002 Db NayaVedAI[63826:20fee4] [com.apple.network:activity] No threshold for activity <nw_activity 12:2 [0E76A9C8-7ADD-4E7B-9C90-CBC809125547] (reporting strategy default) complete (reason success)>
2026-01-28 16:13:47.002 Df NayaVedAI[63826:20fb34] [com.apple.network:connection] nw_protocol_socket_notify [C76.1.1:2] nw_protocol_notification_type_connection_idle is true
2026-01-28 16:13:47.003 Db NayaVedAI[63826:20fb34] [com.apple.CFNetwork:Default] Connection 76: set is idle true
2026-01-28 16:13:47.003 Df NayaVedAI[63826:20fb34] [com.apple.network:connection] [C76] event: client:connection_idle @0.013s
2026-01-28 16:13:47.003 I  NayaVedAI[63826:20fb34] [com.apple.network:connection] nw_endpoint_handler_report_connection_idle [C76 IPv6#9530c712.8081 ready parent-flow (satisfied (Path is satisfied), interface: en0[802.11], uses wifi, LQM: unknown)] Reporting connection idle to protocols
2026-01-28 16:13:47.003 I  NayaVedAI[63826:20fb34] [com.apple.network:connection] nw_flow_passthrough_notify [C76.1.1 IPv6#9530c712.8081 ready socket-flow (satisfied (Path is satisfied), interface: lo0)] received notification connection_idle
2026-01-28 16:13:47.003 Df NayaVedAI[63826:20fb34] [com.apple.network:connection] nw_protocol_socket_notify [C76.1.1:2] nw_protocol_notification_type_connection_idle is true
2026-01-28 16:13:47.003 I  NayaVedAI[63826:20fb34] [com.apple.network:connection] nw_endpoint_resolver_start_next_child [C77.1 Hostname#b33e072a:8081 in_progress resolver (satisfied (Path is satisfied), interface: en0[802.11], uses wifi, LQM: unknown)] starting child endpoint IPv6#9530c712.8081
2026-01-28 16:13:47.003 I  NayaVedAI[63826:20fb34] [com.apple.network:connection] nw_endpoint_handler_start [C77.1.1 IPv6#9530c712.8081 initial path ((null))]
2026-01-28 16:13:47.003 Db NayaVedAI[63826:20fb34] [com.apple.network:connection] nw_endpoint_resolver_receive_report [C77.1 Hostname#b33e072a:8081 in_progress resolver (satisfied (Path is satisfied), interface: en0[802.11], uses wifi, LQM: unknown)] received child report: [C77.1.1 IPv6#9530c712.8081 initial path ((null))]
2026-01-28 16:13:47.003 Db NayaVedAI[63826:20fb34] [com.apple.network:connection] nw_endpoint_flow_receive_report [C77 Hostname#b33e072a:8081 in_progress parent-flow (satisfied (Path is satisfied), interface: en0[802.11], uses wifi, LQM: unknown)] received child report: [C77.1.1 IPv6#9530c712.8081 initial path ((null))]
2026-01-28 16:13:47.003 Df NayaVedAI[63826:20fb34] [com.apple.network:connection] [C77.1.1 IPv6#9530c712.8081 initial path ((null))] event: path:start @0.003s
2026-01-28 16:13:47.003 Db NayaVedAI[63826:20fb34] [com.apple.network:connection] nw_endpoint_handler_path_change [C77.1.1 IPv6#9530c712.8081 waiting path (satisfied (Path is satisfied), interface: lo0)]
2026-01-28 16:13:47.003 Db NayaVedAI[63826:20fb34] [com.apple.network:connection] nw_endpoint_resolver_receive_report [C77.1 Hostname#b33e072a:8081 in_progress resolver (satisfied (Path is satisfied), interface: en0[802.11], uses wifi, LQM: unknown)] received child report: [C77.1.1 IPv6#9530c712.8081 waiting path (satisfied (Path is satisfied), interface: lo0)]
2026-01-28 16:13:47.003 Db NayaVedAI[63826:20fb34] [com.apple.network:connection] nw_endpoint_flow_receive_report [C77 Hostname#b33e072a:8081 in_progress parent-flow (satisfied (Path is satisfied), interface: en0[802.11], uses wifi, LQM: unknown)] received child report: [C77.1.1 IPv6#9530c712.8081 waiting path (satisfied (Path is satisfied), interface: lo0)]
2026-01-28 16:13:47.003 Df NayaVedAI[63826:20fb34] [com.apple.network:connection] [C77.1.1 IPv6#9530c712.8081 waiting path (satisfied (Path is satisfied), interface: lo0)] event: path:satisfied @0.003s, uuid: 80A19C34-DF74-403B-B088-06872C3E1677
2026-01-28 16:13:47.003 Db NayaVedAI[63826:20fb34] [com.apple.network:] nw_endpoint_proxy_handler_should_use_proxy Looking up proxy for hostname: <nil>, ifindex: 0
2026-01-28 16:13:47.003 Db NayaVedAI[63826:20fb34] [com.apple.SystemConfiguration:SCPreferences] create <SCPreferences 0x12d9b6260 [0x1e578fa80]> {name = SCDynamicStoreCopyProxiesWithOptions, id = /Library/Managed Preferences/mobile/com.apple.SystemConfiguration.plist, path = /Library/Managed Preferences/mobile/com.apple.SystemConfiguration.plist}
2026-01-28 16:13:47.003 Db NayaVedAI[63826:20fb34] [com.apple.SystemConfiguration:SCPreferences] SCPreferences() access: /Library/Managed Preferences/mobile/com.apple.SystemConfiguration.plist, size=0
2026-01-28 16:13:47.003 Db NayaVedAI[63826:20fb34] [com.apple.SystemConfiguration:SCPreferences] release <SCPreferences 0x12d9b6260 [0x1e578fa80]> {name = SCDynamicStoreCopyProxiesWithOptions, id = /Library/Managed Preferences/mobile/com.apple.SystemConfiguration.plist, path = /Library/Managed Preferences/mobile/com.apple.SystemConfiguration.plist, accessed}
2026-01-28 16:13:47.003 I  NayaVedAI[63826:20fb34] [com.apple.network:connection] nw_association_create_flow <nw_association IPv6#9530c712.8081> Added association flow ID 5085F2C8-C43D-44B3-9618-1E1D87A95161
2026-01-28 16:13:47.003 I  NayaVedAI[63826:20fb34] [com.apple.network:connection] nw_endpoint_flow_setup_protocols [C77.1.1 IPv6#9530c712.8081 in_progress socket-flow (satisfied (Path is satisfied), interface: lo0)] setup flow id 5085F2C8-C43D-44B3-9618-1E1D87A95161
2026-01-28 16:13:47.003 Db NayaVedAI[63826:20fb34] [com.apple.network:connection] nw_endpoint_flow_attach_protocols [C77.1.1 IPv6#9530c712.8081 in_progress socket-flow (satisfied (Path is satisfied), interface: lo0)]
2026-01-28 16:13:47.003 Db NayaVedAI[63826:20fb34] [com.apple.network:connection] nw_endpoint_flow_attach_protocols_block_invoke [C77.1.1 IPv6#9530c712.8081 in_progress socket-flow (satisfied (Path is satisfied), interface: lo0)] Attached application protocol: CFNetworkConnection-1110212295
2026-01-28 16:13:47.003 Db NayaVedAI[63826:20fb34] [com.apple.network:] nw_fd_wrapper_create Created <fd_wrapper 25, guarded: false>
2026-01-28 16:13:47.003 Db NayaVedAI[63826:20fb34] [com.apple.network:connection] nw_endpoint_flow_attach_protocols [C77.1.1 IPv6#9530c712.8081 in_progress socket-flow (satisfied (Path is satisfied), interface: lo0)] Attached socket protocol
2026-01-28 16:13:47.003 Db NayaVedAI[63826:20fb34] [com.apple.network:connection] nw_endpoint_flow_setup_protocols [C77.1.1 IPv6#9530c712.8081 in_progress socket-flow (satisfied (Path is satisfied), interface: lo0)] leaf flow starting
2026-01-28 16:13:47.003 Db NayaVedAI[63826:20fb34] [com.apple.network:connection] nw_endpoint_resolver_receive_report [C77.1 Hostname#b33e072a:8081 in_progress resolver (satisfied (Path is satisfied), interface: en0[802.11], uses wifi, LQM: unknown)] received child report: [C77.1.1 IPv6#9530c712.8081 in_progress socket-flow (satisfied (Path is satisfied), interface: lo0)]
2026-01-28 16:13:47.003 Db NayaVedAI[63826:20fb34] [com.apple.network:connection] nw_endpoint_flow_receive_report [C77 Hostname#b33e072a:8081 in_progress parent-flow (satisfied (Path is satisfied), interface: en0[802.11], uses wifi, LQM: unknown)] received child report: [C77.1.1 IPv6#9530c712.8081 in_progress socket-flow (satisfied (Path is satisfied), interface: lo0)]
2026-01-28 16:13:47.003 Df NayaVedAI[63826:20fb34] [com.apple.network:connection] [C77.1.1 IPv6#9530c712.8081 in_progress socket-flow (satisfied (Path is satisfied), interface: lo0)] event: flow:start_connect @0.004s
2026-01-28 16:13:47.004 I  NayaVedAI[63826:20fb34] [com.apple.network:connection] nw_endpoint_resolver_start_next_child [C77.1 Hostname#b33e072a:8081 in_progress resolver (satisfied (Path is satisfied), interface: en0[802.11], uses wifi, LQM: unknown)] starting next child endpoint in 100ms
2026-01-28 16:13:47.004 Db NayaVedAI[63826:20fb34] [com.apple.network:connection] nw_socket_handle_socket_event [C77.1.1:2] Event mask: 0x800
2026-01-28 16:13:47.004 Df NayaVedAI[63826:20fb34] [com.apple.network:connection] nw_socket_handle_socket_event [C77.1.1:2] Socket received CONNECTED event
2026-01-28 16:13:47.004 Db NayaVedAI[63826:20fb34] [com.apple.network:connection] nw_socket_setup_notsent_lowat [C77.1.1:2] Set TCP_NOTSENT_LOWAT(16384)
2026-01-28 16:13:47.004 Df NayaVedAI[63826:20fb34] [com.apple.network:connection] nw_flow_connected [C77.1.1 IPv6#9530c712.8081 in_progress socket-flow (satisfied (Path is satisfied), interface: lo0)] Transport protocol connected (socket)
2026-01-28 16:13:47.004 Db NayaVedAI[63826:20fb34] [com.apple.network:connection] nw_endpoint_resolver_receive_report [C77.1 Hostname#b33e072a:8081 in_progress resolver (satisfied (Path is satisfied), interface: en0[802.11], uses wifi, LQM: unknown)] received child report: [C77.1.1 IPv6#9530c712.8081 in_progress socket-flow (satisfied (Path is satisfied), interface: lo0)]
2026-01-28 16:13:47.004 Db NayaVedAI[63826:20fb34] [com.apple.network:connection] nw_endpoint_flow_receive_report [C77 Hostname#b33e072a:8081 in_progress parent-flow (satisfied (Path is satisfied), interface: en0[802.11], uses wifi, LQM: unknown)] received child report: [C77.1.1 IPv6#9530c712.8081 in_progress socket-flow (satisfied (Path is satisfied), interface: lo0)]
2026-01-28 16:13:47.004 Df NayaVedAI[63826:20fb34] [com.apple.network:connection] [C77.1.1 IPv6#9530c712.8081 in_progress socket-flow (satisfied (Path is satisfied), interface: lo0)] event: flow:finish_transport @0.004s
2026-01-28 16:13:47.004 I  NayaVedAI[63826:20fb34] [com.apple.network:connection] nw_endpoint_resolver_receive_report [C77.1 Hostname#b33e072a:8081 in_progress resolver (satisfied (Path is satisfied), interface: en0[802.11], uses wifi, LQM: unknown)] pushing out endpoint race by 2000ms
2026-01-28 16:13:47.004 Df NayaVedAI[63826:20fb34] [com.apple.network:connection] nw_flow_connected [C77.1.1 IPv6#9530c712.8081 in_progress socket-flow (satisfied (Path is satisfied), interface: lo0)] Output protocol connected (CFNetworkConnection-1110212295)
2026-01-28 16:13:47.004 Db NayaVedAI[63826:20fb34] [com.apple.network:connection] nw_endpoint_flow_connected_path_change [C77.1.1 IPv6#9530c712.8081 ready socket-flow (satisfied (Path is satisfied), interface: lo0)]
2026-01-28 16:13:47.004 I  NayaVedAI[63826:20fb34] [com.apple.network:connection] nw_endpoint_flow_connected_path_change [C77.1.1 IPv6#9530c712.8081 ready socket-flow (satisfied (Path is satisfied), interface: lo0)] Connected path is satisfied, not viable
2026-01-28 16:13:47.004 Db NayaVedAI[63826:20fb34] [com.apple.network:connection] nw_endpoint_resolver_receive_report [C77.1 Hostname#b33e072a:8081 in_progress resolver (satisfied (Path is satisfied), interface: en0[802.11], uses wifi, LQM: unknown)] received child report: [C77.1.1 IPv6#9530c712.8081 ready socket-flow (satisfied (Path is satisfied), interface: lo0)]
2026-01-28 16:13:47.004 Db NayaVedAI[63826:20fb34] [com.apple.network:connection] nw_endpoint_flow_receive_report [C77 Hostname#b33e072a:8081 in_progress parent-flow (satisfied (Path is satisfied), interface: en0[802.11], uses wifi, LQM: unknown)] received child report: [C77.1.1 IPv6#9530c712.8081 ready socket-flow (satisfied (Path is satisfied), interface: lo0)]
2026-01-28 16:13:47.004 Df NayaVedAI[63826:20fb34] [com.apple.network:connection] [C77.1.1 IPv6#9530c712.8081 ready socket-flow (satisfied (Path is satisfied), interface: lo0)] event: flow:child_finish_connect @0.004s
2026-01-28 16:13:47.004 Db NayaVedAI[63826:20fb34] [com.apple.network:connection] nw_endpoint_flow_receive_report [C77 IPv6#9530c712.8081 in_progress parent-flow (satisfied (Path is satisfied), interface: en0[802.11], uses wifi, LQM: unknown)] connecting endpoint_flow to child's shared protocol
2026-01-28 16:13:47.004 Db NayaVedAI[63826:20fb34] [com.apple.network:connection] nw_endpoint_flow_setup_protocols [C77 IPv6#9530c712.8081 in_progress parent-flow (satisfied (Path is satisfied), interface: en0[802.11], uses wifi, LQM: unknown)] already set up
2026-01-28 16:13:47.004 Db NayaVedAI[63826:20fb34] [com.apple.network:connection] nw_endpoint_flow_setup_protocols [C77 IPv6#9530c712.8081 in_progress parent-flow (satisfied (Path is satisfied), interface: en0[802.11], uses wifi, LQM: unknown)] child flow connected, starting
2026-01-28 16:13:47.004 Db NayaVedAI[63826:20fb34] [com.apple.network:connection] nw_endpoint_flow_setup_protocols [C77 IPv6#9530c712.8081 in_progress parent-flow (satisfied (Path is satisfied), interface: en0[802.11], uses wifi, LQM: unknown)] already started
2026-01-28 16:13:47.004 Db NayaVedAI[63826:20fb34] [com.apple.network:connection] nw_endpoint_flow_receive_report [C77 IPv6#9530c712.8081 in_progress parent-flow (satisfied (Path is satisfied), interface: en0[802.11], uses wifi, LQM: unknown)] received child report: [C77.1 Hostname#b33e072a:8081 ready resolver (satisfied (Path is satisfied), interface: en0[802.11], uses wifi, LQM: unknown)]
2026-01-28 16:13:47.004 Df NayaVedAI[63826:20fb34] [com.apple.network:connection] [C77.1 Hostname#b33e072a:8081 ready resolver (satisfied (Path is satisfied), interface: en0[802.11], uses wifi, LQM: unknown)] event: flow:child_finish_connect @0.005s
2026-01-28 16:13:47.004 I  NayaVedAI[63826:20fb34] [com.apple.network:connection] nw_endpoint_handler_cancel [C77.1.2 IPv4#eafe643d:8081 initial path ((null))]
2026-01-28 16:13:47.004 Df NayaVedAI[63826:20fb34] [com.apple.network:connection] nw_flow_connected [C77 IPv6#9530c712.8081 in_progress parent-flow (satisfied (Path is satisfied), interface: en0[802.11], uses wifi, LQM: unknown)] Output protocol connected (endpoint_flow)
