2026-01-28 16:13:39.929 Db NayaVedAI[63826:20fb26] [com.apple.network:connection] nw_endpoint_flow_receive_report [C64 Hostname#b33e072a:8081 in_progress parent-flow (satisfied (Path is satisfied), interface: en0[802.11], uses wifi, LQM: unknown)] received child report: [C64.1 Hostname#b33e072a:8081 in_progress resolver (satisfied (Path is satisfied), interface: en0[802.11], uses wifi, LQM: unknown)]
2026-01-28 16:13:39.929 Df NayaVedAI[63826:20fb26] [com.apple.network:connection] [C64.1 Hostname#b33e072a:8081 in_progress resolver (satisfied (Path is satisfied), interface: en0[802.11], uses wifi, LQM: unknown)] event: resolver:start_dns @0.001s
2026-01-28 16:13:39.929 Db NayaVedAI[63826:20fb26] [com.apple.networkextension:] ne_tracker_check_is_hostname_blocked() proceeding with the in_the_app check for hostname: localhost
2026-01-28 16:13:39.929 Db NayaVedAI[63826:20fb26] [com.apple.CFBundle:resources] Resource lookup at CFBundle 0x600003b10000 </Users/shivi.agarwal/Library/Developer/CoreSimulator/Devices/AC7E343F-585F-430E-B17D-BDD649803605/data/Containers/Bundle/Application/526E8406-59B6-4C05-9D18-38A7EF2F46C7/NayaVedAI.app> (executable, loaded)
	Request       : InfoPlist type: strings
	Result        : None
2026-01-28 16:13:39.929 Db NayaVedAI[63826:20fb26] [com.apple.CFBundle:resources] Resource lookup at CFBundle 0x600003b10000 </Users/shivi.agarwal/Library/Developer/CoreSimulator/Devices/AC7E343F-585F-430E-B17D-BDD649803605/data/Containers/Bundle/Application/526E8406-59B6-4C05-9D18-38A7EF2F46C7/NayaVedAI.app> (executable, loaded)
	Request       : InfoPlist type: stringsdict
	Result        : None
2026-01-28 16:13:39.929 Db NayaVedAI[63826:20fb26] [com.apple.networkextension:] ne_tracker_check_is_hostname_blocked(): hostname localhost is not a tracker. Returning: ne_tracker_status_none
2026-01-28 16:13:39.929 I  NayaVedAI[63826:20fb26] [com.apple.network:connection] nw_resolver_create_dns_service_locked [C64.1] Starting host resolution Hostname#b33e072a:8081, flags 0xc000d000 proto 0
2026-01-28 16:13:39.929 Df NayaVedAI[63826:20fb26] [com.apple.CFNetwork:Default] Task <48A9F942-4FD9-4F7C-9C65-338085245C54>.<1> setting up Connection 64
2026-01-28 16:13:39.929 Db NayaVedAI[63826:20fb26] [com.apple.network:activity] Returning should log: 0 for activity cfnetwork:foreground_task
2026-01-28 16:13:39.930 I  NayaVedAI[63826:20fb26] [com.apple.network:connection] nw_resolver_host_resolve_callback [C64.1] flags=0x40000003 ifindex=4294967295 error=NoError(0) hostname=localhost. addr=IPv6#42e9e5e9 ttl=1
2026-01-28 16:13:39.930 I  NayaVedAI[63826:20fb26] [com.apple.network:connection] nw_resolver_host_resolve_callback [C64.1] flags=0x40000002 ifindex=4294967295 error=NoError(0) hostname=localhost. addr=IPv4#075c8fe9 ttl=1
2026-01-28 16:13:39.930 Db NayaVedAI[63826:20fb26] [com.apple.network:] sa_dst_compare_rfc6724 Rule 6, prefer d2, d2 precedence 50 > d1 precedence 35
2026-01-28 16:13:39.930 Db NayaVedAI[63826:20fb26] [com.apple.network:] sa_dst_compare_internal <private>@0 < <private>@0
2026-01-28 16:13:39.930 Db NayaVedAI[63826:20fb26] [com.apple.network:connection] nw_endpoint_resolver_update [C64.1 Hostname#b33e072a:8081 in_progress resolver (satisfied (Path is satisfied), interface: en0[802.11], uses wifi, LQM: unknown)] resolver is complete
2026-01-28 16:13:39.930 Df NayaVedAI[63826:20fb26] [com.apple.network:connection] nw_endpoint_resolver_update [C64.1 Hostname#b33e072a:8081 in_progress resolver (satisfied (Path is satisfied), interface: en0[802.11], uses wifi, LQM: unknown)] Adding endpoint handler for IPv6#9530c712.8081
2026-01-28 16:13:39.930 Df NayaVedAI[63826:20fb26] [com.apple.network:connection] nw_endpoint_resolver_update [C64.1 Hostname#b33e072a:8081 in_progress resolver (satisfied (Path is satisfied), interface: en0[802.11], uses wifi, LQM: unknown)] Adding endpoint handler for IPv4#eafe643d:8081
2026-01-28 16:13:39.930 Db NayaVedAI[63826:20fb26] [com.apple.network:connection] nw_endpoint_resolver_update [C64.1 Hostname#b33e072a:8081 in_progress resolver (satisfied (Path is satisfied), interface: en0[802.11], uses wifi, LQM: unknown)] Updated endpoint list is (IPv6#9530c712.8081,IPv4#eafe643d:8081)
2026-01-28 16:13:39.930 Db NayaVedAI[63826:20fb26] [com.apple.network:connection] nw_endpoint_flow_receive_report [C64 Hostname#b33e072a:8081 in_progress parent-flow (satisfied (Path is satisfied), interface: en0[802.11], uses wifi, LQM: unknown)] received child report: [C64.1 Hostname#b33e072a:8081 in_progress resolver (satisfied (Path is satisfied), interface: en0[802.11], uses wifi, LQM: unknown)]
2026-01-28 16:13:39.930 Df NayaVedAI[63826:20fb26] [com.apple.network:connection] [C64.1 Hostname#b33e072a:8081 in_progress resolver (satisfied (Path is satisfied), interface: en0[802.11], uses wifi, LQM: unknown)] event: resolver:receive_dns @0.003s
2026-01-28 16:13:39.930 I  NayaVedAI[63826:20fb26] [com.apple.network:connection] nw_endpoint_resolver_start_next_child [C64.1 Hostname#b33e072a:8081 in_progress resolver (satisfied (Path is satisfied), interface: en0[802.11], uses wifi, LQM: unknown)] starting child endpoint IPv6#9530c712.8081
2026-01-28 16:13:39.931 I  NayaVedAI[63826:20fb26] [com.apple.network:connection] nw_endpoint_handler_start [C64.1.1 IPv6#9530c712.8081 initial path ((null))]
2026-01-28 16:13:39.931 Db NayaVedAI[63826:20fb26] [com.apple.network:connection] nw_endpoint_resolver_receive_report [C64.1 Hostname#b33e072a:8081 in_progress resolver (satisfied (Path is satisfied), interface: en0[802.11], uses wifi, LQM: unknown)] received child report: [C64.1.1 IPv6#9530c712.8081 initial path ((null))]
2026-01-28 16:13:39.931 Db NayaVedAI[63826:20fb26] [com.apple.network:connection] nw_endpoint_flow_receive_report [C64 Hostname#b33e072a:8081 in_progress parent-flow (satisfied (Path is satisfied), interface: en0[802.11], uses wifi, LQM: unknown)] received child report: [C64.1.1 IPv6#9530c712.8081 initial path ((null))]
2026-01-28 16:13:39.931 Df NayaVedAI[63826:20fb26] [com.apple.network:connection] [C64.1.1 IPv6#9530c712.8081 initial path ((null))] event: path:start @0.003s
2026-01-28 16:13:39.931 Db NayaVedAI[63826:20fb26] [com.apple.network:connection] nw_endpoint_handler_path_change [C64.1.1 IPv6#9530c712.8081 waiting path (satisfied (Path is satisfied), interface: lo0)]
2026-01-28 16:13:39.931 Db NayaVedAI[63826:20fb26] [com.apple.network:connection] nw_endpoint_resolver_receive_report [C64.1 Hostname#b33e072a:8081 in_progress resolver (satisfied (Path is satisfied), interface: en0[802.11], uses wifi, LQM: unknown)] received child report: [C64.1.1 IPv6#9530c712.8081 waiting path (satisfied (Path is satisfied), interface: lo0)]
2026-01-28 16:13:39.931 Db NayaVedAI[63826:20fb26] [com.apple.network:connection] nw_endpoint_flow_receive_report [C64 Hostname#b33e072a:8081 in_progress parent-flow (satisfied (Path is satisfied), interface: en0[802.11], uses wifi, LQM: unknown)] received child report: [C64.1.1 IPv6#9530c712.8081 waiting path (satisfied (Path is satisfied), interface: lo0)]
2026-01-28 16:13:39.931 Df NayaVedAI[63826:20fb26] [com.apple.network:connection] [C64.1.1 IPv6#9530c712.8081 waiting path (satisfied (Path is satisfied), interface: lo0)] event: path:satisfied @0.004s, uuid: BF60A492-BF05-4C54-9EF5-F4D080D085A2
2026-01-28 16:13:39.931 Db NayaVedAI[63826:20fb26] [com.apple.network:] nw_endpoint_proxy_handler_should_use_proxy Looking up proxy for hostname: <nil>, ifindex: 0
2026-01-28 16:13:39.931 Db NayaVedAI[63826:20fb26] [com.apple.SystemConfiguration:SCPreferences] create <SCPreferences 0x108b19a00 [0x1e578fa80]> {name = SCDynamicStoreCopyProxiesWithOptions, id = /Library/Managed Preferences/mobile/com.apple.SystemConfiguration.plist, path = /Library/Managed Preferences/mobile/com.apple.SystemConfiguration.plist}
2026-01-28 16:13:39.931 Db NayaVedAI[63826:20fb26] [com.apple.SystemConfiguration:SCPreferences] SCPreferences() access: /Library/Managed Preferences/mobile/com.apple.SystemConfiguration.plist, size=0
2026-01-28 16:13:39.931 Db NayaVedAI[63826:20fb26] [com.apple.SystemConfiguration:SCPreferences] release <SCPreferences 0x108b19a00 [0x1e578fa80]> {name = SCDynamicStoreCopyProxiesWithOptions, id = /Library/Managed Preferences/mobile/com.apple.SystemConfiguration.plist, path = /Library/Managed Preferences/mobile/com.apple.SystemConfiguration.plist, accessed}
2026-01-28 16:13:39.932 I  NayaVedAI[63826:20fb26] [com.apple.network:connection] nw_association_create_flow <nw_association IPv6#9530c712.8081> Added association flow ID D506ACE4-7B23-4C5D-9E5D-3A408E0C2774
2026-01-28 16:13:39.932 I  NayaVedAI[63826:20fb26] [com.apple.network:connection] nw_endpoint_flow_setup_protocols [C64.1.1 IPv6#9530c712.8081 in_progress socket-flow (satisfied (Path is satisfied), interface: lo0)] setup flow id D506ACE4-7B23-4C5D-9E5D-3A408E0C2774
2026-01-28 16:13:39.932 Db NayaVedAI[63826:20fb26] [com.apple.network:connection] nw_endpoint_flow_attach_protocols [C64.1.1 IPv6#9530c712.8081 in_progress socket-flow (satisfied (Path is satisfied), interface: lo0)]
2026-01-28 16:13:39.932 Db NayaVedAI[63826:20fb26] [com.apple.network:connection] nw_endpoint_flow_attach_protocols_block_invoke [C64.1.1 IPv6#9530c712.8081 in_progress socket-flow (satisfied (Path is satisfied), interface: lo0)] Attached application protocol: CFNetworkConnection-1110212295
2026-01-28 16:13:39.932 Db NayaVedAI[63826:20fb26] [com.apple.network:] nw_fd_wrapper_create Created <fd_wrapper 24, guarded: false>
2026-01-28 16:13:39.932 Db NayaVedAI[63826:20fb26] [com.apple.network:connection] nw_endpoint_flow_attach_protocols [C64.1.1 IPv6#9530c712.8081 in_progress socket-flow (satisfied (Path is satisfied), interface: lo0)] Attached socket protocol
2026-01-28 16:13:39.932 Db NayaVedAI[63826:20fb26] [com.apple.network:connection] nw_endpoint_flow_setup_protocols [C64.1.1 IPv6#9530c712.8081 in_progress socket-flow (satisfied (Path is satisfied), interface: lo0)] leaf flow starting
2026-01-28 16:13:39.932 Db NayaVedAI[63826:20fb26] [com.apple.network:connection] nw_endpoint_resolver_receive_report [C64.1 Hostname#b33e072a:8081 in_progress resolver (satisfied (Path is satisfied), interface: en0[802.11], uses wifi, LQM: unknown)] received child report: [C64.1.1 IPv6#9530c712.8081 in_progress socket-flow (satisfied (Path is satisfied), interface: lo0)]
2026-01-28 16:13:39.932 Db NayaVedAI[63826:20fb26] [com.apple.network:connection] nw_endpoint_flow_receive_report [C64 Hostname#b33e072a:8081 in_progress parent-flow (satisfied (Path is satisfied), interface: en0[802.11], uses wifi, LQM: unknown)] received child report: [C64.1.1 IPv6#9530c712.8081 in_progress socket-flow (satisfied (Path is satisfied), interface: lo0)]
2026-01-28 16:13:39.932 Df NayaVedAI[63826:20fb26] [com.apple.network:connection] [C64.1.1 IPv6#9530c712.8081 in_progress socket-flow (satisfied (Path is satisfied), interface: lo0)] event: flow:start_connect @0.004s
2026-01-28 16:13:39.932 I  NayaVedAI[63826:20fb26] [com.apple.network:connection] nw_endpoint_resolver_start_next_child [C64.1 Hostname#b33e072a:8081 in_progress resolver (satisfied (Path is satisfied), interface: en0[802.11], uses wifi, LQM: unknown)] starting next child endpoint in 100ms
2026-01-28 16:13:39.932 Db NayaVedAI[63826:20fb26] [com.apple.network:connection] nw_socket_handle_socket_event [C64.1.1:2] Event mask: 0x800
2026-01-28 16:13:39.932 Df NayaVedAI[63826:20fb26] [com.apple.network:connection] nw_socket_handle_socket_event [C64.1.1:2] Socket received CONNECTED event
2026-01-28 16:13:39.932 Db NayaVedAI[63826:20fb26] [com.apple.network:connection] nw_socket_setup_notsent_lowat [C64.1.1:2] Set TCP_NOTSENT_LOWAT(16384)
2026-01-28 16:13:39.933 Df NayaVedAI[63826:20fb26] [com.apple.network:connection] nw_flow_connected [C64.1.1 IPv6#9530c712.8081 in_progress socket-flow (satisfied (Path is satisfied), interface: lo0)] Transport protocol connected (socket)
2026-01-28 16:13:39.933 Db NayaVedAI[63826:20fb26] [com.apple.network:connection] nw_endpoint_resolver_receive_report [C64.1 Hostname#b33e072a:8081 in_progress resolver (satisfied (Path is satisfied), interface: en0[802.11], uses wifi, LQM: unknown)] received child report: [C64.1.1 IPv6#9530c712.8081 in_progress socket-flow (satisfied (Path is satisfied), interface: lo0)]
2026-01-28 16:13:39.933 Db NayaVedAI[63826:20fb26] [com.apple.network:connection] nw_endpoint_flow_receive_report [C64 Hostname#b33e072a:8081 in_progress parent-flow (satisfied (Path is satisfied), interface: en0[802.11], uses wifi, LQM: unknown)] received child report: [C64.1.1 IPv6#9530c712.8081 in_progress socket-flow (satisfied (Path is satisfied), interface: lo0)]
2026-01-28 16:13:39.933 Df NayaVedAI[63826:20fb26] [com.apple.network:connection] [C64.1.1 IPv6#9530c712.8081 in_progress socket-flow (satisfied (Path is satisfied), interface: lo0)] event: flow:finish_transport @0.005s
2026-01-28 16:13:39.933 I  NayaVedAI[63826:20fb26] [com.apple.network:connection] nw_endpoint_resolver_receive_report [C64.1 Hostname#b33e072a:8081 in_progress resolver (satisfied (Path is satisfied), interface: en0[802.11], uses wifi, LQM: unknown)] pushing out endpoint race by 2000ms
2026-01-28 16:13:39.933 Df NayaVedAI[63826:20fb26] [com.apple.network:connection] nw_flow_connected [C64.1.1 IPv6#9530c712.8081 in_progress socket-flow (satisfied (Path is satisfied), interface: lo0)] Output protocol connected (CFNetworkConnection-1110212295)
2026-01-28 16:13:39.933 Db NayaVedAI[63826:20fb26] [com.apple.network:connection] nw_endpoint_flow_connected_path_change [C64.1.1 IPv6#9530c712.8081 ready socket-flow (satisfied (Path is satisfied), interface: lo0)]
2026-01-28 16:13:39.933 I  NayaVedAI[63826:20fb26] [com.apple.network:connection] nw_endpoint_flow_connected_path_change [C64.1.1 IPv6#9530c712.8081 ready socket-flow (satisfied (Path is satisfied), interface: lo0)] Connected path is satisfied, not viable
2026-01-28 16:13:39.933 Db NayaVedAI[63826:20fb26] [com.apple.network:connection] nw_endpoint_resolver_receive_report [C64.1 Hostname#b33e072a:8081 in_progress resolver (satisfied (Path is satisfied), interface: en0[802.11], uses wifi, LQM: unknown)] received child report: [C64.1.1 IPv6#9530c712.8081 ready socket-flow (satisfied (Path is satisfied), interface: lo0)]
2026-01-28 16:13:39.933 Db NayaVedAI[63826:20fb26] [com.apple.network:connection] nw_endpoint_flow_receive_report [C64 Hostname#b33e072a:8081 in_progress parent-flow (satisfied (Path is satisfied), interface: en0[802.11], uses wifi, LQM: unknown)] received child report: [C64.1.1 IPv6#9530c712.8081 ready socket-flow (satisfied (Path is satisfied), interface: lo0)]
2026-01-28 16:13:39.933 Df NayaVedAI[63826:20fb26] [com.apple.network:connection] [C64.1.1 IPv6#9530c712.8081 ready socket-flow (satisfied (Path is satisfied), interface: lo0)] event: flow:child_finish_connect @0.005s
2026-01-28 16:13:39.933 Db NayaVedAI[63826:20fb26] [com.apple.network:connection] nw_endpoint_flow_receive_report [C64 IPv6#9530c712.8081 in_progress parent-flow (satisfied (Path is satisfied), interface: en0[802.11], uses wifi, LQM: unknown)] connecting endpoint_flow to child's shared protocol
2026-01-28 16:13:39.933 Db NayaVedAI[63826:20fb26] [com.apple.network:connection] nw_endpoint_flow_setup_protocols [C64 IPv6#9530c712.8081 in_progress parent-flow (satisfied (Path is satisfied), interface: en0[802.11], uses wifi, LQM: unknown)] already set up
2026-01-28 16:13:39.933 Db NayaVedAI[63826:20fb26] [com.apple.network:connection] nw_endpoint_flow_setup_protocols [C64 IPv6#9530c712.8081 in_progress parent-flow (satisfied (Path is satisfied), interface: en0[802.11], uses wifi, LQM: unknown)] child flow connected, starting
2026-01-28 16:13:39.933 Db NayaVedAI[63826:20fb26] [com.apple.network:connection] nw_endpoint_flow_setup_protocols [C64 IPv6#9530c712.8081 in_progress parent-flow (satisfied (Path is satisfied), interface: en0[802.11], uses wifi, LQM: unknown)] already started
2026-01-28 16:13:39.933 Db NayaVedAI[63826:20fb26] [com.apple.network:connection] nw_endpoint_flow_receive_report [C64 IPv6#9530c712.8081 in_progress parent-flow (satisfied (Path is satisfied), interface: en0[802.11], uses wifi, LQM: unknown)] received child report: [C64.1 Hostname#b33e072a:8081 ready resolver (satisfied (Path is satisfied), interface: en0[802.11], uses wifi, LQM: unknown)]
2026-01-28 16:13:39.933 Df NayaVedAI[63826:20fb26] [com.apple.network:connection] [C64.1 Hostname#b33e072a:8081 ready resolver (satisfied (Path is satisfied), interface: en0[802.11], uses wifi, LQM: unknown)] event: flow:child_finish_connect @0.005s
2026-01-28 16:13:39.933 I  NayaVedAI[63826:20fb26] [com.apple.network:connection] nw_endpoint_handler_cancel [C64.1.2 IPv4#eafe643d:8081 initial path ((null))]
2026-01-28 16:13:39.933 Df NayaVedAI[63826:20fb26] [com.apple.network:connection] nw_flow_connected [C64 IPv6#9530c712.8081 in_progress parent-flow (satisfied (Path is satisfied), interface: en0[802.11], uses wifi, LQM: unknown)] Output protocol connected (endpoint_flow)
2026-01-28 16:13:39.933 Db NayaVedAI[63826:20fb26] [com.apple.network:connection] nw_endpoint_flow_connected_path_change [C64 IPv6#9530c712.8081 ready parent-flow (satisfied (Path is satisfied), interface: en0[802.11], uses wifi, LQM: unknown)]
2026-01-28 16:13:39.933 I  NayaVedAI[63826:20fb26] [com.apple.network:connection] nw_endpoint_flow_connected_path_change [C64 IPv6#9530c712.8081 ready parent-flow (satisfied (Path is satisfied), interface: en0[802.11], uses wifi, LQM: unknown)] Connected path is satisfied, child is not viable
2026-01-28 16:13:39.933 Df NayaVedAI[63826:20fb26] [com.apple.network:connection] [C64 IPv6#9530c712.8081 ready parent-flow (satisfied (Path is satisfied), interface: en0[802.11], uses wifi, LQM: unknown)] event: flow:finish_connect @0.005s
2026-01-28 16:13:39.933 Db NayaVedAI[63826:20fb26] [com.apple.network:connection] nw_connection_run_pqtls_probe_locked_on_nw_queue [C64] No TLS metadata; not running PQ-TLS probe
2026-01-28 16:13:39.933 Db NayaVedAI[63826:20fb26] [com.apple.network:connection] nw_connection_run_ech_probe_locked_on_nw_queue [C64] stack doesn't include TLS; not running ECH probe
2026-01-28 16:13:39.933 Db NayaVedAI[63826:20fb26] [com.apple.network:connection] nw_connection_endpoint_report_on_nw_queue_block_invoke [C64] Connected fallback generation 0
2026-01-28 16:13:39.933 I  NayaVedAI[63826:20fb26] [com.apple.network:connection] nw_connection_start_candidate_manager_if_needed_locked [C64] Checking whether to start candidate manager
2026-01-28 16:13:39.933 Db NayaVedAI[63826:20fb26] [com.apple.network:connection] nw_connection_start_candidate_manager_if_needed_locked [C64] Connection does not support multipath, not starting candidate manager
2026-01-28 16:13:39.933 Df NayaVedAI[63826:20fb26] [com.apple.network:connection] nw_connection_report_state_with_handler_on_nw_queue [C64] reporting state ready
2026-01-28 16:13:39.933 Df NayaVedAI[63826:20fb26] [com.apple.CFNetwork:Default] Connection 64: connected successfully
2026-01-28 16:13:39.933 Df NayaVedAI[63826:20fb26] [com.apple.CFNetwork:Default] Connection 64: ready C(N) E(N)
2026-01-28 16:13:39.933 Db NayaVedAI[63826:20fb26] [com.apple.CFNetwork:Default] Task <48A9F942-4FD9-4F7C-9C65-338085245C54>.<1> done setting up Connection 64
2026-01-28 16:13:39.933 Db NayaVedAI[63826:20fb26] [com.apple.network:activity] Returning should log: 0 for activity cfnetwork:foreground_task
2026-01-28 16:13:39.933 Df NayaVedAI[63826:20fb26] [com.apple.CFNetwork:Default] Task <48A9F942-4FD9-4F7C-9C65-338085245C54>.<1> now using Connection 64
2026-01-28 16:13:39.933 Db NayaVedAI[63826:20fb26] [com.apple.network:activity] Returning should log: 0 for activity cfnetwork:foreground_task
2026-01-28 16:13:39.933 Df NayaVedAI[63826:20fb26] [com.apple.CFNetwork:Default] Task <48A9F942-4FD9-4F7C-9C65-338085245C54>.<1> sent request, body N 0
2026-01-28 16:13:39.934 Df NayaVedAI[63826:20fef9] [com.apple.CFNetwork:Default] Task <EA8656D3-A579-4FB3-9F9E-4F8AECEE1664>.<2> resuming, timeouts(0.0, 604800.0) qos(0x19) voucher((null)) activity(00000000-0000-0000-0000-000000000000)
2026-01-28 16:13:39.934 Db NayaVedAI[63826:20fef9] [com.apple.network:activity] Returning should log: 0 for activity cfnetwork:foreground_task
2026-01-28 16:13:39.934 Db NayaVedAI[63826:20fef9] [com.apple.network:activity] Domain cfnetwork rate configured in registry as 1 / 20000
2026-01-28 16:13:39.934 Db NayaVedAI[63826:20fef9] [com.apple.network:activity] Domain cfnetwork rate configured after remote default override as 1 / 20000
2026-01-28 16:13:39.934 Db NayaVedAI[63826:20fef9] [com.apple.network:activity] After reading settings plist, domain cfnetwork rate configured as 1 / 2000000
2026-01-28 16:13:39.934 Db NayaVedAI[63826:20fef9] [com.apple.network:activity] After settings override, domain cfnetwork rate configured as 1 / 2000000
2026-01-28 16:13:39.934 Db NayaVedAI[63826:20fef9] [com.apple.network:activity] Final domain cfnetwork rate configured as 1 / 2000000
2026-01-28 16:13:39.934 Db NayaVedAI[63826:20fef9] [com.apple.network:activity] <nw_activity 12:2 [No UUID] (reporting strategy default)> sampled at 1 / 2000000
2026-01-28 16:13:39.934 Db NayaVedAI[63826:20fef9] [com.apple.network:activity] Returning should log: 0 for activity cfnetwork:foreground_task
2026-01-28 16:13:39.934 Db NayaVedAI[63826:20fef9] [com.apple.network:activity] Returning should log: 0 for activity cfnetwork:foreground_task
2026-01-28 16:13:39.934 Db NayaVedAI[63826:20fef9] [com.apple.CFNetwork:Default] [Telemetry]: Activity <nw_activity 12:2 [738326B0-019E-42AA-B7F4-C1EEBA8A3E8D] (reporting strategy default)> on Task <EA8656D3-A579-4FB3-9F9E-4F8AECEE1664>.<2> was not selected for reporting
2026-01-28 16:13:39.934 Db NayaVedAI[63826:20fb26] [com.apple.CFNetwork:ATS] Uploading ATS exception ATSAllowsLocalNetworking
2026-01-28 16:13:39.934 A  NayaVedAI[63826:20fef9] (Security) SecTrustReportNetworkingAnalytics
2026-01-28 16:13:39.934 I  NayaVedAI[63826:20fb26] [com.apple.network:connection] nw_connection_create_with_id [C65] create connection to Hostname#b33e072a:8081
2026-01-28 16:13:39.935 Df NayaVedAI[63826:20fb26] [com.apple.CFNetwork:Default] Connection 65: starting, TC(0x0)
2026-01-28 16:13:39.935 Df NayaVedAI[63826:20fb26] [com.apple.network:connection] [C65 A4252329-0038-43AD-98CA-48B64A78FEA2 Hostname#b33e072a:8081 tcp, url: http://localhost:8081/symbolicate, definite, attribution: developer, context: com.apple.CFNetwork.NSURLSession.{A7CFF3C8-30FB-435B-8279-231E4200069D}{(null)}{Y}{2}{0x0} (private), proc: 63B02D91-D502-3FF5-9842-92830ECC12FF, delegated upid: 0] start
2026-01-28 16:13:39.935 I  NayaVedAI[63826:20fb26] [com.apple.network:connection] nw_endpoint_handler_start [C65 Hostname#b33e072a:8081 initial parent-flow ((null))]
2026-01-28 16:13:39.935 Df NayaVedAI[63826:20fb26] [com.apple.network:connection] [C65 Hostname#b33e072a:8081 initial parent-flow ((null))] event: path:start @0.000s
2026-01-28 16:13:39.935 Db NayaVedAI[63826:20fb26] [com.apple.network:connection] nw_endpoint_handler_path_change [C65 Hostname#b33e072a:8081 waiting parent-flow (satisfied (Path is satisfied), interface: en0[802.11], uses wifi, LQM: unknown)]
2026-01-28 16:13:39.935 Db NayaVedAI[63826:20fb26] [com.apple.networkextension:] ne_tracker_check_is_hostname_blocked() proceeding with the in_the_app check for hostname: localhost
2026-01-28 16:13:39.935 Db NayaVedAI[63826:20fb26] [com.apple.CFBundle:resources] Resource lookup at CFBundle 0x600003b10000 </Users/shivi.agarwal/Library/Developer/CoreSimulator/Devices/AC7E343F-585F-430E-B17D-BDD649803605/data/Containers/Bundle/Application/526E8406-59B6-4C05-9D18-38A7EF2F46C7/NayaVedAI.app> (executable, loaded)
	Request       : InfoPlist type: strings
	Result        : None
2026-01-28 16:13:39.935 Db NayaVedAI[63826:20fb26] [com.apple.CFBundle:resources] Resource lookup at CFBundle 0x600003b10000 </Users/shivi.agarwal/Library/Developer/CoreSimulator/Devices/AC7E343F-585F-430E-B17D-BDD649803605/data/Containers/Bundle/Application/526E8406-59B6-4C05-9D18-38A7EF2F46C7/NayaVedAI.app> (executable, loaded)
	Request       : InfoPlist type: stringsdict
	Result        : None
2026-01-28 16:13:39.935 Db NayaVedAI[63826:20fb26] [com.apple.networkextension:] ne_tracker_check_is_hostname_blocked(): hostname localhost is not a tracker. Returning: ne_tracker_status_none
2026-01-28 16:13:39.935 Df NayaVedAI[63826:20fef9] [com.apple.securityd:SecError] SecTrustReportNetworkingAnalytics failed with error: -4
2026-01-28 16:13:39.935 Df NayaVedAI[63826:20fb26] [com.apple.network:connection] [C65 Hostname#b33e072a:8081 waiting parent-flow (satisfied (Path is satisfied), interface: en0[802.11], uses wifi, LQM: unknown)] event: path:satisfied @0.000s, uuid: 598C78FF-0487-4269-9876-D3D8AEE614D0
2026-01-28 16:13:39.935 I  NayaVedAI[63826:20fb26] [com.apple.network:connection] nw_connection_endpoint_report_on_nw_queue_block_invoke [C65 Hostname#b33e072a:8081 waiting parent-flow (satisfied (Path is satisfied), interface: en0[802.11], uses wifi, LQM: unknown)] skipping state update
2026-01-28 16:13:39.935 Db NayaVedAI[63826:20fb26] [com.apple.network:] nw_endpoint_proxy_handler_should_use_proxy Looking up proxy for hostname: localhost, ifindex: 0
2026-01-28 16:13:39.935 Db NayaVedAI[63826:20fb26] [com.apple.SystemConfiguration:SCPreferences] create <SCPreferences 0x108a1e930 [0x1e578fa80]> {name = SCDynamicStoreCopyProxiesWithOptions, id = /Library/Managed Preferences/mobile/com.apple.SystemConfiguration.plist, path = /Library/Managed Preferences/mobile/com.apple.SystemConfiguration.plist}
2026-01-28 16:13:39.935 Db NayaVedAI[63826:20fb26] [com.apple.SystemConfiguration:SCPreferences] SCPreferences() access: /Library/Managed Preferences/mobile/com.apple.SystemConfiguration.plist, size=0
2026-01-28 16:13:39.935 Db NayaVedAI[63826:20fb26] [com.apple.SystemConfiguration:SCPreferences] release <SCPreferences 0x108a1e930 [0x1e578fa80]> {name = SCDynamicStoreCopyProxiesWithOptions, id = /Library/Managed Preferences/mobile/com.apple.SystemConfiguration.plist, path = /Library/Managed Preferences/mobile/com.apple.SystemConfiguration.plist, accessed}
2026-01-28 16:13:39.935 Db NayaVedAI[63826:20fb26] [com.apple.network:connection] nw_endpoint_flow_attach_protocols [C65 Hostname#b33e072a:8081 in_progress parent-flow (satisfied (Path is satisfied), interface: en0[802.11], uses wifi, LQM: unknown)]
2026-01-28 16:13:39.935 Db NayaVedAI[63826:20fb26] [com.apple.network:connection] nw_endpoint_flow_attach_protocols [C65 Hostname#b33e072a:8081 in_progress parent-flow (satisfied (Path is satisfied), interface: en0[802.11], uses wifi, LQM: unknown)] stopping after adding persistent application protocols
2026-01-28 16:13:39.935 Db NayaVedAI[63826:20fb26] [com.apple.network:connection] nw_endpoint_flow_setup_protocols [C65 Hostname#b33e072a:8081 in_progress parent-flow (satisfied (Path is satisfied), interface: en0[802.11], uses wifi, LQM: unknown)] persistent protocol stack, starting
2026-01-28 16:13:39.935 Df NayaVedAI[63826:20fb26] [com.apple.network:connection] [C65 Hostname#b33e072a:8081 in_progress parent-flow (satisfied (Path is satisfied), interface: en0[802.11], uses wifi, LQM: unknown)] event: flow:start_connect @0.000s
2026-01-28 16:13:39.935 Df NayaVedAI[63826:20fb26] [com.apple.network:connection] nw_connection_report_state_with_handler_on_nw_queue [C65] reporting state preparing
2026-01-28 16:13:39.935 I  NayaVedAI[63826:20fb26] [com.apple.network:connection] nw_endpoint_flow_connect [C65 Hostname#b33e072a:8081 in_progress parent-flow (satisfied (Path is satisfied), interface: en0[802.11], uses wifi, LQM: unknown)] connect bottom protocol
2026-01-28 16:13:39.935 Db NayaVedAI[63826:20fb26] [com.apple.network:connection] nw_endpoint_flow_start_child [C65 Hostname#b33e072a:8081 in_progress parent-flow (satisfied (Path is satisfied), interface: en0[802.11], uses wifi, LQM: unknown)] creating and starting child handler
2026-01-28 16:13:39.936 Db NayaVedAI[63826:20fb26] [com.apple.network:] nw_endpoint_proxy_handler_should_use_proxy Looking up proxy for hostname: localhost, ifindex: 0
2026-01-28 16:13:39.936 Db NayaVedAI[63826:20fb26] [com.apple.SystemConfiguration:SCPreferences] create <SCPreferences 0x108844d40 [0x1e578fa80]> {name = SCDynamicStoreCopyProxiesWithOptions, id = /Library/Managed Preferences/mobile/com.apple.SystemConfiguration.plist, path = /Library/Managed Preferences/mobile/com.apple.SystemConfiguration.plist}
2026-01-28 16:13:39.936 Db NayaVedAI[63826:20fb26] [com.apple.SystemConfiguration:SCPreferences] SCPreferences() access: /Library/Managed Preferences/mobile/com.apple.SystemConfiguration.plist, size=0
2026-01-28 16:13:39.936 Db NayaVedAI[63826:20fb26] [com.apple.SystemConfiguration:SCPreferences] release <SCPreferences 0x108844d40 [0x1e578fa80]> {name = SCDynamicStoreCopyProxiesWithOptions, id = /Library/Managed Preferences/mobile/com.apple.SystemConfiguration.plist, path = /Library/Managed Preferences/mobile/com.apple.SystemConfiguration.plist, accessed}
2026-01-28 16:13:39.936 Df NayaVedAI[63826:20fb26] [com.apple.network:connection] [C65 Hostname#b33e072a:8081 in_progress parent-flow (satisfied (Path is satisfied), interface: en0[802.11], uses wifi, LQM: unknown)] event: flow:start_child @0.001s
2026-01-28 16:13:39.936 I  NayaVedAI[63826:20fb26] [com.apple.network:connection] nw_endpoint_handler_start [C65.1 Hostname#b33e072a:8081 initial path ((null))]
2026-01-28 16:13:39.936 Db NayaVedAI[63826:20fb26] [com.apple.network:connection] nw_endpoint_flow_receive_report [C65 Hostname#b33e072a:8081 in_progress parent-flow (satisfied (Path is satisfied), interface: en0[802.11], uses wifi, LQM: unknown)] received child report: [C65.1 Hostname#b33e072a:8081 initial path ((null))]
2026-01-28 16:13:39.936 Df NayaVedAI[63826:20fb26] [com.apple.network:connection] [C65.1 Hostname#b33e072a:8081 initial path ((null))] event: path:start @0.001s
2026-01-28 16:13:39.936 Db NayaVedAI[63826:20fb26] [com.apple.network:connection] nw_endpoint_handler_path_change [C65.1 Hostname#b33e072a:8081 waiting path (satisfied (Path is satisfied), interface: en0[802.11], uses wifi, LQM: unknown)]
2026-01-28 16:13:39.936 Db NayaVedAI[63826:20fb26] [com.apple.networkextension:] ne_tracker_check_is_hostname_blocked() proceeding with the in_the_app check for hostname: localhost
2026-01-28 16:13:39.936 Db NayaVedAI[63826:20fb26] [com.apple.CFBundle:resources] Resource lookup at CFBundle 0x600003b10000 </Users/shivi.agarwal/Library/Developer/CoreSimulator/Devices/AC7E343F-585F-430E-B17D-BDD649803605/data/Containers/Bundle/Application/526E8406-59B6-4C05-9D18-38A7EF2F46C7/NayaVedAI.app> (executable, loaded)
	Request       : InfoPlist type: strings
	Result        : None
2026-01-28 16:13:39.936 Db NayaVedAI[63826:20fb26] [com.apple.CFBundle:resources] Resource lookup at CFBundle 0x600003b10000 </Users/shivi.agarwal/Library/Developer/CoreSimulator/Devices/AC7E343F-585F-430E-B17D-BDD649803605/data/Containers/Bundle/Application/526E8406-59B6-4C05-9D18-38A7EF2F46C7/NayaVedAI.app> (executable, loaded)
	Request       : InfoPlist type: stringsdict
	Result        : None
2026-01-28 16:13:39.936 Db NayaVedAI[63826:20fb26] [com.apple.networkextension:] ne_tracker_check_is_hostname_blocked(): hostname localhost is not a tracker. Returning: ne_tracker_status_none
2026-01-28 16:13:39.936 Db NayaVedAI[63826:20fb26] [com.apple.network:connection] nw_endpoint_flow_receive_report [C65 Hostname#b33e072a:8081 in_progress parent-flow (satisfied (Path is satisfied), interface: en0[802.11], uses wifi, LQM: unknown)] received child report: [C65.1 Hostname#b33e072a:8081 waiting path (satisfied (Path is satisfied), interface: en0[802.11], uses wifi, LQM: unknown)]
2026-01-28 16:13:39.936 Df NayaVedAI[63826:20fb26] [com.apple.network:connection] [C65.1 Hostname#b33e072a:8081 waiting path (satisfied (Path is satisfied), interface: en0[802.11], uses wifi, LQM: unknown)] event: path:satisfied @0.001s, uuid: 598C78FF-0487-4269-9876-D3D8AEE614D0
2026-01-28 16:13:39.936 Db NayaVedAI[63826:20fb26] [com.apple.network:] nw_endpoint_proxy_handler_should_use_proxy Looking up proxy for hostname: localhost, ifindex: 0
2026-01-28 16:13:39.936 Db NayaVedAI[63826:20fb26] [com.apple.SystemConfiguration:SCPreferences] create <SCPreferences 0x108844d40 [0x1e578fa80]> {name = SCDynamicStoreCopyProxiesWithOptions, id = /Library/Managed Preferences/mobile/com.apple.SystemConfiguration.plist, path = /Library/Managed Preferences/mobile/com.apple.SystemConfiguration.plist}
2026-01-28 16:13:39.936 Db NayaVedAI[63826:20fb26] [com.apple.SystemConfiguration:SCPreferences] SCPreferences() access: /Library/Managed Preferences/mobile/com.apple.SystemConfiguration.plist, size=0
2026-01-28 16:13:39.936 Db NayaVedAI[63826:20fb26] [com.apple.SystemConfiguration:SCPreferences] release <SCPreferences 0x108844d40 [0x1e578fa80]> {name = SCDynamicStoreCopyProxiesWithOptions, id = /Library/Managed Preferences/mobile/com.apple.SystemConfiguration.plist, path = /Library/Managed Preferences/mobile/com.apple.SystemConfiguration.plist, accessed}
2026-01-28 16:13:39.937 Db NayaVedAI[63826:20fabf] [com.apple.defaults:User Defaults] looked up value 1 for key RCTI18nUtil_makeRTLFlipLeftAndRightStyles in CFPrefsPlistSource<0x600002c00600> (Domain: com.nayaved.app, User: kCFPreferencesCurrentUser, ByHost: No, Container: (null), Contents Need Refresh: No) via CFPrefsSearchListSource<0x600002c00200> (Domain: com.nayaved.app, Container: (null) Non-launch persona: 0)
2026-01-28 16:13:39.937 Db NayaVedAI[63826:20fb26] [com.apple.network:connection] -[NWConcrete_nw_endpoint_resolver startWithHandler:] [C65.1 Hostname#b33e072a:8081 waiting resolver (satisfied (Path is satisfied), interface: en0[802.11], uses wifi, LQM: unknown)]
2026-01-28 16:13:39.937 Db NayaVedAI[63826:20fabf] [com.apple.defaults:User Defaults] looked up value 1 for key RCTI18nUtil_makeRTLFlipLeftAndRightStyles in CFPrefsPlistSource<0x600002c00600> (Domain: com.nayaved.app, User: kCFPreferencesCurrentUser, ByHost: No, Container: (null), Contents Need Refresh: No) via CFPrefsSearchListSource<0x600002c00200> (Domain: com.nayaved.app, Container: (null) Non-launch persona: 0)
2026-01-28 16:13:39.937 Db NayaVedAI[63826:20fabf] [com.apple.defaults:User Defaults] looked up value 1 for key RCTI18nUtil_makeRTLFlipLeftAndRightStyles in CFPrefsPlistSource<0x600002c00600> (Domain: com.nayaved.app, User: kCFPreferencesCurrentUser, ByHost: No, Container: (null), Contents Need Refresh: No) via CFPrefsSearchListSource<0x600002c00200> (Domain: com.nayaved.app, Container: (null) Non-launch persona: 0)
2026-01-28 16:13:39.937 Db NayaVedAI[63826:20fb26] [com.apple.network:connection] nw_endpoint_flow_receive_report [C65 Hostname#b33e072a:8081 in_progress parent-flow (satisfied (Path is satisfied), interface: en0[802.11], uses wifi, LQM: unknown)] received child report: [C65.1 Hostname#b33e072a:8081 in_progress resolver (satisfied (Path is satisfied), interface: en0[802.11], uses wifi, LQM: unknown)]
2026-01-28 16:13:39.937 Df NayaVedAI[63826:20fb26] [com.apple.network:connection] [C65.1 Hostname#b33e072a:8081 in_progress resolver (satisfied (Path is satisfied), interface: en0[802.11], uses wifi, LQM: unknown)] event: resolver:start_dns @0.002s
2026-01-28 16:13:39.937 Db NayaVedAI[63826:20fb26] [com.apple.networkextension:] ne_tracker_check_is_hostname_blocked() proceeding with the in_the_app check for hostname: localhost
2026-01-28 16:13:39.937 Db NayaVedAI[63826:20fb26] [com.apple.CFBundle:resources] Resource lookup at CFBundle 0x600003b10000 </Users/shivi.agarwal/Library/Developer/CoreSimulator/Devices/AC7E343F-585F-430E-B17D-BDD649803605/data/Containers/Bundle/Application/526E8406-59B6-4C05-9D18-38A7EF2F46C7/NayaVedAI.app> (executable, loaded)
	Request       : InfoPlist type: strings
	Result        : None
2026-01-28 16:13:39.937 Db NayaVedAI[63826:20fb26] [com.apple.CFBundle:resources] Resource lookup at CFBundle 0x600003b10000 </Users/shivi.agarwal/Library/Developer/CoreSimulator/Devices/AC7E343F-585F-430E-B17D-BDD649803605/data/Containers/Bundle/Application/526E8406-59B6-4C05-9D18-38A7EF2F46C7/NayaVedAI.app> (executable, loaded)
	Request       : InfoPlist type: stringsdict
	Result        : None
2026-01-28 16:13:39.937 Db NayaVedAI[63826:20fb26] [com.apple.networkextension:] ne_tracker_check_is_hostname_blocked(): hostname localhost is not a tracker. Returning: ne_tracker_status_none
2026-01-28 16:13:39.937 I  NayaVedAI[63826:20fb26] [com.apple.network:connection] nw_resolver_create_dns_service_locked [C65.1] Starting host resolution Hostname#b33e072a:8081, flags 0xc000d000 proto 0
2026-01-28 16:13:39.937 Df NayaVedAI[63826:20fb26] [com.apple.CFNetwork:Default] Task <EA8656D3-A579-4FB3-9F9E-4F8AECEE1664>.<2> setting up Connection 65
2026-01-28 16:13:39.937 Db NayaVedAI[63826:20fb26] [com.apple.network:activity] Returning should log: 0 for activity cfnetwork:foreground_task
2026-01-28 16:13:39.937 I  NayaVedAI[63826:20fb26] [com.apple.network:connection] nw_resolver_host_resolve_callback [C65.1] flags=0x40000003 ifindex=4294967295 error=NoError(0) hostname=localhost. addr=IPv6#42e9e5e9 ttl=1
2026-01-28 16:13:39.937 I  NayaVedAI[63826:20fb26] [com.apple.network:connection] nw_resolver_host_resolve_callback [C65.1] flags=0x40000002 ifindex=4294967295 error=NoError(0) hostname=localhost. addr=IPv4#075c8fe9 ttl=1
2026-01-28 16:13:39.937 Db NayaVedAI[63826:20fb26] [com.apple.network:] sa_dst_compare_rfc6724 Rule 6, prefer d2, d2 precedence 50 > d1 precedence 35
2026-01-28 16:13:39.937 Db NayaVedAI[63826:20fb26] [com.apple.network:] sa_dst_compare_internal <private>@0 < <private>@0
2026-01-28 16:13:39.938 I  NayaVedAI[63826:20fb26] [com.apple.network:connection] nw_resolver_create_prefer_connected_variant [C65.1] Prefer Connected: IPv6#9530c712.8081 is already the first endpoint
2026-01-28 16:13:39.938 Df NayaVedAI[63826:20fb26] [com.apple.CFNetwork:Default] Task <48A9F942-4FD9-4F7C-9C65-338085245C54>.<1> received response, status 200 content K
2026-01-28 16:13:39.938 Db NayaVedAI[63826:20fb26] [com.apple.network:connection] nw_connection_modify_estimated_bytes_block_invoke [C64] Incremented estimated bytes to receive by 187, total now 187
2026-01-28 16:13:39.938 Db NayaVedAI[63826:20fb26] [com.apple.network:connection] nw_connection_modify_estimated_bytes_block_invoke [C64] Using lower threshold 12582912, upper threshold 31457280
2026-01-28 16:13:39.938 Df NayaVedAI[63826:20fb26] [com.apple.CFNetwork:Default] Task <48A9F942-4FD9-4F7C-9C65-338085245C54>.<1> response ended
2026-01-28 16:13:39.938 Df NayaVedAI[63826:20fb26] [com.apple.CFNetwork:Default] Task <48A9F942-4FD9-4F7C-9C65-338085245C54>.<1> done using Connection 64
2026-01-28 16:13:39.938 Db NayaVedAI[63826:20fb26] [com.apple.network:activity] Returning should log: 0 for activity cfnetwork:foreground_task
2026-01-28 16:13:39.938 Db NayaVedAI[63826:20fb26] [com.apple.CFNetwork:Default] Connection 64: set is idle true
2026-01-28 16:13:39.938 Df NayaVedAI[63826:2101d5] [com.apple.CFNetwork:Summary] Task <48A9F942-4FD9-4F7C-9C65-338085245C54>.<1> summary for task success {transaction_duration_ms=11, response_status=200, connection=64, protocol="http/1.1", domain_lookup_duration_ms=2, connect_duration_ms=1, secure_connection_duration_ms=0, private_relay=false, request_start_ms=6, request_duration_ms=0, response_start_ms=11, response_duration_ms=0, request_bytes=370, request_throughput_kbps=55798, response_bytes=498, response_throughput_kbps=15749, cache_hit=false}
2026-01-28 16:13:39.938 Df NayaVedAI[63826:20fb26] [com.apple.network:connection] [C64] event: client:connection_idle @0.010s
2026-01-28 16:13:39.938 Df NayaVedAI[63826:2101d5] [com.apple.CFNetwork:Default] Task <48A9F942-4FD9-4F7C-9C65-338085245C54>.<1> finished successfully
2026-01-28 16:13:39.938 I  NayaVedAI[63826:20fb26] [com.apple.network:connection] nw_endpoint_handler_report_connection_idle [C64 IPv6#9530c712.8081 ready parent-flow (satisfied (Path is satisfied), interface: en0[802.11], uses wifi, LQM: unknown)] Reporting connection idle to protocols
2026-01-28 16:13:39.938 Db NayaVedAI[63826:2101d5] [com.apple.network:activity] Returning should log: 0 for activity cfnetwork:foreground_task
2026-01-28 16:13:39.938 I  NayaVedAI[63826:20fb26] [com.apple.network:connection] nw_flow_passthrough_notify [C64.1.1 IPv6#9530c712.8081 ready socket-flow (satisfied (Path is satisfied), interface: lo0)] received notification connection_idle
2026-01-28 16:13:39.938 Db NayaVedAI[63826:2101d5] [com.apple.network:activity] Returning should log: 0 for activity cfnetwork:foreground_task
2026-01-28 16:13:39.938 Df NayaVedAI[63826:20fb26] [com.apple.network:connection] nw_protocol_socket_notify [C64.1.1:2] nw_protocol_notification_type_connection_idle is true
2026-01-28 16:13:39.938 Db NayaVedAI[63826:2101d5] [com.apple.network:activity] No threshold for cfnetwork:foreground_task, returning NW_ACTIVITY_DURATION_INVALID
2026-01-28 16:13:39.938 Db NayaVedAI[63826:20fb26] [com.apple.CFNetwork:Default] Connection 64: set is idle true
2026-01-28 16:13:39.938 Db NayaVedAI[63826:2101d5] [com.apple.network:activity] No threshold for activity <nw_activity 12:2 [7464FF70-E394-405F-8410-A7737B99E338] (reporting strategy default) complete (reason success)>
2026-01-28 16:13:39.938 Df NayaVedAI[63826:20fb26] [com.apple.network:connection] [C64] event: client:connection_idle @0.011s
2026-01-28 16:13:39.940 I  NayaVedAI[63826:20fb26] [com.apple.network:connection] nw_endpoint_handler_report_connection_idle [C64 IPv6#9530c712.8081 ready parent-flow (satisfied (Path is satisfied), interface: en0[802.11], uses wifi, LQM: unknown)] Reporting connection idle to protocols
2026-01-28 16:13:39.940 I  NayaVedAI[63826:20fb26] [com.apple.network:connection] nw_flow_passthrough_notify [C64.1.1 IPv6#9530c712.8081 ready socket-flow (satisfied (Path is satisfied), interface: lo0)] received notification connection_idle
2026-01-28 16:13:39.940 Df NayaVedAI[63826:20fb26] [com.apple.network:connection] nw_protocol_socket_notify [C64.1.1:2] nw_protocol_notification_type_connection_idle is true
2026-01-28 16:13:39.940 Db NayaVedAI[63826:20fb26] [com.apple.network:connection] nw_endpoint_resolver_update [C65.1 Hostname#b33e072a:8081 in_progress resolver (satisfied (Path is satisfied), interface: en0[802.11], uses wifi, LQM: unknown)] resolver is complete
2026-01-28 16:13:39.940 Df NayaVedAI[63826:20fb26] [com.apple.network:connection] nw_endpoint_resolver_update [C65.1 Hostname#b33e072a:8081 in_progress resolver (satisfied (Path is satisfied), interface: en0[802.11], uses wifi, LQM: unknown)] Adding endpoint handler for IPv6#9530c712.8081
2026-01-28 16:13:39.940 Df NayaVedAI[63826:20fb26] [com.apple.network:connection] nw_endpoint_resolver_update [C65.1 Hostname#b33e072a:8081 in_progress resolver (satisfied (Path is satisfied), interface: en0[802.11], uses wifi, LQM: unknown)] Adding endpoint handler for IPv4#eafe643d:8081
2026-01-28 16:13:39.940 Db NayaVedAI[63826:20fb26] [com.apple.network:connection] nw_endpoint_resolver_update [C65.1 Hostname#b33e072a:8081 in_progress resolver (satisfied (Path is satisfied), interface: en0[802.11], uses wifi, LQM: unknown)] Updated endpoint list is (IPv6#9530c712.8081,IPv4#eafe643d:8081)
2026-01-28 16:13:39.940 Db NayaVedAI[63826:20fb26] [com.apple.network:connection] nw_endpoint_flow_receive_report [C65 Hostname#b33e072a:8081 in_progress parent-flow (satisfied (Path is satisfied), interface: en0[802.11], uses wifi, LQM: unknown)] received child report: [C65.1 Hostname#b33e072a:8081 in_progress resolver (satisfied (Path is satisfied), interface: en0[802.11], uses wifi, LQM: unknown)]
2026-01-28 16:13:39.940 Df NayaVedAI[63826:20fb26] [com.apple.network:connection] [C65.1 Hostname#b33e072a:8081 in_progress resolver (satisfied (Path is satisfied), interface: en0[802.11], uses wifi, LQM: unknown)] event: resolver:receive_dns @0.005s
2026-01-28 16:13:39.940 I  NayaVedAI[63826:20fb26] [com.apple.network:connection] nw_endpoint_resolver_start_next_child [C65.1 Hostname#b33e072a:8081 in_progress resolver (satisfied (Path is satisfied), interface: en0[802.11], uses wifi, LQM: unknown)] starting child endpoint IPv6#9530c712.8081
2026-01-28 16:13:39.940 I  NayaVedAI[63826:20fb26] [com.apple.network:connection] nw_endpoint_handler_start [C65.1.1 IPv6#9530c712.8081 initial path ((null))]
2026-01-28 16:13:39.940 Db NayaVedAI[63826:20fb26] [com.apple.network:connection] nw_endpoint_resolver_receive_report [C65.1 Hostname#b33e072a:8081 in_progress resolver (satisfied (Path is satisfied), interface: en0[802.11], uses wifi, LQM: unknown)] received child report: [C65.1.1 IPv6#9530c712.8081 initial path ((null))]
2026-01-28 16:13:39.940 Db NayaVedAI[63826:20fb26] [com.apple.network:connection] nw_endpoint_flow_receive_report [C65 Hostname#b33e072a:8081 in_progress parent-flow (satisfied (Path is satisfied), interface: en0[802.11], uses wifi, LQM: unknown)] received child report: [C65.1.1 IPv6#9530c712.8081 initial path ((null))]
2026-01-28 16:13:39.940 Df NayaVedAI[63826:20fb26] [com.apple.network:connection] [C65.1.1 IPv6#9530c712.8081 initial path ((null))] event: path:start @0.005s
2026-01-28 16:13:39.940 Db NayaVedAI[63826:20fb26] [com.apple.network:connection] nw_endpoint_handler_path_change [C65.1.1 IPv6#9530c712.8081 waiting path (satisfied (Path is satisfied), interface: lo0)]
2026-01-28 16:13:39.940 Db NayaVedAI[63826:20fb26] [com.apple.network:connection] nw_endpoint_resolver_receive_report [C65.1 Hostname#b33e072a:8081 in_progress resolver (satisfied (Path is satisfied), interface: en0[802.11], uses wifi, LQM: unknown)] received child report: [C65.1.1 IPv6#9530c712.8081 waiting path (satisfied (Path is satisfied), interface: lo0)]
2026-01-28 16:13:39.940 Db NayaVedAI[63826:20fb26] [com.apple.network:connection] nw_endpoint_flow_receive_report [C65 Hostname#b33e072a:8081 in_progress parent-flow (satisfied (Path is satisfied), interface: en0[802.11], uses wifi, LQM: unknown)] received child report: [C65.1.1 IPv6#9530c712.8081 waiting path (satisfied (Path is satisfied), interface: lo0)]
2026-01-28 16:13:39.940 Df NayaVedAI[63826:20fb26] [com.apple.network:connection] [C65.1.1 IPv6#9530c712.8081 waiting path (satisfied (Path is satisfied), interface: lo0)] event: path:satisfied @0.005s, uuid: BF60A492-BF05-4C54-9EF5-F4D080D085A2
2026-01-28 16:13:39.940 Db NayaVedAI[63826:20fb26] [com.apple.network:] nw_endpoint_proxy_handler_should_use_proxy Looking up proxy for hostname: <nil>, ifindex: 0
2026-01-28 16:13:39.940 Db NayaVedAI[63826:20fb26] [com.apple.SystemConfiguration:SCPreferences] create <SCPreferences 0x12d909db0 [0x1e578fa80]> {name = SCDynamicStoreCopyProxiesWithOptions, id = /Library/Managed Preferences/mobile/com.apple.SystemConfiguration.plist, path = /Library/Managed Preferences/mobile/com.apple.SystemConfiguration.plist}
2026-01-28 16:13:39.940 Db NayaVedAI[63826:20fb26] [com.apple.SystemConfiguration:SCPreferences] SCPreferences() access: /Library/Managed Preferences/mobile/com.apple.SystemConfiguration.plist, size=0
2026-01-28 16:13:39.940 Db NayaVedAI[63826:20fb26] [com.apple.SystemConfiguration:SCPreferences] release <SCPreferences 0x12d909db0 [0x1e578fa80]> {name = SCDynamicStoreCopyProxiesWithOptions, id = /Library/Managed Preferences/mobile/com.apple.SystemConfiguration.plist, path = /Library/Managed Preferences/mobile/com.apple.SystemConfiguration.plist, accessed}
2026-01-28 16:13:39.941 I  NayaVedAI[63826:20fb26] [com.apple.network:connection] nw_association_create_flow <nw_association IPv6#9530c712.8081> Added association flow ID 6396765E-FF0C-443B-84D6-091123F7614A
2026-01-28 16:13:39.941 I  NayaVedAI[63826:20fb26] [com.apple.network:connection] nw_endpoint_flow_setup_protocols [C65.1.1 IPv6#9530c712.8081 in_progress socket-flow (satisfied (Path is satisfied), interface: lo0)] setup flow id 6396765E-FF0C-443B-84D6-091123F7614A
2026-01-28 16:13:39.941 Db NayaVedAI[63826:20fb26] [com.apple.network:connection] nw_endpoint_flow_attach_protocols [C65.1.1 IPv6#9530c712.8081 in_progress socket-flow (satisfied (Path is satisfied), interface: lo0)]
2026-01-28 16:13:39.941 Db NayaVedAI[63826:20fb26] [com.apple.network:connection] nw_endpoint_flow_attach_protocols_block_invoke [C65.1.1 IPv6#9530c712.8081 in_progress socket-flow (satisfied (Path is satisfied), interface: lo0)] Attached application protocol: CFNetworkConnection-1110212295
2026-01-28 16:13:39.941 Db NayaVedAI[63826:20fb26] [com.apple.network:] nw_fd_wrapper_create Created <fd_wrapper 25, guarded: false>
2026-01-28 16:13:39.941 Db NayaVedAI[63826:20fb26] [com.apple.network:connection] nw_endpoint_flow_attach_protocols [C65.1.1 IPv6#9530c712.8081 in_progress socket-flow (satisfied (Path is satisfied), interface: lo0)] Attached socket protocol
2026-01-28 16:13:39.941 Db NayaVedAI[63826:20fb26] [com.apple.network:connection] nw_endpoint_flow_setup_protocols [C65.1.1 IPv6#9530c712.8081 in_progress socket-flow (satisfied (Path is satisfied), interface: lo0)] leaf flow starting
2026-01-28 16:13:39.941 Db NayaVedAI[63826:20fb26] [com.apple.network:connection] nw_endpoint_resolver_receive_report [C65.1 Hostname#b33e072a:8081 in_progress resolver (satisfied (Path is satisfied), interface: en0[802.11], uses wifi, LQM: unknown)] received child report: [C65.1.1 IPv6#9530c712.8081 in_progress socket-flow (satisfied (Path is satisfied), interface: lo0)]
2026-01-28 16:13:39.941 Db NayaVedAI[63826:20fb26] [com.apple.network:connection] nw_endpoint_flow_receive_report [C65 Hostname#b33e072a:8081 in_progress parent-flow (satisfied (Path is satisfied), interface: en0[802.11], uses wifi, LQM: unknown)] received child report: [C65.1.1 IPv6#9530c712.8081 in_progress socket-flow (satisfied (Path is satisfied), interface: lo0)]
2026-01-28 16:13:39.941 Df NayaVedAI[63826:20fb26] [com.apple.network:connection] [C65.1.1 IPv6#9530c712.8081 in_progress socket-flow (satisfied (Path is satisfied), interface: lo0)] event: flow:start_connect @0.006s
