2026-01-28 16:30:27.467 Db NayaVedAI[71451:21b24f] [com.apple.network:connection] nw_endpoint_flow_receive_report [C56 Hostname#a19a2c0f:8081 in_progress parent-flow (satisfied (Path is satisfied), interface: en0[802.11], uses wifi, LQM: unknown)] received child report: [C56.1 Hostname#a19a2c0f:8081 in_progress resolver (satisfied (Path is satisfied), interface: en0[802.11], uses wifi, LQM: unknown)]
2026-01-28 16:30:27.467 Df NayaVedAI[71451:21b24f] [com.apple.network:connection] [C56.1 Hostname#a19a2c0f:8081 in_progress resolver (satisfied (Path is satisfied), interface: en0[802.11], uses wifi, LQM: unknown)] event: resolver:start_dns @0.001s
2026-01-28 16:30:27.472 Df NayaVedAI[71451:21ad9c] [com.apple.CFNetwork:Default] Task <AAE124E1-E38D-4A7B-B6C3-AF1097BC625F>.<2> resuming, timeouts(0.0, 604800.0) qos(0x19) voucher((null)) activity(00000000-0000-0000-0000-000000000000)
2026-01-28 16:30:27.472 Db NayaVedAI[71451:21ad9c] [com.apple.network:activity] Returning should log: 0 for activity cfnetwork:foreground_task
2026-01-28 16:30:27.472 Db NayaVedAI[71451:21ad9c] [com.apple.network:activity] Domain cfnetwork rate configured in registry as 1 / 20000
2026-01-28 16:30:27.472 Db NayaVedAI[71451:21ad9c] [com.apple.network:activity] Domain cfnetwork rate configured after remote default override as 1 / 20000
2026-01-28 16:30:27.472 Db NayaVedAI[71451:21ad9c] [com.apple.network:activity] After reading settings plist, domain cfnetwork rate configured as 1 / 2000000
2026-01-28 16:30:27.472 Db NayaVedAI[71451:21ad9c] [com.apple.network:activity] After settings override, domain cfnetwork rate configured as 1 / 2000000
2026-01-28 16:30:27.472 Db NayaVedAI[71451:21ad9c] [com.apple.network:activity] Final domain cfnetwork rate configured as 1 / 2000000
2026-01-28 16:30:27.472 Db NayaVedAI[71451:21ad9c] [com.apple.network:activity] <nw_activity 12:2 [No UUID] (reporting strategy default)> sampled at 1 / 2000000
2026-01-28 16:30:27.472 Db NayaVedAI[71451:21ad9c] [com.apple.network:activity] Returning should log: 0 for activity cfnetwork:foreground_task
2026-01-28 16:30:27.473 Db NayaVedAI[71451:21ad9c] [com.apple.network:activity] Returning should log: 0 for activity cfnetwork:foreground_task
2026-01-28 16:30:27.473 Db NayaVedAI[71451:21ad9c] [com.apple.CFNetwork:Default] [Telemetry]: Activity <nw_activity 12:2 [AAAB9435-2628-4C2A-BB12-9C6674BF1E7C] (reporting strategy default)> on Task <AAE124E1-E38D-4A7B-B6C3-AF1097BC625F>.<2> was not selected for reporting
2026-01-28 16:30:27.473 Db NayaVedAI[71451:21b24f] [com.apple.networkextension:] ne_tracker_check_is_hostname_blocked() proceeding with the in_the_app check for hostname: localhost
2026-01-28 16:30:27.473 Db NayaVedAI[71451:21b24f] [com.apple.CFBundle:resources] Resource lookup at CFBundle 0x600003b04700 </Users/shivi.agarwal/Library/Developer/CoreSimulator/Devices/AC7E343F-585F-430E-B17D-BDD649803605/data/Containers/Bundle/Application/AD33C3F3-69F6-4E76-8701-44660F53F11C/NayaVedAI.app> (executable, loaded)
	Request       : InfoPlist type: strings
	Result        : None
2026-01-28 16:30:27.473 Db NayaVedAI[71451:21b24f] [com.apple.CFBundle:resources] Resource lookup at CFBundle 0x600003b04700 </Users/shivi.agarwal/Library/Developer/CoreSimulator/Devices/AC7E343F-585F-430E-B17D-BDD649803605/data/Containers/Bundle/Application/AD33C3F3-69F6-4E76-8701-44660F53F11C/NayaVedAI.app> (executable, loaded)
	Request       : InfoPlist type: stringsdict
	Result        : None
2026-01-28 16:30:27.473 Db NayaVedAI[71451:21b24f] [com.apple.networkextension:] ne_tracker_check_is_hostname_blocked(): hostname localhost is not a tracker. Returning: ne_tracker_status_none
2026-01-28 16:30:27.473 I  NayaVedAI[71451:21b24f] [com.apple.network:connection] nw_resolver_create_dns_service_locked [C56.1] Starting host resolution Hostname#a19a2c0f:8081, flags 0xc000d000 proto 0
2026-01-28 16:30:27.473 Df NayaVedAI[71451:21b24f] [com.apple.CFNetwork:Default] Task <C626A518-4279-4566-86FD-FB8C7E577360>.<1> setting up Connection 56
2026-01-28 16:30:27.473 Db NayaVedAI[71451:21b24f] [com.apple.network:activity] Returning should log: 0 for activity cfnetwork:foreground_task
2026-01-28 16:30:27.473 Db NayaVedAI[71451:21b24f] [com.apple.CFNetwork:ATS] Uploading ATS exception ATSAllowsLocalNetworking
2026-01-28 16:30:27.473 A  NayaVedAI[71451:21b250] (Security) SecTrustReportNetworkingAnalytics
2026-01-28 16:30:27.474 I  NayaVedAI[71451:21b24f] [com.apple.network:connection] nw_connection_create_with_id [C57] create connection to Hostname#a19a2c0f:8081
2026-01-28 16:30:27.474 Df NayaVedAI[71451:21b24f] [com.apple.CFNetwork:Default] Connection 57: starting, TC(0x0)
2026-01-28 16:30:27.474 Df NayaVedAI[71451:21b24f] [com.apple.network:connection] [C57 C90A7955-70C1-46AE-A619-C239E2C3116C Hostname#a19a2c0f:8081 tcp, url: http://localhost:8081/symbolicate, definite, attribution: developer, context: com.apple.CFNetwork.NSURLSession.{4B98533A-B5D4-4462-940D-94B7B8D4BE0A}{(null)}{Y}{2}{0x0} (private), proc: 63B02D91-D502-3FF5-9842-92830ECC12FF, delegated upid: 0] start
2026-01-28 16:30:27.474 I  NayaVedAI[71451:21b24f] [com.apple.network:connection] nw_endpoint_handler_start [C57 Hostname#a19a2c0f:8081 initial parent-flow ((null))]
2026-01-28 16:30:27.474 Df NayaVedAI[71451:21b24f] [com.apple.network:connection] [C57 Hostname#a19a2c0f:8081 initial parent-flow ((null))] event: path:start @0.000s
2026-01-28 16:30:27.474 Db NayaVedAI[71451:21b24f] [com.apple.network:connection] nw_endpoint_handler_path_change [C57 Hostname#a19a2c0f:8081 waiting parent-flow (satisfied (Path is satisfied), interface: en0[802.11], uses wifi, LQM: unknown)]
2026-01-28 16:30:27.474 Db NayaVedAI[71451:21b24f] [com.apple.networkextension:] ne_tracker_check_is_hostname_blocked() proceeding with the in_the_app check for hostname: localhost
2026-01-28 16:30:27.474 Df NayaVedAI[71451:21b250] [com.apple.securityd:SecError] SecTrustReportNetworkingAnalytics failed with error: -4
2026-01-28 16:30:27.474 Db NayaVedAI[71451:21b24f] [com.apple.CFBundle:resources] Resource lookup at CFBundle 0x600003b04700 </Users/shivi.agarwal/Library/Developer/CoreSimulator/Devices/AC7E343F-585F-430E-B17D-BDD649803605/data/Containers/Bundle/Application/AD33C3F3-69F6-4E76-8701-44660F53F11C/NayaVedAI.app> (executable, loaded)
	Request       : InfoPlist type: strings
	Result        : None
2026-01-28 16:30:27.474 Db NayaVedAI[71451:21b24f] [com.apple.CFBundle:resources] Resource lookup at CFBundle 0x600003b04700 </Users/shivi.agarwal/Library/Developer/CoreSimulator/Devices/AC7E343F-585F-430E-B17D-BDD649803605/data/Containers/Bundle/Application/AD33C3F3-69F6-4E76-8701-44660F53F11C/NayaVedAI.app> (executable, loaded)
	Request       : InfoPlist type: stringsdict
	Result        : None
2026-01-28 16:30:27.474 Db NayaVedAI[71451:21b24f] [com.apple.networkextension:] ne_tracker_check_is_hostname_blocked(): hostname localhost is not a tracker. Returning: ne_tracker_status_none
2026-01-28 16:30:27.474 Df NayaVedAI[71451:21b24f] [com.apple.network:connection] [C57 Hostname#a19a2c0f:8081 waiting parent-flow (satisfied (Path is satisfied), interface: en0[802.11], uses wifi, LQM: unknown)] event: path:satisfied @0.000s, uuid: 9BFC4E46-B1A1-497E-92F9-8929A0C4EC5F
2026-01-28 16:30:27.474 I  NayaVedAI[71451:21b24f] [com.apple.network:connection] nw_connection_endpoint_report_on_nw_queue_block_invoke [C57 Hostname#a19a2c0f:8081 waiting parent-flow (satisfied (Path is satisfied), interface: en0[802.11], uses wifi, LQM: unknown)] skipping state update
2026-01-28 16:30:27.474 Db NayaVedAI[71451:21b24f] [com.apple.network:] nw_endpoint_proxy_handler_should_use_proxy Looking up proxy for hostname: localhost, ifindex: 0
2026-01-28 16:30:27.474 Db NayaVedAI[71451:21b24f] [com.apple.SystemConfiguration:SCPreferences] create <SCPreferences 0x10f34ce60 [0x1e578fa80]> {name = SCDynamicStoreCopyProxiesWithOptions, id = /Library/Managed Preferences/mobile/com.apple.SystemConfiguration.plist, path = /Library/Managed Preferences/mobile/com.apple.SystemConfiguration.plist}
2026-01-28 16:30:27.474 Db NayaVedAI[71451:21b24f] [com.apple.SystemConfiguration:SCPreferences] SCPreferences() access: /Library/Managed Preferences/mobile/com.apple.SystemConfiguration.plist, size=0
2026-01-28 16:30:27.474 Db NayaVedAI[71451:21b24f] [com.apple.SystemConfiguration:SCPreferences] release <SCPreferences 0x10f34ce60 [0x1e578fa80]> {name = SCDynamicStoreCopyProxiesWithOptions, id = /Library/Managed Preferences/mobile/com.apple.SystemConfiguration.plist, path = /Library/Managed Preferences/mobile/com.apple.SystemConfiguration.plist, accessed}
2026-01-28 16:30:27.474 Db NayaVedAI[71451:21b24f] [com.apple.network:connection] nw_endpoint_flow_attach_protocols [C57 Hostname#a19a2c0f:8081 in_progress parent-flow (satisfied (Path is satisfied), interface: en0[802.11], uses wifi, LQM: unknown)]
2026-01-28 16:30:27.474 Db NayaVedAI[71451:21b24f] [com.apple.network:connection] nw_endpoint_flow_attach_protocols [C57 Hostname#a19a2c0f:8081 in_progress parent-flow (satisfied (Path is satisfied), interface: en0[802.11], uses wifi, LQM: unknown)] stopping after adding persistent application protocols
2026-01-28 16:30:27.474 Db NayaVedAI[71451:21b24f] [com.apple.network:connection] nw_endpoint_flow_setup_protocols [C57 Hostname#a19a2c0f:8081 in_progress parent-flow (satisfied (Path is satisfied), interface: en0[802.11], uses wifi, LQM: unknown)] persistent protocol stack, starting
2026-01-28 16:30:27.474 Df NayaVedAI[71451:21b24f] [com.apple.network:connection] [C57 Hostname#a19a2c0f:8081 in_progress parent-flow (satisfied (Path is satisfied), interface: en0[802.11], uses wifi, LQM: unknown)] event: flow:start_connect @0.000s
2026-01-28 16:30:27.474 Df NayaVedAI[71451:21b24f] [com.apple.network:connection] nw_connection_report_state_with_handler_on_nw_queue [C57] reporting state preparing
2026-01-28 16:30:27.475 I  NayaVedAI[71451:21b24f] [com.apple.network:connection] nw_endpoint_flow_connect [C57 Hostname#a19a2c0f:8081 in_progress parent-flow (satisfied (Path is satisfied), interface: en0[802.11], uses wifi, LQM: unknown)] connect bottom protocol
2026-01-28 16:30:27.475 Db NayaVedAI[71451:21b24f] [com.apple.network:connection] nw_endpoint_flow_start_child [C57 Hostname#a19a2c0f:8081 in_progress parent-flow (satisfied (Path is satisfied), interface: en0[802.11], uses wifi, LQM: unknown)] creating and starting child handler
2026-01-28 16:30:27.475 Db NayaVedAI[71451:21b24f] [com.apple.network:] nw_endpoint_proxy_handler_should_use_proxy Looking up proxy for hostname: localhost, ifindex: 0
2026-01-28 16:30:27.475 Db NayaVedAI[71451:21b24f] [com.apple.SystemConfiguration:SCPreferences] create <SCPreferences 0x10bb53d40 [0x1e578fa80]> {name = SCDynamicStoreCopyProxiesWithOptions, id = /Library/Managed Preferences/mobile/com.apple.SystemConfiguration.plist, path = /Library/Managed Preferences/mobile/com.apple.SystemConfiguration.plist}
2026-01-28 16:30:27.475 Db NayaVedAI[71451:21b24f] [com.apple.SystemConfiguration:SCPreferences] SCPreferences() access: /Library/Managed Preferences/mobile/com.apple.SystemConfiguration.plist, size=0
2026-01-28 16:30:27.475 Db NayaVedAI[71451:21b24f] [com.apple.SystemConfiguration:SCPreferences] release <SCPreferences 0x10bb53d40 [0x1e578fa80]> {name = SCDynamicStoreCopyProxiesWithOptions, id = /Library/Managed Preferences/mobile/com.apple.SystemConfiguration.plist, path = /Library/Managed Preferences/mobile/com.apple.SystemConfiguration.plist, accessed}
2026-01-28 16:30:27.475 Df NayaVedAI[71451:21b24f] [com.apple.network:connection] [C57 Hostname#a19a2c0f:8081 in_progress parent-flow (satisfied (Path is satisfied), interface: en0[802.11], uses wifi, LQM: unknown)] event: flow:start_child @0.001s
2026-01-28 16:30:27.475 I  NayaVedAI[71451:21b24f] [com.apple.network:connection] nw_endpoint_handler_start [C57.1 Hostname#a19a2c0f:8081 initial path ((null))]
2026-01-28 16:30:27.475 Db NayaVedAI[71451:21b24f] [com.apple.network:connection] nw_endpoint_flow_receive_report [C57 Hostname#a19a2c0f:8081 in_progress parent-flow (satisfied (Path is satisfied), interface: en0[802.11], uses wifi, LQM: unknown)] received child report: [C57.1 Hostname#a19a2c0f:8081 initial path ((null))]
2026-01-28 16:30:27.475 Df NayaVedAI[71451:21b24f] [com.apple.network:connection] [C57.1 Hostname#a19a2c0f:8081 initial path ((null))] event: path:start @0.001s
2026-01-28 16:30:27.475 Db NayaVedAI[71451:21b24f] [com.apple.network:connection] nw_endpoint_handler_path_change [C57.1 Hostname#a19a2c0f:8081 waiting path (satisfied (Path is satisfied), interface: en0[802.11], uses wifi, LQM: unknown)]
2026-01-28 16:30:27.475 Db NayaVedAI[71451:21b24f] [com.apple.networkextension:] ne_tracker_check_is_hostname_blocked() proceeding with the in_the_app check for hostname: localhost
2026-01-28 16:30:27.475 Db NayaVedAI[71451:21b24f] [com.apple.CFBundle:resources] Resource lookup at CFBundle 0x600003b04700 </Users/shivi.agarwal/Library/Developer/CoreSimulator/Devices/AC7E343F-585F-430E-B17D-BDD649803605/data/Containers/Bundle/Application/AD33C3F3-69F6-4E76-8701-44660F53F11C/NayaVedAI.app> (executable, loaded)
	Request       : InfoPlist type: strings
	Result        : None
2026-01-28 16:30:27.475 Db NayaVedAI[71451:21b24f] [com.apple.CFBundle:resources] Resource lookup at CFBundle 0x600003b04700 </Users/shivi.agarwal/Library/Developer/CoreSimulator/Devices/AC7E343F-585F-430E-B17D-BDD649803605/data/Containers/Bundle/Application/AD33C3F3-69F6-4E76-8701-44660F53F11C/NayaVedAI.app> (executable, loaded)
	Request       : InfoPlist type: stringsdict
	Result        : None
2026-01-28 16:30:27.475 Db NayaVedAI[71451:21b24f] [com.apple.networkextension:] ne_tracker_check_is_hostname_blocked(): hostname localhost is not a tracker. Returning: ne_tracker_status_none
2026-01-28 16:30:27.475 Db NayaVedAI[71451:21b24f] [com.apple.network:connection] nw_endpoint_flow_receive_report [C57 Hostname#a19a2c0f:8081 in_progress parent-flow (satisfied (Path is satisfied), interface: en0[802.11], uses wifi, LQM: unknown)] received child report: [C57.1 Hostname#a19a2c0f:8081 waiting path (satisfied (Path is satisfied), interface: en0[802.11], uses wifi, LQM: unknown)]
2026-01-28 16:30:27.475 Df NayaVedAI[71451:21b24f] [com.apple.network:connection] [C57.1 Hostname#a19a2c0f:8081 waiting path (satisfied (Path is satisfied), interface: en0[802.11], uses wifi, LQM: unknown)] event: path:satisfied @0.001s, uuid: 9BFC4E46-B1A1-497E-92F9-8929A0C4EC5F
2026-01-28 16:30:27.475 Db NayaVedAI[71451:21b24f] [com.apple.network:] nw_endpoint_proxy_handler_should_use_proxy Looking up proxy for hostname: localhost, ifindex: 0
2026-01-28 16:30:27.475 Db NayaVedAI[71451:21b24f] [com.apple.SystemConfiguration:SCPreferences] create <SCPreferences 0x108936940 [0x1e578fa80]> {name = SCDynamicStoreCopyProxiesWithOptions, id = /Library/Managed Preferences/mobile/com.apple.SystemConfiguration.plist, path = /Library/Managed Preferences/mobile/com.apple.SystemConfiguration.plist}
2026-01-28 16:30:27.475 Db NayaVedAI[71451:21b24f] [com.apple.SystemConfiguration:SCPreferences] SCPreferences() access: /Library/Managed Preferences/mobile/com.apple.SystemConfiguration.plist, size=0
2026-01-28 16:30:27.475 Db NayaVedAI[71451:21b24f] [com.apple.SystemConfiguration:SCPreferences] release <SCPreferences 0x108936940 [0x1e578fa80]> {name = SCDynamicStoreCopyProxiesWithOptions, id = /Library/Managed Preferences/mobile/com.apple.SystemConfiguration.plist, path = /Library/Managed Preferences/mobile/com.apple.SystemConfiguration.plist, accessed}
2026-01-28 16:30:27.475 Db NayaVedAI[71451:21b24f] [com.apple.network:connection] -[NWConcrete_nw_endpoint_resolver startWithHandler:] [C57.1 Hostname#a19a2c0f:8081 waiting resolver (satisfied (Path is satisfied), interface: en0[802.11], uses wifi, LQM: unknown)]
2026-01-28 16:30:27.475 Db NayaVedAI[71451:21b24f] [com.apple.network:connection] nw_endpoint_flow_receive_report [C57 Hostname#a19a2c0f:8081 in_progress parent-flow (satisfied (Path is satisfied), interface: en0[802.11], uses wifi, LQM: unknown)] received child report: [C57.1 Hostname#a19a2c0f:8081 in_progress resolver (satisfied (Path is satisfied), interface: en0[802.11], uses wifi, LQM: unknown)]
2026-01-28 16:30:27.475 Df NayaVedAI[71451:21b24f] [com.apple.network:connection] [C57.1 Hostname#a19a2c0f:8081 in_progress resolver (satisfied (Path is satisfied), interface: en0[802.11], uses wifi, LQM: unknown)] event: resolver:start_dns @0.001s
2026-01-28 16:30:27.476 Db NayaVedAI[71451:21b24f] [com.apple.networkextension:] ne_tracker_check_is_hostname_blocked() proceeding with the in_the_app check for hostname: localhost
2026-01-28 16:30:27.476 Db NayaVedAI[71451:21b24f] [com.apple.CFBundle:resources] Resource lookup at CFBundle 0x600003b04700 </Users/shivi.agarwal/Library/Developer/CoreSimulator/Devices/AC7E343F-585F-430E-B17D-BDD649803605/data/Containers/Bundle/Application/AD33C3F3-69F6-4E76-8701-44660F53F11C/NayaVedAI.app> (executable, loaded)
	Request       : InfoPlist type: strings
	Result        : None
2026-01-28 16:30:27.476 Db NayaVedAI[71451:21b24f] [com.apple.CFBundle:resources] Resource lookup at CFBundle 0x600003b04700 </Users/shivi.agarwal/Library/Developer/CoreSimulator/Devices/AC7E343F-585F-430E-B17D-BDD649803605/data/Containers/Bundle/Application/AD33C3F3-69F6-4E76-8701-44660F53F11C/NayaVedAI.app> (executable, loaded)
	Request       : InfoPlist type: stringsdict
	Result        : None
2026-01-28 16:30:27.476 Db NayaVedAI[71451:21b24f] [com.apple.networkextension:] ne_tracker_check_is_hostname_blocked(): hostname localhost is not a tracker. Returning: ne_tracker_status_none
2026-01-28 16:30:27.476 I  NayaVedAI[71451:21b24f] [com.apple.network:connection] nw_resolver_create_dns_service_locked [C57.1] Starting host resolution Hostname#a19a2c0f:8081, flags 0xc000d000 proto 0
2026-01-28 16:30:27.476 Df NayaVedAI[71451:21b24f] [com.apple.CFNetwork:Default] Task <AAE124E1-E38D-4A7B-B6C3-AF1097BC625F>.<2> setting up Connection 57
2026-01-28 16:30:27.476 Db NayaVedAI[71451:21b24f] [com.apple.network:activity] Returning should log: 0 for activity cfnetwork:foreground_task
2026-01-28 16:30:27.476 I  NayaVedAI[71451:21b24f] [com.apple.network:connection] nw_resolver_host_resolve_callback [C56.1] flags=0x40000003 ifindex=4294967295 error=NoError(0) hostname=localhost. addr=IPv6#4f2c3092 ttl=1
2026-01-28 16:30:27.476 I  NayaVedAI[71451:21b24f] [com.apple.network:connection] nw_resolver_host_resolve_callback [C56.1] flags=0x40000002 ifindex=4294967295 error=NoError(0) hostname=localhost. addr=IPv4#8deebaa3 ttl=1
2026-01-28 16:30:27.476 Db NayaVedAI[71451:21b24f] [com.apple.network:] sa_dst_compare_rfc6724 Rule 6, prefer d2, d2 precedence 50 > d1 precedence 35
2026-01-28 16:30:27.476 Db NayaVedAI[71451:21b24f] [com.apple.network:] sa_dst_compare_internal <private>@0 < <private>@0
2026-01-28 16:30:27.476 I  NayaVedAI[71451:21b24f] [com.apple.network:connection] nw_resolver_host_resolve_callback [C57.1] flags=0x40000003 ifindex=4294967295 error=NoError(0) hostname=localhost. addr=IPv6#4f2c3092 ttl=1
2026-01-28 16:30:27.476 I  NayaVedAI[71451:21b24f] [com.apple.network:connection] nw_resolver_host_resolve_callback [C57.1] flags=0x40000002 ifindex=4294967295 error=NoError(0) hostname=localhost. addr=IPv4#8deebaa3 ttl=1
2026-01-28 16:30:27.476 Db NayaVedAI[71451:21b24f] [com.apple.network:] sa_dst_compare_rfc6724 Rule 6, prefer d2, d2 precedence 50 > d1 precedence 35
2026-01-28 16:30:27.476 Db NayaVedAI[71451:21b24f] [com.apple.network:] sa_dst_compare_internal <private>@0 < <private>@0
2026-01-28 16:30:27.476 Db NayaVedAI[71451:21b24f] [com.apple.network:connection] nw_endpoint_resolver_update [C56.1 Hostname#a19a2c0f:8081 in_progress resolver (satisfied (Path is satisfied), interface: en0[802.11], uses wifi, LQM: unknown)] resolver is complete
2026-01-28 16:30:27.476 Df NayaVedAI[71451:21b24f] [com.apple.network:connection] nw_endpoint_resolver_update [C56.1 Hostname#a19a2c0f:8081 in_progress resolver (satisfied (Path is satisfied), interface: en0[802.11], uses wifi, LQM: unknown)] Adding endpoint handler for IPv6#e1664cbf.8081
2026-01-28 16:30:27.476 Df NayaVedAI[71451:21b24f] [com.apple.network:connection] nw_endpoint_resolver_update [C56.1 Hostname#a19a2c0f:8081 in_progress resolver (satisfied (Path is satisfied), interface: en0[802.11], uses wifi, LQM: unknown)] Adding endpoint handler for IPv4#43158804:8081
2026-01-28 16:30:27.476 Db NayaVedAI[71451:21b24f] [com.apple.network:connection] nw_endpoint_resolver_update [C56.1 Hostname#a19a2c0f:8081 in_progress resolver (satisfied (Path is satisfied), interface: en0[802.11], uses wifi, LQM: unknown)] Updated endpoint list is (IPv6#e1664cbf.8081,IPv4#43158804:8081)
2026-01-28 16:30:27.476 Db NayaVedAI[71451:2199c2] [com.apple.defaults:User Defaults] looked up value 1 for key RCTI18nUtil_makeRTLFlipLeftAndRightStyles in CFPrefsPlistSource<0x600002c0c080> (Domain: com.nayaved.app, User: kCFPreferencesCurrentUser, ByHost: No, Container: (null), Contents Need Refresh: No) via CFPrefsSearchListSource<0x600002c04180> (Domain: com.nayaved.app, Container: (null) Non-launch persona: 0)
2026-01-28 16:30:27.476 Db NayaVedAI[71451:2199c2] [com.apple.defaults:User Defaults] looked up value 1 for key RCTI18nUtil_makeRTLFlipLeftAndRightStyles in CFPrefsPlistSource<0x600002c0c080> (Domain: com.nayaved.app, User: kCFPreferencesCurrentUser, ByHost: No, Container: (null), Contents Need Refresh: No) via CFPrefsSearchListSource<0x600002c04180> (Domain: com.nayaved.app, Container: (null) Non-launch persona: 0)
2026-01-28 16:30:27.476 Db NayaVedAI[71451:21b24f] [com.apple.network:connection] nw_endpoint_flow_receive_report [C56 Hostname#a19a2c0f:8081 in_progress parent-flow (satisfied (Path is satisfied), interface: en0[802.11], uses wifi, LQM: unknown)] received child report: [C56.1 Hostname#a19a2c0f:8081 in_progress resolver (satisfied (Path is satisfied), interface: en0[802.11], uses wifi, LQM: unknown)]
2026-01-28 16:30:27.476 Db NayaVedAI[71451:2199c2] [com.apple.defaults:User Defaults] looked up value 1 for key RCTI18nUtil_makeRTLFlipLeftAndRightStyles in CFPrefsPlistSource<0x600002c0c080> (Domain: com.nayaved.app, User: kCFPreferencesCurrentUser, ByHost: No, Container: (null), Contents Need Refresh: No) via CFPrefsSearchListSource<0x600002c04180> (Domain: com.nayaved.app, Container: (null) Non-launch persona: 0)
2026-01-28 16:30:27.476 Df NayaVedAI[71451:21b24f] [com.apple.network:connection] [C56.1 Hostname#a19a2c0f:8081 in_progress resolver (satisfied (Path is satisfied), interface: en0[802.11], uses wifi, LQM: unknown)] event: resolver:receive_dns @0.011s
2026-01-28 16:30:27.477 Db NayaVedAI[71451:21b24f] [com.apple.network:connection] nw_endpoint_resolver_update [C57.1 Hostname#a19a2c0f:8081 in_progress resolver (satisfied (Path is satisfied), interface: en0[802.11], uses wifi, LQM: unknown)] resolver is complete
2026-01-28 16:30:27.477 Df NayaVedAI[71451:21b24f] [com.apple.network:connection] nw_endpoint_resolver_update [C57.1 Hostname#a19a2c0f:8081 in_progress resolver (satisfied (Path is satisfied), interface: en0[802.11], uses wifi, LQM: unknown)] Adding endpoint handler for IPv6#e1664cbf.8081
2026-01-28 16:30:27.477 Df NayaVedAI[71451:21b24f] [com.apple.network:connection] nw_endpoint_resolver_update [C57.1 Hostname#a19a2c0f:8081 in_progress resolver (satisfied (Path is satisfied), interface: en0[802.11], uses wifi, LQM: unknown)] Adding endpoint handler for IPv4#43158804:8081
2026-01-28 16:30:27.477 Db NayaVedAI[71451:21b24f] [com.apple.network:connection] nw_endpoint_resolver_update [C57.1 Hostname#a19a2c0f:8081 in_progress resolver (satisfied (Path is satisfied), interface: en0[802.11], uses wifi, LQM: unknown)] Updated endpoint list is (IPv6#e1664cbf.8081,IPv4#43158804:8081)
2026-01-28 16:30:27.477 Db NayaVedAI[71451:21b24f] [com.apple.network:connection] nw_endpoint_flow_receive_report [C57 Hostname#a19a2c0f:8081 in_progress parent-flow (satisfied (Path is satisfied), interface: en0[802.11], uses wifi, LQM: unknown)] received child report: [C57.1 Hostname#a19a2c0f:8081 in_progress resolver (satisfied (Path is satisfied), interface: en0[802.11], uses wifi, LQM: unknown)]
2026-01-28 16:30:27.477 Df NayaVedAI[71451:21b24f] [com.apple.network:connection] [C57.1 Hostname#a19a2c0f:8081 in_progress resolver (satisfied (Path is satisfied), interface: en0[802.11], uses wifi, LQM: unknown)] event: resolver:receive_dns @0.003s
2026-01-28 16:30:27.477 I  NayaVedAI[71451:21b24f] [com.apple.network:connection] nw_endpoint_resolver_start_next_child [C56.1 Hostname#a19a2c0f:8081 in_progress resolver (satisfied (Path is satisfied), interface: en0[802.11], uses wifi, LQM: unknown)] starting child endpoint IPv6#e1664cbf.8081
2026-01-28 16:30:27.477 I  NayaVedAI[71451:21b24f] [com.apple.network:connection] nw_endpoint_handler_start [C56.1.1 IPv6#e1664cbf.8081 initial path ((null))]
2026-01-28 16:30:27.477 Db NayaVedAI[71451:21b24f] [com.apple.network:connection] nw_endpoint_resolver_receive_report [C56.1 Hostname#a19a2c0f:8081 in_progress resolver (satisfied (Path is satisfied), interface: en0[802.11], uses wifi, LQM: unknown)] received child report: [C56.1.1 IPv6#e1664cbf.8081 initial path ((null))]
2026-01-28 16:30:27.477 Db NayaVedAI[71451:21b24f] [com.apple.network:connection] nw_endpoint_flow_receive_report [C56 Hostname#a19a2c0f:8081 in_progress parent-flow (satisfied (Path is satisfied), interface: en0[802.11], uses wifi, LQM: unknown)] received child report: [C56.1.1 IPv6#e1664cbf.8081 initial path ((null))]
2026-01-28 16:30:27.477 Df NayaVedAI[71451:21b24f] [com.apple.network:connection] [C56.1.1 IPv6#e1664cbf.8081 initial path ((null))] event: path:start @0.011s
2026-01-28 16:30:27.477 Db NayaVedAI[71451:21b24f] [com.apple.network:connection] nw_endpoint_handler_path_change [C56.1.1 IPv6#e1664cbf.8081 waiting path (satisfied (Path is satisfied), interface: lo0)]
2026-01-28 16:30:27.477 Db NayaVedAI[71451:21b24f] [com.apple.network:connection] nw_endpoint_resolver_receive_report [C56.1 Hostname#a19a2c0f:8081 in_progress resolver (satisfied (Path is satisfied), interface: en0[802.11], uses wifi, LQM: unknown)] received child report: [C56.1.1 IPv6#e1664cbf.8081 waiting path (satisfied (Path is satisfied), interface: lo0)]
2026-01-28 16:30:27.477 Db NayaVedAI[71451:21b24f] [com.apple.network:connection] nw_endpoint_flow_receive_report [C56 Hostname#a19a2c0f:8081 in_progress parent-flow (satisfied (Path is satisfied), interface: en0[802.11], uses wifi, LQM: unknown)] received child report: [C56.1.1 IPv6#e1664cbf.8081 waiting path (satisfied (Path is satisfied), interface: lo0)]
2026-01-28 16:30:27.477 Df NayaVedAI[71451:21b24f] [com.apple.network:connection] [C56.1.1 IPv6#e1664cbf.8081 waiting path (satisfied (Path is satisfied), interface: lo0)] event: path:satisfied @0.011s, uuid: 7B534047-2F66-4764-B58A-FCB83B056B34
2026-01-28 16:30:27.477 Db NayaVedAI[71451:21b24f] [com.apple.network:] nw_endpoint_proxy_handler_should_use_proxy Looking up proxy for hostname: <nil>, ifindex: 0
2026-01-28 16:30:27.477 Db NayaVedAI[71451:21b24f] [com.apple.SystemConfiguration:SCPreferences] create <SCPreferences 0x10f304220 [0x1e578fa80]> {name = SCDynamicStoreCopyProxiesWithOptions, id = /Library/Managed Preferences/mobile/com.apple.SystemConfiguration.plist, path = /Library/Managed Preferences/mobile/com.apple.SystemConfiguration.plist}
2026-01-28 16:30:27.477 Db NayaVedAI[71451:21b24f] [com.apple.SystemConfiguration:SCPreferences] SCPreferences() access: /Library/Managed Preferences/mobile/com.apple.SystemConfiguration.plist, size=0
2026-01-28 16:30:27.477 Db NayaVedAI[71451:21b24f] [com.apple.SystemConfiguration:SCPreferences] release <SCPreferences 0x10f304220 [0x1e578fa80]> {name = SCDynamicStoreCopyProxiesWithOptions, id = /Library/Managed Preferences/mobile/com.apple.SystemConfiguration.plist, path = /Library/Managed Preferences/mobile/com.apple.SystemConfiguration.plist, accessed}
2026-01-28 16:30:27.477 I  NayaVedAI[71451:21b24f] [com.apple.network:connection] nw_association_create_flow <nw_association IPv6#e1664cbf.8081> Added association flow ID 75BED989-80D4-4F58-B0FC-0047DB56E8B8
2026-01-28 16:30:27.477 I  NayaVedAI[71451:21b24f] [com.apple.network:connection] nw_endpoint_flow_setup_protocols [C56.1.1 IPv6#e1664cbf.8081 in_progress socket-flow (satisfied (Path is satisfied), interface: lo0)] setup flow id 75BED989-80D4-4F58-B0FC-0047DB56E8B8
2026-01-28 16:30:27.477 Db NayaVedAI[71451:21b24f] [com.apple.network:connection] nw_endpoint_flow_attach_protocols [C56.1.1 IPv6#e1664cbf.8081 in_progress socket-flow (satisfied (Path is satisfied), interface: lo0)]
2026-01-28 16:30:27.477 Db NayaVedAI[71451:21b24f] [com.apple.network:connection] nw_endpoint_flow_attach_protocols_block_invoke [C56.1.1 IPv6#e1664cbf.8081 in_progress socket-flow (satisfied (Path is satisfied), interface: lo0)] Attached application protocol: CFNetworkConnection-3282745862
2026-01-28 16:30:27.477 Db NayaVedAI[71451:21b24f] [com.apple.network:] nw_fd_wrapper_create Created <fd_wrapper 24, guarded: false>
2026-01-28 16:30:27.477 Db NayaVedAI[71451:21b24f] [com.apple.network:connection] nw_endpoint_flow_attach_protocols [C56.1.1 IPv6#e1664cbf.8081 in_progress socket-flow (satisfied (Path is satisfied), interface: lo0)] Attached socket protocol
2026-01-28 16:30:27.477 Db NayaVedAI[71451:21b24f] [com.apple.network:connection] nw_endpoint_flow_setup_protocols [C56.1.1 IPv6#e1664cbf.8081 in_progress socket-flow (satisfied (Path is satisfied), interface: lo0)] leaf flow starting
2026-01-28 16:30:27.477 Db NayaVedAI[71451:21b24f] [com.apple.network:connection] nw_endpoint_resolver_receive_report [C56.1 Hostname#a19a2c0f:8081 in_progress resolver (satisfied (Path is satisfied), interface: en0[802.11], uses wifi, LQM: unknown)] received child report: [C56.1.1 IPv6#e1664cbf.8081 in_progress socket-flow (satisfied (Path is satisfied), interface: lo0)]
2026-01-28 16:30:27.477 Db NayaVedAI[71451:21b24f] [com.apple.network:connection] nw_endpoint_flow_receive_report [C56 Hostname#a19a2c0f:8081 in_progress parent-flow (satisfied (Path is satisfied), interface: en0[802.11], uses wifi, LQM: unknown)] received child report: [C56.1.1 IPv6#e1664cbf.8081 in_progress socket-flow (satisfied (Path is satisfied), interface: lo0)]
2026-01-28 16:30:27.477 Df NayaVedAI[71451:21b24f] [com.apple.network:connection] [C56.1.1 IPv6#e1664cbf.8081 in_progress socket-flow (satisfied (Path is satisfied), interface: lo0)] event: flow:start_connect @0.012s
2026-01-28 16:30:27.478 I  NayaVedAI[71451:21b24f] [com.apple.network:connection] nw_endpoint_resolver_start_next_child [C56.1 Hostname#a19a2c0f:8081 in_progress resolver (satisfied (Path is satisfied), interface: en0[802.11], uses wifi, LQM: unknown)] starting next child endpoint in 100ms
2026-01-28 16:30:27.478 I  NayaVedAI[71451:21b24f] [com.apple.network:connection] nw_endpoint_resolver_start_next_child [C57.1 Hostname#a19a2c0f:8081 in_progress resolver (satisfied (Path is satisfied), interface: en0[802.11], uses wifi, LQM: unknown)] starting child endpoint IPv6#e1664cbf.8081
2026-01-28 16:30:27.478 I  NayaVedAI[71451:21b24f] [com.apple.network:connection] nw_endpoint_handler_start [C57.1.1 IPv6#e1664cbf.8081 initial path ((null))]
2026-01-28 16:30:27.478 Db NayaVedAI[71451:21b24f] [com.apple.network:connection] nw_endpoint_resolver_receive_report [C57.1 Hostname#a19a2c0f:8081 in_progress resolver (satisfied (Path is satisfied), interface: en0[802.11], uses wifi, LQM: unknown)] received child report: [C57.1.1 IPv6#e1664cbf.8081 initial path ((null))]
2026-01-28 16:30:27.478 Db NayaVedAI[71451:21b24f] [com.apple.network:connection] nw_endpoint_flow_receive_report [C57 Hostname#a19a2c0f:8081 in_progress parent-flow (satisfied (Path is satisfied), interface: en0[802.11], uses wifi, LQM: unknown)] received child report: [C57.1.1 IPv6#e1664cbf.8081 initial path ((null))]
2026-01-28 16:30:27.478 Df NayaVedAI[71451:21b24f] [com.apple.network:connection] [C57.1.1 IPv6#e1664cbf.8081 initial path ((null))] event: path:start @0.003s
2026-01-28 16:30:27.478 Db NayaVedAI[71451:21b24f] [com.apple.network:connection] nw_endpoint_handler_path_change [C57.1.1 IPv6#e1664cbf.8081 waiting path (satisfied (Path is satisfied), interface: lo0)]
2026-01-28 16:30:27.478 Db NayaVedAI[71451:21b24f] [com.apple.network:connection] nw_endpoint_resolver_receive_report [C57.1 Hostname#a19a2c0f:8081 in_progress resolver (satisfied (Path is satisfied), interface: en0[802.11], uses wifi, LQM: unknown)] received child report: [C57.1.1 IPv6#e1664cbf.8081 waiting path (satisfied (Path is satisfied), interface: lo0)]
2026-01-28 16:30:27.478 Db NayaVedAI[71451:21b24f] [com.apple.network:connection] nw_endpoint_flow_receive_report [C57 Hostname#a19a2c0f:8081 in_progress parent-flow (satisfied (Path is satisfied), interface: en0[802.11], uses wifi, LQM: unknown)] received child report: [C57.1.1 IPv6#e1664cbf.8081 waiting path (satisfied (Path is satisfied), interface: lo0)]
2026-01-28 16:30:27.478 Df NayaVedAI[71451:21b24f] [com.apple.network:connection] [C57.1.1 IPv6#e1664cbf.8081 waiting path (satisfied (Path is satisfied), interface: lo0)] event: path:satisfied @0.004s, uuid: 7B534047-2F66-4764-B58A-FCB83B056B34
2026-01-28 16:30:27.478 Db NayaVedAI[71451:21b24f] [com.apple.network:] nw_endpoint_proxy_handler_should_use_proxy Looking up proxy for hostname: <nil>, ifindex: 0
2026-01-28 16:30:27.478 Db NayaVedAI[71451:21b24f] [com.apple.SystemConfiguration:SCPreferences] create <SCPreferences 0x10bc786d0 [0x1e578fa80]> {name = SCDynamicStoreCopyProxiesWithOptions, id = /Library/Managed Preferences/mobile/com.apple.SystemConfiguration.plist, path = /Library/Managed Preferences/mobile/com.apple.SystemConfiguration.plist}
2026-01-28 16:30:27.478 Db NayaVedAI[71451:21b24f] [com.apple.SystemConfiguration:SCPreferences] SCPreferences() access: /Library/Managed Preferences/mobile/com.apple.SystemConfiguration.plist, size=0
2026-01-28 16:30:27.478 Db NayaVedAI[71451:21b24f] [com.apple.SystemConfiguration:SCPreferences] release <SCPreferences 0x10bc786d0 [0x1e578fa80]> {name = SCDynamicStoreCopyProxiesWithOptions, id = /Library/Managed Preferences/mobile/com.apple.SystemConfiguration.plist, path = /Library/Managed Preferences/mobile/com.apple.SystemConfiguration.plist, accessed}
2026-01-28 16:30:27.478 I  NayaVedAI[71451:21b24f] [com.apple.network:connection] nw_association_create_flow <nw_association IPv6#e1664cbf.8081> Added association flow ID B3F8A5D1-3A43-47B3-8C5F-E3C5718DEBEC
2026-01-28 16:30:27.478 I  NayaVedAI[71451:21b24f] [com.apple.network:connection] nw_endpoint_flow_setup_protocols [C57.1.1 IPv6#e1664cbf.8081 in_progress socket-flow (satisfied (Path is satisfied), interface: lo0)] setup flow id B3F8A5D1-3A43-47B3-8C5F-E3C5718DEBEC
2026-01-28 16:30:27.478 Db NayaVedAI[71451:21b24f] [com.apple.network:connection] nw_endpoint_flow_attach_protocols [C57.1.1 IPv6#e1664cbf.8081 in_progress socket-flow (satisfied (Path is satisfied), interface: lo0)]
2026-01-28 16:30:27.478 Db NayaVedAI[71451:21b24f] [com.apple.network:connection] nw_endpoint_flow_attach_protocols_block_invoke [C57.1.1 IPv6#e1664cbf.8081 in_progress socket-flow (satisfied (Path is satisfied), interface: lo0)] Attached application protocol: CFNetworkConnection-3282745862
2026-01-28 16:30:27.478 Db NayaVedAI[71451:21b24f] [com.apple.network:] nw_fd_wrapper_create Created <fd_wrapper 25, guarded: false>
2026-01-28 16:30:27.478 Db NayaVedAI[71451:21b24f] [com.apple.network:connection] nw_endpoint_flow_attach_protocols [C57.1.1 IPv6#e1664cbf.8081 in_progress socket-flow (satisfied (Path is satisfied), interface: lo0)] Attached socket protocol
2026-01-28 16:30:27.478 Db NayaVedAI[71451:21b24f] [com.apple.network:connection] nw_endpoint_flow_setup_protocols [C57.1.1 IPv6#e1664cbf.8081 in_progress socket-flow (satisfied (Path is satisfied), interface: lo0)] leaf flow starting
2026-01-28 16:30:27.478 Db NayaVedAI[71451:21b24f] [com.apple.network:connection] nw_endpoint_resolver_receive_report [C57.1 Hostname#a19a2c0f:8081 in_progress resolver (satisfied (Path is satisfied), interface: en0[802.11], uses wifi, LQM: unknown)] received child report: [C57.1.1 IPv6#e1664cbf.8081 in_progress socket-flow (satisfied (Path is satisfied), interface: lo0)]
2026-01-28 16:30:27.478 Db NayaVedAI[71451:21b24f] [com.apple.network:connection] nw_endpoint_flow_receive_report [C57 Hostname#a19a2c0f:8081 in_progress parent-flow (satisfied (Path is satisfied), interface: en0[802.11], uses wifi, LQM: unknown)] received child report: [C57.1.1 IPv6#e1664cbf.8081 in_progress socket-flow (satisfied (Path is satisfied), interface: lo0)]
2026-01-28 16:30:27.478 Df NayaVedAI[71451:21b24f] [com.apple.network:connection] [C57.1.1 IPv6#e1664cbf.8081 in_progress socket-flow (satisfied (Path is satisfied), interface: lo0)] event: flow:start_connect @0.004s
2026-01-28 16:30:27.478 I  NayaVedAI[71451:21b24f] [com.apple.network:connection] nw_endpoint_resolver_start_next_child [C57.1 Hostname#a19a2c0f:8081 in_progress resolver (satisfied (Path is satisfied), interface: en0[802.11], uses wifi, LQM: unknown)] starting next child endpoint in 100ms
2026-01-28 16:30:27.478 Db NayaVedAI[71451:21b24f] [com.apple.network:connection] nw_socket_handle_socket_event [C56.1.1:2] Event mask: 0x800
2026-01-28 16:30:27.478 Df NayaVedAI[71451:21b24f] [com.apple.network:connection] nw_socket_handle_socket_event [C56.1.1:2] Socket received CONNECTED event
2026-01-28 16:30:27.478 Db NayaVedAI[71451:21b24f] [com.apple.network:connection] nw_socket_setup_notsent_lowat [C56.1.1:2] Set TCP_NOTSENT_LOWAT(16384)
2026-01-28 16:30:27.478 Df NayaVedAI[71451:21b24f] [com.apple.network:connection] nw_flow_connected [C56.1.1 IPv6#e1664cbf.8081 in_progress socket-flow (satisfied (Path is satisfied), interface: lo0)] Transport protocol connected (socket)
2026-01-28 16:30:27.478 Db NayaVedAI[71451:21b24f] [com.apple.network:connection] nw_endpoint_resolver_receive_report [C56.1 Hostname#a19a2c0f:8081 in_progress resolver (satisfied (Path is satisfied), interface: en0[802.11], uses wifi, LQM: unknown)] received child report: [C56.1.1 IPv6#e1664cbf.8081 in_progress socket-flow (satisfied (Path is satisfied), interface: lo0)]
2026-01-28 16:30:27.478 Db NayaVedAI[71451:21b24f] [com.apple.network:connection] nw_endpoint_flow_receive_report [C56 Hostname#a19a2c0f:8081 in_progress parent-flow (satisfied (Path is satisfied), interface: en0[802.11], uses wifi, LQM: unknown)] received child report: [C56.1.1 IPv6#e1664cbf.8081 in_progress socket-flow (satisfied (Path is satisfied), interface: lo0)]
2026-01-28 16:30:27.478 Df NayaVedAI[71451:21b24f] [com.apple.network:connection] [C56.1.1 IPv6#e1664cbf.8081 in_progress socket-flow (satisfied (Path is satisfied), interface: lo0)] event: flow:finish_transport @0.013s
2026-01-28 16:30:27.478 I  NayaVedAI[71451:21b24f] [com.apple.network:connection] nw_endpoint_resolver_receive_report [C56.1 Hostname#a19a2c0f:8081 in_progress resolver (satisfied (Path is satisfied), interface: en0[802.11], uses wifi, LQM: unknown)] pushing out endpoint race by 2000ms
2026-01-28 16:30:27.478 Df NayaVedAI[71451:21b24f] [com.apple.network:connection] nw_flow_connected [C56.1.1 IPv6#e1664cbf.8081 in_progress socket-flow (satisfied (Path is satisfied), interface: lo0)] Output protocol connected (CFNetworkConnection-3282745862)
2026-01-28 16:30:27.479 Db NayaVedAI[71451:21b24f] [com.apple.network:connection] nw_endpoint_flow_connected_path_change [C56.1.1 IPv6#e1664cbf.8081 ready socket-flow (satisfied (Path is satisfied), interface: lo0)]
2026-01-28 16:30:27.479 I  NayaVedAI[71451:21b24f] [com.apple.network:connection] nw_endpoint_flow_connected_path_change [C56.1.1 IPv6#e1664cbf.8081 ready socket-flow (satisfied (Path is satisfied), interface: lo0)] Connected path is satisfied, not viable
2026-01-28 16:30:27.479 Db NayaVedAI[71451:21b24f] [com.apple.network:connection] nw_endpoint_resolver_receive_report [C56.1 Hostname#a19a2c0f:8081 in_progress resolver (satisfied (Path is satisfied), interface: en0[802.11], uses wifi, LQM: unknown)] received child report: [C56.1.1 IPv6#e1664cbf.8081 ready socket-flow (satisfied (Path is satisfied), interface: lo0)]
2026-01-28 16:30:27.479 Db NayaVedAI[71451:21b24f] [com.apple.network:connection] nw_endpoint_flow_receive_report [C56 Hostname#a19a2c0f:8081 in_progress parent-flow (satisfied (Path is satisfied), interface: en0[802.11], uses wifi, LQM: unknown)] received child report: [C56.1.1 IPv6#e1664cbf.8081 ready socket-flow (satisfied (Path is satisfied), interface: lo0)]
2026-01-28 16:30:27.479 Df NayaVedAI[71451:21b24f] [com.apple.network:connection] [C56.1.1 IPv6#e1664cbf.8081 ready socket-flow (satisfied (Path is satisfied), interface: lo0)] event: flow:child_finish_connect @0.013s
2026-01-28 16:30:27.479 Db NayaVedAI[71451:21b24f] [com.apple.network:connection] nw_endpoint_flow_receive_report [C56 IPv6#e1664cbf.8081 in_progress parent-flow (satisfied (Path is satisfied), interface: en0[802.11], uses wifi, LQM: unknown)] connecting endpoint_flow to child's shared protocol
2026-01-28 16:30:27.479 Db NayaVedAI[71451:21b24f] [com.apple.network:connection] nw_endpoint_flow_setup_protocols [C56 IPv6#e1664cbf.8081 in_progress parent-flow (satisfied (Path is satisfied), interface: en0[802.11], uses wifi, LQM: unknown)] already set up
2026-01-28 16:30:27.479 Db NayaVedAI[71451:21b24f] [com.apple.network:connection] nw_endpoint_flow_setup_protocols [C56 IPv6#e1664cbf.8081 in_progress parent-flow (satisfied (Path is satisfied), interface: en0[802.11], uses wifi, LQM: unknown)] child flow connected, starting
2026-01-28 16:30:27.479 Db NayaVedAI[71451:21b24f] [com.apple.network:connection] nw_endpoint_flow_setup_protocols [C56 IPv6#e1664cbf.8081 in_progress parent-flow (satisfied (Path is satisfied), interface: en0[802.11], uses wifi, LQM: unknown)] already started
2026-01-28 16:30:27.479 Db NayaVedAI[71451:21b24f] [com.apple.network:connection] nw_endpoint_flow_receive_report [C56 IPv6#e1664cbf.8081 in_progress parent-flow (satisfied (Path is satisfied), interface: en0[802.11], uses wifi, LQM: unknown)] received child report: [C56.1 Hostname#a19a2c0f:8081 ready resolver (satisfied (Path is satisfied), interface: en0[802.11], uses wifi, LQM: unknown)]
2026-01-28 16:30:27.479 Df NayaVedAI[71451:21b24f] [com.apple.network:connection] [C56.1 Hostname#a19a2c0f:8081 ready resolver (satisfied (Path is satisfied), interface: en0[802.11], uses wifi, LQM: unknown)] event: flow:child_finish_connect @0.013s
2026-01-28 16:30:27.479 I  NayaVedAI[71451:21b24f] [com.apple.network:connection] nw_endpoint_handler_cancel [C56.1.2 IPv4#43158804:8081 initial path ((null))]
2026-01-28 16:30:27.479 Df NayaVedAI[71451:21b24f] [com.apple.network:connection] nw_flow_connected [C56 IPv6#e1664cbf.8081 in_progress parent-flow (satisfied (Path is satisfied), interface: en0[802.11], uses wifi, LQM: unknown)] Output protocol connected (endpoint_flow)
2026-01-28 16:30:27.479 Db NayaVedAI[71451:21b24f] [com.apple.network:connection] nw_endpoint_flow_connected_path_change [C56 IPv6#e1664cbf.8081 ready parent-flow (satisfied (Path is satisfied), interface: en0[802.11], uses wifi, LQM: unknown)]
2026-01-28 16:30:27.479 I  NayaVedAI[71451:21b24f] [com.apple.network:connection] nw_endpoint_flow_connected_path_change [C56 IPv6#e1664cbf.8081 ready parent-flow (satisfied (Path is satisfied), interface: en0[802.11], uses wifi, LQM: unknown)] Connected path is satisfied, child is not viable
2026-01-28 16:30:27.479 Df NayaVedAI[71451:21b24f] [com.apple.network:connection] [C56 IPv6#e1664cbf.8081 ready parent-flow (satisfied (Path is satisfied), interface: en0[802.11], uses wifi, LQM: unknown)] event: flow:finish_connect @0.013s
2026-01-28 16:30:27.479 Db NayaVedAI[71451:21b24f] [com.apple.network:connection] nw_connection_run_pqtls_probe_locked_on_nw_queue [C56] No TLS metadata; not running PQ-TLS probe
2026-01-28 16:30:27.479 Db NayaVedAI[71451:21b24f] [com.apple.network:connection] nw_connection_run_ech_probe_locked_on_nw_queue [C56] stack doesn't include TLS; not running ECH probe
2026-01-28 16:30:27.479 Db NayaVedAI[71451:21b24f] [com.apple.network:connection] nw_connection_endpoint_report_on_nw_queue_block_invoke [C56] Connected fallback generation 0
2026-01-28 16:30:27.479 I  NayaVedAI[71451:21b24f] [com.apple.network:connection] nw_connection_start_candidate_manager_if_needed_locked [C56] Checking whether to start candidate manager
2026-01-28 16:30:27.479 Db NayaVedAI[71451:21b24f] [com.apple.network:connection] nw_connection_start_candidate_manager_if_needed_locked [C56] Connection does not support multipath, not starting candidate manager
2026-01-28 16:30:27.479 Df NayaVedAI[71451:21b24f] [com.apple.network:connection] nw_connection_report_state_with_handler_on_nw_queue [C56] reporting state ready
2026-01-28 16:30:27.479 Df NayaVedAI[71451:21b24f] [com.apple.CFNetwork:Default] Connection 56: connected successfully
2026-01-28 16:30:27.479 Df NayaVedAI[71451:21b24f] [com.apple.CFNetwork:Default] Connection 56: ready C(N) E(N)
2026-01-28 16:30:27.479 Db NayaVedAI[71451:21b24f] [com.apple.CFNetwork:Default] Task <C626A518-4279-4566-86FD-FB8C7E577360>.<1> done setting up Connection 56
2026-01-28 16:30:27.479 Db NayaVedAI[71451:21b24f] [com.apple.network:activity] Returning should log: 0 for activity cfnetwork:foreground_task
2026-01-28 16:30:27.479 Df NayaVedAI[71451:21b24f] [com.apple.CFNetwork:Default] Task <C626A518-4279-4566-86FD-FB8C7E577360>.<1> now using Connection 56
2026-01-28 16:30:27.479 Db NayaVedAI[71451:21b24f] [com.apple.network:activity] Returning should log: 0 for activity cfnetwork:foreground_task
2026-01-28 16:30:27.479 Df NayaVedAI[71451:21b24f] [com.apple.CFNetwork:Default] Task <C626A518-4279-4566-86FD-FB8C7E577360>.<1> sent request, body N 0
2026-01-28 16:30:27.479 Db NayaVedAI[71451:21b24f] [com.apple.network:connection] nw_socket_handle_socket_event [C57.1.1:2] Event mask: 0x800
2026-01-28 16:30:27.479 Df NayaVedAI[71451:21b24f] [com.apple.network:connection] nw_socket_handle_socket_event [C57.1.1:2] Socket received CONNECTED event
2026-01-28 16:30:27.479 Db NayaVedAI[71451:21b24f] [com.apple.network:connection] nw_socket_setup_notsent_lowat [C57.1.1:2] Set TCP_NOTSENT_LOWAT(16384)
2026-01-28 16:30:27.479 Df NayaVedAI[71451:21b24f] [com.apple.network:connection] nw_flow_connected [C57.1.1 IPv6#e1664cbf.8081 in_progress socket-flow (satisfied (Path is satisfied), interface: lo0)] Transport protocol connected (socket)
2026-01-28 16:30:27.479 Db NayaVedAI[71451:21b24f] [com.apple.network:connection] nw_endpoint_resolver_receive_report [C57.1 Hostname#a19a2c0f:8081 in_progress resolver (satisfied (Path is satisfied), interface: en0[802.11], uses wifi, LQM: unknown)] received child report: [C57.1.1 IPv6#e1664cbf.8081 in_progress socket-flow (satisfied (Path is satisfied), interface: lo0)]
2026-01-28 16:30:27.479 Db NayaVedAI[71451:21b24f] [com.apple.network:connection] nw_endpoint_flow_receive_report [C57 Hostname#a19a2c0f:8081 in_progress parent-flow (satisfied (Path is satisfied), interface: en0[802.11], uses wifi, LQM: unknown)] received child report: [C57.1.1 IPv6#e1664cbf.8081 in_progress socket-flow (satisfied (Path is satisfied), interface: lo0)]
2026-01-28 16:30:27.479 Df NayaVedAI[71451:21b24f] [com.apple.network:connection] [C57.1.1 IPv6#e1664cbf.8081 in_progress socket-flow (satisfied (Path is satisfied), interface: lo0)] event: flow:finish_transport @0.005s
2026-01-28 16:30:27.479 I  NayaVedAI[71451:21b24f] [com.apple.network:connection] nw_endpoint_resolver_receive_report [C57.1 Hostname#a19a2c0f:8081 in_progress resolver (satisfied (Path is satisfied), interface: en0[802.11], uses wifi, LQM: unknown)] pushing out endpoint race by 2000ms
2026-01-28 16:30:27.479 Df NayaVedAI[71451:21b24f] [com.apple.network:connection] nw_flow_connected [C57.1.1 IPv6#e1664cbf.8081 in_progress socket-flow (satisfied (Path is satisfied), interface: lo0)] Output protocol connected (CFNetworkConnection-3282745862)
2026-01-28 16:30:27.479 Db NayaVedAI[71451:21b24f] [com.apple.network:connection] nw_endpoint_flow_connected_path_change [C57.1.1 IPv6#e1664cbf.8081 ready socket-flow (satisfied (Path is satisfied), interface: lo0)]
2026-01-28 16:30:27.479 I  NayaVedAI[71451:21b24f] [com.apple.network:connection] nw_endpoint_flow_connected_path_change [C57.1.1 IPv6#e1664cbf.8081 ready socket-flow (satisfied (Path is satisfied), interface: lo0)] Connected path is satisfied, not viable
2026-01-28 16:30:27.479 Db NayaVedAI[71451:21b24f] [com.apple.network:connection] nw_endpoint_resolver_receive_report [C57.1 Hostname#a19a2c0f:8081 in_progress resolver (satisfied (Path is satisfied), interface: en0[802.11], uses wifi, LQM: unknown)] received child report: [C57.1.1 IPv6#e1664cbf.8081 ready socket-flow (satisfied (Path is satisfied), interface: lo0)]
2026-01-28 16:30:27.479 Db NayaVedAI[71451:21b24f] [com.apple.network:connection] nw_endpoint_flow_receive_report [C57 Hostname#a19a2c0f:8081 in_progress parent-flow (satisfied (Path is satisfied), interface: en0[802.11], uses wifi, LQM: unknown)] received child report: [C57.1.1 IPv6#e1664cbf.8081 ready socket-flow (satisfied (Path is satisfied), interface: lo0)]
2026-01-28 16:30:27.479 Df NayaVedAI[71451:21b24f] [com.apple.network:connection] [C57.1.1 IPv6#e1664cbf.8081 ready socket-flow (satisfied (Path is satisfied), interface: lo0)] event: flow:child_finish_connect @0.005s
2026-01-28 16:30:27.479 Db NayaVedAI[71451:21b24f] [com.apple.network:connection] nw_endpoint_flow_receive_report [C57 IPv6#e1664cbf.8081 in_progress parent-flow (satisfied (Path is satisfied), interface: en0[802.11], uses wifi, LQM: unknown)] connecting endpoint_flow to child's shared protocol
2026-01-28 16:30:27.480 Db NayaVedAI[71451:21b24f] [com.apple.network:connection] nw_endpoint_flow_setup_protocols [C57 IPv6#e1664cbf.8081 in_progress parent-flow (satisfied (Path is satisfied), interface: en0[802.11], uses wifi, LQM: unknown)] already set up
