2026-01-28 16:13:26.436 Db NayaVedAI[63826:20fb26] [com.apple.SystemConfiguration:SCPreferences] create <SCPreferences 0x12e62f040 [0x1e578fa80]> {name = SCDynamicStoreCopyProxiesWithOptions, id = /Library/Managed Preferences/mobile/com.apple.SystemConfiguration.plist, path = /Library/Managed Preferences/mobile/com.apple.SystemConfiguration.plist}
2026-01-28 16:13:26.436 Db NayaVedAI[63826:20fb26] [com.apple.SystemConfiguration:SCPreferences] SCPreferences() access: /Library/Managed Preferences/mobile/com.apple.SystemConfiguration.plist, size=0
2026-01-28 16:13:26.436 Db NayaVedAI[63826:20fb26] [com.apple.SystemConfiguration:SCPreferences] release <SCPreferences 0x12e62f040 [0x1e578fa80]> {name = SCDynamicStoreCopyProxiesWithOptions, id = /Library/Managed Preferences/mobile/com.apple.SystemConfiguration.plist, path = /Library/Managed Preferences/mobile/com.apple.SystemConfiguration.plist, accessed}
2026-01-28 16:13:26.436 Db NayaVedAI[63826:20fb26] [com.apple.network:connection] -[NWConcrete_nw_endpoint_resolver startWithHandler:] [C40.1 Hostname#b33e072a:8081 waiting resolver (satisfied (Path is satisfied), interface: en0[802.11], uses wifi, LQM: unknown)]
2026-01-28 16:13:26.436 Db NayaVedAI[63826:20fb26] [com.apple.network:connection] nw_endpoint_flow_receive_report [C40 Hostname#b33e072a:8081 in_progress parent-flow (satisfied (Path is satisfied), interface: en0[802.11], uses wifi, LQM: unknown)] received child report: [C40.1 Hostname#b33e072a:8081 in_progress resolver (satisfied (Path is satisfied), interface: en0[802.11], uses wifi, LQM: unknown)]
2026-01-28 16:13:26.436 Df NayaVedAI[63826:20fb26] [com.apple.network:connection] [C40.1 Hostname#b33e072a:8081 in_progress resolver (satisfied (Path is satisfied), interface: en0[802.11], uses wifi, LQM: unknown)] event: resolver:start_dns @0.001s
2026-01-28 16:13:26.437 Db NayaVedAI[63826:20fb26] [com.apple.networkextension:] ne_tracker_check_is_hostname_blocked() proceeding with the in_the_app check for hostname: localhost
2026-01-28 16:13:26.438 Db NayaVedAI[63826:20fb26] [com.apple.CFBundle:resources] Resource lookup at CFBundle 0x600003b10000 </Users/shivi.agarwal/Library/Developer/CoreSimulator/Devices/AC7E343F-585F-430E-B17D-BDD649803605/data/Containers/Bundle/Application/526E8406-59B6-4C05-9D18-38A7EF2F46C7/NayaVedAI.app> (executable, loaded)
	Request       : InfoPlist type: strings
	Result        : None
2026-01-28 16:13:26.438 Db NayaVedAI[63826:20fb26] [com.apple.CFBundle:resources] Resource lookup at CFBundle 0x600003b10000 </Users/shivi.agarwal/Library/Developer/CoreSimulator/Devices/AC7E343F-585F-430E-B17D-BDD649803605/data/Containers/Bundle/Application/526E8406-59B6-4C05-9D18-38A7EF2F46C7/NayaVedAI.app> (executable, loaded)
	Request       : InfoPlist type: stringsdict
	Result        : None
2026-01-28 16:13:26.438 Db NayaVedAI[63826:20fb26] [com.apple.networkextension:] ne_tracker_check_is_hostname_blocked(): hostname localhost is not a tracker. Returning: ne_tracker_status_none
2026-01-28 16:13:26.438 I  NayaVedAI[63826:20fb26] [com.apple.network:connection] nw_resolver_create_dns_service_locked [C40.1] Starting host resolution Hostname#b33e072a:8081, flags 0xc000d000 proto 0
2026-01-28 16:13:26.438 Df NayaVedAI[63826:20fb26] [com.apple.CFNetwork:Default] Task <0FD7334F-49F5-4CE9-840C-68785C7CDC19>.<1> setting up Connection 40
2026-01-28 16:13:26.438 Db NayaVedAI[63826:20fb26] [com.apple.network:activity] Returning should log: 0 for activity cfnetwork:foreground_task
2026-01-28 16:13:26.438 I  NayaVedAI[63826:20fb26] [com.apple.network:connection] nw_resolver_host_resolve_callback [C40.1] flags=0x40000003 ifindex=4294967295 error=NoError(0) hostname=localhost. addr=IPv6#42e9e5e9 ttl=1
2026-01-28 16:13:26.438 I  NayaVedAI[63826:20fb26] [com.apple.network:connection] nw_resolver_host_resolve_callback [C40.1] flags=0x40000002 ifindex=4294967295 error=NoError(0) hostname=localhost. addr=IPv4#075c8fe9 ttl=1
2026-01-28 16:13:26.438 Db NayaVedAI[63826:20fb26] [com.apple.network:] sa_dst_compare_rfc6724 Rule 6, prefer d2, d2 precedence 50 > d1 precedence 35
2026-01-28 16:13:26.438 Db NayaVedAI[63826:20fb26] [com.apple.network:] sa_dst_compare_internal <private>@0 < <private>@0
2026-01-28 16:13:26.438 Db NayaVedAI[63826:20fb26] [com.apple.network:connection] nw_endpoint_resolver_update [C40.1 Hostname#b33e072a:8081 in_progress resolver (satisfied (Path is satisfied), interface: en0[802.11], uses wifi, LQM: unknown)] resolver is complete
2026-01-28 16:13:26.438 Df NayaVedAI[63826:20fb26] [com.apple.network:connection] nw_endpoint_resolver_update [C40.1 Hostname#b33e072a:8081 in_progress resolver (satisfied (Path is satisfied), interface: en0[802.11], uses wifi, LQM: unknown)] Adding endpoint handler for IPv6#9530c712.8081
2026-01-28 16:13:26.439 Df NayaVedAI[63826:20fb26] [com.apple.network:connection] nw_endpoint_resolver_update [C40.1 Hostname#b33e072a:8081 in_progress resolver (satisfied (Path is satisfied), interface: en0[802.11], uses wifi, LQM: unknown)] Adding endpoint handler for IPv4#eafe643d:8081
2026-01-28 16:13:26.439 Db NayaVedAI[63826:20fb26] [com.apple.network:connection] nw_endpoint_resolver_update [C40.1 Hostname#b33e072a:8081 in_progress resolver (satisfied (Path is satisfied), interface: en0[802.11], uses wifi, LQM: unknown)] Updated endpoint list is (IPv6#9530c712.8081,IPv4#eafe643d:8081)
2026-01-28 16:13:26.439 Db NayaVedAI[63826:20fb26] [com.apple.network:connection] nw_endpoint_flow_receive_report [C40 Hostname#b33e072a:8081 in_progress parent-flow (satisfied (Path is satisfied), interface: en0[802.11], uses wifi, LQM: unknown)] received child report: [C40.1 Hostname#b33e072a:8081 in_progress resolver (satisfied (Path is satisfied), interface: en0[802.11], uses wifi, LQM: unknown)]
2026-01-28 16:13:26.439 Df NayaVedAI[63826:20fb26] [com.apple.network:connection] [C40.1 Hostname#b33e072a:8081 in_progress resolver (satisfied (Path is satisfied), interface: en0[802.11], uses wifi, LQM: unknown)] event: resolver:receive_dns @0.004s
2026-01-28 16:13:26.439 I  NayaVedAI[63826:20fb26] [com.apple.network:connection] nw_endpoint_resolver_start_next_child [C40.1 Hostname#b33e072a:8081 in_progress resolver (satisfied (Path is satisfied), interface: en0[802.11], uses wifi, LQM: unknown)] starting child endpoint IPv6#9530c712.8081
2026-01-28 16:13:26.440 I  NayaVedAI[63826:20fb26] [com.apple.network:connection] nw_endpoint_handler_start [C40.1.1 IPv6#9530c712.8081 initial path ((null))]
2026-01-28 16:13:26.440 Db NayaVedAI[63826:20fb26] [com.apple.network:connection] nw_endpoint_resolver_receive_report [C40.1 Hostname#b33e072a:8081 in_progress resolver (satisfied (Path is satisfied), interface: en0[802.11], uses wifi, LQM: unknown)] received child report: [C40.1.1 IPv6#9530c712.8081 initial path ((null))]
2026-01-28 16:13:26.440 Db NayaVedAI[63826:20fb26] [com.apple.network:connection] nw_endpoint_flow_receive_report [C40 Hostname#b33e072a:8081 in_progress parent-flow (satisfied (Path is satisfied), interface: en0[802.11], uses wifi, LQM: unknown)] received child report: [C40.1.1 IPv6#9530c712.8081 initial path ((null))]
2026-01-28 16:13:26.440 Df NayaVedAI[63826:20fb26] [com.apple.network:connection] [C40.1.1 IPv6#9530c712.8081 initial path ((null))] event: path:start @0.005s
2026-01-28 16:13:26.440 Db NayaVedAI[63826:20fb26] [com.apple.network:connection] nw_endpoint_handler_path_change [C40.1.1 IPv6#9530c712.8081 waiting path (satisfied (Path is satisfied), interface: lo0)]
2026-01-28 16:13:26.440 Db NayaVedAI[63826:20fb26] [com.apple.network:connection] nw_endpoint_resolver_receive_report [C40.1 Hostname#b33e072a:8081 in_progress resolver (satisfied (Path is satisfied), interface: en0[802.11], uses wifi, LQM: unknown)] received child report: [C40.1.1 IPv6#9530c712.8081 waiting path (satisfied (Path is satisfied), interface: lo0)]
2026-01-28 16:13:26.440 Db NayaVedAI[63826:20fb26] [com.apple.network:connection] nw_endpoint_flow_receive_report [C40 Hostname#b33e072a:8081 in_progress parent-flow (satisfied (Path is satisfied), interface: en0[802.11], uses wifi, LQM: unknown)] received child report: [C40.1.1 IPv6#9530c712.8081 waiting path (satisfied (Path is satisfied), interface: lo0)]
2026-01-28 16:13:26.440 Df NayaVedAI[63826:20fb26] [com.apple.network:connection] [C40.1.1 IPv6#9530c712.8081 waiting path (satisfied (Path is satisfied), interface: lo0)] event: path:satisfied @0.006s, uuid: 5637FE20-D518-4FB3-AED2-7C93E3CDD2DB
2026-01-28 16:13:26.440 Db NayaVedAI[63826:20fb26] [com.apple.network:] nw_endpoint_proxy_handler_should_use_proxy Looking up proxy for hostname: <nil>, ifindex: 0
2026-01-28 16:13:26.440 Db NayaVedAI[63826:20fb26] [com.apple.SystemConfiguration:SCPreferences] create <SCPreferences 0x12e638bc0 [0x1e578fa80]> {name = SCDynamicStoreCopyProxiesWithOptions, id = /Library/Managed Preferences/mobile/com.apple.SystemConfiguration.plist, path = /Library/Managed Preferences/mobile/com.apple.SystemConfiguration.plist}
2026-01-28 16:13:26.440 Db NayaVedAI[63826:20fb26] [com.apple.SystemConfiguration:SCPreferences] SCPreferences() access: /Library/Managed Preferences/mobile/com.apple.SystemConfiguration.plist, size=0
2026-01-28 16:13:26.440 Db NayaVedAI[63826:20fb26] [com.apple.SystemConfiguration:SCPreferences] release <SCPreferences 0x12e638bc0 [0x1e578fa80]> {name = SCDynamicStoreCopyProxiesWithOptions, id = /Library/Managed Preferences/mobile/com.apple.SystemConfiguration.plist, path = /Library/Managed Preferences/mobile/com.apple.SystemConfiguration.plist, accessed}
2026-01-28 16:13:26.441 I  NayaVedAI[63826:20fb26] [com.apple.network:connection] nw_association_create_flow <nw_association IPv6#9530c712.8081> Added association flow ID 75A1D058-2E40-4684-840A-71B1B17FA7FD
2026-01-28 16:13:26.441 I  NayaVedAI[63826:20fb26] [com.apple.network:connection] nw_endpoint_flow_setup_protocols [C40.1.1 IPv6#9530c712.8081 in_progress socket-flow (satisfied (Path is satisfied), interface: lo0)] setup flow id 75A1D058-2E40-4684-840A-71B1B17FA7FD
2026-01-28 16:13:26.441 Db NayaVedAI[63826:20fb26] [com.apple.network:connection] nw_endpoint_flow_attach_protocols [C40.1.1 IPv6#9530c712.8081 in_progress socket-flow (satisfied (Path is satisfied), interface: lo0)]
2026-01-28 16:13:26.441 Db NayaVedAI[63826:20fb26] [com.apple.network:connection] nw_endpoint_flow_attach_protocols_block_invoke [C40.1.1 IPv6#9530c712.8081 in_progress socket-flow (satisfied (Path is satisfied), interface: lo0)] Attached application protocol: CFNetworkConnection-1110212295
2026-01-28 16:13:26.441 Df NayaVedAI[63826:21014f] [com.apple.CFNetwork:Default] Task <E037C91B-C13A-4850-BC5C-972933072468>.<2> resuming, timeouts(0.0, 604800.0) qos(0x19) voucher((null)) activity(00000000-0000-0000-0000-000000000000)
2026-01-28 16:13:26.441 Db NayaVedAI[63826:20fb26] [com.apple.network:] nw_fd_wrapper_create Created <fd_wrapper 24, guarded: false>
2026-01-28 16:13:26.441 Db NayaVedAI[63826:21014f] [com.apple.network:activity] Returning should log: 0 for activity cfnetwork:foreground_task
2026-01-28 16:13:26.441 Db NayaVedAI[63826:21014f] [com.apple.network:activity] Domain cfnetwork rate configured in registry as 1 / 20000
2026-01-28 16:13:26.441 Db NayaVedAI[63826:21014f] [com.apple.network:activity] Domain cfnetwork rate configured after remote default override as 1 / 20000
2026-01-28 16:13:26.441 Db NayaVedAI[63826:21014f] [com.apple.network:activity] After reading settings plist, domain cfnetwork rate configured as 1 / 2000000
2026-01-28 16:13:26.441 Db NayaVedAI[63826:21014f] [com.apple.network:activity] After settings override, domain cfnetwork rate configured as 1 / 2000000
2026-01-28 16:13:26.441 Db NayaVedAI[63826:21014f] [com.apple.network:activity] Final domain cfnetwork rate configured as 1 / 2000000
2026-01-28 16:13:26.441 Db NayaVedAI[63826:21014f] [com.apple.network:activity] <nw_activity 12:2 [No UUID] (reporting strategy default)> sampled at 1 / 2000000
2026-01-28 16:13:26.441 Db NayaVedAI[63826:21014f] [com.apple.network:activity] Returning should log: 0 for activity cfnetwork:foreground_task
2026-01-28 16:13:26.441 Db NayaVedAI[63826:21014f] [com.apple.network:activity] Returning should log: 0 for activity cfnetwork:foreground_task
2026-01-28 16:13:26.441 Db NayaVedAI[63826:21014f] [com.apple.CFNetwork:Default] [Telemetry]: Activity <nw_activity 12:2 [E4E4E4F7-C642-4425-A91A-B16CE75E7094] (reporting strategy default)> on Task <E037C91B-C13A-4850-BC5C-972933072468>.<2> was not selected for reporting
2026-01-28 16:13:26.441 Db NayaVedAI[63826:20fb26] [com.apple.network:connection] nw_endpoint_flow_attach_protocols [C40.1.1 IPv6#9530c712.8081 in_progress socket-flow (satisfied (Path is satisfied), interface: lo0)] Attached socket protocol
2026-01-28 16:13:26.442 Db NayaVedAI[63826:20fb26] [com.apple.network:connection] nw_endpoint_flow_setup_protocols [C40.1.1 IPv6#9530c712.8081 in_progress socket-flow (satisfied (Path is satisfied), interface: lo0)] leaf flow starting
2026-01-28 16:13:26.442 Db NayaVedAI[63826:20fb26] [com.apple.network:connection] nw_endpoint_resolver_receive_report [C40.1 Hostname#b33e072a:8081 in_progress resolver (satisfied (Path is satisfied), interface: en0[802.11], uses wifi, LQM: unknown)] received child report: [C40.1.1 IPv6#9530c712.8081 in_progress socket-flow (satisfied (Path is satisfied), interface: lo0)]
2026-01-28 16:13:26.442 Db NayaVedAI[63826:20fb26] [com.apple.network:connection] nw_endpoint_flow_receive_report [C40 Hostname#b33e072a:8081 in_progress parent-flow (satisfied (Path is satisfied), interface: en0[802.11], uses wifi, LQM: unknown)] received child report: [C40.1.1 IPv6#9530c712.8081 in_progress socket-flow (satisfied (Path is satisfied), interface: lo0)]
2026-01-28 16:13:26.442 Df NayaVedAI[63826:20fb26] [com.apple.network:connection] [C40.1.1 IPv6#9530c712.8081 in_progress socket-flow (satisfied (Path is satisfied), interface: lo0)] event: flow:start_connect @0.007s
2026-01-28 16:13:26.442 I  NayaVedAI[63826:20fb26] [com.apple.network:connection] nw_endpoint_resolver_start_next_child [C40.1 Hostname#b33e072a:8081 in_progress resolver (satisfied (Path is satisfied), interface: en0[802.11], uses wifi, LQM: unknown)] starting next child endpoint in 100ms
2026-01-28 16:13:26.442 Db NayaVedAI[63826:21011c] [com.apple.CFNetwork:ATS] Uploading ATS exception ATSAllowsLocalNetworking
2026-01-28 16:13:26.442 A  NayaVedAI[63826:20fb26] (Security) SecTrustReportNetworkingAnalytics
2026-01-28 16:13:26.442 Db NayaVedAI[63826:21011c] [com.apple.network:connection] nw_socket_handle_socket_event [C40.1.1:2] Event mask: 0x800
2026-01-28 16:13:26.442 Df NayaVedAI[63826:21011c] [com.apple.network:connection] nw_socket_handle_socket_event [C40.1.1:2] Socket received CONNECTED event
2026-01-28 16:13:26.442 Db NayaVedAI[63826:21011c] [com.apple.network:connection] nw_socket_setup_notsent_lowat [C40.1.1:2] Set TCP_NOTSENT_LOWAT(16384)
2026-01-28 16:13:26.442 Df NayaVedAI[63826:21011c] [com.apple.network:connection] nw_flow_connected [C40.1.1 IPv6#9530c712.8081 in_progress socket-flow (satisfied (Path is satisfied), interface: lo0)] Transport protocol connected (socket)
2026-01-28 16:13:26.442 Db NayaVedAI[63826:21011c] [com.apple.network:connection] nw_endpoint_resolver_receive_report [C40.1 Hostname#b33e072a:8081 in_progress resolver (satisfied (Path is satisfied), interface: en0[802.11], uses wifi, LQM: unknown)] received child report: [C40.1.1 IPv6#9530c712.8081 in_progress socket-flow (satisfied (Path is satisfied), interface: lo0)]
2026-01-28 16:13:26.442 Db NayaVedAI[63826:21011c] [com.apple.network:connection] nw_endpoint_flow_receive_report [C40 Hostname#b33e072a:8081 in_progress parent-flow (satisfied (Path is satisfied), interface: en0[802.11], uses wifi, LQM: unknown)] received child report: [C40.1.1 IPv6#9530c712.8081 in_progress socket-flow (satisfied (Path is satisfied), interface: lo0)]
2026-01-28 16:13:26.442 Df NayaVedAI[63826:21011c] [com.apple.network:connection] [C40.1.1 IPv6#9530c712.8081 in_progress socket-flow (satisfied (Path is satisfied), interface: lo0)] event: flow:finish_transport @0.008s
2026-01-28 16:13:26.442 I  NayaVedAI[63826:21011c] [com.apple.network:connection] nw_endpoint_resolver_receive_report [C40.1 Hostname#b33e072a:8081 in_progress resolver (satisfied (Path is satisfied), interface: en0[802.11], uses wifi, LQM: unknown)] pushing out endpoint race by 2000ms
2026-01-28 16:13:26.442 Df NayaVedAI[63826:21011c] [com.apple.network:connection] nw_flow_connected [C40.1.1 IPv6#9530c712.8081 in_progress socket-flow (satisfied (Path is satisfied), interface: lo0)] Output protocol connected (CFNetworkConnection-1110212295)
2026-01-28 16:13:26.442 Df NayaVedAI[63826:20fb26] [com.apple.securityd:SecError] SecTrustReportNetworkingAnalytics failed with error: -4
2026-01-28 16:13:26.442 Db NayaVedAI[63826:21011c] [com.apple.network:connection] nw_endpoint_flow_connected_path_change [C40.1.1 IPv6#9530c712.8081 ready socket-flow (satisfied (Path is satisfied), interface: lo0)]
2026-01-28 16:13:26.443 I  NayaVedAI[63826:21011c] [com.apple.network:connection] nw_endpoint_flow_connected_path_change [C40.1.1 IPv6#9530c712.8081 ready socket-flow (satisfied (Path is satisfied), interface: lo0)] Connected path is satisfied, not viable
2026-01-28 16:13:26.443 Db NayaVedAI[63826:21011c] [com.apple.network:connection] nw_endpoint_resolver_receive_report [C40.1 Hostname#b33e072a:8081 in_progress resolver (satisfied (Path is satisfied), interface: en0[802.11], uses wifi, LQM: unknown)] received child report: [C40.1.1 IPv6#9530c712.8081 ready socket-flow (satisfied (Path is satisfied), interface: lo0)]
2026-01-28 16:13:26.443 Db NayaVedAI[63826:21011c] [com.apple.network:connection] nw_endpoint_flow_receive_report [C40 Hostname#b33e072a:8081 in_progress parent-flow (satisfied (Path is satisfied), interface: en0[802.11], uses wifi, LQM: unknown)] received child report: [C40.1.1 IPv6#9530c712.8081 ready socket-flow (satisfied (Path is satisfied), interface: lo0)]
2026-01-28 16:13:26.443 Df NayaVedAI[63826:21011c] [com.apple.network:connection] [C40.1.1 IPv6#9530c712.8081 ready socket-flow (satisfied (Path is satisfied), interface: lo0)] event: flow:child_finish_connect @0.008s
2026-01-28 16:13:26.443 Db NayaVedAI[63826:21011c] [com.apple.network:connection] nw_endpoint_flow_receive_report [C40 IPv6#9530c712.8081 in_progress parent-flow (satisfied (Path is satisfied), interface: en0[802.11], uses wifi, LQM: unknown)] connecting endpoint_flow to child's shared protocol
2026-01-28 16:13:26.443 Db NayaVedAI[63826:21011c] [com.apple.network:connection] nw_endpoint_flow_setup_protocols [C40 IPv6#9530c712.8081 in_progress parent-flow (satisfied (Path is satisfied), interface: en0[802.11], uses wifi, LQM: unknown)] already set up
2026-01-28 16:13:26.443 Db NayaVedAI[63826:21011c] [com.apple.network:connection] nw_endpoint_flow_setup_protocols [C40 IPv6#9530c712.8081 in_progress parent-flow (satisfied (Path is satisfied), interface: en0[802.11], uses wifi, LQM: unknown)] child flow connected, starting
2026-01-28 16:13:26.443 Db NayaVedAI[63826:21011c] [com.apple.network:connection] nw_endpoint_flow_setup_protocols [C40 IPv6#9530c712.8081 in_progress parent-flow (satisfied (Path is satisfied), interface: en0[802.11], uses wifi, LQM: unknown)] already started
2026-01-28 16:13:26.443 Db NayaVedAI[63826:21011c] [com.apple.network:connection] nw_endpoint_flow_receive_report [C40 IPv6#9530c712.8081 in_progress parent-flow (satisfied (Path is satisfied), interface: en0[802.11], uses wifi, LQM: unknown)] received child report: [C40.1 Hostname#b33e072a:8081 ready resolver (satisfied (Path is satisfied), interface: en0[802.11], uses wifi, LQM: unknown)]
2026-01-28 16:13:26.443 Df NayaVedAI[63826:21011c] [com.apple.network:connection] [C40.1 Hostname#b33e072a:8081 ready resolver (satisfied (Path is satisfied), interface: en0[802.11], uses wifi, LQM: unknown)] event: flow:child_finish_connect @0.008s
2026-01-28 16:13:26.443 I  NayaVedAI[63826:21011c] [com.apple.network:connection] nw_endpoint_handler_cancel [C40.1.2 IPv4#eafe643d:8081 initial path ((null))]
2026-01-28 16:13:26.443 Df NayaVedAI[63826:21011c] [com.apple.network:connection] nw_flow_connected [C40 IPv6#9530c712.8081 in_progress parent-flow (satisfied (Path is satisfied), interface: en0[802.11], uses wifi, LQM: unknown)] Output protocol connected (endpoint_flow)
2026-01-28 16:13:26.443 Db NayaVedAI[63826:21011c] [com.apple.network:connection] nw_endpoint_flow_connected_path_change [C40 IPv6#9530c712.8081 ready parent-flow (satisfied (Path is satisfied), interface: en0[802.11], uses wifi, LQM: unknown)]
2026-01-28 16:13:26.443 I  NayaVedAI[63826:21011c] [com.apple.network:connection] nw_endpoint_flow_connected_path_change [C40 IPv6#9530c712.8081 ready parent-flow (satisfied (Path is satisfied), interface: en0[802.11], uses wifi, LQM: unknown)] Connected path is satisfied, child is not viable
2026-01-28 16:13:26.443 Df NayaVedAI[63826:21011c] [com.apple.network:connection] [C40 IPv6#9530c712.8081 ready parent-flow (satisfied (Path is satisfied), interface: en0[802.11], uses wifi, LQM: unknown)] event: flow:finish_connect @0.009s
2026-01-28 16:13:26.443 Db NayaVedAI[63826:21011c] [com.apple.network:connection] nw_connection_run_pqtls_probe_locked_on_nw_queue [C40] No TLS metadata; not running PQ-TLS probe
2026-01-28 16:13:26.443 Db NayaVedAI[63826:21011c] [com.apple.network:connection] nw_connection_run_ech_probe_locked_on_nw_queue [C40] stack doesn't include TLS; not running ECH probe
2026-01-28 16:13:26.443 Db NayaVedAI[63826:21011c] [com.apple.network:connection] nw_connection_endpoint_report_on_nw_queue_block_invoke [C40] Connected fallback generation 0
2026-01-28 16:13:26.443 I  NayaVedAI[63826:21011c] [com.apple.network:connection] nw_connection_start_candidate_manager_if_needed_locked [C40] Checking whether to start candidate manager
2026-01-28 16:13:26.443 Db NayaVedAI[63826:21011c] [com.apple.network:connection] nw_connection_start_candidate_manager_if_needed_locked [C40] Connection does not support multipath, not starting candidate manager
2026-01-28 16:13:26.443 Df NayaVedAI[63826:21011c] [com.apple.network:connection] nw_connection_report_state_with_handler_on_nw_queue [C40] reporting state ready
2026-01-28 16:13:26.443 Df NayaVedAI[63826:21011c] [com.apple.CFNetwork:Default] Connection 40: connected successfully
2026-01-28 16:13:26.443 Df NayaVedAI[63826:21011c] [com.apple.CFNetwork:Default] Connection 40: ready C(N) E(N)
2026-01-28 16:13:26.444 Db NayaVedAI[63826:21011c] [com.apple.CFNetwork:Default] Task <0FD7334F-49F5-4CE9-840C-68785C7CDC19>.<1> done setting up Connection 40
2026-01-28 16:13:26.444 Db NayaVedAI[63826:21011c] [com.apple.network:activity] Returning should log: 0 for activity cfnetwork:foreground_task
2026-01-28 16:13:26.444 Df NayaVedAI[63826:21011c] [com.apple.CFNetwork:Default] Task <0FD7334F-49F5-4CE9-840C-68785C7CDC19>.<1> now using Connection 40
2026-01-28 16:13:26.444 Db NayaVedAI[63826:21011c] [com.apple.network:activity] Returning should log: 0 for activity cfnetwork:foreground_task
2026-01-28 16:13:26.444 Df NayaVedAI[63826:21011c] [com.apple.CFNetwork:Default] Task <0FD7334F-49F5-4CE9-840C-68785C7CDC19>.<1> sent request, body N 0
2026-01-28 16:13:26.444 I  NayaVedAI[63826:21011c] [com.apple.network:connection] nw_connection_create_with_id [C41] create connection to Hostname#b33e072a:8081
2026-01-28 16:13:26.444 Df NayaVedAI[63826:21011c] [com.apple.CFNetwork:Default] Connection 41: starting, TC(0x0)
2026-01-28 16:13:26.444 Df NayaVedAI[63826:21011c] [com.apple.network:connection] [C41 27C6C4D4-2C58-4923-85B6-3C3B220EDFAB Hostname#b33e072a:8081 tcp, url: http://localhost:8081/symbolicate, definite, attribution: developer, context: com.apple.CFNetwork.NSURLSession.{913D0DD6-4227-4DDC-9CD4-E30C0295DAD5}{(null)}{Y}{2}{0x0} (private), proc: 63B02D91-D502-3FF5-9842-92830ECC12FF, delegated upid: 0] start
2026-01-28 16:13:26.444 I  NayaVedAI[63826:21011c] [com.apple.network:connection] nw_endpoint_handler_start [C41 Hostname#b33e072a:8081 initial parent-flow ((null))]
2026-01-28 16:13:26.444 Df NayaVedAI[63826:21011c] [com.apple.network:connection] [C41 Hostname#b33e072a:8081 initial parent-flow ((null))] event: path:start @0.000s
2026-01-28 16:13:26.444 Db NayaVedAI[63826:21011c] [com.apple.network:connection] nw_endpoint_handler_path_change [C41 Hostname#b33e072a:8081 waiting parent-flow (satisfied (Path is satisfied), interface: en0[802.11], uses wifi, LQM: unknown)]
2026-01-28 16:13:26.444 Db NayaVedAI[63826:21011c] [com.apple.networkextension:] ne_tracker_check_is_hostname_blocked() proceeding with the in_the_app check for hostname: localhost
2026-01-28 16:13:26.444 Db NayaVedAI[63826:21011c] [com.apple.CFBundle:resources] Resource lookup at CFBundle 0x600003b10000 </Users/shivi.agarwal/Library/Developer/CoreSimulator/Devices/AC7E343F-585F-430E-B17D-BDD649803605/data/Containers/Bundle/Application/526E8406-59B6-4C05-9D18-38A7EF2F46C7/NayaVedAI.app> (executable, loaded)
	Request       : InfoPlist type: strings
	Result        : None
2026-01-28 16:13:26.444 Db NayaVedAI[63826:21011c] [com.apple.CFBundle:resources] Resource lookup at CFBundle 0x600003b10000 </Users/shivi.agarwal/Library/Developer/CoreSimulator/Devices/AC7E343F-585F-430E-B17D-BDD649803605/data/Containers/Bundle/Application/526E8406-59B6-4C05-9D18-38A7EF2F46C7/NayaVedAI.app> (executable, loaded)
	Request       : InfoPlist type: stringsdict
	Result        : None
2026-01-28 16:13:26.445 Db NayaVedAI[63826:21011c] [com.apple.networkextension:] ne_tracker_check_is_hostname_blocked(): hostname localhost is not a tracker. Returning: ne_tracker_status_none
2026-01-28 16:13:26.445 Df NayaVedAI[63826:21011c] [com.apple.network:connection] [C41 Hostname#b33e072a:8081 waiting parent-flow (satisfied (Path is satisfied), interface: en0[802.11], uses wifi, LQM: unknown)] event: path:satisfied @0.000s, uuid: E3A973D7-426D-436A-9EA0-1858388DB031
2026-01-28 16:13:26.445 I  NayaVedAI[63826:21011c] [com.apple.network:connection] nw_connection_endpoint_report_on_nw_queue_block_invoke [C41 Hostname#b33e072a:8081 waiting parent-flow (satisfied (Path is satisfied), interface: en0[802.11], uses wifi, LQM: unknown)] skipping state update
2026-01-28 16:13:26.445 Db NayaVedAI[63826:21011c] [com.apple.network:] nw_endpoint_proxy_handler_should_use_proxy Looking up proxy for hostname: localhost, ifindex: 0
2026-01-28 16:13:26.445 Db NayaVedAI[63826:21011c] [com.apple.SystemConfiguration:SCPreferences] create <SCPreferences 0x108af3630 [0x1e578fa80]> {name = SCDynamicStoreCopyProxiesWithOptions, id = /Library/Managed Preferences/mobile/com.apple.SystemConfiguration.plist, path = /Library/Managed Preferences/mobile/com.apple.SystemConfiguration.plist}
2026-01-28 16:13:26.445 Db NayaVedAI[63826:21011c] [com.apple.SystemConfiguration:SCPreferences] SCPreferences() access: /Library/Managed Preferences/mobile/com.apple.SystemConfiguration.plist, size=0
2026-01-28 16:13:26.445 Db NayaVedAI[63826:21011c] [com.apple.SystemConfiguration:SCPreferences] release <SCPreferences 0x108af3630 [0x1e578fa80]> {name = SCDynamicStoreCopyProxiesWithOptions, id = /Library/Managed Preferences/mobile/com.apple.SystemConfiguration.plist, path = /Library/Managed Preferences/mobile/com.apple.SystemConfiguration.plist, accessed}
2026-01-28 16:13:26.445 Db NayaVedAI[63826:21011c] [com.apple.network:connection] nw_endpoint_flow_attach_protocols [C41 Hostname#b33e072a:8081 in_progress parent-flow (satisfied (Path is satisfied), interface: en0[802.11], uses wifi, LQM: unknown)]
2026-01-28 16:13:26.445 Db NayaVedAI[63826:21011c] [com.apple.network:connection] nw_endpoint_flow_attach_protocols [C41 Hostname#b33e072a:8081 in_progress parent-flow (satisfied (Path is satisfied), interface: en0[802.11], uses wifi, LQM: unknown)] stopping after adding persistent application protocols
2026-01-28 16:13:26.445 Db NayaVedAI[63826:21011c] [com.apple.network:connection] nw_endpoint_flow_setup_protocols [C41 Hostname#b33e072a:8081 in_progress parent-flow (satisfied (Path is satisfied), interface: en0[802.11], uses wifi, LQM: unknown)] persistent protocol stack, starting
2026-01-28 16:13:26.445 Df NayaVedAI[63826:21011c] [com.apple.network:connection] [C41 Hostname#b33e072a:8081 in_progress parent-flow (satisfied (Path is satisfied), interface: en0[802.11], uses wifi, LQM: unknown)] event: flow:start_connect @0.000s
2026-01-28 16:13:26.445 Df NayaVedAI[63826:21011c] [com.apple.network:connection] nw_connection_report_state_with_handler_on_nw_queue [C41] reporting state preparing
2026-01-28 16:13:26.445 I  NayaVedAI[63826:21011c] [com.apple.network:connection] nw_endpoint_flow_connect [C41 Hostname#b33e072a:8081 in_progress parent-flow (satisfied (Path is satisfied), interface: en0[802.11], uses wifi, LQM: unknown)] connect bottom protocol
2026-01-28 16:13:26.445 Db NayaVedAI[63826:20fabf] [com.apple.defaults:User Defaults] looked up value 1 for key RCTI18nUtil_makeRTLFlipLeftAndRightStyles in CFPrefsPlistSource<0x600002c00600> (Domain: com.nayaved.app, User: kCFPreferencesCurrentUser, ByHost: No, Container: (null), Contents Need Refresh: No) via CFPrefsSearchListSource<0x600002c00200> (Domain: com.nayaved.app, Container: (null) Non-launch persona: 0)
2026-01-28 16:13:26.445 Db NayaVedAI[63826:21011c] [com.apple.network:connection] nw_endpoint_flow_start_child [C41 Hostname#b33e072a:8081 in_progress parent-flow (satisfied (Path is satisfied), interface: en0[802.11], uses wifi, LQM: unknown)] creating and starting child handler
2026-01-28 16:13:26.445 Db NayaVedAI[63826:20fabf] [com.apple.defaults:User Defaults] looked up value 1 for key RCTI18nUtil_makeRTLFlipLeftAndRightStyles in CFPrefsPlistSource<0x600002c00600> (Domain: com.nayaved.app, User: kCFPreferencesCurrentUser, ByHost: No, Container: (null), Contents Need Refresh: No) via CFPrefsSearchListSource<0x600002c00200> (Domain: com.nayaved.app, Container: (null) Non-launch persona: 0)
2026-01-28 16:13:26.445 Db NayaVedAI[63826:20fabf] [com.apple.defaults:User Defaults] looked up value 1 for key RCTI18nUtil_makeRTLFlipLeftAndRightStyles in CFPrefsPlistSource<0x600002c00600> (Domain: com.nayaved.app, User: kCFPreferencesCurrentUser, ByHost: No, Container: (null), Contents Need Refresh: No) via CFPrefsSearchListSource<0x600002c00200> (Domain: com.nayaved.app, Container: (null) Non-launch persona: 0)
2026-01-28 16:13:26.445 Db NayaVedAI[63826:21011c] [com.apple.network:] nw_endpoint_proxy_handler_should_use_proxy Looking up proxy for hostname: localhost, ifindex: 0
2026-01-28 16:13:26.445 Db NayaVedAI[63826:21011c] [com.apple.SystemConfiguration:SCPreferences] create <SCPreferences 0x10bbc0b10 [0x1e578fa80]> {name = SCDynamicStoreCopyProxiesWithOptions, id = /Library/Managed Preferences/mobile/com.apple.SystemConfiguration.plist, path = /Library/Managed Preferences/mobile/com.apple.SystemConfiguration.plist}
2026-01-28 16:13:26.445 Db NayaVedAI[63826:21011c] [com.apple.SystemConfiguration:SCPreferences] SCPreferences() access: /Library/Managed Preferences/mobile/com.apple.SystemConfiguration.plist, size=0
2026-01-28 16:13:26.445 Db NayaVedAI[63826:21011c] [com.apple.SystemConfiguration:SCPreferences] release <SCPreferences 0x10bbc0b10 [0x1e578fa80]> {name = SCDynamicStoreCopyProxiesWithOptions, id = /Library/Managed Preferences/mobile/com.apple.SystemConfiguration.plist, path = /Library/Managed Preferences/mobile/com.apple.SystemConfiguration.plist, accessed}
2026-01-28 16:13:26.445 Df NayaVedAI[63826:21011c] [com.apple.network:connection] [C41 Hostname#b33e072a:8081 in_progress parent-flow (satisfied (Path is satisfied), interface: en0[802.11], uses wifi, LQM: unknown)] event: flow:start_child @0.000s
2026-01-28 16:13:26.445 I  NayaVedAI[63826:21011c] [com.apple.network:connection] nw_endpoint_handler_start [C41.1 Hostname#b33e072a:8081 initial path ((null))]
2026-01-28 16:13:26.445 Db NayaVedAI[63826:21011c] [com.apple.network:connection] nw_endpoint_flow_receive_report [C41 Hostname#b33e072a:8081 in_progress parent-flow (satisfied (Path is satisfied), interface: en0[802.11], uses wifi, LQM: unknown)] received child report: [C41.1 Hostname#b33e072a:8081 initial path ((null))]
2026-01-28 16:13:26.445 Df NayaVedAI[63826:21011c] [com.apple.network:connection] [C41.1 Hostname#b33e072a:8081 initial path ((null))] event: path:start @0.000s
2026-01-28 16:13:26.445 Db NayaVedAI[63826:21011c] [com.apple.network:connection] nw_endpoint_handler_path_change [C41.1 Hostname#b33e072a:8081 waiting path (satisfied (Path is satisfied), interface: en0[802.11], uses wifi, LQM: unknown)]
2026-01-28 16:13:26.445 Db NayaVedAI[63826:21011c] [com.apple.networkextension:] ne_tracker_check_is_hostname_blocked() proceeding with the in_the_app check for hostname: localhost
2026-01-28 16:13:26.445 Db NayaVedAI[63826:21011c] [com.apple.CFBundle:resources] Resource lookup at CFBundle 0x600003b10000 </Users/shivi.agarwal/Library/Developer/CoreSimulator/Devices/AC7E343F-585F-430E-B17D-BDD649803605/data/Containers/Bundle/Application/526E8406-59B6-4C05-9D18-38A7EF2F46C7/NayaVedAI.app> (executable, loaded)
	Request       : InfoPlist type: strings
	Result        : None
2026-01-28 16:13:26.445 Db NayaVedAI[63826:21011c] [com.apple.CFBundle:resources] Resource lookup at CFBundle 0x600003b10000 </Users/shivi.agarwal/Library/Developer/CoreSimulator/Devices/AC7E343F-585F-430E-B17D-BDD649803605/data/Containers/Bundle/Application/526E8406-59B6-4C05-9D18-38A7EF2F46C7/NayaVedAI.app> (executable, loaded)
	Request       : InfoPlist type: stringsdict
	Result        : None
2026-01-28 16:13:26.445 Db NayaVedAI[63826:21011c] [com.apple.networkextension:] ne_tracker_check_is_hostname_blocked(): hostname localhost is not a tracker. Returning: ne_tracker_status_none
2026-01-28 16:13:26.445 Db NayaVedAI[63826:21011c] [com.apple.network:connection] nw_endpoint_flow_receive_report [C41 Hostname#b33e072a:8081 in_progress parent-flow (satisfied (Path is satisfied), interface: en0[802.11], uses wifi, LQM: unknown)] received child report: [C41.1 Hostname#b33e072a:8081 waiting path (satisfied (Path is satisfied), interface: en0[802.11], uses wifi, LQM: unknown)]
2026-01-28 16:13:26.445 Df NayaVedAI[63826:21011c] [com.apple.network:connection] [C41.1 Hostname#b33e072a:8081 waiting path (satisfied (Path is satisfied), interface: en0[802.11], uses wifi, LQM: unknown)] event: path:satisfied @0.001s, uuid: E3A973D7-426D-436A-9EA0-1858388DB031
2026-01-28 16:13:26.445 Db NayaVedAI[63826:21011c] [com.apple.network:] nw_endpoint_proxy_handler_should_use_proxy Looking up proxy for hostname: localhost, ifindex: 0
2026-01-28 16:13:26.445 Db NayaVedAI[63826:21011c] [com.apple.SystemConfiguration:SCPreferences] create <SCPreferences 0x10bbc6e30 [0x1e578fa80]> {name = SCDynamicStoreCopyProxiesWithOptions, id = /Library/Managed Preferences/mobile/com.apple.SystemConfiguration.plist, path = /Library/Managed Preferences/mobile/com.apple.SystemConfiguration.plist}
2026-01-28 16:13:26.445 Db NayaVedAI[63826:21011c] [com.apple.SystemConfiguration:SCPreferences] SCPreferences() access: /Library/Managed Preferences/mobile/com.apple.SystemConfiguration.plist, size=0
2026-01-28 16:13:26.445 Db NayaVedAI[63826:21011c] [com.apple.SystemConfiguration:SCPreferences] release <SCPreferences 0x10bbc6e30 [0x1e578fa80]> {name = SCDynamicStoreCopyProxiesWithOptions, id = /Library/Managed Preferences/mobile/com.apple.SystemConfiguration.plist, path = /Library/Managed Preferences/mobile/com.apple.SystemConfiguration.plist, accessed}
2026-01-28 16:13:26.446 Db NayaVedAI[63826:21011c] [com.apple.network:connection] -[NWConcrete_nw_endpoint_resolver startWithHandler:] [C41.1 Hostname#b33e072a:8081 waiting resolver (satisfied (Path is satisfied), interface: en0[802.11], uses wifi, LQM: unknown)]
2026-01-28 16:13:26.446 Db NayaVedAI[63826:21011c] [com.apple.network:connection] nw_endpoint_flow_receive_report [C41 Hostname#b33e072a:8081 in_progress parent-flow (satisfied (Path is satisfied), interface: en0[802.11], uses wifi, LQM: unknown)] received child report: [C41.1 Hostname#b33e072a:8081 in_progress resolver (satisfied (Path is satisfied), interface: en0[802.11], uses wifi, LQM: unknown)]
2026-01-28 16:13:26.446 Df NayaVedAI[63826:21011c] [com.apple.network:connection] [C41.1 Hostname#b33e072a:8081 in_progress resolver (satisfied (Path is satisfied), interface: en0[802.11], uses wifi, LQM: unknown)] event: resolver:start_dns @0.001s
2026-01-28 16:13:26.447 Db NayaVedAI[63826:21011c] [com.apple.networkextension:] ne_tracker_check_is_hostname_blocked() proceeding with the in_the_app check for hostname: localhost
2026-01-28 16:13:26.448 Db NayaVedAI[63826:21011c] [com.apple.CFBundle:resources] Resource lookup at CFBundle 0x600003b10000 </Users/shivi.agarwal/Library/Developer/CoreSimulator/Devices/AC7E343F-585F-430E-B17D-BDD649803605/data/Containers/Bundle/Application/526E8406-59B6-4C05-9D18-38A7EF2F46C7/NayaVedAI.app> (executable, loaded)
	Request       : InfoPlist type: strings
	Result        : None
2026-01-28 16:13:26.448 Db NayaVedAI[63826:21011c] [com.apple.CFBundle:resources] Resource lookup at CFBundle 0x600003b10000 </Users/shivi.agarwal/Library/Developer/CoreSimulator/Devices/AC7E343F-585F-430E-B17D-BDD649803605/data/Containers/Bundle/Application/526E8406-59B6-4C05-9D18-38A7EF2F46C7/NayaVedAI.app> (executable, loaded)
	Request       : InfoPlist type: stringsdict
	Result        : None
2026-01-28 16:13:26.448 Db NayaVedAI[63826:21011c] [com.apple.networkextension:] ne_tracker_check_is_hostname_blocked(): hostname localhost is not a tracker. Returning: ne_tracker_status_none
2026-01-28 16:13:26.448 I  NayaVedAI[63826:20fabf] [com.apple.Accessibility:AXRuntimeNotifications] Attempting to send notification:  (1018) <private>
2026-01-28 16:13:26.448 I  NayaVedAI[63826:20fabf] [com.apple.Accessibility:AXRuntimeNotifications] Did post notification. notification:  (1018) error:0 data:<private>
2026-01-28 16:13:26.449 I  NayaVedAI[63826:21011c] [com.apple.network:connection] nw_resolver_create_dns_service_locked [C41.1] Starting host resolution Hostname#b33e072a:8081, flags 0xc000d000 proto 0
2026-01-28 16:13:26.449 Df NayaVedAI[63826:21011c] [com.apple.CFNetwork:Default] Task <E037C91B-C13A-4850-BC5C-972933072468>.<2> setting up Connection 41
2026-01-28 16:13:26.449 Db NayaVedAI[63826:21011c] [com.apple.network:activity] Returning should log: 0 for activity cfnetwork:foreground_task
2026-01-28 16:13:26.450 I  NayaVedAI[63826:21011c] [com.apple.network:connection] nw_resolver_host_resolve_callback [C41.1] flags=0x40000003 ifindex=4294967295 error=NoError(0) hostname=localhost. addr=IPv6#42e9e5e9 ttl=1
2026-01-28 16:13:26.450 I  NayaVedAI[63826:21011c] [com.apple.network:connection] nw_resolver_host_resolve_callback [C41.1] flags=0x40000002 ifindex=4294967295 error=NoError(0) hostname=localhost. addr=IPv4#075c8fe9 ttl=1
2026-01-28 16:13:26.450 Db NayaVedAI[63826:21011c] [com.apple.network:] sa_dst_compare_rfc6724 Rule 6, prefer d2, d2 precedence 50 > d1 precedence 35
2026-01-28 16:13:26.450 Db NayaVedAI[63826:21011c] [com.apple.network:] sa_dst_compare_internal <private>@0 < <private>@0
2026-01-28 16:13:26.450 I  NayaVedAI[63826:21011c] [com.apple.network:connection] nw_resolver_create_prefer_connected_variant [C41.1] Prefer Connected: IPv6#9530c712.8081 is already the first endpoint
2026-01-28 16:13:26.450 Db NayaVedAI[63826:21011c] [com.apple.network:connection] nw_endpoint_resolver_update [C41.1 Hostname#b33e072a:8081 in_progress resolver (satisfied (Path is satisfied), interface: en0[802.11], uses wifi, LQM: unknown)] resolver is complete
2026-01-28 16:13:26.450 Df NayaVedAI[63826:21011c] [com.apple.network:connection] nw_endpoint_resolver_update [C41.1 Hostname#b33e072a:8081 in_progress resolver (satisfied (Path is satisfied), interface: en0[802.11], uses wifi, LQM: unknown)] Adding endpoint handler for IPv6#9530c712.8081
2026-01-28 16:13:26.450 Df NayaVedAI[63826:21011c] [com.apple.network:connection] nw_endpoint_resolver_update [C41.1 Hostname#b33e072a:8081 in_progress resolver (satisfied (Path is satisfied), interface: en0[802.11], uses wifi, LQM: unknown)] Adding endpoint handler for IPv4#eafe643d:8081
2026-01-28 16:13:26.450 Db NayaVedAI[63826:21011c] [com.apple.network:connection] nw_endpoint_resolver_update [C41.1 Hostname#b33e072a:8081 in_progress resolver (satisfied (Path is satisfied), interface: en0[802.11], uses wifi, LQM: unknown)] Updated endpoint list is (IPv6#9530c712.8081,IPv4#eafe643d:8081)
2026-01-28 16:13:26.450 Db NayaVedAI[63826:21011c] [com.apple.network:connection] nw_endpoint_flow_receive_report [C41 Hostname#b33e072a:8081 in_progress parent-flow (satisfied (Path is satisfied), interface: en0[802.11], uses wifi, LQM: unknown)] received child report: [C41.1 Hostname#b33e072a:8081 in_progress resolver (satisfied (Path is satisfied), interface: en0[802.11], uses wifi, LQM: unknown)]
2026-01-28 16:13:26.450 Df NayaVedAI[63826:21011c] [com.apple.network:connection] [C41.1 Hostname#b33e072a:8081 in_progress resolver (satisfied (Path is satisfied), interface: en0[802.11], uses wifi, LQM: unknown)] event: resolver:receive_dns @0.005s
2026-01-28 16:13:26.450 I  NayaVedAI[63826:21011c] [com.apple.network:connection] nw_endpoint_resolver_start_next_child [C41.1 Hostname#b33e072a:8081 in_progress resolver (satisfied (Path is satisfied), interface: en0[802.11], uses wifi, LQM: unknown)] starting child endpoint IPv6#9530c712.8081
2026-01-28 16:13:26.450 I  NayaVedAI[63826:21011c] [com.apple.network:connection] nw_endpoint_handler_start [C41.1.1 IPv6#9530c712.8081 initial path ((null))]
2026-01-28 16:13:26.450 Db NayaVedAI[63826:21011c] [com.apple.network:connection] nw_endpoint_resolver_receive_report [C41.1 Hostname#b33e072a:8081 in_progress resolver (satisfied (Path is satisfied), interface: en0[802.11], uses wifi, LQM: unknown)] received child report: [C41.1.1 IPv6#9530c712.8081 initial path ((null))]
2026-01-28 16:13:26.450 Db NayaVedAI[63826:21011c] [com.apple.network:connection] nw_endpoint_flow_receive_report [C41 Hostname#b33e072a:8081 in_progress parent-flow (satisfied (Path is satisfied), interface: en0[802.11], uses wifi, LQM: unknown)] received child report: [C41.1.1 IPv6#9530c712.8081 initial path ((null))]
2026-01-28 16:13:26.450 Df NayaVedAI[63826:21011c] [com.apple.network:connection] [C41.1.1 IPv6#9530c712.8081 initial path ((null))] event: path:start @0.005s
2026-01-28 16:13:26.450 Db NayaVedAI[63826:21011c] [com.apple.network:connection] nw_endpoint_handler_path_change [C41.1.1 IPv6#9530c712.8081 waiting path (satisfied (Path is satisfied), interface: lo0)]
2026-01-28 16:13:26.450 Db NayaVedAI[63826:21011c] [com.apple.network:connection] nw_endpoint_resolver_receive_report [C41.1 Hostname#b33e072a:8081 in_progress resolver (satisfied (Path is satisfied), interface: en0[802.11], uses wifi, LQM: unknown)] received child report: [C41.1.1 IPv6#9530c712.8081 waiting path (satisfied (Path is satisfied), interface: lo0)]
2026-01-28 16:13:26.450 Db NayaVedAI[63826:21011c] [com.apple.network:connection] nw_endpoint_flow_receive_report [C41 Hostname#b33e072a:8081 in_progress parent-flow (satisfied (Path is satisfied), interface: en0[802.11], uses wifi, LQM: unknown)] received child report: [C41.1.1 IPv6#9530c712.8081 waiting path (satisfied (Path is satisfied), interface: lo0)]
2026-01-28 16:13:26.450 Df NayaVedAI[63826:21011c] [com.apple.network:connection] [C41.1.1 IPv6#9530c712.8081 waiting path (satisfied (Path is satisfied), interface: lo0)] event: path:satisfied @0.005s, uuid: 5637FE20-D518-4FB3-AED2-7C93E3CDD2DB
2026-01-28 16:13:26.450 Db NayaVedAI[63826:21011c] [com.apple.network:] nw_endpoint_proxy_handler_should_use_proxy Looking up proxy for hostname: <nil>, ifindex: 0
2026-01-28 16:13:26.450 Db NayaVedAI[63826:21011c] [com.apple.SystemConfiguration:SCPreferences] create <SCPreferences 0x12a7cd0c0 [0x1e578fa80]> {name = SCDynamicStoreCopyProxiesWithOptions, id = /Library/Managed Preferences/mobile/com.apple.SystemConfiguration.plist, path = /Library/Managed Preferences/mobile/com.apple.SystemConfiguration.plist}
2026-01-28 16:13:26.450 Db NayaVedAI[63826:21011c] [com.apple.SystemConfiguration:SCPreferences] SCPreferences() access: /Library/Managed Preferences/mobile/com.apple.SystemConfiguration.plist, size=0
2026-01-28 16:13:26.450 Db NayaVedAI[63826:21011c] [com.apple.SystemConfiguration:SCPreferences] release <SCPreferences 0x12a7cd0c0 [0x1e578fa80]> {name = SCDynamicStoreCopyProxiesWithOptions, id = /Library/Managed Preferences/mobile/com.apple.SystemConfiguration.plist, path = /Library/Managed Preferences/mobile/com.apple.SystemConfiguration.plist, accessed}
2026-01-28 16:13:26.450 I  NayaVedAI[63826:21011c] [com.apple.network:connection] nw_association_create_flow <nw_association IPv6#9530c712.8081> Added association flow ID 8F5E7648-FDC7-4919-B310-80C163CBF9C6
2026-01-28 16:13:26.450 I  NayaVedAI[63826:21011c] [com.apple.network:connection] nw_endpoint_flow_setup_protocols [C41.1.1 IPv6#9530c712.8081 in_progress socket-flow (satisfied (Path is satisfied), interface: lo0)] setup flow id 8F5E7648-FDC7-4919-B310-80C163CBF9C6
2026-01-28 16:13:26.450 Db NayaVedAI[63826:21011c] [com.apple.network:connection] nw_endpoint_flow_attach_protocols [C41.1.1 IPv6#9530c712.8081 in_progress socket-flow (satisfied (Path is satisfied), interface: lo0)]
2026-01-28 16:13:26.450 Db NayaVedAI[63826:21011c] [com.apple.network:connection] nw_endpoint_flow_attach_protocols_block_invoke [C41.1.1 IPv6#9530c712.8081 in_progress socket-flow (satisfied (Path is satisfied), interface: lo0)] Attached application protocol: CFNetworkConnection-1110212295
2026-01-28 16:13:26.450 Db NayaVedAI[63826:21011c] [com.apple.network:] nw_fd_wrapper_create Created <fd_wrapper 25, guarded: false>
2026-01-28 16:13:26.451 Db NayaVedAI[63826:21011c] [com.apple.network:connection] nw_endpoint_flow_attach_protocols [C41.1.1 IPv6#9530c712.8081 in_progress socket-flow (satisfied (Path is satisfied), interface: lo0)] Attached socket protocol
2026-01-28 16:13:26.451 Db NayaVedAI[63826:21011c] [com.apple.network:connection] nw_endpoint_flow_setup_protocols [C41.1.1 IPv6#9530c712.8081 in_progress socket-flow (satisfied (Path is satisfied), interface: lo0)] leaf flow starting
2026-01-28 16:13:26.451 Db NayaVedAI[63826:21011c] [com.apple.network:connection] nw_endpoint_resolver_receive_report [C41.1 Hostname#b33e072a:8081 in_progress resolver (satisfied (Path is satisfied), interface: en0[802.11], uses wifi, LQM: unknown)] received child report: [C41.1.1 IPv6#9530c712.8081 in_progress socket-flow (satisfied (Path is satisfied), interface: lo0)]
2026-01-28 16:13:26.451 Db NayaVedAI[63826:21011c] [com.apple.network:connection] nw_endpoint_flow_receive_report [C41 Hostname#b33e072a:8081 in_progress parent-flow (satisfied (Path is satisfied), interface: en0[802.11], uses wifi, LQM: unknown)] received child report: [C41.1.1 IPv6#9530c712.8081 in_progress socket-flow (satisfied (Path is satisfied), interface: lo0)]
2026-01-28 16:13:26.451 Df NayaVedAI[63826:21011c] [com.apple.network:connection] [C41.1.1 IPv6#9530c712.8081 in_progress socket-flow (satisfied (Path is satisfied), interface: lo0)] event: flow:start_connect @0.006s
2026-01-28 16:13:26.451 I  NayaVedAI[63826:21011c] [com.apple.network:connection] nw_endpoint_resolver_start_next_child [C41.1 Hostname#b33e072a:8081 in_progress resolver (satisfied (Path is satisfied), interface: en0[802.11], uses wifi, LQM: unknown)] starting next child endpoint in 100ms
2026-01-28 16:13:26.451 Db NayaVedAI[63826:21011c] [com.apple.network:connection] nw_socket_handle_socket_event [C41.1.1:2] Event mask: 0x800
2026-01-28 16:13:26.451 Df NayaVedAI[63826:21011c] [com.apple.network:connection] nw_socket_handle_socket_event [C41.1.1:2] Socket received CONNECTED event
2026-01-28 16:13:26.451 Db NayaVedAI[63826:21011c] [com.apple.network:connection] nw_socket_setup_notsent_lowat [C41.1.1:2] Set TCP_NOTSENT_LOWAT(16384)
2026-01-28 16:13:26.451 Df NayaVedAI[63826:21011c] [com.apple.network:connection] nw_flow_connected [C41.1.1 IPv6#9530c712.8081 in_progress socket-flow (satisfied (Path is satisfied), interface: lo0)] Transport protocol connected (socket)
2026-01-28 16:13:26.451 Db NayaVedAI[63826:21011c] [com.apple.network:connection] nw_endpoint_resolver_receive_report [C41.1 Hostname#b33e072a:8081 in_progress resolver (satisfied (Path is satisfied), interface: en0[802.11], uses wifi, LQM: unknown)] received child report: [C41.1.1 IPv6#9530c712.8081 in_progress socket-flow (satisfied (Path is satisfied), interface: lo0)]
2026-01-28 16:13:26.451 Db NayaVedAI[63826:21011c] [com.apple.network:connection] nw_endpoint_flow_receive_report [C41 Hostname#b33e072a:8081 in_progress parent-flow (satisfied (Path is satisfied), interface: en0[802.11], uses wifi, LQM: unknown)] received child report: [C41.1.1 IPv6#9530c712.8081 in_progress socket-flow (satisfied (Path is satisfied), interface: lo0)]
2026-01-28 16:13:26.451 Df NayaVedAI[63826:21011c] [com.apple.network:connection] [C41.1.1 IPv6#9530c712.8081 in_progress socket-flow (satisfied (Path is satisfied), interface: lo0)] event: flow:finish_transport @0.006s
2026-01-28 16:13:26.451 I  NayaVedAI[63826:21011c] [com.apple.network:connection] nw_endpoint_resolver_receive_report [C41.1 Hostname#b33e072a:8081 in_progress resolver (satisfied (Path is satisfied), interface: en0[802.11], uses wifi, LQM: unknown)] pushing out endpoint race by 2000ms
2026-01-28 16:13:26.451 Df NayaVedAI[63826:21011c] [com.apple.network:connection] nw_flow_connected [C41.1.1 IPv6#9530c712.8081 in_progress socket-flow (satisfied (Path is satisfied), interface: lo0)] Output protocol connected (CFNetworkConnection-1110212295)
2026-01-28 16:13:26.451 Db NayaVedAI[63826:21011c] [com.apple.network:connection] nw_endpoint_flow_connected_path_change [C41.1.1 IPv6#9530c712.8081 ready socket-flow (satisfied (Path is satisfied), interface: lo0)]
