2026-01-28 16:28:13.820 I  NayaVedAI[71451:219a2d] [com.apple.network:connection] nw_endpoint_handler_report_connection_idle [C2 IPv6#e1664cbf.8081 ready parent-flow (satisfied (Path is satisfied), interface: en0[802.11], uses wifi, LQM: unknown)] Reporting connection idle to protocols
2026-01-28 16:28:13.820 I  NayaVedAI[71451:219a2d] [com.apple.network:connection] nw_flow_passthrough_notify [C2.1.1 IPv6#e1664cbf.8081 ready socket-flow (satisfied (Path is satisfied), interface: lo0)] received notification connection_idle
2026-01-28 16:28:13.820 Df NayaVedAI[71451:219a2d] [com.apple.network:connection] nw_protocol_socket_notify [C2.1.1:2] nw_protocol_notification_type_connection_idle is true
2026-01-28 16:28:13.820 Df NayaVedAI[71451:219a2d] [com.apple.CFNetwork:Default] Task <BF0B9DAE-4ED7-47F5-AE3C-66ED8BFA871F>.<2> now using Connection 2
2026-01-28 16:28:13.820 Db NayaVedAI[71451:219a2d] [com.apple.network:activity] Returning should log: 0 for activity cfnetwork:foreground_task
2026-01-28 16:28:13.820 Df NayaVedAI[71451:219a32] [com.apple.securityd:SecError] SecTrustReportNetworkingAnalytics failed with error: -4
2026-01-28 16:28:13.820 Db NayaVedAI[71451:219a2d] [com.apple.CFNetwork:Default] Connection 2: set is idle false
2026-01-28 16:28:13.820 Df NayaVedAI[71451:219a2d] [com.apple.network:connection] [C2] event: client:connection_reused @0.124s
2026-01-28 16:28:13.820 I  NayaVedAI[71451:219a2d] [com.apple.network:connection] nw_endpoint_handler_report_connection_idle [C2 IPv6#e1664cbf.8081 ready parent-flow (satisfied (Path is satisfied), interface: en0[802.11], uses wifi, LQM: unknown)] Reporting connection not idle to protocols
2026-01-28 16:28:13.820 I  NayaVedAI[71451:219a2d] [com.apple.network:connection] nw_flow_passthrough_notify [C2.1.1 IPv6#e1664cbf.8081 ready socket-flow (satisfied (Path is satisfied), interface: lo0)] received notification connection_idle
2026-01-28 16:28:13.820 Df NayaVedAI[71451:219a2d] [com.apple.network:connection] nw_protocol_socket_notify [C2.1.1:2] nw_protocol_notification_type_connection_idle is false
2026-01-28 16:28:13.820 Df NayaVedAI[71451:219a2d] [com.apple.CFNetwork:Default] Task <BF0B9DAE-4ED7-47F5-AE3C-66ED8BFA871F>.<2> sent request, body N 0
2026-01-28 16:28:13.821 Df NayaVedAI[71451:219a2d] [com.apple.CFNetwork:Default] Task <BF0B9DAE-4ED7-47F5-AE3C-66ED8BFA871F>.<2> received response, status 200 content K
2026-01-28 16:28:13.821 Db NayaVedAI[71451:219a2d] [com.apple.network:connection] nw_connection_modify_estimated_bytes_block_invoke [C2] Incremented estimated bytes to receive by 23, total now 46
2026-01-28 16:28:13.821 Db NayaVedAI[71451:219a2d] [com.apple.network:connection] nw_connection_modify_estimated_bytes_block_invoke [C2] Using lower threshold 12582912, upper threshold 31457280
2026-01-28 16:28:13.821 Df NayaVedAI[71451:219a2d] [com.apple.CFNetwork:Default] Task <BF0B9DAE-4ED7-47F5-AE3C-66ED8BFA871F>.<2> response ended
2026-01-28 16:28:13.821 Df NayaVedAI[71451:219a2d] [com.apple.CFNetwork:Default] Task <BF0B9DAE-4ED7-47F5-AE3C-66ED8BFA871F>.<2> done using Connection 2
2026-01-28 16:28:13.821 Db NayaVedAI[71451:219a2d] [com.apple.network:activity] Returning should log: 0 for activity cfnetwork:foreground_task
2026-01-28 16:28:13.821 Db NayaVedAI[71451:219a2d] [com.apple.CFNetwork:Default] Connection 2: set is idle true
2026-01-28 16:28:13.821 Df NayaVedAI[71451:219a2d] [com.apple.network:connection] [C2] event: client:connection_idle @0.125s
2026-01-28 16:28:13.821 Df NayaVedAI[71451:219a32] [com.apple.CFNetwork:Summary] Task <BF0B9DAE-4ED7-47F5-AE3C-66ED8BFA871F>.<2> summary for task success {transaction_duration_ms=1, response_status=200, connection=2, reused=1, reused_after_ms=0, request_start_ms=0, request_duration_ms=0, response_start_ms=1, response_duration_ms=0, request_bytes=221, request_throughput_kbps=24233, response_bytes=400, response_throughput_kbps=15243, cache_hit=false}
2026-01-28 16:28:13.821 I  NayaVedAI[71451:219a2d] [com.apple.network:connection] nw_endpoint_handler_report_connection_idle [C2 IPv6#e1664cbf.8081 ready parent-flow (satisfied (Path is satisfied), interface: en0[802.11], uses wifi, LQM: unknown)] Reporting connection idle to protocols
2026-01-28 16:28:13.821 I  NayaVedAI[71451:219a2d] [com.apple.network:connection] nw_flow_passthrough_notify [C2.1.1 IPv6#e1664cbf.8081 ready socket-flow (satisfied (Path is satisfied), interface: lo0)] received notification connection_idle
2026-01-28 16:28:13.821 Df NayaVedAI[71451:219a2d] [com.apple.network:connection] nw_protocol_socket_notify [C2.1.1:2] nw_protocol_notification_type_connection_idle is true
2026-01-28 16:28:13.821 Db NayaVedAI[71451:219a27] [com.apple.network:activity] Returning should log: 0 for activity cfnetwork:foreground_task
2026-01-28 16:28:13.821 Db NayaVedAI[71451:219a2d] [com.apple.CFNetwork:Default] Connection 2: set is idle true
2026-01-28 16:28:13.821 Db NayaVedAI[71451:219a27] [com.apple.network:activity] Returning should log: 0 for activity cfnetwork:foreground_task
2026-01-28 16:28:13.821 Df NayaVedAI[71451:219a2d] [com.apple.network:connection] [C2] event: client:connection_idle @0.125s
2026-01-28 16:28:13.821 Db NayaVedAI[71451:219a27] [com.apple.network:activity] No threshold for cfnetwork:foreground_task, returning NW_ACTIVITY_DURATION_INVALID
2026-01-28 16:28:13.821 I  NayaVedAI[71451:219a2d] [com.apple.network:connection] nw_endpoint_handler_report_connection_idle [C2 IPv6#e1664cbf.8081 ready parent-flow (satisfied (Path is satisfied), interface: en0[802.11], uses wifi, LQM: unknown)] Reporting connection idle to protocols
2026-01-28 16:28:13.821 Db NayaVedAI[71451:219a27] [com.apple.network:activity] No threshold for activity <nw_activity 12:2 [BA65B773-120A-4128-8812-0068CFB76FBE] (parent is global) (reporting strategy default) complete (reason success)>
2026-01-28 16:28:13.821 I  NayaVedAI[71451:219a2d] [com.apple.network:connection] nw_flow_passthrough_notify [C2.1.1 IPv6#e1664cbf.8081 ready socket-flow (satisfied (Path is satisfied), interface: lo0)] received notification connection_idle
2026-01-28 16:28:13.821 Df NayaVedAI[71451:219a2d] [com.apple.network:connection] nw_protocol_socket_notify [C2.1.1:2] nw_protocol_notification_type_connection_idle is true
2026-01-28 16:28:13.821 Df NayaVedAI[71451:219a27] [com.apple.CFNetwork:Default] Task <BF0B9DAE-4ED7-47F5-AE3C-66ED8BFA871F>.<2> finished successfully
2026-01-28 16:28:13.821 Db NayaVedAI[71451:219a2a] [com.apple.defaults:User Defaults] found no value for key RCT_packager_scheme in CFPrefsSearchListSource<0x600002c04180> (Domain: com.nayaved.app, Container: (null) Non-launch persona: 0)
2026-01-28 16:28:13.822 Db NayaVedAI[71451:219a2a] [com.apple.SystemConfiguration:SCPreferences] create <SCPreferences 0x10740a700 [0x1e578fa80]> {name = SCDynamicStoreCopyProxiesWithOptions, id = /Library/Managed Preferences/mobile/com.apple.SystemConfiguration.plist, path = /Library/Managed Preferences/mobile/com.apple.SystemConfiguration.plist}
2026-01-28 16:28:13.822 Db NayaVedAI[71451:219a2a] [com.apple.SystemConfiguration:SCPreferences] SCPreferences() access: /Library/Managed Preferences/mobile/com.apple.SystemConfiguration.plist, size=0
2026-01-28 16:28:13.822 Db NayaVedAI[71451:219a2a] [com.apple.SystemConfiguration:SCPreferences] release <SCPreferences 0x10740a700 [0x1e578fa80]> {name = SCDynamicStoreCopyProxiesWithOptions, id = /Library/Managed Preferences/mobile/com.apple.SystemConfiguration.plist, path = /Library/Managed Preferences/mobile/com.apple.SystemConfiguration.plist, accessed}
2026-01-28 16:28:13.822 Df NayaVedAI[71451:2199c2] [com.apple.UIKit:EventDeferring] [0x600002909110] Scene target of event deferring environments did update: scene: 0x107409f80; current systemShellManagesKeyboardFocus: 1; systemShellManagesKeyboardFocusForScene: 1; eligibleForRecordRemoval: 1;
2026-01-28 16:28:13.822 Df NayaVedAI[71451:2199c2] [com.apple.UIKit:KeyWindow] Scene became target of keyboard event deferring environment: UIWindowScene: 0x107409f80; scene identity: com.apple.frontboard.systemappservices/FBSceneManager:sceneID%3Acom.nayaved.app-default
2026-01-28 16:28:13.822 Db NayaVedAI[71451:2199c2] [com.apple.defaults:User Defaults] found no value for key LogFirstResponderRestoration in CFPrefsSearchListSource<0x600002c0a780> (Domain: com.apple.UIKit, Container: (null) Non-launch persona: 0)
2026-01-28 16:28:13.822 Db NayaVedAI[71451:219a2a] [com.apple.network:] tcp_connection_create_with_endpoint_and_parameters 4 localhost 8081
2026-01-28 16:28:13.822 Db NayaVedAI[71451:219a2a] [com.apple.network:] tcp_connection_set_usage_model 4 setting usage model to 1
2026-01-28 16:28:13.822 Db NayaVedAI[71451:219a2a] [com.apple.CFBundle:resources] Resource lookup at CFBundle 0x600003b04700 </Users/shivi.agarwal/Library/Developer/CoreSimulator/Devices/AC7E343F-585F-430E-B17D-BDD649803605/data/Containers/Bundle/Application/AD33C3F3-69F6-4E76-8701-44660F53F11C/NayaVedAI.app> (executable, loaded)
	Request       : InfoPlist type: strings
	Result        : None
2026-01-28 16:28:13.822 Db NayaVedAI[71451:219a2a] [com.apple.CFBundle:resources] Resource lookup at CFBundle 0x600003b04700 </Users/shivi.agarwal/Library/Developer/CoreSimulator/Devices/AC7E343F-585F-430E-B17D-BDD649803605/data/Containers/Bundle/Application/AD33C3F3-69F6-4E76-8701-44660F53F11C/NayaVedAI.app> (executable, loaded)
	Request       : InfoPlist type: stringsdict
	Result        : None
2026-01-28 16:28:13.822 Df NayaVedAI[71451:219a2a] [com.apple.CFNetwork:Default] TCP Conn [4:0x600003318500] using empty proxy configuration
2026-01-28 16:28:13.822 Df NayaVedAI[71451:219a2a] [com.apple.CFNetwork:Default] Stream client bypassing proxies on TCP Conn [4:0x600003318500]
2026-01-28 16:28:13.822 Df NayaVedAI[71451:219a2a] [com.apple.CFNetwork:Default] TCP Conn 0x600003318500 started
2026-01-28 16:28:13.822 Db NayaVedAI[71451:219a2a] [com.apple.network:] tcp_connection_start 4 starting
2026-01-28 16:28:13.822 I  NayaVedAI[71451:219a2a] [com.apple.network:connection] nw_connection_create_with_id [C4] create connection to Hostname#a19a2c0f:8081
2026-01-28 16:28:13.822 Db NayaVedAI[71451:219a2a] [com.apple.network:] tcp_connection_start starting tc_nwconn=0x10bc05c10
2026-01-28 16:28:13.822 Db NayaVedAI[71451:219a27] [com.apple.BaseBoard:Common] [BSBlockSentinel:FBSScene] signaled! 2 of 2
2026-01-28 16:28:13.822 Db NayaVedAI[71451:2199c2] [com.apple.defaults:User Defaults] found no value for key AutomationEnabled in CFPrefsSearchListSource<0x600002c08380> (Domain: com.apple.Accessibility, Container: (null) Non-launch persona: 0)
2026-01-28 16:28:13.822 Df NayaVedAI[71451:219a2d] [com.apple.network:connection] [C4 105C5D6B-3E09-4371-8AA6-3DCFBF2A0532 Hostname#a19a2c0f:8081 tcp, definite, attribution: developer, context: Default Network Context (private), proc: 63B02D91-D502-3FF5-9842-92830ECC12FF, delegated upid: 0, no proxy, prohibit fallback, allow socket access] start
2026-01-28 16:28:13.822 Db NayaVedAI[71451:219a27] [com.apple.BaseBoard:Common] [BSBlockSentinel:FBSScene] dealloc
2026-01-28 16:28:13.822 Db NayaVedAI[71451:2199c2] [com.apple.Accessibility:AXSupportCommon] CF Read: domain = com.apple.Accessibility, preference = AutomationEnabled, appID = (null) result = (null) (-1 - empty, 0 - false, 1 - true)
2026-01-28 16:28:13.822 Db NayaVedAI[71451:2199c2] [com.apple.defaults:User Defaults] found no value for key AutomationEnabled in CFPrefsPlistSource<0x600002c08780> (Domain: com.apple.Accessibility, User: kCFPreferencesCurrentUser, ByHost: No, Container: /Users/shivi.agarwal/Library/Developer/CoreSimulator/Devices/AC7E343F-585F-430E-B17D-BDD649803605/data, Contents Need Refresh: No)
2026-01-28 16:28:13.822 I  NayaVedAI[71451:219a2d] [com.apple.network:connection] nw_endpoint_handler_start [C4 Hostname#a19a2c0f:8081 initial parent-flow ((null))]
2026-01-28 16:28:13.822 Df NayaVedAI[71451:219a2a] [com.apple.xpc:connection] [0x10bc06770] activating connection: mach=true listener=false peer=false name=com.apple.lsd.advertisingidentifiers
2026-01-28 16:28:13.822 Df NayaVedAI[71451:219a2d] [com.apple.network:connection] [C4 Hostname#a19a2c0f:8081 initial parent-flow ((null))] event: path:start @0.000s
2026-01-28 16:28:13.823 Db NayaVedAI[71451:219a2d] [com.apple.network:connection] nw_endpoint_handler_path_change [C4 Hostname#a19a2c0f:8081 waiting parent-flow (satisfied (Path is satisfied), interface: en0[802.11], uses wifi, LQM: unknown)]
2026-01-28 16:28:13.823 Db NayaVedAI[71451:219a2d] [com.apple.networkextension:] ne_tracker_check_is_hostname_blocked() proceeding with the in_the_app check for hostname: localhost
2026-01-28 16:28:13.823 Df NayaVedAI[71451:2199c2] [com.apple.FrontBoard:SceneExtension] Realizing settings extension SBUISecureRenderingSettingsExtension on FBSSceneSettings
2026-01-28 16:28:13.823 Db NayaVedAI[71451:219a2d] [com.apple.CFBundle:resources] Resource lookup at CFBundle 0x600003b04700 </Users/shivi.agarwal/Library/Developer/CoreSimulator/Devices/AC7E343F-585F-430E-B17D-BDD649803605/data/Containers/Bundle/Application/AD33C3F3-69F6-4E76-8701-44660F53F11C/NayaVedAI.app> (executable, loaded)
	Request       : InfoPlist type: strings
	Result        : None
2026-01-28 16:28:13.823 Db NayaVedAI[71451:219a2d] [com.apple.CFBundle:resources] Resource lookup at CFBundle 0x600003b04700 </Users/shivi.agarwal/Library/Developer/CoreSimulator/Devices/AC7E343F-585F-430E-B17D-BDD649803605/data/Containers/Bundle/Application/AD33C3F3-69F6-4E76-8701-44660F53F11C/NayaVedAI.app> (executable, loaded)
	Request       : InfoPlist type: stringsdict
	Result        : None
2026-01-28 16:28:13.823 Db NayaVedAI[71451:219a2d] [com.apple.networkextension:] ne_tracker_check_is_hostname_blocked(): hostname localhost is not a tracker. Returning: ne_tracker_status_none
2026-01-28 16:28:13.823 Db NayaVedAI[71451:2199c2] [com.apple.FrontBoard:SceneExtension] registering method "isSecureRenderingEnabled" from extension SBUISecureRenderingSettingsExtension on class "FBSSceneSettings"
2026-01-28 16:28:13.823 Db NayaVedAI[71451:2199c2] [com.apple.FrontBoard:SceneExtension] registering method "setSecureRenderingEnabled:" from extension SBUISecureRenderingSettingsExtension on class "FBSSceneSettings"
2026-01-28 16:28:13.823 Df NayaVedAI[71451:219a2d] [com.apple.network:connection] [C4 Hostname#a19a2c0f:8081 waiting parent-flow (satisfied (Path is satisfied), interface: en0[802.11], uses wifi, LQM: unknown)] event: path:satisfied @0.000s, uuid: D003F900-F3FC-4C39-B04A-EC52DF28983F
2026-01-28 16:28:13.823 I  NayaVedAI[71451:219a2d] [com.apple.network:connection] nw_connection_endpoint_report_on_nw_queue_block_invoke [C4 Hostname#a19a2c0f:8081 waiting parent-flow (satisfied (Path is satisfied), interface: en0[802.11], uses wifi, LQM: unknown)] skipping state update
2026-01-28 16:28:13.823 Db NayaVedAI[71451:2199c2] [com.apple.FrontBoard:SceneClient] [(FBSceneManager):sceneID:com.nayaved.app-default] Adding extension: "SBUISecureRenderingSceneExtension"
2026-01-28 16:28:13.823 Db NayaVedAI[71451:2199c2] [com.apple.FrontBoard:SceneClient] [(FBSceneManager):sceneID:com.nayaved.app-default] Instantiated component: "<SBUISecureRenderingClientComponent: 0x600000260260>"
2026-01-28 16:28:13.823 Df NayaVedAI[71451:219a32] [com.apple.launchservices:db] NotifyToken::RegisterDispatch(com.apple.LaunchServices.database) fired for session key LSSessionKey(system: 0 uid: 501)
2026-01-28 16:28:13.823 Db NayaVedAI[71451:219a2d] [com.apple.network:connection] nw_endpoint_flow_attach_protocols [C4 Hostname#a19a2c0f:8081 in_progress parent-flow (satisfied (Path is satisfied), interface: en0[802.11], uses wifi, LQM: unknown)]
2026-01-28 16:28:13.823 Db NayaVedAI[71451:219a2d] [com.apple.network:connection] nw_endpoint_flow_attach_protocols [C4 Hostname#a19a2c0f:8081 in_progress parent-flow (satisfied (Path is satisfied), interface: en0[802.11], uses wifi, LQM: unknown)] stopping after adding persistent application protocols
2026-01-28 16:28:13.823 Db NayaVedAI[71451:219a2d] [com.apple.network:connection] nw_endpoint_flow_setup_protocols [C4 Hostname#a19a2c0f:8081 in_progress parent-flow (satisfied (Path is satisfied), interface: en0[802.11], uses wifi, LQM: unknown)] persistent protocol stack, starting
2026-01-28 16:28:13.823 Df NayaVedAI[71451:219a2d] [com.apple.network:connection] [C4 Hostname#a19a2c0f:8081 in_progress parent-flow (satisfied (Path is satisfied), interface: en0[802.11], uses wifi, LQM: unknown)] event: flow:start_connect @0.001s
2026-01-28 16:28:13.823 Df NayaVedAI[71451:219a2d] [com.apple.network:connection] nw_connection_report_state_with_handler_on_nw_queue [C4] reporting state preparing
2026-01-28 16:28:13.823 I  NayaVedAI[71451:219a2d] [com.apple.network:connection] nw_endpoint_flow_connect [C4 Hostname#a19a2c0f:8081 in_progress parent-flow (satisfied (Path is satisfied), interface: en0[802.11], uses wifi, LQM: unknown)] connect bottom protocol
2026-01-28 16:28:13.824 Df NayaVedAI[71451:2199c2] [com.apple.UIKit:InterfaceStyle] Not push traits update to screen for new style 1, <UIWindowScene: 0x107409f80> (AF758778-0A3E-4F97-8920-F9E27F176868)
2026-01-28 16:28:13.824 Db NayaVedAI[71451:219a2d] [com.apple.network:connection] nw_endpoint_flow_start_child [C4 Hostname#a19a2c0f:8081 in_progress parent-flow (satisfied (Path is satisfied), interface: en0[802.11], uses wifi, LQM: unknown)] creating and starting child handler
2026-01-28 16:28:13.824 Df NayaVedAI[71451:2199c2] [com.apple.UIKit:InterfaceStyle] Not push traits update to screen for new style 1, <UIWindowScene: 0x107409f80> (AF758778-0A3E-4F97-8920-F9E27F176868)
2026-01-28 16:28:13.824 Df NayaVedAI[71451:219a2d] [com.apple.network:connection] [C4 Hostname#a19a2c0f:8081 in_progress parent-flow (satisfied (Path is satisfied), interface: en0[802.11], uses wifi, LQM: unknown)] event: flow:start_child @0.001s
2026-01-28 16:28:13.824 Df NayaVedAI[71451:2199c2] [com.apple.UIKit:AppLifecycle] sceneOfRecord: sceneID: sceneID:com.nayaved.app-default  persistentID: AF758778-0A3E-4F97-8920-F9E27F176868
2026-01-28 16:28:13.824 Df NayaVedAI[71451:2199c2] [com.apple.UIKit:Application] Deactivation reason removed: 12; deactivation reasons: 4128 -> 32; animating application lifecycle event: 1
2026-01-28 16:28:13.824 Db NayaVedAI[71451:219a2a] [com.apple.network:] tcp_connection_create_with_endpoint_and_parameters 5 localhost 8081
2026-01-28 16:28:13.824 Df NayaVedAI[71451:2199c2] [com.apple.KeyboardArbiter:Client] Send setDeactivating: N (-DeactivationReason:SuspendedEventsOnly)
2026-01-28 16:28:13.824 Db NayaVedAI[71451:219a2a] [com.apple.network:] tcp_connection_set_usage_model 5 setting usage model to 1
2026-01-28 16:28:13.824 I  NayaVedAI[71451:219a2d] [com.apple.network:connection] nw_endpoint_handler_start [C4.1 Hostname#a19a2c0f:8081 initial path ((null))]
2026-01-28 16:28:13.824 Df NayaVedAI[71451:219a2a] [com.apple.CFNetwork:Default] TCP Conn [5:0x600003300460] using empty proxy configuration
2026-01-28 16:28:13.824 Db NayaVedAI[71451:219a2d] [com.apple.network:connection] nw_endpoint_flow_receive_report [C4 Hostname#a19a2c0f:8081 in_progress parent-flow (satisfied (Path is satisfied), interface: en0[802.11], uses wifi, LQM: unknown)] received child report: [C4.1 Hostname#a19a2c0f:8081 initial path ((null))]
2026-01-28 16:28:13.825 Df NayaVedAI[71451:219a2a] [com.apple.CFNetwork:Default] Stream client bypassing proxies on TCP Conn [5:0x600003300460]
2026-01-28 16:28:13.825 Df NayaVedAI[71451:219a2d] [com.apple.network:connection] [C4.1 Hostname#a19a2c0f:8081 initial path ((null))] event: path:start @0.002s
2026-01-28 16:28:13.825 Df NayaVedAI[71451:219a2a] [com.apple.CFNetwork:Default] TCP Conn 0x600003300460 started
2026-01-28 16:28:13.825 Db NayaVedAI[71451:219a2d] [com.apple.network:connection] nw_endpoint_handler_path_change [C4.1 Hostname#a19a2c0f:8081 waiting path (satisfied (Path is satisfied), interface: en0[802.11], uses wifi, LQM: unknown)]
2026-01-28 16:28:13.825 Db NayaVedAI[71451:219a2a] [com.apple.network:] tcp_connection_start 5 starting
2026-01-28 16:28:13.825 Df NayaVedAI[71451:2199c2] [com.apple.UIKit:Application] Deactivation reason removed: 5; deactivation reasons: 32 -> 0; animating application lifecycle event: 0
2026-01-28 16:28:13.825 Db NayaVedAI[71451:219a2d] [com.apple.networkextension:] ne_tracker_check_is_hostname_blocked() proceeding with the in_the_app check for hostname: localhost
2026-01-28 16:28:13.825 I  NayaVedAI[71451:219a2a] [com.apple.network:connection] nw_connection_create_with_id [C5] create connection to Hostname#a19a2c0f:8081
2026-01-28 16:28:13.825 Db NayaVedAI[71451:219a2d] [com.apple.CFBundle:resources] Resource lookup at CFBundle 0x600003b04700 </Users/shivi.agarwal/Library/Developer/CoreSimulator/Devices/AC7E343F-585F-430E-B17D-BDD649803605/data/Containers/Bundle/Application/AD33C3F3-69F6-4E76-8701-44660F53F11C/NayaVedAI.app> (executable, loaded)
	Request       : InfoPlist type: strings
	Result        : None
2026-01-28 16:28:13.825 Db NayaVedAI[71451:219a2a] [com.apple.network:] tcp_connection_start starting tc_nwconn=0x108907400
2026-01-28 16:28:13.825 Db NayaVedAI[71451:219a2d] [com.apple.CFBundle:resources] Resource lookup at CFBundle 0x600003b04700 </Users/shivi.agarwal/Library/Developer/CoreSimulator/Devices/AC7E343F-585F-430E-B17D-BDD649803605/data/Containers/Bundle/Application/AD33C3F3-69F6-4E76-8701-44660F53F11C/NayaVedAI.app> (executable, loaded)
	Request       : InfoPlist type: stringsdict
	Result        : None
2026-01-28 16:28:13.825 Db NayaVedAI[71451:219a2d] [com.apple.networkextension:] ne_tracker_check_is_hostname_blocked(): hostname localhost is not a tracker. Returning: ne_tracker_status_none
2026-01-28 16:28:13.825 Db NayaVedAI[71451:219a2d] [com.apple.network:connection] nw_endpoint_flow_receive_report [C4 Hostname#a19a2c0f:8081 in_progress parent-flow (satisfied (Path is satisfied), interface: en0[802.11], uses wifi, LQM: unknown)] received child report: [C4.1 Hostname#a19a2c0f:8081 waiting path (satisfied (Path is satisfied), interface: en0[802.11], uses wifi, LQM: unknown)]
2026-01-28 16:28:13.825 Df NayaVedAI[71451:219a2d] [com.apple.network:connection] [C4.1 Hostname#a19a2c0f:8081 waiting path (satisfied (Path is satisfied), interface: en0[802.11], uses wifi, LQM: unknown)] event: path:satisfied @0.002s, uuid: D003F900-F3FC-4C39-B04A-EC52DF28983F
2026-01-28 16:28:13.825 Db NayaVedAI[71451:219a2d] [com.apple.network:connection] -[NWConcrete_nw_endpoint_resolver startWithHandler:] [C4.1 Hostname#a19a2c0f:8081 waiting resolver (satisfied (Path is satisfied), interface: en0[802.11], uses wifi, LQM: unknown)]
2026-01-28 16:28:13.825 Db NayaVedAI[71451:219a2d] [com.apple.network:connection] nw_endpoint_flow_receive_report [C4 Hostname#a19a2c0f:8081 in_progress parent-flow (satisfied (Path is satisfied), interface: en0[802.11], uses wifi, LQM: unknown)] received child report: [C4.1 Hostname#a19a2c0f:8081 in_progress resolver (satisfied (Path is satisfied), interface: en0[802.11], uses wifi, LQM: unknown)]
2026-01-28 16:28:13.825 Df NayaVedAI[71451:219a2d] [com.apple.network:connection] [C4.1 Hostname#a19a2c0f:8081 in_progress resolver (satisfied (Path is satisfied), interface: en0[802.11], uses wifi, LQM: unknown)] event: resolver:start_dns @0.002s
2026-01-28 16:28:13.825 Db NayaVedAI[71451:2199c2] [com.apple.BacklightServices:scenes] 0x600000c304e0 environment updated:sceneID:com.nayaved.app-default
  delta:{ visualState:0 date:0 active:0 seed:0 }
  diff:<FBSSceneSettingsDiff: 0x600001767ec0; UIApplicationSceneSettings> {
    settings = <BSKeyedSettingsDiff: 0x600000c717a0> {
        SBUISecureRenderingSettingsExtension = <BSKeyedSettingsDiff: 0x600000c715c0> {
            secureRenderingEnabled = 0;
        };
        _UISystemShellSceneHostingEnvironmentSettings = <BSKeyedSettingsDiff: 0x600000c71650> {
            systemShellHostingSpaceIdentifier = SB-display-<embedded>;
        };
        FBSSceneExtensions = <BSKeyedSettingsDiff: 0x600000c71710> {
            14 = SBUISecureRenderingSceneExtension;
        };
        <_UIHomeAffordanceHostSceneSettings> = <BSKeyedSettingsDiff: 0x600000c71770> {
            homeAffordanceSceneReferenceFrame = NSRect: {{119, 835}, {164, 39}};
        };
        _UISceneRenderingEnvironmentSettings = <BSKeyedSettingsDiff: 0x600000c716b0> {
            systemDisplayIdentifier = 92FE7C51-0A42-4D3B-B132-B8EEBBEF75C0;
      
  new:<decode: missing data>
  old:<decode: missing data>
  new:<decode: missing data>
2026-01-28 16:28:13.825 Db NayaVedAI[71451:2199c2] [com.apple.defaults:User Defaults] found no value for key LogHomeAffordanceGestureGate in CFPrefsSearchListSource<0x600002c0a780> (Domain: com.apple.UIKit, Container: (null) Non-launch persona: 0)
2026-01-28 16:28:13.825 Db NayaVedAI[71451:2199c2] [com.apple.BaseBoard:Common] [BSBlockSentinel:FBSScene] signaled! 1 of 2
2026-01-28 16:28:13.826 Db NayaVedAI[71451:219a2d] [com.apple.networkextension:] ne_tracker_check_is_hostname_blocked() proceeding with the in_the_app check for hostname: localhost
2026-01-28 16:28:13.826 Db NayaVedAI[71451:219a2a] [com.apple.BaseBoard:Common] [BSBlockSentinel:FBSScene] signaled! 2 of 2
2026-01-28 16:28:13.826 Db NayaVedAI[71451:219a2d] [com.apple.CFBundle:resources] Resource lookup at CFBundle 0x600003b04700 </Users/shivi.agarwal/Library/Developer/CoreSimulator/Devices/AC7E343F-585F-430E-B17D-BDD649803605/data/Containers/Bundle/Application/AD33C3F3-69F6-4E76-8701-44660F53F11C/NayaVedAI.app> (executable, loaded)
	Request       : InfoPlist type: strings
	Result        : None
2026-01-28 16:28:13.826 Db NayaVedAI[71451:219a2d] [com.apple.CFBundle:resources] Resource lookup at CFBundle 0x600003b04700 </Users/shivi.agarwal/Library/Developer/CoreSimulator/Devices/AC7E343F-585F-430E-B17D-BDD649803605/data/Containers/Bundle/Application/AD33C3F3-69F6-4E76-8701-44660F53F11C/NayaVedAI.app> (executable, loaded)
	Request       : InfoPlist type: stringsdict
	Result        : None
2026-01-28 16:28:13.826 Db NayaVedAI[71451:219a2d] [com.apple.networkextension:] ne_tracker_check_is_hostname_blocked(): hostname localhost is not a tracker. Returning: ne_tracker_status_none
2026-01-28 16:28:13.826 Db NayaVedAI[71451:219a2a] [com.apple.BaseBoard:Common] [BSBlockSentinel:FBSScene] dealloc
2026-01-28 16:28:13.827 Db NayaVedAI[71451:2199c2] (TextInput) -[TIPreferencesController preferencesChangedCallback:]  preferencesChangedCallback: Triggering preferencesChangedCallback for domain <_TIPreferenceDomain: 0x600000c0cf90> with notification AppleKeyboardsSettingsChangedNotification
2026-01-28 16:28:13.827 I  NayaVedAI[71451:219a2d] [com.apple.network:connection] nw_resolver_create_dns_service_locked [C4.1] Starting host resolution Hostname#a19a2c0f:8081, flags 0xc000d000 proto 0
2026-01-28 16:28:13.827 Df NayaVedAI[71451:219a2d] [com.apple.network:connection] [C5 2F88AC83-9A80-4808-A6AC-7C9F42D87671 Hostname#a19a2c0f:8081 tcp, definite, attribution: developer, context: Default Network Context (private), proc: 63B02D91-D502-3FF5-9842-92830ECC12FF, delegated upid: 0, no proxy, prohibit fallback, allow socket access] start
2026-01-28 16:28:13.827 I  NayaVedAI[71451:219a2d] [com.apple.network:connection] nw_endpoint_handler_start [C5 Hostname#a19a2c0f:8081 initial parent-flow ((null))]
2026-01-28 16:28:13.827 Df NayaVedAI[71451:219a2d] [com.apple.network:connection] [C5 Hostname#a19a2c0f:8081 initial parent-flow ((null))] event: path:start @0.000s
2026-01-28 16:28:13.827 Db NayaVedAI[71451:219a2d] [com.apple.network:connection] nw_endpoint_handler_path_change [C5 Hostname#a19a2c0f:8081 waiting parent-flow (satisfied (Path is satisfied), interface: en0[802.11], uses wifi, LQM: unknown)]
2026-01-28 16:28:13.827 Db NayaVedAI[71451:219a2d] [com.apple.networkextension:] ne_tracker_check_is_hostname_blocked() proceeding with the in_the_app check for hostname: localhost
2026-01-28 16:28:13.827 Db NayaVedAI[71451:219a2d] [com.apple.CFBundle:resources] Resource lookup at CFBundle 0x600003b04700 </Users/shivi.agarwal/Library/Developer/CoreSimulator/Devices/AC7E343F-585F-430E-B17D-BDD649803605/data/Containers/Bundle/Application/AD33C3F3-69F6-4E76-8701-44660F53F11C/NayaVedAI.app> (executable, loaded)
	Request       : InfoPlist type: strings
	Result        : None
2026-01-28 16:28:13.827 Db NayaVedAI[71451:219a2d] [com.apple.CFBundle:resources] Resource lookup at CFBundle 0x600003b04700 </Users/shivi.agarwal/Library/Developer/CoreSimulator/Devices/AC7E343F-585F-430E-B17D-BDD649803605/data/Containers/Bundle/Application/AD33C3F3-69F6-4E76-8701-44660F53F11C/NayaVedAI.app> (executable, loaded)
	Request       : InfoPlist type: stringsdict
	Result        : None
2026-01-28 16:28:13.827 Db NayaVedAI[71451:219a2d] [com.apple.networkextension:] ne_tracker_check_is_hostname_blocked(): hostname localhost is not a tracker. Returning: ne_tracker_status_none
2026-01-28 16:28:13.827 Df NayaVedAI[71451:219a2d] [com.apple.network:connection] [C5 Hostname#a19a2c0f:8081 waiting parent-flow (satisfied (Path is satisfied), interface: en0[802.11], uses wifi, LQM: unknown)] event: path:satisfied @0.000s, uuid: D003F900-F3FC-4C39-B04A-EC52DF28983F
2026-01-28 16:28:13.827 I  NayaVedAI[71451:2199c2] [com.wix.Detox:WebSocket] Action received: loginSuccess
2026-01-28 16:28:13.827 I  NayaVedAI[71451:219a2d] [com.apple.network:connection] nw_connection_endpoint_report_on_nw_queue_block_invoke [C5 Hostname#a19a2c0f:8081 waiting parent-flow (satisfied (Path is satisfied), interface: en0[802.11], uses wifi, LQM: unknown)] skipping state update
2026-01-28 16:28:13.827 I  NayaVedAI[71451:2199c2] [com.wix.Detox:DetoxManager] Successfully logged in
2026-01-28 16:28:13.827 Db NayaVedAI[71451:219a2d] [com.apple.network:connection] nw_endpoint_flow_attach_protocols [C5 Hostname#a19a2c0f:8081 in_progress parent-flow (satisfied (Path is satisfied), interface: en0[802.11], uses wifi, LQM: unknown)]
2026-01-28 16:28:13.827 Db NayaVedAI[71451:219a2d] [com.apple.network:connection] nw_endpoint_flow_attach_protocols [C5 Hostname#a19a2c0f:8081 in_progress parent-flow (satisfied (Path is satisfied), interface: en0[802.11], uses wifi, LQM: unknown)] stopping after adding persistent application protocols
2026-01-28 16:28:13.827 Db NayaVedAI[71451:219a2d] [com.apple.network:connection] nw_endpoint_flow_setup_protocols [C5 Hostname#a19a2c0f:8081 in_progress parent-flow (satisfied (Path is satisfied), interface: en0[802.11], uses wifi, LQM: unknown)] persistent protocol stack, starting
2026-01-28 16:28:13.827 Df NayaVedAI[71451:219a2d] [com.apple.network:connection] [C5 Hostname#a19a2c0f:8081 in_progress parent-flow (satisfied (Path is satisfied), interface: en0[802.11], uses wifi, LQM: unknown)] event: flow:start_connect @0.000s
2026-01-28 16:28:13.827 Df NayaVedAI[71451:2199c2] [com.apple.KeyboardArbiter:Client] startConnection
2026-01-28 16:28:13.827 Df NayaVedAI[71451:219a2d] [com.apple.network:connection] nw_connection_report_state_with_handler_on_nw_queue [C5] reporting state preparing
2026-01-28 16:28:13.827 I  NayaVedAI[71451:219a2d] [com.apple.network:connection] nw_endpoint_flow_connect [C5 Hostname#a19a2c0f:8081 in_progress parent-flow (satisfied (Path is satisfied), interface: en0[802.11], uses wifi, LQM: unknown)] connect bottom protocol
2026-01-28 16:28:13.827 Db NayaVedAI[71451:219a2d] [com.apple.network:connection] nw_endpoint_flow_start_child [C5 Hostname#a19a2c0f:8081 in_progress parent-flow (satisfied (Path is satisfied), interface: en0[802.11], uses wifi, LQM: unknown)] creating and starting child handler
2026-01-28 16:28:13.827 Df NayaVedAI[71451:219a2d] [com.apple.network:connection] [C5 Hostname#a19a2c0f:8081 in_progress parent-flow (satisfied (Path is satisfied), interface: en0[802.11], uses wifi, LQM: unknown)] event: flow:start_child @0.000s
2026-01-28 16:28:13.828 I  NayaVedAI[71451:219a2d] [com.apple.network:connection] nw_endpoint_handler_start [C5.1 Hostname#a19a2c0f:8081 initial path ((null))]
2026-01-28 16:28:13.828 Db NayaVedAI[71451:219a2d] [com.apple.network:connection] nw_endpoint_flow_receive_report [C5 Hostname#a19a2c0f:8081 in_progress parent-flow (satisfied (Path is satisfied), interface: en0[802.11], uses wifi, LQM: unknown)] received child report: [C5.1 Hostname#a19a2c0f:8081 initial path ((null))]
2026-01-28 16:28:13.828 Df NayaVedAI[71451:219a2d] [com.apple.network:connection] [C5.1 Hostname#a19a2c0f:8081 initial path ((null))] event: path:start @0.000s
2026-01-28 16:28:13.828 Db NayaVedAI[71451:219a2d] [com.apple.network:connection] nw_endpoint_handler_path_change [C5.1 Hostname#a19a2c0f:8081 waiting path (satisfied (Path is satisfied), interface: en0[802.11], uses wifi, LQM: unknown)]
2026-01-28 16:28:13.828 Db NayaVedAI[71451:219a2d] [com.apple.networkextension:] ne_tracker_check_is_hostname_blocked() proceeding with the in_the_app check for hostname: localhost
2026-01-28 16:28:13.828 Db NayaVedAI[71451:219a2d] [com.apple.CFBundle:resources] Resource lookup at CFBundle 0x600003b04700 </Users/shivi.agarwal/Library/Developer/CoreSimulator/Devices/AC7E343F-585F-430E-B17D-BDD649803605/data/Containers/Bundle/Application/AD33C3F3-69F6-4E76-8701-44660F53F11C/NayaVedAI.app> (executable, loaded)
	Request       : InfoPlist type: strings
	Result        : None
2026-01-28 16:28:13.828 Db NayaVedAI[71451:219a2d] [com.apple.CFBundle:resources] Resource lookup at CFBundle 0x600003b04700 </Users/shivi.agarwal/Library/Developer/CoreSimulator/Devices/AC7E343F-585F-430E-B17D-BDD649803605/data/Containers/Bundle/Application/AD33C3F3-69F6-4E76-8701-44660F53F11C/NayaVedAI.app> (executable, loaded)
	Request       : InfoPlist type: stringsdict
	Result        : None
2026-01-28 16:28:13.828 Db NayaVedAI[71451:219a2d] [com.apple.networkextension:] ne_tracker_check_is_hostname_blocked(): hostname localhost is not a tracker. Returning: ne_tracker_status_none
2026-01-28 16:28:13.828 Db NayaVedAI[71451:219a2d] [com.apple.network:connection] nw_endpoint_flow_receive_report [C5 Hostname#a19a2c0f:8081 in_progress parent-flow (satisfied (Path is satisfied), interface: en0[802.11], uses wifi, LQM: unknown)] received child report: [C5.1 Hostname#a19a2c0f:8081 waiting path (satisfied (Path is satisfied), interface: en0[802.11], uses wifi, LQM: unknown)]
2026-01-28 16:28:13.828 Df NayaVedAI[71451:219a2d] [com.apple.network:connection] [C5.1 Hostname#a19a2c0f:8081 waiting path (satisfied (Path is satisfied), interface: en0[802.11], uses wifi, LQM: unknown)] event: path:satisfied @0.001s, uuid: D003F900-F3FC-4C39-B04A-EC52DF28983F
2026-01-28 16:28:13.828 Db NayaVedAI[71451:219a2d] [com.apple.network:connection] -[NWConcrete_nw_endpoint_resolver startWithHandler:] [C5.1 Hostname#a19a2c0f:8081 waiting resolver (satisfied (Path is satisfied), interface: en0[802.11], uses wifi, LQM: unknown)]
2026-01-28 16:28:13.828 Db NayaVedAI[71451:219a2d] [com.apple.network:connection] nw_endpoint_flow_receive_report [C5 Hostname#a19a2c0f:8081 in_progress parent-flow (satisfied (Path is satisfied), interface: en0[802.11], uses wifi, LQM: unknown)] received child report: [C5.1 Hostname#a19a2c0f:8081 in_progress resolver (satisfied (Path is satisfied), interface: en0[802.11], uses wifi, LQM: unknown)]
2026-01-28 16:28:13.828 Df NayaVedAI[71451:219a2d] [com.apple.network:connection] [C5.1 Hostname#a19a2c0f:8081 in_progress resolver (satisfied (Path is satisfied), interface: en0[802.11], uses wifi, LQM: unknown)] event: resolver:start_dns @0.001s
2026-01-28 16:28:13.828 Db NayaVedAI[71451:2199c2] [com.apple.defaults:User Defaults] found no value for key BarUseDynamicType in CFPrefsSearchListSource<0x600002c0a780> (Domain: com.apple.UIKit, Container: (null) Non-launch persona: 0)
2026-01-28 16:28:13.828 Db NayaVedAI[71451:219a2d] [com.apple.networkextension:] ne_tracker_check_is_hostname_blocked() proceeding with the in_the_app check for hostname: localhost
2026-01-28 16:28:13.829 Db NayaVedAI[71451:219a2d] [com.apple.CFBundle:resources] Resource lookup at CFBundle 0x600003b04700 </Users/shivi.agarwal/Library/Developer/CoreSimulator/Devices/AC7E343F-585F-430E-B17D-BDD649803605/data/Containers/Bundle/Application/AD33C3F3-69F6-4E76-8701-44660F53F11C/NayaVedAI.app> (executable, loaded)
	Request       : InfoPlist type: strings
	Result        : None
2026-01-28 16:28:13.829 Db NayaVedAI[71451:219a2d] [com.apple.CFBundle:resources] Resource lookup at CFBundle 0x600003b04700 </Users/shivi.agarwal/Library/Developer/CoreSimulator/Devices/AC7E343F-585F-430E-B17D-BDD649803605/data/Containers/Bundle/Application/AD33C3F3-69F6-4E76-8701-44660F53F11C/NayaVedAI.app> (executable, loaded)
	Request       : InfoPlist type: stringsdict
	Result        : None
2026-01-28 16:28:13.829 Db NayaVedAI[71451:219a2d] [com.apple.networkextension:] ne_tracker_check_is_hostname_blocked(): hostname localhost is not a tracker. Returning: ne_tracker_status_none
2026-01-28 16:28:13.830 I  NayaVedAI[71451:219a2d] [com.apple.network:connection] nw_resolver_create_dns_service_locked [C5.1] Starting host resolution Hostname#a19a2c0f:8081, flags 0xc000d000 proto 0
2026-01-28 16:28:13.831 Db NayaVedAI[71451:219a2d] [com.apple.CFNetwork:Coalescing] removing all entries config 0x600000257380
2026-01-28 16:28:13.831 Df NayaVedAI[71451:219a2d] [com.apple.CFNetwork:Default] Connection 3: cleaning up
2026-01-28 16:28:13.831 Df NayaVedAI[71451:219a2d] [com.apple.network:connection] [C3 76A6146D-846B-4876-9781-757E4A2837BA Hostname#a19a2c0f:8081 tcp, url: http://localhost:8081/.expo/.virtual-metro-entry.bundle, definite, attribution: developer] cancel
2026-01-28 16:28:13.831 Df NayaVedAI[71451:219a2d] [com.apple.network:connection] [C3 76A6146D-846B-4876-9781-757E4A2837BA Hostname#a19a2c0f:8081 tcp, url: http://localhost:8081/.expo/.virtual-metro-entry.bundle, definite, attribution: developer] cancelled
	[C3.1.1 5D2F0E91-8872-486B-A862-553D95FD0362 ::1.57469<->IPv6#e1664cbf.8081]
	Connected Path: satisfied (Path is satisfied), interface: lo0
	Privacy Stance: Not Eligible
	Duration: 0.123s, DNS @0.001s took 0.005s, TCP @0.006s took 0.001s
	bytes in/out: 9401049/422, packets in/out: 603/1, rtt: 0.001s, retransmitted bytes: 0, out-of-order bytes: 0
	ecn packets sent/acked/marked/lost: 0/0/0/0
2026-01-28 16:28:13.831 I  NayaVedAI[71451:219a2d] [com.apple.network:connection] nw_endpoint_handler_cancel [C3 IPv6#e1664cbf.8081 ready parent-flow (satisfied (Path is satisfied), interface: en0[802.11], uses wifi, LQM: unknown)]
2026-01-28 16:28:13.831 Db NayaVedAI[71451:219a2d] [com.apple.network:connection] nw_flow_passthrough_disconnected [C3.1.1 IPv6#e1664cbf.8081 ready socket-flow (satisfied (Path is satisfied), interface: lo0)] deferring fail on disconnected
2026-01-28 16:28:13.831 Df NayaVedAI[71451:219a32] [com.apple.xpc:connection] [0x1089056a0] activating connection: mach=true listener=false peer=false name=com.apple.fontservicesd
2026-01-28 16:28:13.831 I  NayaVedAI[71451:219a2d] [com.apple.network:connection] nw_endpoint_handler_cancel [C3.1 Hostname#a19a2c0f:8081 ready resolver (satisfied (Path is satisfied), interface: en0[802.11], uses wifi, LQM: unknown)]
2026-01-28 16:28:13.831 Db NayaVedAI[71451:2199c2] [com.apple.defaults:User Defaults] found no value for key NSTallLocalizedStrings in CFPrefsSearchListSource<0x600002c04180> (Domain: com.nayaved.app, Container: (null) Non-launch persona: 0)
2026-01-28 16:28:13.831 I  NayaVedAI[71451:219a2d] [com.apple.network:connection] nw_association_schedule_deactivation <nw_association Hostname#a19a2c0f:8081> will become dormant after 10000ms of inactivity
2026-01-28 16:28:13.831 Db NayaVedAI[71451:2199c2] [com.apple.defaults:User Defaults] looked up value (
    "en-CA"
) for key AppleLanguages in CFPrefsPlistSource<0x600002c0c500> (Domain: kCFPreferencesAnyApplication, User: kCFPreferencesCurrentUser, ByHost: No, Container: /Users/shivi.agarwal/Library/Developer/CoreSimulator/Devices/AC7E343F-585F-430E-B17D-BDD649803605/data, Contents Need Refresh: No) via CFPrefsSearchListSource<0x600002c04180> (Domain: com.nayaved.app, Container: (null) Non-launch persona: 0)
2026-01-28 16:28:13.831 I  NayaVedAI[71451:219a2d] [com.apple.network:connection] nw_endpoint_handler_cancel [C3.1.1 IPv6#e1664cbf.8081 ready socket-flow (satisfied (Path is satisfied), interface: lo0)]
2026-01-28 16:28:13.831 I  NayaVedAI[71451:219a2d] [com.apple.network:connection] nw_association_schedule_deactivation <nw_association IPv6#e1664cbf.8081> will become dormant after 10000ms of inactivity
2026-01-28 16:28:13.831 Db NayaVedAI[71451:219a2d] [com.apple.network:connection] nw_endpoint_flow_stitch_stack_without_passthrough [C3.1.1 IPv6#e1664cbf.8081 cancelled socket-flow ((null))] Not stitching the stack since passthrough is directly below a flow
2026-01-28 16:28:13.831 Db NayaVedAI[71451:2199c2] [com.apple.defaults:User Defaults] looked up value (
    "en-CA"
) for key AppleLanguages in CFPrefsPlistSource<0x600002c0c500> (Domain: kCFPreferencesAnyApplication, User: kCFPreferencesCurrentUser, ByHost: No, Container: /Users/shivi.agarwal/Library/Developer/CoreSimulator/Devices/AC7E343F-585F-430E-B17D-BDD649803605/data, Contents Need Refresh: No) via CFPrefsSearchListSource<0x600002c04180> (Domain: com.nayaved.app, Container: (null) Non-launch persona: 0)
2026-01-28 16:28:13.831 Db NayaVedAI[71451:219a2d] [com.apple.network:connection] nw_flow_passthrough_disconnected [C3.1.1 IPv6#e1664cbf.8081 cancelled socket-flow ((null))] deferring fail on disconnected
2026-01-28 16:28:13.831 Db NayaVedAI[71451:219a2d] [com.apple.network:connection] nw_flow_cancel_read_write_requests [C3.1.1 IPv6#e1664cbf.8081 cancelled socket-flow ((null))] cancelling read/write requests
2026-01-28 16:28:13.831 I  NayaVedAI[71451:219a2d] [com.apple.network:connection] nw_endpoint_handler_cancel [C3.1.2 IPv4#43158804:8081 cancelled path ((null))]
2026-01-28 16:28:13.831 Db NayaVedAI[71451:219a2d] [com.apple.network:connection] nw_resolver_cancel [C3.1] 0x10770ae80
2026-01-28 16:28:13.831 Db NayaVedAI[71451:219a2d] [com.apple.network:connection] nw_flow_cancel_read_write_requests [C3 Hostname#a19a2c0f:8081 cancelled parent-flow ((null))] cancelling read/write requests
2026-01-28 16:28:13.831 Df NayaVedAI[71451:219a2d] [com.apple.network:connection] nw_connection_report_state_with_handler_on_nw_queue [C3] reporting state cancelled
2026-01-28 16:28:13.831 I  NayaVedAI[71451:219a2d] [com.apple.network:connection] nw_resolver_host_resolve_callback [C4.1] flags=0x40000003 ifindex=4294967295 error=NoError(0) hostname=localhost. addr=IPv6#4f2c3092 ttl=1
2026-01-28 16:28:13.832 I  NayaVedAI[71451:219a2d] [com.apple.network:connection] nw_resolver_host_resolve_callback [C4.1] flags=0x40000002 ifindex=4294967295 error=NoError(0) hostname=localhost. addr=IPv4#8deebaa3 ttl=1
2026-01-28 16:28:13.832 Db NayaVedAI[71451:219a2d] [com.apple.network:] sa_dst_compare_rfc6724 Rule 6, prefer d2, d2 precedence 50 > d1 precedence 35
2026-01-28 16:28:13.832 Db NayaVedAI[71451:219a2d] [com.apple.network:] sa_dst_compare_internal <private>@0 < <private>@0
2026-01-28 16:28:13.832 Db NayaVedAI[71451:2199c2] [com.apple.defaults:User Defaults] found no value for key CGAllowDebuggingDefaults in CFPrefsPlistSource<0x600002c0c380> (Domain: kCFPreferencesAnyApplication, User: kCFPreferencesCurrentUser, ByHost: No, Container: (null), Contents Need Refresh: No)
2026-01-28 16:28:13.832 I  NayaVedAI[71451:219a2d] [com.apple.network:connection] nw_resolver_host_resolve_callback [C5.1] flags=0x40000003 ifindex=4294967295 error=NoError(0) hostname=localhost. addr=IPv6#4f2c3092 ttl=1
2026-01-28 16:28:13.832 I  NayaVedAI[71451:219a2d] [com.apple.network:connection] nw_resolver_host_resolve_callback [C5.1] flags=0x40000002 ifindex=4294967295 error=NoError(0) hostname=localhost. addr=IPv4#8deebaa3 ttl=1
2026-01-28 16:28:13.832 Db NayaVedAI[71451:219a2d] [com.apple.network:] sa_dst_compare_rfc6724 Rule 6, prefer d2, d2 precedence 50 > d1 precedence 35
2026-01-28 16:28:13.832 Db NayaVedAI[71451:219a2d] [com.apple.network:] sa_dst_compare_internal <private>@0 < <private>@0
2026-01-28 16:28:13.832 I  NayaVedAI[71451:219a2d] [com.apple.network:connection] [C3 Hostname#a19a2c0f:8081 tcp, url: http://localhost:8081/.expo/.virtual-metro-entry.bundle, definite, attribution: developer] dealloc
2026-01-28 16:28:13.832 Db NayaVedAI[71451:219a2d] [com.apple.network:] nw_fd_wrapper_close closed <fd_wrapper 14, guarded: true>
2026-01-28 16:28:13.832 Db NayaVedAI[71451:219a2d] [com.apple.network:connection] nw_endpoint_resolver_update [C4.1 Hostname#a19a2c0f:8081 in_progress resolver (satisfied (Path is satisfied), interface: en0[802.11], uses wifi, LQM: unknown)] resolver is complete
2026-01-28 16:28:13.832 Df NayaVedAI[71451:219a2d] [com.apple.network:connection] nw_endpoint_resolver_update [C4.1 Hostname#a19a2c0f:8081 in_progress resolver (satisfied (Path is satisfied), interface: en0[802.11], uses wifi, LQM: unknown)] Adding endpoint handler for IPv6#e1664cbf.8081
2026-01-28 16:28:13.832 Df NayaVedAI[71451:219a2d] [com.apple.network:connection] nw_endpoint_resolver_update [C4.1 Hostname#a19a2c0f:8081 in_progress resolver (satisfied (Path is satisfied), interface: en0[802.11], uses wifi, LQM: unknown)] Adding endpoint handler for IPv4#43158804:8081
2026-01-28 16:28:13.832 Db NayaVedAI[71451:219a2d] [com.apple.network:connection] nw_endpoint_resolver_update [C4.1 Hostname#a19a2c0f:8081 in_progress resolver (satisfied (Path is satisfied), interface: en0[802.11], uses wifi, LQM: unknown)] Updated endpoint list is (IPv6#e1664cbf.8081,IPv4#43158804:8081)
2026-01-28 16:28:13.832 Db NayaVedAI[71451:219a2d] [com.apple.network:connection] nw_endpoint_flow_receive_report [C4 Hostname#a19a2c0f:8081 in_progress parent-flow (satisfied (Path is satisfied), interface: en0[802.11], uses wifi, LQM: unknown)] received child report: [C4.1 Hostname#a19a2c0f:8081 in_progress resolver (satisfied (Path is satisfied), interface: en0[802.11], uses wifi, LQM: unknown)]
2026-01-28 16:28:13.832 Df NayaVedAI[71451:219a2d] [com.apple.network:connection] [C4.1 Hostname#a19a2c0f:8081 in_progress resolver (satisfied (Path is satisfied), interface: en0[802.11], uses wifi, LQM: unknown)] event: resolver:receive_dns @0.009s
2026-01-28 16:28:13.832 Db NayaVedAI[71451:219a2d] [com.apple.network:connection] nw_endpoint_resolver_update [C5.1 Hostname#a19a2c0f:8081 in_progress resolver (satisfied (Path is satisfied), interface: en0[802.11], uses wifi, LQM: unknown)] resolver is complete
2026-01-28 16:28:13.832 Df NayaVedAI[71451:219a2d] [com.apple.network:connection] nw_endpoint_resolver_update [C5.1 Hostname#a19a2c0f:8081 in_progress resolver (satisfied (Path is satisfied), interface: en0[802.11], uses wifi, LQM: unknown)] Adding endpoint handler for IPv6#e1664cbf.8081
2026-01-28 16:28:13.832 Df NayaVedAI[71451:219a2d] [com.apple.network:connection] nw_endpoint_resolver_update [C5.1 Hostname#a19a2c0f:8081 in_progress resolver (satisfied (Path is satisfied), interface: en0[802.11], uses wifi, LQM: unknown)] Adding endpoint handler for IPv4#43158804:8081
2026-01-28 16:28:13.832 Db NayaVedAI[71451:2199c2] [com.apple.defaults:User Defaults] found no value for key DetectTextLayoutIssues in CFPrefsSearchListSource<0x600002c0a780> (Domain: com.apple.UIKit, Container: (null) Non-launch persona: 0)
2026-01-28 16:28:13.832 Db NayaVedAI[71451:219a2d] [com.apple.network:connection] nw_endpoint_resolver_update [C5.1 Hostname#a19a2c0f:8081 in_progress resolver (satisfied (Path is satisfied), interface: en0[802.11], uses wifi, LQM: unknown)] Updated endpoint list is (IPv6#e1664cbf.8081,IPv4#43158804:8081)
2026-01-28 16:28:13.832 Db NayaVedAI[71451:219a2d] [com.apple.network:connection] nw_endpoint_flow_receive_report [C5 Hostname#a19a2c0f:8081 in_progress parent-flow (satisfied (Path is satisfied), interface: en0[802.11], uses wifi, LQM: unknown)] received child report: [C5.1 Hostname#a19a2c0f:8081 in_progress resolver (satisfied (Path is satisfied), interface: en0[802.11], uses wifi, LQM: unknown)]
2026-01-28 16:28:13.832 Df NayaVedAI[71451:219a2d] [com.apple.network:connection] [C5.1 Hostname#a19a2c0f:8081 in_progress resolver (satisfied (Path is satisfied), interface: en0[802.11], uses wifi, LQM: unknown)] event: resolver:receive_dns @0.005s
2026-01-28 16:28:13.832 I  NayaVedAI[71451:219a2d] [com.apple.network:connection] nw_endpoint_resolver_start_next_child [C4.1 Hostname#a19a2c0f:8081 in_progress resolver (satisfied (Path is satisfied), interface: en0[802.11], uses wifi, LQM: unknown)] starting child endpoint IPv6#e1664cbf.8081
2026-01-28 16:28:13.832 I  NayaVedAI[71451:219a2d] [com.apple.network:connection] nw_endpoint_handler_start [C4.1.1 IPv6#e1664cbf.8081 initial path ((null))]
2026-01-28 16:28:13.832 Db NayaVedAI[71451:219a2d] [com.apple.network:connection] nw_endpoint_resolver_receive_report [C4.1 Hostname#a19a2c0f:8081 in_progress resolver (satisfied (Path is satisfied), interface: en0[802.11], uses wifi, LQM: unknown)] received child report: [C4.1.1 IPv6#e1664cbf.8081 initial path ((null))]
2026-01-28 16:28:13.832 Db NayaVedAI[71451:219a2d] [com.apple.network:connection] nw_endpoint_flow_receive_report [C4 Hostname#a19a2c0f:8081 in_progress parent-flow (satisfied (Path is satisfied), interface: en0[802.11], uses wifi, LQM: unknown)] received child report: [C4.1.1 IPv6#e1664cbf.8081 initial path ((null))]
2026-01-28 16:28:13.832 Df NayaVedAI[71451:219a2d] [com.apple.network:connection] [C4.1.1 IPv6#e1664cbf.8081 initial path ((null))] event: path:start @0.009s
2026-01-28 16:28:13.832 Db NayaVedAI[71451:219a2d] [com.apple.network:connection] nw_endpoint_handler_path_change [C4.1.1 IPv6#e1664cbf.8081 waiting path (satisfied (Path is satisfied), interface: lo0)]
2026-01-28 16:28:13.832 Db NayaVedAI[71451:219a2d] [com.apple.network:connection] nw_endpoint_resolver_receive_report [C4.1 Hostname#a19a2c0f:8081 in_progress resolver (satisfied (Path is satisfied), interface: en0[802.11], uses wifi, LQM: unknown)] received child report: [C4.1.1 IPv6#e1664cbf.8081 waiting path (satisfied (Path is satisfied), interface: lo0)]
