2026-01-28 16:14:21.171 Db NayaVedAI[63826:21027f] [com.apple.network:connection] nw_endpoint_flow_receive_report [C134 Hostname#b33e072a:8081 in_progress parent-flow (satisfied (Path is satisfied), interface: en0[802.11], uses wifi, LQM: unknown)] received child report: [C134.1 Hostname#b33e072a:8081 in_progress resolver (satisfied (Path is satisfied), interface: en0[802.11], uses wifi, LQM: unknown)]
2026-01-28 16:14:21.171 Df NayaVedAI[63826:21027f] [com.apple.network:connection] [C134.1 Hostname#b33e072a:8081 in_progress resolver (satisfied (Path is satisfied), interface: en0[802.11], uses wifi, LQM: unknown)] event: resolver:start_dns @0.003s
2026-01-28 16:14:21.173 Db NayaVedAI[63826:21027f] [com.apple.networkextension:] ne_tracker_check_is_hostname_blocked() proceeding with the in_the_app check for hostname: localhost
2026-01-28 16:14:21.173 Db NayaVedAI[63826:21027f] [com.apple.CFBundle:resources] Resource lookup at CFBundle 0x600003b10000 </Users/shivi.agarwal/Library/Developer/CoreSimulator/Devices/AC7E343F-585F-430E-B17D-BDD649803605/data/Containers/Bundle/Application/526E8406-59B6-4C05-9D18-38A7EF2F46C7/NayaVedAI.app> (executable, loaded)
	Request       : InfoPlist type: strings
	Result        : None
2026-01-28 16:14:21.173 Db NayaVedAI[63826:21027f] [com.apple.CFBundle:resources] Resource lookup at CFBundle 0x600003b10000 </Users/shivi.agarwal/Library/Developer/CoreSimulator/Devices/AC7E343F-585F-430E-B17D-BDD649803605/data/Containers/Bundle/Application/526E8406-59B6-4C05-9D18-38A7EF2F46C7/NayaVedAI.app> (executable, loaded)
	Request       : InfoPlist type: stringsdict
	Result        : None
2026-01-28 16:14:21.173 Db NayaVedAI[63826:21027f] [com.apple.networkextension:] ne_tracker_check_is_hostname_blocked(): hostname localhost is not a tracker. Returning: ne_tracker_status_none
2026-01-28 16:14:21.173 I  NayaVedAI[63826:21027f] [com.apple.network:connection] nw_resolver_create_dns_service_locked [C134.1] Starting host resolution Hostname#b33e072a:8081, flags 0xc000d000 proto 0
2026-01-28 16:14:21.173 Df NayaVedAI[63826:21027f] [com.apple.CFNetwork:Default] Task <E8F9E852-C8BA-4AD9-8C51-38368E93C2AC>.<1> setting up Connection 134
2026-01-28 16:14:21.173 Db NayaVedAI[63826:21027f] [com.apple.network:activity] Returning should log: 0 for activity cfnetwork:foreground_task
2026-01-28 16:14:21.173 I  NayaVedAI[63826:21027f] [com.apple.network:connection] nw_resolver_host_resolve_callback [C134.1] flags=0x40000003 ifindex=4294967295 error=NoError(0) hostname=localhost. addr=IPv6#42e9e5e9 ttl=1
2026-01-28 16:14:21.173 I  NayaVedAI[63826:21027f] [com.apple.network:connection] nw_resolver_host_resolve_callback [C134.1] flags=0x40000002 ifindex=4294967295 error=NoError(0) hostname=localhost. addr=IPv4#075c8fe9 ttl=1
2026-01-28 16:14:21.173 Db NayaVedAI[63826:21027f] [com.apple.network:] sa_dst_compare_rfc6724 Rule 6, prefer d2, d2 precedence 50 > d1 precedence 35
2026-01-28 16:14:21.173 Db NayaVedAI[63826:21027f] [com.apple.network:] sa_dst_compare_internal <private>@0 < <private>@0
2026-01-28 16:14:21.173 Db NayaVedAI[63826:21027f] [com.apple.network:connection] nw_endpoint_resolver_update [C134.1 Hostname#b33e072a:8081 in_progress resolver (satisfied (Path is satisfied), interface: en0[802.11], uses wifi, LQM: unknown)] resolver is complete
2026-01-28 16:14:21.174 Df NayaVedAI[63826:21027f] [com.apple.network:connection] nw_endpoint_resolver_update [C134.1 Hostname#b33e072a:8081 in_progress resolver (satisfied (Path is satisfied), interface: en0[802.11], uses wifi, LQM: unknown)] Adding endpoint handler for IPv6#9530c712.8081
2026-01-28 16:14:21.174 Df NayaVedAI[63826:21027f] [com.apple.network:connection] nw_endpoint_resolver_update [C134.1 Hostname#b33e072a:8081 in_progress resolver (satisfied (Path is satisfied), interface: en0[802.11], uses wifi, LQM: unknown)] Adding endpoint handler for IPv4#eafe643d:8081
2026-01-28 16:14:21.174 Db NayaVedAI[63826:21027f] [com.apple.network:connection] nw_endpoint_resolver_update [C134.1 Hostname#b33e072a:8081 in_progress resolver (satisfied (Path is satisfied), interface: en0[802.11], uses wifi, LQM: unknown)] Updated endpoint list is (IPv6#9530c712.8081,IPv4#eafe643d:8081)
2026-01-28 16:14:21.174 Db NayaVedAI[63826:21027f] [com.apple.network:connection] nw_endpoint_flow_receive_report [C134 Hostname#b33e072a:8081 in_progress parent-flow (satisfied (Path is satisfied), interface: en0[802.11], uses wifi, LQM: unknown)] received child report: [C134.1 Hostname#b33e072a:8081 in_progress resolver (satisfied (Path is satisfied), interface: en0[802.11], uses wifi, LQM: unknown)]
2026-01-28 16:14:21.174 Df NayaVedAI[63826:21027f] [com.apple.network:connection] [C134.1 Hostname#b33e072a:8081 in_progress resolver (satisfied (Path is satisfied), interface: en0[802.11], uses wifi, LQM: unknown)] event: resolver:receive_dns @0.006s
2026-01-28 16:14:21.174 I  NayaVedAI[63826:21027f] [com.apple.network:connection] nw_endpoint_resolver_start_next_child [C134.1 Hostname#b33e072a:8081 in_progress resolver (satisfied (Path is satisfied), interface: en0[802.11], uses wifi, LQM: unknown)] starting child endpoint IPv6#9530c712.8081
2026-01-28 16:14:21.174 I  NayaVedAI[63826:21027f] [com.apple.network:connection] nw_endpoint_handler_start [C134.1.1 IPv6#9530c712.8081 initial path ((null))]
2026-01-28 16:14:21.174 Db NayaVedAI[63826:21027f] [com.apple.network:connection] nw_endpoint_resolver_receive_report [C134.1 Hostname#b33e072a:8081 in_progress resolver (satisfied (Path is satisfied), interface: en0[802.11], uses wifi, LQM: unknown)] received child report: [C134.1.1 IPv6#9530c712.8081 initial path ((null))]
2026-01-28 16:14:21.174 Db NayaVedAI[63826:21027f] [com.apple.network:connection] nw_endpoint_flow_receive_report [C134 Hostname#b33e072a:8081 in_progress parent-flow (satisfied (Path is satisfied), interface: en0[802.11], uses wifi, LQM: unknown)] received child report: [C134.1.1 IPv6#9530c712.8081 initial path ((null))]
2026-01-28 16:14:21.174 Df NayaVedAI[63826:21027f] [com.apple.network:connection] [C134.1.1 IPv6#9530c712.8081 initial path ((null))] event: path:start @0.006s
2026-01-28 16:14:21.174 Db NayaVedAI[63826:21027f] [com.apple.network:connection] nw_endpoint_handler_path_change [C134.1.1 IPv6#9530c712.8081 waiting path (satisfied (Path is satisfied), interface: lo0)]
2026-01-28 16:14:21.174 Db NayaVedAI[63826:21027f] [com.apple.network:connection] nw_endpoint_resolver_receive_report [C134.1 Hostname#b33e072a:8081 in_progress resolver (satisfied (Path is satisfied), interface: en0[802.11], uses wifi, LQM: unknown)] received child report: [C134.1.1 IPv6#9530c712.8081 waiting path (satisfied (Path is satisfied), interface: lo0)]
2026-01-28 16:14:21.174 Db NayaVedAI[63826:21027f] [com.apple.network:connection] nw_endpoint_flow_receive_report [C134 Hostname#b33e072a:8081 in_progress parent-flow (satisfied (Path is satisfied), interface: en0[802.11], uses wifi, LQM: unknown)] received child report: [C134.1.1 IPv6#9530c712.8081 waiting path (satisfied (Path is satisfied), interface: lo0)]
2026-01-28 16:14:21.174 Df NayaVedAI[63826:21027f] [com.apple.network:connection] [C134.1.1 IPv6#9530c712.8081 waiting path (satisfied (Path is satisfied), interface: lo0)] event: path:satisfied @0.007s, uuid: D8886FCD-5838-40CC-8F25-B7D808269BDA
2026-01-28 16:14:21.174 Db NayaVedAI[63826:21027f] [com.apple.network:] nw_endpoint_proxy_handler_should_use_proxy Looking up proxy for hostname: <nil>, ifindex: 0
2026-01-28 16:14:21.174 Db NayaVedAI[63826:21027f] [com.apple.SystemConfiguration:SCPreferences] create <SCPreferences 0x108b10f30 [0x1e578fa80]> {name = SCDynamicStoreCopyProxiesWithOptions, id = /Library/Managed Preferences/mobile/com.apple.SystemConfiguration.plist, path = /Library/Managed Preferences/mobile/com.apple.SystemConfiguration.plist}
2026-01-28 16:14:21.174 Db NayaVedAI[63826:21027f] [com.apple.SystemConfiguration:SCPreferences] SCPreferences() access: /Library/Managed Preferences/mobile/com.apple.SystemConfiguration.plist, size=0
2026-01-28 16:14:21.175 Db NayaVedAI[63826:21027f] [com.apple.SystemConfiguration:SCPreferences] release <SCPreferences 0x108b10f30 [0x1e578fa80]> {name = SCDynamicStoreCopyProxiesWithOptions, id = /Library/Managed Preferences/mobile/com.apple.SystemConfiguration.plist, path = /Library/Managed Preferences/mobile/com.apple.SystemConfiguration.plist, accessed}
2026-01-28 16:14:21.175 Df NayaVedAI[63826:20fee4] [com.apple.CFNetwork:Default] Task <E112ADD5-ADB9-4D49-8B2E-FF482F868247>.<2> resuming, timeouts(0.0, 604800.0) qos(0x19) voucher((null)) activity(00000000-0000-0000-0000-000000000000)
2026-01-28 16:14:21.175 Db NayaVedAI[63826:20fee4] [com.apple.network:activity] Returning should log: 0 for activity cfnetwork:foreground_task
2026-01-28 16:14:21.175 Db NayaVedAI[63826:20fee4] [com.apple.network:activity] Domain cfnetwork rate configured in registry as 1 / 20000
2026-01-28 16:14:21.175 Db NayaVedAI[63826:20fee4] [com.apple.network:activity] Domain cfnetwork rate configured after remote default override as 1 / 20000
2026-01-28 16:14:21.175 Db NayaVedAI[63826:20fee4] [com.apple.network:activity] After reading settings plist, domain cfnetwork rate configured as 1 / 2000000
2026-01-28 16:14:21.175 Db NayaVedAI[63826:20fee4] [com.apple.network:activity] After settings override, domain cfnetwork rate configured as 1 / 2000000
2026-01-28 16:14:21.175 Db NayaVedAI[63826:20fee4] [com.apple.network:activity] Final domain cfnetwork rate configured as 1 / 2000000
2026-01-28 16:14:21.175 Db NayaVedAI[63826:20fee4] [com.apple.network:activity] <nw_activity 12:2 [No UUID] (reporting strategy default)> sampled at 1 / 2000000
2026-01-28 16:14:21.175 Db NayaVedAI[63826:20fee4] [com.apple.network:activity] Returning should log: 0 for activity cfnetwork:foreground_task
2026-01-28 16:14:21.175 Db NayaVedAI[63826:20fee4] [com.apple.network:activity] Returning should log: 0 for activity cfnetwork:foreground_task
2026-01-28 16:14:21.175 I  NayaVedAI[63826:21027f] [com.apple.network:connection] nw_association_create_flow <nw_association IPv6#9530c712.8081> Added association flow ID BDB057C5-14CA-47DB-BEE1-0C515DDB4B19
2026-01-28 16:14:21.175 Db NayaVedAI[63826:20fee4] [com.apple.CFNetwork:Default] [Telemetry]: Activity <nw_activity 12:2 [ACC0B4FD-612C-479C-9196-A209A43E3D2A] (reporting strategy default)> on Task <E112ADD5-ADB9-4D49-8B2E-FF482F868247>.<2> was not selected for reporting
2026-01-28 16:14:21.175 I  NayaVedAI[63826:21027f] [com.apple.network:connection] nw_endpoint_flow_setup_protocols [C134.1.1 IPv6#9530c712.8081 in_progress socket-flow (satisfied (Path is satisfied), interface: lo0)] setup flow id BDB057C5-14CA-47DB-BEE1-0C515DDB4B19
2026-01-28 16:14:21.175 Db NayaVedAI[63826:21027f] [com.apple.network:connection] nw_endpoint_flow_attach_protocols [C134.1.1 IPv6#9530c712.8081 in_progress socket-flow (satisfied (Path is satisfied), interface: lo0)]
2026-01-28 16:14:21.175 Db NayaVedAI[63826:21027f] [com.apple.network:connection] nw_endpoint_flow_attach_protocols_block_invoke [C134.1.1 IPv6#9530c712.8081 in_progress socket-flow (satisfied (Path is satisfied), interface: lo0)] Attached application protocol: CFNetworkConnection-1110212295
2026-01-28 16:14:21.175 Db NayaVedAI[63826:21027f] [com.apple.network:] nw_fd_wrapper_create Created <fd_wrapper 24, guarded: false>
2026-01-28 16:14:21.175 Db NayaVedAI[63826:21027f] [com.apple.network:connection] nw_endpoint_flow_attach_protocols [C134.1.1 IPv6#9530c712.8081 in_progress socket-flow (satisfied (Path is satisfied), interface: lo0)] Attached socket protocol
2026-01-28 16:14:21.175 Db NayaVedAI[63826:21027f] [com.apple.network:connection] nw_endpoint_flow_setup_protocols [C134.1.1 IPv6#9530c712.8081 in_progress socket-flow (satisfied (Path is satisfied), interface: lo0)] leaf flow starting
2026-01-28 16:14:21.175 Db NayaVedAI[63826:21027f] [com.apple.network:connection] nw_endpoint_resolver_receive_report [C134.1 Hostname#b33e072a:8081 in_progress resolver (satisfied (Path is satisfied), interface: en0[802.11], uses wifi, LQM: unknown)] received child report: [C134.1.1 IPv6#9530c712.8081 in_progress socket-flow (satisfied (Path is satisfied), interface: lo0)]
2026-01-28 16:14:21.175 Db NayaVedAI[63826:21027f] [com.apple.network:connection] nw_endpoint_flow_receive_report [C134 Hostname#b33e072a:8081 in_progress parent-flow (satisfied (Path is satisfied), interface: en0[802.11], uses wifi, LQM: unknown)] received child report: [C134.1.1 IPv6#9530c712.8081 in_progress socket-flow (satisfied (Path is satisfied), interface: lo0)]
2026-01-28 16:14:21.175 Df NayaVedAI[63826:21027f] [com.apple.network:connection] [C134.1.1 IPv6#9530c712.8081 in_progress socket-flow (satisfied (Path is satisfied), interface: lo0)] event: flow:start_connect @0.008s
2026-01-28 16:14:21.176 I  NayaVedAI[63826:21027f] [com.apple.network:connection] nw_endpoint_resolver_start_next_child [C134.1 Hostname#b33e072a:8081 in_progress resolver (satisfied (Path is satisfied), interface: en0[802.11], uses wifi, LQM: unknown)] starting next child endpoint in 100ms
2026-01-28 16:14:21.176 Db NayaVedAI[63826:21027f] [com.apple.CFNetwork:ATS] Uploading ATS exception ATSAllowsLocalNetworking
2026-01-28 16:14:21.176 A  NayaVedAI[63826:20fee4] (Security) SecTrustReportNetworkingAnalytics
2026-01-28 16:14:21.176 I  NayaVedAI[63826:21027f] [com.apple.network:connection] nw_connection_create_with_id [C135] create connection to Hostname#b33e072a:8081
2026-01-28 16:14:21.176 Df NayaVedAI[63826:21027f] [com.apple.CFNetwork:Default] Connection 135: starting, TC(0x0)
2026-01-28 16:14:21.176 Df NayaVedAI[63826:20fee4] [com.apple.securityd:SecError] SecTrustReportNetworkingAnalytics failed with error: -4
2026-01-28 16:14:21.176 Df NayaVedAI[63826:21027f] [com.apple.network:connection] [C135 9CCA7C7B-D417-4CC0-A159-EC9477F39729 Hostname#b33e072a:8081 tcp, url: http://localhost:8081/symbolicate, definite, attribution: developer, context: com.apple.CFNetwork.NSURLSession.{FAE6AF88-5FC2-40CE-81CC-BB71A707BBE8}{(null)}{Y}{2}{0x0} (private), proc: 63B02D91-D502-3FF5-9842-92830ECC12FF, delegated upid: 0] start
2026-01-28 16:14:21.176 I  NayaVedAI[63826:21027f] [com.apple.network:connection] nw_endpoint_handler_start [C135 Hostname#b33e072a:8081 initial parent-flow ((null))]
2026-01-28 16:14:21.177 Df NayaVedAI[63826:21027f] [com.apple.network:connection] [C135 Hostname#b33e072a:8081 initial parent-flow ((null))] event: path:start @0.000s
2026-01-28 16:14:21.177 Db NayaVedAI[63826:21027f] [com.apple.network:connection] nw_endpoint_handler_path_change [C135 Hostname#b33e072a:8081 waiting parent-flow (satisfied (Path is satisfied), interface: en0[802.11], uses wifi, LQM: unknown)]
2026-01-28 16:14:21.177 Db NayaVedAI[63826:21027f] [com.apple.networkextension:] ne_tracker_check_is_hostname_blocked() proceeding with the in_the_app check for hostname: localhost
2026-01-28 16:14:21.178 Db NayaVedAI[63826:21027f] [com.apple.CFBundle:resources] Resource lookup at CFBundle 0x600003b10000 </Users/shivi.agarwal/Library/Developer/CoreSimulator/Devices/AC7E343F-585F-430E-B17D-BDD649803605/data/Containers/Bundle/Application/526E8406-59B6-4C05-9D18-38A7EF2F46C7/NayaVedAI.app> (executable, loaded)
	Request       : InfoPlist type: strings
	Result        : None
2026-01-28 16:14:21.178 Db NayaVedAI[63826:21027f] [com.apple.CFBundle:resources] Resource lookup at CFBundle 0x600003b10000 </Users/shivi.agarwal/Library/Developer/CoreSimulator/Devices/AC7E343F-585F-430E-B17D-BDD649803605/data/Containers/Bundle/Application/526E8406-59B6-4C05-9D18-38A7EF2F46C7/NayaVedAI.app> (executable, loaded)
	Request       : InfoPlist type: stringsdict
	Result        : None
2026-01-28 16:14:21.178 Db NayaVedAI[63826:21027f] [com.apple.networkextension:] ne_tracker_check_is_hostname_blocked(): hostname localhost is not a tracker. Returning: ne_tracker_status_none
2026-01-28 16:14:21.178 Df NayaVedAI[63826:21027f] [com.apple.network:connection] [C135 Hostname#b33e072a:8081 waiting parent-flow (satisfied (Path is satisfied), interface: en0[802.11], uses wifi, LQM: unknown)] event: path:satisfied @0.001s, uuid: BB222722-C0AC-4ADF-BB9B-A3D8B3800CCD
2026-01-28 16:14:21.178 I  NayaVedAI[63826:21027f] [com.apple.network:connection] nw_connection_endpoint_report_on_nw_queue_block_invoke [C135 Hostname#b33e072a:8081 waiting parent-flow (satisfied (Path is satisfied), interface: en0[802.11], uses wifi, LQM: unknown)] skipping state update
2026-01-28 16:14:21.178 Db NayaVedAI[63826:21027f] [com.apple.network:] nw_endpoint_proxy_handler_should_use_proxy Looking up proxy for hostname: localhost, ifindex: 0
2026-01-28 16:14:21.178 Db NayaVedAI[63826:21027f] [com.apple.SystemConfiguration:SCPreferences] create <SCPreferences 0x10880bb50 [0x1e578fa80]> {name = SCDynamicStoreCopyProxiesWithOptions, id = /Library/Managed Preferences/mobile/com.apple.SystemConfiguration.plist, path = /Library/Managed Preferences/mobile/com.apple.SystemConfiguration.plist}
2026-01-28 16:14:21.178 Db NayaVedAI[63826:21027f] [com.apple.SystemConfiguration:SCPreferences] SCPreferences() access: /Library/Managed Preferences/mobile/com.apple.SystemConfiguration.plist, size=0
2026-01-28 16:14:21.178 Db NayaVedAI[63826:21027f] [com.apple.SystemConfiguration:SCPreferences] release <SCPreferences 0x10880bb50 [0x1e578fa80]> {name = SCDynamicStoreCopyProxiesWithOptions, id = /Library/Managed Preferences/mobile/com.apple.SystemConfiguration.plist, path = /Library/Managed Preferences/mobile/com.apple.SystemConfiguration.plist, accessed}
2026-01-28 16:14:21.178 Db NayaVedAI[63826:21027f] [com.apple.network:connection] nw_endpoint_flow_attach_protocols [C135 Hostname#b33e072a:8081 in_progress parent-flow (satisfied (Path is satisfied), interface: en0[802.11], uses wifi, LQM: unknown)]
2026-01-28 16:14:21.178 Db NayaVedAI[63826:21027f] [com.apple.network:connection] nw_endpoint_flow_attach_protocols [C135 Hostname#b33e072a:8081 in_progress parent-flow (satisfied (Path is satisfied), interface: en0[802.11], uses wifi, LQM: unknown)] stopping after adding persistent application protocols
2026-01-28 16:14:21.178 Db NayaVedAI[63826:21027f] [com.apple.network:connection] nw_endpoint_flow_setup_protocols [C135 Hostname#b33e072a:8081 in_progress parent-flow (satisfied (Path is satisfied), interface: en0[802.11], uses wifi, LQM: unknown)] persistent protocol stack, starting
2026-01-28 16:14:21.178 Df NayaVedAI[63826:21027f] [com.apple.network:connection] [C135 Hostname#b33e072a:8081 in_progress parent-flow (satisfied (Path is satisfied), interface: en0[802.11], uses wifi, LQM: unknown)] event: flow:start_connect @0.002s
2026-01-28 16:14:21.178 Df NayaVedAI[63826:21027f] [com.apple.network:connection] nw_connection_report_state_with_handler_on_nw_queue [C135] reporting state preparing
2026-01-28 16:14:21.179 I  NayaVedAI[63826:21027f] [com.apple.network:connection] nw_endpoint_flow_connect [C135 Hostname#b33e072a:8081 in_progress parent-flow (satisfied (Path is satisfied), interface: en0[802.11], uses wifi, LQM: unknown)] connect bottom protocol
2026-01-28 16:14:21.179 Db NayaVedAI[63826:21027f] [com.apple.network:connection] nw_endpoint_flow_start_child [C135 Hostname#b33e072a:8081 in_progress parent-flow (satisfied (Path is satisfied), interface: en0[802.11], uses wifi, LQM: unknown)] creating and starting child handler
2026-01-28 16:14:21.179 Db NayaVedAI[63826:20fabf] [com.apple.defaults:User Defaults] looked up value 1 for key RCTI18nUtil_makeRTLFlipLeftAndRightStyles in CFPrefsPlistSource<0x600002c00600> (Domain: com.nayaved.app, User: kCFPreferencesCurrentUser, ByHost: No, Container: (null), Contents Need Refresh: No) via CFPrefsSearchListSource<0x600002c00200> (Domain: com.nayaved.app, Container: (null) Non-launch persona: 0)
2026-01-28 16:14:21.179 Db NayaVedAI[63826:21027f] [com.apple.network:] nw_endpoint_proxy_handler_should_use_proxy Looking up proxy for hostname: localhost, ifindex: 0
2026-01-28 16:14:21.179 Db NayaVedAI[63826:20fabf] [com.apple.defaults:User Defaults] looked up value 1 for key RCTI18nUtil_makeRTLFlipLeftAndRightStyles in CFPrefsPlistSource<0x600002c00600> (Domain: com.nayaved.app, User: kCFPreferencesCurrentUser, ByHost: No, Container: (null), Contents Need Refresh: No) via CFPrefsSearchListSource<0x600002c00200> (Domain: com.nayaved.app, Container: (null) Non-launch persona: 0)
2026-01-28 16:14:21.179 Db NayaVedAI[63826:20fabf] [com.apple.defaults:User Defaults] looked up value 1 for key RCTI18nUtil_makeRTLFlipLeftAndRightStyles in CFPrefsPlistSource<0x600002c00600> (Domain: com.nayaved.app, User: kCFPreferencesCurrentUser, ByHost: No, Container: (null), Contents Need Refresh: No) via CFPrefsSearchListSource<0x600002c00200> (Domain: com.nayaved.app, Container: (null) Non-launch persona: 0)
2026-01-28 16:14:21.179 Db NayaVedAI[63826:21027f] [com.apple.SystemConfiguration:SCPreferences] create <SCPreferences 0x107780d50 [0x1e578fa80]> {name = SCDynamicStoreCopyProxiesWithOptions, id = /Library/Managed Preferences/mobile/com.apple.SystemConfiguration.plist, path = /Library/Managed Preferences/mobile/com.apple.SystemConfiguration.plist}
2026-01-28 16:14:21.179 Db NayaVedAI[63826:21027f] [com.apple.SystemConfiguration:SCPreferences] SCPreferences() access: /Library/Managed Preferences/mobile/com.apple.SystemConfiguration.plist, size=0
2026-01-28 16:14:21.179 Db NayaVedAI[63826:21027f] [com.apple.SystemConfiguration:SCPreferences] release <SCPreferences 0x107780d50 [0x1e578fa80]> {name = SCDynamicStoreCopyProxiesWithOptions, id = /Library/Managed Preferences/mobile/com.apple.SystemConfiguration.plist, path = /Library/Managed Preferences/mobile/com.apple.SystemConfiguration.plist, accessed}
2026-01-28 16:14:21.179 Df NayaVedAI[63826:21027f] [com.apple.network:connection] [C135 Hostname#b33e072a:8081 in_progress parent-flow (satisfied (Path is satisfied), interface: en0[802.11], uses wifi, LQM: unknown)] event: flow:start_child @0.002s
2026-01-28 16:14:21.179 I  NayaVedAI[63826:21027f] [com.apple.network:connection] nw_endpoint_handler_start [C135.1 Hostname#b33e072a:8081 initial path ((null))]
2026-01-28 16:14:21.179 Db NayaVedAI[63826:21027f] [com.apple.network:connection] nw_endpoint_flow_receive_report [C135 Hostname#b33e072a:8081 in_progress parent-flow (satisfied (Path is satisfied), interface: en0[802.11], uses wifi, LQM: unknown)] received child report: [C135.1 Hostname#b33e072a:8081 initial path ((null))]
2026-01-28 16:14:21.179 Df NayaVedAI[63826:21027f] [com.apple.network:connection] [C135.1 Hostname#b33e072a:8081 initial path ((null))] event: path:start @0.002s
2026-01-28 16:14:21.179 Db NayaVedAI[63826:21027f] [com.apple.network:connection] nw_endpoint_handler_path_change [C135.1 Hostname#b33e072a:8081 waiting path (satisfied (Path is satisfied), interface: en0[802.11], uses wifi, LQM: unknown)]
2026-01-28 16:14:21.179 Db NayaVedAI[63826:21027f] [com.apple.networkextension:] ne_tracker_check_is_hostname_blocked() proceeding with the in_the_app check for hostname: localhost
2026-01-28 16:14:21.180 Db NayaVedAI[63826:21027f] [com.apple.CFBundle:resources] Resource lookup at CFBundle 0x600003b10000 </Users/shivi.agarwal/Library/Developer/CoreSimulator/Devices/AC7E343F-585F-430E-B17D-BDD649803605/data/Containers/Bundle/Application/526E8406-59B6-4C05-9D18-38A7EF2F46C7/NayaVedAI.app> (executable, loaded)
	Request       : InfoPlist type: strings
	Result        : None
2026-01-28 16:14:21.180 Db NayaVedAI[63826:21027f] [com.apple.CFBundle:resources] Resource lookup at CFBundle 0x600003b10000 </Users/shivi.agarwal/Library/Developer/CoreSimulator/Devices/AC7E343F-585F-430E-B17D-BDD649803605/data/Containers/Bundle/Application/526E8406-59B6-4C05-9D18-38A7EF2F46C7/NayaVedAI.app> (executable, loaded)
	Request       : InfoPlist type: stringsdict
	Result        : None
2026-01-28 16:14:21.180 Db NayaVedAI[63826:21027f] [com.apple.networkextension:] ne_tracker_check_is_hostname_blocked(): hostname localhost is not a tracker. Returning: ne_tracker_status_none
2026-01-28 16:14:21.180 Db NayaVedAI[63826:21027f] [com.apple.network:connection] nw_endpoint_flow_receive_report [C135 Hostname#b33e072a:8081 in_progress parent-flow (satisfied (Path is satisfied), interface: en0[802.11], uses wifi, LQM: unknown)] received child report: [C135.1 Hostname#b33e072a:8081 waiting path (satisfied (Path is satisfied), interface: en0[802.11], uses wifi, LQM: unknown)]
2026-01-28 16:14:21.180 Df NayaVedAI[63826:21027f] [com.apple.network:connection] [C135.1 Hostname#b33e072a:8081 waiting path (satisfied (Path is satisfied), interface: en0[802.11], uses wifi, LQM: unknown)] event: path:satisfied @0.003s, uuid: BB222722-C0AC-4ADF-BB9B-A3D8B3800CCD
2026-01-28 16:14:21.180 Db NayaVedAI[63826:21027f] [com.apple.network:] nw_endpoint_proxy_handler_should_use_proxy Looking up proxy for hostname: localhost, ifindex: 0
2026-01-28 16:14:21.180 Db NayaVedAI[63826:21027f] [com.apple.SystemConfiguration:SCPreferences] create <SCPreferences 0x108b10f30 [0x1e578fa80]> {name = SCDynamicStoreCopyProxiesWithOptions, id = /Library/Managed Preferences/mobile/com.apple.SystemConfiguration.plist, path = /Library/Managed Preferences/mobile/com.apple.SystemConfiguration.plist}
2026-01-28 16:14:21.180 Db NayaVedAI[63826:21027f] [com.apple.SystemConfiguration:SCPreferences] SCPreferences() access: /Library/Managed Preferences/mobile/com.apple.SystemConfiguration.plist, size=0
2026-01-28 16:14:21.180 Db NayaVedAI[63826:21027f] [com.apple.SystemConfiguration:SCPreferences] release <SCPreferences 0x108b10f30 [0x1e578fa80]> {name = SCDynamicStoreCopyProxiesWithOptions, id = /Library/Managed Preferences/mobile/com.apple.SystemConfiguration.plist, path = /Library/Managed Preferences/mobile/com.apple.SystemConfiguration.plist, accessed}
2026-01-28 16:14:21.180 Db NayaVedAI[63826:21027f] [com.apple.network:connection] -[NWConcrete_nw_endpoint_resolver startWithHandler:] [C135.1 Hostname#b33e072a:8081 waiting resolver (satisfied (Path is satisfied), interface: en0[802.11], uses wifi, LQM: unknown)]
2026-01-28 16:14:21.180 Db NayaVedAI[63826:21027f] [com.apple.network:connection] nw_endpoint_flow_receive_report [C135 Hostname#b33e072a:8081 in_progress parent-flow (satisfied (Path is satisfied), interface: en0[802.11], uses wifi, LQM: unknown)] received child report: [C135.1 Hostname#b33e072a:8081 in_progress resolver (satisfied (Path is satisfied), interface: en0[802.11], uses wifi, LQM: unknown)]
2026-01-28 16:14:21.180 Df NayaVedAI[63826:21027f] [com.apple.network:connection] [C135.1 Hostname#b33e072a:8081 in_progress resolver (satisfied (Path is satisfied), interface: en0[802.11], uses wifi, LQM: unknown)] event: resolver:start_dns @0.003s
2026-01-28 16:14:21.181 Db NayaVedAI[63826:21027f] [com.apple.networkextension:] ne_tracker_check_is_hostname_blocked() proceeding with the in_the_app check for hostname: localhost
2026-01-28 16:14:21.181 Db NayaVedAI[63826:21027f] [com.apple.CFBundle:resources] Resource lookup at CFBundle 0x600003b10000 </Users/shivi.agarwal/Library/Developer/CoreSimulator/Devices/AC7E343F-585F-430E-B17D-BDD649803605/data/Containers/Bundle/Application/526E8406-59B6-4C05-9D18-38A7EF2F46C7/NayaVedAI.app> (executable, loaded)
	Request       : InfoPlist type: strings
	Result        : None
2026-01-28 16:14:21.181 Db NayaVedAI[63826:21027f] [com.apple.CFBundle:resources] Resource lookup at CFBundle 0x600003b10000 </Users/shivi.agarwal/Library/Developer/CoreSimulator/Devices/AC7E343F-585F-430E-B17D-BDD649803605/data/Containers/Bundle/Application/526E8406-59B6-4C05-9D18-38A7EF2F46C7/NayaVedAI.app> (executable, loaded)
	Request       : InfoPlist type: stringsdict
	Result        : None
2026-01-28 16:14:21.181 Db NayaVedAI[63826:21027f] [com.apple.networkextension:] ne_tracker_check_is_hostname_blocked(): hostname localhost is not a tracker. Returning: ne_tracker_status_none
2026-01-28 16:14:21.181 I  NayaVedAI[63826:21027f] [com.apple.network:connection] nw_resolver_create_dns_service_locked [C135.1] Starting host resolution Hostname#b33e072a:8081, flags 0xc000d000 proto 0
2026-01-28 16:14:21.181 Df NayaVedAI[63826:21027f] [com.apple.CFNetwork:Default] Task <E112ADD5-ADB9-4D49-8B2E-FF482F868247>.<2> setting up Connection 135
2026-01-28 16:14:21.181 Db NayaVedAI[63826:21027f] [com.apple.network:activity] Returning should log: 0 for activity cfnetwork:foreground_task
2026-01-28 16:14:21.181 Db NayaVedAI[63826:21027f] [com.apple.network:connection] nw_socket_handle_socket_event [C134.1.1:2] Event mask: 0x800
2026-01-28 16:14:21.181 Df NayaVedAI[63826:21027f] [com.apple.network:connection] nw_socket_handle_socket_event [C134.1.1:2] Socket received CONNECTED event
2026-01-28 16:14:21.181 Db NayaVedAI[63826:21027f] [com.apple.network:connection] nw_socket_setup_notsent_lowat [C134.1.1:2] Set TCP_NOTSENT_LOWAT(16384)
2026-01-28 16:14:21.182 Df NayaVedAI[63826:21027f] [com.apple.network:connection] nw_flow_connected [C134.1.1 IPv6#9530c712.8081 in_progress socket-flow (satisfied (Path is satisfied), interface: lo0)] Transport protocol connected (socket)
2026-01-28 16:14:21.182 Db NayaVedAI[63826:21027f] [com.apple.network:connection] nw_endpoint_resolver_receive_report [C134.1 Hostname#b33e072a:8081 in_progress resolver (satisfied (Path is satisfied), interface: en0[802.11], uses wifi, LQM: unknown)] received child report: [C134.1.1 IPv6#9530c712.8081 in_progress socket-flow (satisfied (Path is satisfied), interface: lo0)]
2026-01-28 16:14:21.182 Db NayaVedAI[63826:21027f] [com.apple.network:connection] nw_endpoint_flow_receive_report [C134 Hostname#b33e072a:8081 in_progress parent-flow (satisfied (Path is satisfied), interface: en0[802.11], uses wifi, LQM: unknown)] received child report: [C134.1.1 IPv6#9530c712.8081 in_progress socket-flow (satisfied (Path is satisfied), interface: lo0)]
2026-01-28 16:14:21.182 Df NayaVedAI[63826:21027f] [com.apple.network:connection] [C134.1.1 IPv6#9530c712.8081 in_progress socket-flow (satisfied (Path is satisfied), interface: lo0)] event: flow:finish_transport @0.014s
2026-01-28 16:14:21.182 I  NayaVedAI[63826:21027f] [com.apple.network:connection] nw_endpoint_resolver_receive_report [C134.1 Hostname#b33e072a:8081 in_progress resolver (satisfied (Path is satisfied), interface: en0[802.11], uses wifi, LQM: unknown)] pushing out endpoint race by 2000ms
2026-01-28 16:14:21.182 Df NayaVedAI[63826:21027f] [com.apple.network:connection] nw_flow_connected [C134.1.1 IPv6#9530c712.8081 in_progress socket-flow (satisfied (Path is satisfied), interface: lo0)] Output protocol connected (CFNetworkConnection-1110212295)
2026-01-28 16:14:21.182 Db NayaVedAI[63826:21027f] [com.apple.network:connection] nw_endpoint_flow_connected_path_change [C134.1.1 IPv6#9530c712.8081 ready socket-flow (satisfied (Path is satisfied), interface: lo0)]
2026-01-28 16:14:21.182 I  NayaVedAI[63826:21027f] [com.apple.network:connection] nw_endpoint_flow_connected_path_change [C134.1.1 IPv6#9530c712.8081 ready socket-flow (satisfied (Path is satisfied), interface: lo0)] Connected path is satisfied, not viable
2026-01-28 16:14:21.182 Db NayaVedAI[63826:21027f] [com.apple.network:connection] nw_endpoint_resolver_receive_report [C134.1 Hostname#b33e072a:8081 in_progress resolver (satisfied (Path is satisfied), interface: en0[802.11], uses wifi, LQM: unknown)] received child report: [C134.1.1 IPv6#9530c712.8081 ready socket-flow (satisfied (Path is satisfied), interface: lo0)]
2026-01-28 16:14:21.182 Db NayaVedAI[63826:21027f] [com.apple.network:connection] nw_endpoint_flow_receive_report [C134 Hostname#b33e072a:8081 in_progress parent-flow (satisfied (Path is satisfied), interface: en0[802.11], uses wifi, LQM: unknown)] received child report: [C134.1.1 IPv6#9530c712.8081 ready socket-flow (satisfied (Path is satisfied), interface: lo0)]
2026-01-28 16:14:21.182 Df NayaVedAI[63826:21027f] [com.apple.network:connection] [C134.1.1 IPv6#9530c712.8081 ready socket-flow (satisfied (Path is satisfied), interface: lo0)] event: flow:child_finish_connect @0.014s
2026-01-28 16:14:21.182 Db NayaVedAI[63826:21027f] [com.apple.network:connection] nw_endpoint_flow_receive_report [C134 IPv6#9530c712.8081 in_progress parent-flow (satisfied (Path is satisfied), interface: en0[802.11], uses wifi, LQM: unknown)] connecting endpoint_flow to child's shared protocol
2026-01-28 16:14:21.182 Db NayaVedAI[63826:21027f] [com.apple.network:connection] nw_endpoint_flow_setup_protocols [C134 IPv6#9530c712.8081 in_progress parent-flow (satisfied (Path is satisfied), interface: en0[802.11], uses wifi, LQM: unknown)] already set up
2026-01-28 16:14:21.182 Db NayaVedAI[63826:21027f] [com.apple.network:connection] nw_endpoint_flow_setup_protocols [C134 IPv6#9530c712.8081 in_progress parent-flow (satisfied (Path is satisfied), interface: en0[802.11], uses wifi, LQM: unknown)] child flow connected, starting
2026-01-28 16:14:21.182 Db NayaVedAI[63826:21027f] [com.apple.network:connection] nw_endpoint_flow_setup_protocols [C134 IPv6#9530c712.8081 in_progress parent-flow (satisfied (Path is satisfied), interface: en0[802.11], uses wifi, LQM: unknown)] already started
2026-01-28 16:14:21.183 Db NayaVedAI[63826:21027f] [com.apple.network:connection] nw_endpoint_flow_receive_report [C134 IPv6#9530c712.8081 in_progress parent-flow (satisfied (Path is satisfied), interface: en0[802.11], uses wifi, LQM: unknown)] received child report: [C134.1 Hostname#b33e072a:8081 ready resolver (satisfied (Path is satisfied), interface: en0[802.11], uses wifi, LQM: unknown)]
2026-01-28 16:14:21.183 Df NayaVedAI[63826:21027f] [com.apple.network:connection] [C134.1 Hostname#b33e072a:8081 ready resolver (satisfied (Path is satisfied), interface: en0[802.11], uses wifi, LQM: unknown)] event: flow:child_finish_connect @0.015s
2026-01-28 16:14:21.183 I  NayaVedAI[63826:21027f] [com.apple.network:connection] nw_endpoint_handler_cancel [C134.1.2 IPv4#eafe643d:8081 initial path ((null))]
2026-01-28 16:14:21.183 Df NayaVedAI[63826:21027f] [com.apple.network:connection] nw_flow_connected [C134 IPv6#9530c712.8081 in_progress parent-flow (satisfied (Path is satisfied), interface: en0[802.11], uses wifi, LQM: unknown)] Output protocol connected (endpoint_flow)
2026-01-28 16:14:21.183 Db NayaVedAI[63826:21027f] [com.apple.network:connection] nw_endpoint_flow_connected_path_change [C134 IPv6#9530c712.8081 ready parent-flow (satisfied (Path is satisfied), interface: en0[802.11], uses wifi, LQM: unknown)]
2026-01-28 16:14:21.183 I  NayaVedAI[63826:21027f] [com.apple.network:connection] nw_endpoint_flow_connected_path_change [C134 IPv6#9530c712.8081 ready parent-flow (satisfied (Path is satisfied), interface: en0[802.11], uses wifi, LQM: unknown)] Connected path is satisfied, child is not viable
2026-01-28 16:14:21.183 Df NayaVedAI[63826:21027f] [com.apple.network:connection] [C134 IPv6#9530c712.8081 ready parent-flow (satisfied (Path is satisfied), interface: en0[802.11], uses wifi, LQM: unknown)] event: flow:finish_connect @0.015s
2026-01-28 16:14:21.183 Db NayaVedAI[63826:21027f] [com.apple.network:connection] nw_connection_run_pqtls_probe_locked_on_nw_queue [C134] No TLS metadata; not running PQ-TLS probe
2026-01-28 16:14:21.183 Db NayaVedAI[63826:21027f] [com.apple.network:connection] nw_connection_run_ech_probe_locked_on_nw_queue [C134] stack doesn't include TLS; not running ECH probe
2026-01-28 16:14:21.183 Db NayaVedAI[63826:21027f] [com.apple.network:connection] nw_connection_endpoint_report_on_nw_queue_block_invoke [C134] Connected fallback generation 0
2026-01-28 16:14:21.183 I  NayaVedAI[63826:21027f] [com.apple.network:connection] nw_connection_start_candidate_manager_if_needed_locked [C134] Checking whether to start candidate manager
2026-01-28 16:14:21.183 Db NayaVedAI[63826:21027f] [com.apple.network:connection] nw_connection_start_candidate_manager_if_needed_locked [C134] Connection does not support multipath, not starting candidate manager
2026-01-28 16:14:21.183 Df NayaVedAI[63826:21027f] [com.apple.network:connection] nw_connection_report_state_with_handler_on_nw_queue [C134] reporting state ready
2026-01-28 16:14:21.183 Df NayaVedAI[63826:21027f] [com.apple.CFNetwork:Default] Connection 134: connected successfully
2026-01-28 16:14:21.183 Df NayaVedAI[63826:21027f] [com.apple.CFNetwork:Default] Connection 134: ready C(N) E(N)
2026-01-28 16:14:21.183 Db NayaVedAI[63826:21027f] [com.apple.CFNetwork:Default] Task <E8F9E852-C8BA-4AD9-8C51-38368E93C2AC>.<1> done setting up Connection 134
2026-01-28 16:14:21.183 Db NayaVedAI[63826:21027f] [com.apple.network:activity] Returning should log: 0 for activity cfnetwork:foreground_task
2026-01-28 16:14:21.183 Df NayaVedAI[63826:21027f] [com.apple.CFNetwork:Default] Task <E8F9E852-C8BA-4AD9-8C51-38368E93C2AC>.<1> now using Connection 134
2026-01-28 16:14:21.183 Db NayaVedAI[63826:21027f] [com.apple.network:activity] Returning should log: 0 for activity cfnetwork:foreground_task
2026-01-28 16:14:21.184 Df NayaVedAI[63826:21027f] [com.apple.CFNetwork:Default] Task <E8F9E852-C8BA-4AD9-8C51-38368E93C2AC>.<1> sent request, body N 0
2026-01-28 16:14:21.184 I  NayaVedAI[63826:21027f] [com.apple.network:connection] nw_resolver_host_resolve_callback [C135.1] flags=0x40000003 ifindex=4294967295 error=NoError(0) hostname=localhost. addr=IPv6#42e9e5e9 ttl=1
2026-01-28 16:14:21.184 I  NayaVedAI[63826:21027f] [com.apple.network:connection] nw_resolver_host_resolve_callback [C135.1] flags=0x40000002 ifindex=4294967295 error=NoError(0) hostname=localhost. addr=IPv4#075c8fe9 ttl=1
2026-01-28 16:14:21.184 Db NayaVedAI[63826:21027f] [com.apple.network:] sa_dst_compare_rfc6724 Rule 6, prefer d2, d2 precedence 50 > d1 precedence 35
2026-01-28 16:14:21.184 Db NayaVedAI[63826:21027f] [com.apple.network:] sa_dst_compare_internal <private>@0 < <private>@0
2026-01-28 16:14:21.184 I  NayaVedAI[63826:21027f] [com.apple.network:connection] nw_resolver_create_prefer_connected_variant [C135.1] Prefer Connected: IPv6#9530c712.8081 is already the first endpoint
2026-01-28 16:14:21.184 Db NayaVedAI[63826:21027f] [com.apple.network:connection] nw_endpoint_resolver_update [C135.1 Hostname#b33e072a:8081 in_progress resolver (satisfied (Path is satisfied), interface: en0[802.11], uses wifi, LQM: unknown)] resolver is complete
2026-01-28 16:14:21.184 Df NayaVedAI[63826:21027f] [com.apple.network:connection] nw_endpoint_resolver_update [C135.1 Hostname#b33e072a:8081 in_progress resolver (satisfied (Path is satisfied), interface: en0[802.11], uses wifi, LQM: unknown)] Adding endpoint handler for IPv6#9530c712.8081
2026-01-28 16:14:21.184 Df NayaVedAI[63826:21027f] [com.apple.network:connection] nw_endpoint_resolver_update [C135.1 Hostname#b33e072a:8081 in_progress resolver (satisfied (Path is satisfied), interface: en0[802.11], uses wifi, LQM: unknown)] Adding endpoint handler for IPv4#eafe643d:8081
2026-01-28 16:14:21.184 Db NayaVedAI[63826:21027f] [com.apple.network:connection] nw_endpoint_resolver_update [C135.1 Hostname#b33e072a:8081 in_progress resolver (satisfied (Path is satisfied), interface: en0[802.11], uses wifi, LQM: unknown)] Updated endpoint list is (IPv6#9530c712.8081,IPv4#eafe643d:8081)
2026-01-28 16:14:21.184 Db NayaVedAI[63826:21027f] [com.apple.network:connection] nw_endpoint_flow_receive_report [C135 Hostname#b33e072a:8081 in_progress parent-flow (satisfied (Path is satisfied), interface: en0[802.11], uses wifi, LQM: unknown)] received child report: [C135.1 Hostname#b33e072a:8081 in_progress resolver (satisfied (Path is satisfied), interface: en0[802.11], uses wifi, LQM: unknown)]
2026-01-28 16:14:21.184 Df NayaVedAI[63826:21027f] [com.apple.network:connection] [C135.1 Hostname#b33e072a:8081 in_progress resolver (satisfied (Path is satisfied), interface: en0[802.11], uses wifi, LQM: unknown)] event: resolver:receive_dns @0.007s
2026-01-28 16:14:21.184 I  NayaVedAI[63826:21027f] [com.apple.network:connection] nw_endpoint_resolver_start_next_child [C135.1 Hostname#b33e072a:8081 in_progress resolver (satisfied (Path is satisfied), interface: en0[802.11], uses wifi, LQM: unknown)] starting child endpoint IPv6#9530c712.8081
2026-01-28 16:14:21.184 I  NayaVedAI[63826:21027f] [com.apple.network:connection] nw_endpoint_handler_start [C135.1.1 IPv6#9530c712.8081 initial path ((null))]
2026-01-28 16:14:21.184 Db NayaVedAI[63826:21027f] [com.apple.network:connection] nw_endpoint_resolver_receive_report [C135.1 Hostname#b33e072a:8081 in_progress resolver (satisfied (Path is satisfied), interface: en0[802.11], uses wifi, LQM: unknown)] received child report: [C135.1.1 IPv6#9530c712.8081 initial path ((null))]
2026-01-28 16:14:21.184 Db NayaVedAI[63826:21027f] [com.apple.network:connection] nw_endpoint_flow_receive_report [C135 Hostname#b33e072a:8081 in_progress parent-flow (satisfied (Path is satisfied), interface: en0[802.11], uses wifi, LQM: unknown)] received child report: [C135.1.1 IPv6#9530c712.8081 initial path ((null))]
2026-01-28 16:14:21.184 Df NayaVedAI[63826:21027f] [com.apple.network:connection] [C135.1.1 IPv6#9530c712.8081 initial path ((null))] event: path:start @0.007s
2026-01-28 16:14:21.184 Db NayaVedAI[63826:21027f] [com.apple.network:connection] nw_endpoint_handler_path_change [C135.1.1 IPv6#9530c712.8081 waiting path (satisfied (Path is satisfied), interface: lo0)]
2026-01-28 16:14:21.185 Db NayaVedAI[63826:21027f] [com.apple.network:connection] nw_endpoint_resolver_receive_report [C135.1 Hostname#b33e072a:8081 in_progress resolver (satisfied (Path is satisfied), interface: en0[802.11], uses wifi, LQM: unknown)] received child report: [C135.1.1 IPv6#9530c712.8081 waiting path (satisfied (Path is satisfied), interface: lo0)]
2026-01-28 16:14:21.185 Db NayaVedAI[63826:21027f] [com.apple.network:connection] nw_endpoint_flow_receive_report [C135 Hostname#b33e072a:8081 in_progress parent-flow (satisfied (Path is satisfied), interface: en0[802.11], uses wifi, LQM: unknown)] received child report: [C135.1.1 IPv6#9530c712.8081 waiting path (satisfied (Path is satisfied), interface: lo0)]
2026-01-28 16:14:21.185 Df NayaVedAI[63826:21027f] [com.apple.network:connection] [C135.1.1 IPv6#9530c712.8081 waiting path (satisfied (Path is satisfied), interface: lo0)] event: path:satisfied @0.008s, uuid: D8886FCD-5838-40CC-8F25-B7D808269BDA
2026-01-28 16:14:21.185 Db NayaVedAI[63826:21027f] [com.apple.network:] nw_endpoint_proxy_handler_should_use_proxy Looking up proxy for hostname: <nil>, ifindex: 0
2026-01-28 16:14:21.185 Db NayaVedAI[63826:21027f] [com.apple.SystemConfiguration:SCPreferences] create <SCPreferences 0x108c86b80 [0x1e578fa80]> {name = SCDynamicStoreCopyProxiesWithOptions, id = /Library/Managed Preferences/mobile/com.apple.SystemConfiguration.plist, path = /Library/Managed Preferences/mobile/com.apple.SystemConfiguration.plist}
2026-01-28 16:14:21.185 Db NayaVedAI[63826:21027f] [com.apple.SystemConfiguration:SCPreferences] SCPreferences() access: /Library/Managed Preferences/mobile/com.apple.SystemConfiguration.plist, size=0
2026-01-28 16:14:21.185 Db NayaVedAI[63826:21027f] [com.apple.SystemConfiguration:SCPreferences] release <SCPreferences 0x108c86b80 [0x1e578fa80]> {name = SCDynamicStoreCopyProxiesWithOptions, id = /Library/Managed Preferences/mobile/com.apple.SystemConfiguration.plist, path = /Library/Managed Preferences/mobile/com.apple.SystemConfiguration.plist, accessed}
2026-01-28 16:14:21.186 I  NayaVedAI[63826:21027f] [com.apple.network:connection] nw_association_create_flow <nw_association IPv6#9530c712.8081> Added association flow ID 826FA9B7-2CC3-45BE-9AEE-A6ECE7D02D31
2026-01-28 16:14:21.186 I  NayaVedAI[63826:21027f] [com.apple.network:connection] nw_endpoint_flow_setup_protocols [C135.1.1 IPv6#9530c712.8081 in_progress socket-flow (satisfied (Path is satisfied), interface: lo0)] setup flow id 826FA9B7-2CC3-45BE-9AEE-A6ECE7D02D31
2026-01-28 16:14:21.186 Db NayaVedAI[63826:21027f] [com.apple.network:connection] nw_endpoint_flow_attach_protocols [C135.1.1 IPv6#9530c712.8081 in_progress socket-flow (satisfied (Path is satisfied), interface: lo0)]
2026-01-28 16:14:21.186 Db NayaVedAI[63826:21027f] [com.apple.network:connection] nw_endpoint_flow_attach_protocols_block_invoke [C135.1.1 IPv6#9530c712.8081 in_progress socket-flow (satisfied (Path is satisfied), interface: lo0)] Attached application protocol: CFNetworkConnection-1110212295
2026-01-28 16:14:21.186 Db NayaVedAI[63826:21027f] [com.apple.network:] nw_fd_wrapper_create Created <fd_wrapper 25, guarded: false>
2026-01-28 16:14:21.186 Db NayaVedAI[63826:21027f] [com.apple.network:connection] nw_endpoint_flow_attach_protocols [C135.1.1 IPv6#9530c712.8081 in_progress socket-flow (satisfied (Path is satisfied), interface: lo0)] Attached socket protocol
2026-01-28 16:14:21.186 Db NayaVedAI[63826:21027f] [com.apple.network:connection] nw_endpoint_flow_setup_protocols [C135.1.1 IPv6#9530c712.8081 in_progress socket-flow (satisfied (Path is satisfied), interface: lo0)] leaf flow starting
2026-01-28 16:14:21.186 Db NayaVedAI[63826:21027f] [com.apple.network:connection] nw_endpoint_resolver_receive_report [C135.1 Hostname#b33e072a:8081 in_progress resolver (satisfied (Path is satisfied), interface: en0[802.11], uses wifi, LQM: unknown)] received child report: [C135.1.1 IPv6#9530c712.8081 in_progress socket-flow (satisfied (Path is satisfied), interface: lo0)]
2026-01-28 16:14:21.186 Db NayaVedAI[63826:21027f] [com.apple.network:connection] nw_endpoint_flow_receive_report [C135 Hostname#b33e072a:8081 in_progress parent-flow (satisfied (Path is satisfied), interface: en0[802.11], uses wifi, LQM: unknown)] received child report: [C135.1.1 IPv6#9530c712.8081 in_progress socket-flow (satisfied (Path is satisfied), interface: lo0)]
2026-01-28 16:14:21.186 Df NayaVedAI[63826:21027f] [com.apple.network:connection] [C135.1.1 IPv6#9530c712.8081 in_progress socket-flow (satisfied (Path is satisfied), interface: lo0)] event: flow:start_connect @0.010s
2026-01-28 16:14:21.186 I  NayaVedAI[63826:21027f] [com.apple.network:connection] nw_endpoint_resolver_start_next_child [C135.1 Hostname#b33e072a:8081 in_progress resolver (satisfied (Path is satisfied), interface: en0[802.11], uses wifi, LQM: unknown)] starting next child endpoint in 100ms
2026-01-28 16:14:21.187 Db NayaVedAI[63826:21027f] [com.apple.network:connection] nw_socket_handle_socket_event [C135.1.1:2] Event mask: 0x800
2026-01-28 16:14:21.187 Df NayaVedAI[63826:21027f] [com.apple.network:connection] nw_socket_handle_socket_event [C135.1.1:2] Socket received CONNECTED event
2026-01-28 16:14:21.187 Db NayaVedAI[63826:21027f] [com.apple.network:connection] nw_socket_setup_notsent_lowat [C135.1.1:2] Set TCP_NOTSENT_LOWAT(16384)
2026-01-28 16:14:21.187 Df NayaVedAI[63826:21027f] [com.apple.network:connection] nw_flow_connected [C135.1.1 IPv6#9530c712.8081 in_progress socket-flow (satisfied (Path is satisfied), interface: lo0)] Transport protocol connected (socket)
2026-01-28 16:14:21.187 Db NayaVedAI[63826:21027f] [com.apple.network:connection] nw_endpoint_resolver_receive_report [C135.1 Hostname#b33e072a:8081 in_progress resolver (satisfied (Path is satisfied), interface: en0[802.11], uses wifi, LQM: unknown)] received child report: [C135.1.1 IPv6#9530c712.8081 in_progress socket-flow (satisfied (Path is satisfied), interface: lo0)]
2026-01-28 16:14:21.187 Db NayaVedAI[63826:21027f] [com.apple.network:connection] nw_endpoint_flow_receive_report [C135 Hostname#b33e072a:8081 in_progress parent-flow (satisfied (Path is satisfied), interface: en0[802.11], uses wifi, LQM: unknown)] received child report: [C135.1.1 IPv6#9530c712.8081 in_progress socket-flow (satisfied (Path is satisfied), interface: lo0)]
2026-01-28 16:14:21.187 Df NayaVedAI[63826:21027f] [com.apple.network:connection] [C135.1.1 IPv6#9530c712.8081 in_progress socket-flow (satisfied (Path is satisfied), interface: lo0)] event: flow:finish_transport @0.010s
2026-01-28 16:14:21.187 I  NayaVedAI[63826:21027f] [com.apple.network:connection] nw_endpoint_resolver_receive_report [C135.1 Hostname#b33e072a:8081 in_progress resolver (satisfied (Path is satisfied), interface: en0[802.11], uses wifi, LQM: unknown)] pushing out endpoint race by 2000ms
2026-01-28 16:14:21.187 Df NayaVedAI[63826:21027f] [com.apple.network:connection] nw_flow_connected [C135.1.1 IPv6#9530c712.8081 in_progress socket-flow (satisfied (Path is satisfied), interface: lo0)] Output protocol connected (CFNetworkConnection-1110212295)
2026-01-28 16:14:21.187 Db NayaVedAI[63826:21027f] [com.apple.network:connection] nw_endpoint_flow_connected_path_change [C135.1.1 IPv6#9530c712.8081 ready socket-flow (satisfied (Path is satisfied), interface: lo0)]
2026-01-28 16:14:21.187 I  NayaVedAI[63826:21027f] [com.apple.network:connection] nw_endpoint_flow_connected_path_change [C135.1.1 IPv6#9530c712.8081 ready socket-flow (satisfied (Path is satisfied), interface: lo0)] Connected path is satisfied, not viable
2026-01-28 16:14:21.187 Db NayaVedAI[63826:21027f] [com.apple.network:connection] nw_endpoint_resolver_receive_report [C135.1 Hostname#b33e072a:8081 in_progress resolver (satisfied (Path is satisfied), interface: en0[802.11], uses wifi, LQM: unknown)] received child report: [C135.1.1 IPv6#9530c712.8081 ready socket-flow (satisfied (Path is satisfied), interface: lo0)]
2026-01-28 16:14:21.187 Db NayaVedAI[63826:21027f] [com.apple.network:connection] nw_endpoint_flow_receive_report [C135 Hostname#b33e072a:8081 in_progress parent-flow (satisfied (Path is satisfied), interface: en0[802.11], uses wifi, LQM: unknown)] received child report: [C135.1.1 IPv6#9530c712.8081 ready socket-flow (satisfied (Path is satisfied), interface: lo0)]
2026-01-28 16:14:21.187 Df NayaVedAI[63826:21027f] [com.apple.network:connection] [C135.1.1 IPv6#9530c712.8081 ready socket-flow (satisfied (Path is satisfied), interface: lo0)] event: flow:child_finish_connect @0.010s
