2026-01-28 16:12:49.285 Db NayaVedAI[63826:20fb2f] [com.apple.network:] tcp_connection_set_usage_model 4 setting usage model to 1
2026-01-28 16:12:49.285 Db NayaVedAI[63826:20fb2f] [com.apple.CFBundle:resources] Resource lookup at CFBundle 0x600003b10000 </Users/shivi.agarwal/Library/Developer/CoreSimulator/Devices/AC7E343F-585F-430E-B17D-BDD649803605/data/Containers/Bundle/Application/526E8406-59B6-4C05-9D18-38A7EF2F46C7/NayaVedAI.app> (executable, loaded)
	Request       : InfoPlist type: strings
	Result        : None
2026-01-28 16:12:49.285 Db NayaVedAI[63826:20fb2f] [com.apple.CFBundle:resources] Resource lookup at CFBundle 0x600003b10000 </Users/shivi.agarwal/Library/Developer/CoreSimulator/Devices/AC7E343F-585F-430E-B17D-BDD649803605/data/Containers/Bundle/Application/526E8406-59B6-4C05-9D18-38A7EF2F46C7/NayaVedAI.app> (executable, loaded)
	Request       : InfoPlist type: stringsdict
	Result        : None
2026-01-28 16:12:49.285 Df NayaVedAI[63826:20fb2f] [com.apple.CFNetwork:Default] TCP Conn [4:0x6000033008c0] using empty proxy configuration
2026-01-28 16:12:49.285 Df NayaVedAI[63826:20fb2f] [com.apple.CFNetwork:Default] Stream client bypassing proxies on TCP Conn [4:0x6000033008c0]
2026-01-28 16:12:49.285 Df NayaVedAI[63826:20fb2f] [com.apple.CFNetwork:Default] TCP Conn 0x6000033008c0 started
2026-01-28 16:12:49.285 Db NayaVedAI[63826:20fb2f] [com.apple.network:] tcp_connection_start 4 starting
2026-01-28 16:12:49.285 I  NayaVedAI[63826:20fb2f] [com.apple.network:connection] nw_connection_create_with_id [C4] create connection to Hostname#b33e072a:8081
2026-01-28 16:12:49.285 Db NayaVedAI[63826:20fb2f] [com.apple.network:] tcp_connection_start starting tc_nwconn=0x10770d130
2026-01-28 16:12:49.285 Df NayaVedAI[63826:20fb26] [com.apple.network:connection] [C4 D04F76A5-8DF9-41FA-A229-B826E9794524 Hostname#b33e072a:8081 tcp, definite, attribution: developer, context: Default Network Context (private), proc: 63B02D91-D502-3FF5-9842-92830ECC12FF, delegated upid: 0, no proxy, prohibit fallback, allow socket access] start
2026-01-28 16:12:49.285 I  NayaVedAI[63826:20fb26] [com.apple.network:connection] nw_endpoint_handler_start [C4 Hostname#b33e072a:8081 initial parent-flow ((null))]
2026-01-28 16:12:49.285 Df NayaVedAI[63826:20fb26] [com.apple.network:connection] [C4 Hostname#b33e072a:8081 initial parent-flow ((null))] event: path:start @0.000s
2026-01-28 16:12:49.286 Db NayaVedAI[63826:20fb26] [com.apple.network:connection] nw_endpoint_handler_path_change [C4 Hostname#b33e072a:8081 waiting parent-flow (satisfied (Path is satisfied), interface: en0[802.11], uses wifi, LQM: unknown)]
2026-01-28 16:12:49.286 Df NayaVedAI[63826:20fb2f] [com.apple.xpc:connection] [0x107705890] activating connection: mach=true listener=false peer=false name=com.apple.lsd.advertisingidentifiers
2026-01-28 16:12:49.286 Db NayaVedAI[63826:20fb26] [com.apple.networkextension:] ne_tracker_check_is_hostname_blocked() proceeding with the in_the_app check for hostname: localhost
2026-01-28 16:12:49.286 Db NayaVedAI[63826:20fb26] [com.apple.CFBundle:resources] Resource lookup at CFBundle 0x600003b10000 </Users/shivi.agarwal/Library/Developer/CoreSimulator/Devices/AC7E343F-585F-430E-B17D-BDD649803605/data/Containers/Bundle/Application/526E8406-59B6-4C05-9D18-38A7EF2F46C7/NayaVedAI.app> (executable, loaded)
	Request       : InfoPlist type: strings
	Result        : None
2026-01-28 16:12:49.286 Db NayaVedAI[63826:20fb26] [com.apple.CFBundle:resources] Resource lookup at CFBundle 0x600003b10000 </Users/shivi.agarwal/Library/Developer/CoreSimulator/Devices/AC7E343F-585F-430E-B17D-BDD649803605/data/Containers/Bundle/Application/526E8406-59B6-4C05-9D18-38A7EF2F46C7/NayaVedAI.app> (executable, loaded)
	Request       : InfoPlist type: stringsdict
	Result        : None
2026-01-28 16:12:49.286 Db NayaVedAI[63826:20fb26] [com.apple.networkextension:] ne_tracker_check_is_hostname_blocked(): hostname localhost is not a tracker. Returning: ne_tracker_status_none
2026-01-28 16:12:49.286 Df NayaVedAI[63826:20fb26] [com.apple.network:connection] [C4 Hostname#b33e072a:8081 waiting parent-flow (satisfied (Path is satisfied), interface: en0[802.11], uses wifi, LQM: unknown)] event: path:satisfied @0.000s, uuid: 681C574D-162C-4E25-BF17-1486DC0343A6
2026-01-28 16:12:49.286 I  NayaVedAI[63826:20fb26] [com.apple.network:connection] nw_connection_endpoint_report_on_nw_queue_block_invoke [C4 Hostname#b33e072a:8081 waiting parent-flow (satisfied (Path is satisfied), interface: en0[802.11], uses wifi, LQM: unknown)] skipping state update
2026-01-28 16:12:49.286 Db NayaVedAI[63826:20fb26] [com.apple.network:connection] nw_endpoint_flow_attach_protocols [C4 Hostname#b33e072a:8081 in_progress parent-flow (satisfied (Path is satisfied), interface: en0[802.11], uses wifi, LQM: unknown)]
2026-01-28 16:12:49.286 Db NayaVedAI[63826:20fb26] [com.apple.network:connection] nw_endpoint_flow_attach_protocols [C4 Hostname#b33e072a:8081 in_progress parent-flow (satisfied (Path is satisfied), interface: en0[802.11], uses wifi, LQM: unknown)] stopping after adding persistent application protocols
2026-01-28 16:12:49.286 Db NayaVedAI[63826:20fb26] [com.apple.network:connection] nw_endpoint_flow_setup_protocols [C4 Hostname#b33e072a:8081 in_progress parent-flow (satisfied (Path is satisfied), interface: en0[802.11], uses wifi, LQM: unknown)] persistent protocol stack, starting
2026-01-28 16:12:49.286 Df NayaVedAI[63826:20fb26] [com.apple.network:connection] [C4 Hostname#b33e072a:8081 in_progress parent-flow (satisfied (Path is satisfied), interface: en0[802.11], uses wifi, LQM: unknown)] event: flow:start_connect @0.000s
2026-01-28 16:12:49.286 Df NayaVedAI[63826:20fb26] [com.apple.network:connection] nw_connection_report_state_with_handler_on_nw_queue [C4] reporting state preparing
2026-01-28 16:12:49.286 I  NayaVedAI[63826:20fb26] [com.apple.network:connection] nw_endpoint_flow_connect [C4 Hostname#b33e072a:8081 in_progress parent-flow (satisfied (Path is satisfied), interface: en0[802.11], uses wifi, LQM: unknown)] connect bottom protocol
2026-01-28 16:12:49.286 Db NayaVedAI[63826:20fb26] [com.apple.network:connection] nw_endpoint_flow_start_child [C4 Hostname#b33e072a:8081 in_progress parent-flow (satisfied (Path is satisfied), interface: en0[802.11], uses wifi, LQM: unknown)] creating and starting child handler
2026-01-28 16:12:49.286 Df NayaVedAI[63826:20fb26] [com.apple.network:connection] [C4 Hostname#b33e072a:8081 in_progress parent-flow (satisfied (Path is satisfied), interface: en0[802.11], uses wifi, LQM: unknown)] event: flow:start_child @0.000s
2026-01-28 16:12:49.286 I  NayaVedAI[63826:20fb26] [com.apple.network:connection] nw_endpoint_handler_start [C4.1 Hostname#b33e072a:8081 initial path ((null))]
2026-01-28 16:12:49.286 Db NayaVedAI[63826:20fb26] [com.apple.network:connection] nw_endpoint_flow_receive_report [C4 Hostname#b33e072a:8081 in_progress parent-flow (satisfied (Path is satisfied), interface: en0[802.11], uses wifi, LQM: unknown)] received child report: [C4.1 Hostname#b33e072a:8081 initial path ((null))]
2026-01-28 16:12:49.286 Df NayaVedAI[63826:20fb26] [com.apple.network:connection] [C4.1 Hostname#b33e072a:8081 initial path ((null))] event: path:start @0.000s
2026-01-28 16:12:49.286 Db NayaVedAI[63826:20fb26] [com.apple.network:connection] nw_endpoint_handler_path_change [C4.1 Hostname#b33e072a:8081 waiting path (satisfied (Path is satisfied), interface: en0[802.11], uses wifi, LQM: unknown)]
2026-01-28 16:12:49.286 Db NayaVedAI[63826:20fb26] [com.apple.networkextension:] ne_tracker_check_is_hostname_blocked() proceeding with the in_the_app check for hostname: localhost
2026-01-28 16:12:49.286 Db NayaVedAI[63826:20fb26] [com.apple.CFBundle:resources] Resource lookup at CFBundle 0x600003b10000 </Users/shivi.agarwal/Library/Developer/CoreSimulator/Devices/AC7E343F-585F-430E-B17D-BDD649803605/data/Containers/Bundle/Application/526E8406-59B6-4C05-9D18-38A7EF2F46C7/NayaVedAI.app> (executable, loaded)
	Request       : InfoPlist type: strings
	Result        : None
2026-01-28 16:12:49.286 Db NayaVedAI[63826:20fb26] [com.apple.CFBundle:resources] Resource lookup at CFBundle 0x600003b10000 </Users/shivi.agarwal/Library/Developer/CoreSimulator/Devices/AC7E343F-585F-430E-B17D-BDD649803605/data/Containers/Bundle/Application/526E8406-59B6-4C05-9D18-38A7EF2F46C7/NayaVedAI.app> (executable, loaded)
	Request       : InfoPlist type: stringsdict
	Result        : None
2026-01-28 16:12:49.286 Db NayaVedAI[63826:20fb26] [com.apple.networkextension:] ne_tracker_check_is_hostname_blocked(): hostname localhost is not a tracker. Returning: ne_tracker_status_none
2026-01-28 16:12:49.286 Db NayaVedAI[63826:20fb26] [com.apple.network:connection] nw_endpoint_flow_receive_report [C4 Hostname#b33e072a:8081 in_progress parent-flow (satisfied (Path is satisfied), interface: en0[802.11], uses wifi, LQM: unknown)] received child report: [C4.1 Hostname#b33e072a:8081 waiting path (satisfied (Path is satisfied), interface: en0[802.11], uses wifi, LQM: unknown)]
2026-01-28 16:12:49.286 Df NayaVedAI[63826:20fb26] [com.apple.network:connection] [C4.1 Hostname#b33e072a:8081 waiting path (satisfied (Path is satisfied), interface: en0[802.11], uses wifi, LQM: unknown)] event: path:satisfied @0.000s, uuid: 681C574D-162C-4E25-BF17-1486DC0343A6
2026-01-28 16:12:49.286 Db NayaVedAI[63826:20fb26] [com.apple.network:connection] -[NWConcrete_nw_endpoint_resolver startWithHandler:] [C4.1 Hostname#b33e072a:8081 waiting resolver (satisfied (Path is satisfied), interface: en0[802.11], uses wifi, LQM: unknown)]
2026-01-28 16:12:49.286 Db NayaVedAI[63826:20fb26] [com.apple.network:connection] nw_endpoint_flow_receive_report [C4 Hostname#b33e072a:8081 in_progress parent-flow (satisfied (Path is satisfied), interface: en0[802.11], uses wifi, LQM: unknown)] received child report: [C4.1 Hostname#b33e072a:8081 in_progress resolver (satisfied (Path is satisfied), interface: en0[802.11], uses wifi, LQM: unknown)]
2026-01-28 16:12:49.286 Df NayaVedAI[63826:20fb26] [com.apple.network:connection] [C4.1 Hostname#b33e072a:8081 in_progress resolver (satisfied (Path is satisfied), interface: en0[802.11], uses wifi, LQM: unknown)] event: resolver:start_dns @0.001s
2026-01-28 16:12:49.286 Db NayaVedAI[63826:20fb2f] [com.apple.network:] tcp_connection_create_with_endpoint_and_parameters 5 localhost 8081
2026-01-28 16:12:49.286 Db NayaVedAI[63826:20fb2f] [com.apple.network:] tcp_connection_set_usage_model 5 setting usage model to 1
2026-01-28 16:12:49.286 Df NayaVedAI[63826:20fb2f] [com.apple.CFNetwork:Default] TCP Conn [5:0x60000331ce60] using empty proxy configuration
2026-01-28 16:12:49.287 Df NayaVedAI[63826:20fb2f] [com.apple.CFNetwork:Default] Stream client bypassing proxies on TCP Conn [5:0x60000331ce60]
2026-01-28 16:12:49.287 Df NayaVedAI[63826:20fb2f] [com.apple.CFNetwork:Default] TCP Conn 0x60000331ce60 started
2026-01-28 16:12:49.287 Db NayaVedAI[63826:20fb2f] [com.apple.network:] tcp_connection_start 5 starting
2026-01-28 16:12:49.287 I  NayaVedAI[63826:20fb2f] [com.apple.network:connection] nw_connection_create_with_id [C5] create connection to Hostname#b33e072a:8081
2026-01-28 16:12:49.287 Db NayaVedAI[63826:20fb2f] [com.apple.network:] tcp_connection_start starting tc_nwconn=0x108920b60
2026-01-28 16:12:49.288 Db NayaVedAI[63826:20fb26] [com.apple.networkextension:] ne_tracker_check_is_hostname_blocked() proceeding with the in_the_app check for hostname: localhost
2026-01-28 16:12:49.289 Db NayaVedAI[63826:20fb26] [com.apple.CFBundle:resources] Resource lookup at CFBundle 0x600003b10000 </Users/shivi.agarwal/Library/Developer/CoreSimulator/Devices/AC7E343F-585F-430E-B17D-BDD649803605/data/Containers/Bundle/Application/526E8406-59B6-4C05-9D18-38A7EF2F46C7/NayaVedAI.app> (executable, loaded)
	Request       : InfoPlist type: strings
	Result        : None
2026-01-28 16:12:49.289 Db NayaVedAI[63826:20fb26] [com.apple.CFBundle:resources] Resource lookup at CFBundle 0x600003b10000 </Users/shivi.agarwal/Library/Developer/CoreSimulator/Devices/AC7E343F-585F-430E-B17D-BDD649803605/data/Containers/Bundle/Application/526E8406-59B6-4C05-9D18-38A7EF2F46C7/NayaVedAI.app> (executable, loaded)
	Request       : InfoPlist type: stringsdict
	Result        : None
2026-01-28 16:12:49.289 Db NayaVedAI[63826:20fb26] [com.apple.networkextension:] ne_tracker_check_is_hostname_blocked(): hostname localhost is not a tracker. Returning: ne_tracker_status_none
2026-01-28 16:12:49.289 I  NayaVedAI[63826:20fb26] [com.apple.network:connection] nw_resolver_create_dns_service_locked [C4.1] Starting host resolution Hostname#b33e072a:8081, flags 0xc000d000 proto 0
2026-01-28 16:12:49.289 Df NayaVedAI[63826:20fb26] [com.apple.network:connection] [C5 274B502A-4779-42DB-BE0D-06A1854DD773 Hostname#b33e072a:8081 tcp, definite, attribution: developer, context: Default Network Context (private), proc: 63B02D91-D502-3FF5-9842-92830ECC12FF, delegated upid: 0, no proxy, prohibit fallback, allow socket access] start
2026-01-28 16:12:49.289 I  NayaVedAI[63826:20fb26] [com.apple.network:connection] nw_endpoint_handler_start [C5 Hostname#b33e072a:8081 initial parent-flow ((null))]
2026-01-28 16:12:49.289 Df NayaVedAI[63826:20fb26] [com.apple.network:connection] [C5 Hostname#b33e072a:8081 initial parent-flow ((null))] event: path:start @0.000s
2026-01-28 16:12:49.289 Db NayaVedAI[63826:20fb26] [com.apple.network:connection] nw_endpoint_handler_path_change [C5 Hostname#b33e072a:8081 waiting parent-flow (satisfied (Path is satisfied), interface: en0[802.11], uses wifi, LQM: unknown)]
2026-01-28 16:12:49.289 Db NayaVedAI[63826:20fb26] [com.apple.networkextension:] ne_tracker_check_is_hostname_blocked() proceeding with the in_the_app check for hostname: localhost
2026-01-28 16:12:49.289 Db NayaVedAI[63826:20fb26] [com.apple.CFBundle:resources] Resource lookup at CFBundle 0x600003b10000 </Users/shivi.agarwal/Library/Developer/CoreSimulator/Devices/AC7E343F-585F-430E-B17D-BDD649803605/data/Containers/Bundle/Application/526E8406-59B6-4C05-9D18-38A7EF2F46C7/NayaVedAI.app> (executable, loaded)
	Request       : InfoPlist type: strings
	Result        : None
2026-01-28 16:12:49.289 Db NayaVedAI[63826:20fb26] [com.apple.CFBundle:resources] Resource lookup at CFBundle 0x600003b10000 </Users/shivi.agarwal/Library/Developer/CoreSimulator/Devices/AC7E343F-585F-430E-B17D-BDD649803605/data/Containers/Bundle/Application/526E8406-59B6-4C05-9D18-38A7EF2F46C7/NayaVedAI.app> (executable, loaded)
	Request       : InfoPlist type: stringsdict
	Result        : None
2026-01-28 16:12:49.289 Db NayaVedAI[63826:20fb26] [com.apple.networkextension:] ne_tracker_check_is_hostname_blocked(): hostname localhost is not a tracker. Returning: ne_tracker_status_none
2026-01-28 16:12:49.289 Df NayaVedAI[63826:20fb26] [com.apple.network:connection] [C5 Hostname#b33e072a:8081 waiting parent-flow (satisfied (Path is satisfied), interface: en0[802.11], uses wifi, LQM: unknown)] event: path:satisfied @0.000s, uuid: 681C574D-162C-4E25-BF17-1486DC0343A6
2026-01-28 16:12:49.289 I  NayaVedAI[63826:20fb26] [com.apple.network:connection] nw_connection_endpoint_report_on_nw_queue_block_invoke [C5 Hostname#b33e072a:8081 waiting parent-flow (satisfied (Path is satisfied), interface: en0[802.11], uses wifi, LQM: unknown)] skipping state update
2026-01-28 16:12:49.290 Db NayaVedAI[63826:20fb26] [com.apple.network:connection] nw_endpoint_flow_attach_protocols [C5 Hostname#b33e072a:8081 in_progress parent-flow (satisfied (Path is satisfied), interface: en0[802.11], uses wifi, LQM: unknown)]
2026-01-28 16:12:49.290 Db NayaVedAI[63826:20fb26] [com.apple.network:connection] nw_endpoint_flow_attach_protocols [C5 Hostname#b33e072a:8081 in_progress parent-flow (satisfied (Path is satisfied), interface: en0[802.11], uses wifi, LQM: unknown)] stopping after adding persistent application protocols
2026-01-28 16:12:49.290 Db NayaVedAI[63826:20fb26] [com.apple.network:connection] nw_endpoint_flow_setup_protocols [C5 Hostname#b33e072a:8081 in_progress parent-flow (satisfied (Path is satisfied), interface: en0[802.11], uses wifi, LQM: unknown)] persistent protocol stack, starting
2026-01-28 16:12:49.290 Df NayaVedAI[63826:20fb26] [com.apple.network:connection] [C5 Hostname#b33e072a:8081 in_progress parent-flow (satisfied (Path is satisfied), interface: en0[802.11], uses wifi, LQM: unknown)] event: flow:start_connect @0.000s
2026-01-28 16:12:49.290 Df NayaVedAI[63826:20fb26] [com.apple.network:connection] nw_connection_report_state_with_handler_on_nw_queue [C5] reporting state preparing
2026-01-28 16:12:49.290 I  NayaVedAI[63826:20fb26] [com.apple.network:connection] nw_endpoint_flow_connect [C5 Hostname#b33e072a:8081 in_progress parent-flow (satisfied (Path is satisfied), interface: en0[802.11], uses wifi, LQM: unknown)] connect bottom protocol
2026-01-28 16:12:49.290 Db NayaVedAI[63826:20fb26] [com.apple.network:connection] nw_endpoint_flow_start_child [C5 Hostname#b33e072a:8081 in_progress parent-flow (satisfied (Path is satisfied), interface: en0[802.11], uses wifi, LQM: unknown)] creating and starting child handler
2026-01-28 16:12:49.290 Df NayaVedAI[63826:20fb26] [com.apple.network:connection] [C5 Hostname#b33e072a:8081 in_progress parent-flow (satisfied (Path is satisfied), interface: en0[802.11], uses wifi, LQM: unknown)] event: flow:start_child @0.000s
2026-01-28 16:12:49.290 I  NayaVedAI[63826:20fb26] [com.apple.network:connection] nw_endpoint_handler_start [C5.1 Hostname#b33e072a:8081 initial path ((null))]
2026-01-28 16:12:49.290 Db NayaVedAI[63826:20fb26] [com.apple.network:connection] nw_endpoint_flow_receive_report [C5 Hostname#b33e072a:8081 in_progress parent-flow (satisfied (Path is satisfied), interface: en0[802.11], uses wifi, LQM: unknown)] received child report: [C5.1 Hostname#b33e072a:8081 initial path ((null))]
2026-01-28 16:12:49.290 Df NayaVedAI[63826:20fb26] [com.apple.network:connection] [C5.1 Hostname#b33e072a:8081 initial path ((null))] event: path:start @0.000s
2026-01-28 16:12:49.290 Db NayaVedAI[63826:20fb26] [com.apple.network:connection] nw_endpoint_handler_path_change [C5.1 Hostname#b33e072a:8081 waiting path (satisfied (Path is satisfied), interface: en0[802.11], uses wifi, LQM: unknown)]
2026-01-28 16:12:49.290 Db NayaVedAI[63826:20fb26] [com.apple.networkextension:] ne_tracker_check_is_hostname_blocked() proceeding with the in_the_app check for hostname: localhost
2026-01-28 16:12:49.290 Db NayaVedAI[63826:20fb26] [com.apple.CFBundle:resources] Resource lookup at CFBundle 0x600003b10000 </Users/shivi.agarwal/Library/Developer/CoreSimulator/Devices/AC7E343F-585F-430E-B17D-BDD649803605/data/Containers/Bundle/Application/526E8406-59B6-4C05-9D18-38A7EF2F46C7/NayaVedAI.app> (executable, loaded)
	Request       : InfoPlist type: strings
	Result        : None
2026-01-28 16:12:49.290 Db NayaVedAI[63826:20fb26] [com.apple.CFBundle:resources] Resource lookup at CFBundle 0x600003b10000 </Users/shivi.agarwal/Library/Developer/CoreSimulator/Devices/AC7E343F-585F-430E-B17D-BDD649803605/data/Containers/Bundle/Application/526E8406-59B6-4C05-9D18-38A7EF2F46C7/NayaVedAI.app> (executable, loaded)
	Request       : InfoPlist type: stringsdict
	Result        : None
2026-01-28 16:12:49.290 Db NayaVedAI[63826:20fb26] [com.apple.networkextension:] ne_tracker_check_is_hostname_blocked(): hostname localhost is not a tracker. Returning: ne_tracker_status_none
2026-01-28 16:12:49.290 Db NayaVedAI[63826:20fb26] [com.apple.network:connection] nw_endpoint_flow_receive_report [C5 Hostname#b33e072a:8081 in_progress parent-flow (satisfied (Path is satisfied), interface: en0[802.11], uses wifi, LQM: unknown)] received child report: [C5.1 Hostname#b33e072a:8081 waiting path (satisfied (Path is satisfied), interface: en0[802.11], uses wifi, LQM: unknown)]
2026-01-28 16:12:49.290 Df NayaVedAI[63826:20fb26] [com.apple.network:connection] [C5.1 Hostname#b33e072a:8081 waiting path (satisfied (Path is satisfied), interface: en0[802.11], uses wifi, LQM: unknown)] event: path:satisfied @0.000s, uuid: 681C574D-162C-4E25-BF17-1486DC0343A6
2026-01-28 16:12:49.290 Db NayaVedAI[63826:20fb26] [com.apple.network:connection] -[NWConcrete_nw_endpoint_resolver startWithHandler:] [C5.1 Hostname#b33e072a:8081 waiting resolver (satisfied (Path is satisfied), interface: en0[802.11], uses wifi, LQM: unknown)]
2026-01-28 16:12:49.290 Db NayaVedAI[63826:20fb26] [com.apple.network:connection] nw_endpoint_flow_receive_report [C5 Hostname#b33e072a:8081 in_progress parent-flow (satisfied (Path is satisfied), interface: en0[802.11], uses wifi, LQM: unknown)] received child report: [C5.1 Hostname#b33e072a:8081 in_progress resolver (satisfied (Path is satisfied), interface: en0[802.11], uses wifi, LQM: unknown)]
2026-01-28 16:12:49.290 Df NayaVedAI[63826:20fb26] [com.apple.network:connection] [C5.1 Hostname#b33e072a:8081 in_progress resolver (satisfied (Path is satisfied), interface: en0[802.11], uses wifi, LQM: unknown)] event: resolver:start_dns @0.000s
2026-01-28 16:12:49.290 Db NayaVedAI[63826:20fb26] [com.apple.networkextension:] ne_tracker_check_is_hostname_blocked() proceeding with the in_the_app check for hostname: localhost
2026-01-28 16:12:49.290 Db NayaVedAI[63826:20fb26] [com.apple.CFBundle:resources] Resource lookup at CFBundle 0x600003b10000 </Users/shivi.agarwal/Library/Developer/CoreSimulator/Devices/AC7E343F-585F-430E-B17D-BDD649803605/data/Containers/Bundle/Application/526E8406-59B6-4C05-9D18-38A7EF2F46C7/NayaVedAI.app> (executable, loaded)
	Request       : InfoPlist type: strings
	Result        : None
2026-01-28 16:12:49.290 Db NayaVedAI[63826:20fb26] [com.apple.CFBundle:resources] Resource lookup at CFBundle 0x600003b10000 </Users/shivi.agarwal/Library/Developer/CoreSimulator/Devices/AC7E343F-585F-430E-B17D-BDD649803605/data/Containers/Bundle/Application/526E8406-59B6-4C05-9D18-38A7EF2F46C7/NayaVedAI.app> (executable, loaded)
	Request       : InfoPlist type: stringsdict
	Result        : None
2026-01-28 16:12:49.290 Db NayaVedAI[63826:20fb26] [com.apple.networkextension:] ne_tracker_check_is_hostname_blocked(): hostname localhost is not a tracker. Returning: ne_tracker_status_none
2026-01-28 16:12:49.290 I  NayaVedAI[63826:20fb26] [com.apple.network:connection] nw_resolver_create_dns_service_locked [C5.1] Starting host resolution Hostname#b33e072a:8081, flags 0xc000d000 proto 0
2026-01-28 16:12:49.290 Db NayaVedAI[63826:20fb26] [com.apple.CFNetwork:Coalescing] removing all entries config 0x6000002588e0
2026-01-28 16:12:49.291 Df NayaVedAI[63826:20fb26] [com.apple.CFNetwork:Default] Connection 3: cleaning up
2026-01-28 16:12:49.291 Df NayaVedAI[63826:20fb26] [com.apple.network:connection] [C3 B6604EEC-7A61-4D33-9A77-387B7E15E60B Hostname#b33e072a:8081 tcp, url: http://localhost:8081/.expo/.virtual-metro-entry.bundle, definite, attribution: developer] cancel
2026-01-28 16:12:49.291 Df NayaVedAI[63826:20fb26] [com.apple.network:connection] [C3 B6604EEC-7A61-4D33-9A77-387B7E15E60B Hostname#b33e072a:8081 tcp, url: http://localhost:8081/.expo/.virtual-metro-entry.bundle, definite, attribution: developer] cancelled
	[C3.1.1 6AC6BD6A-A8E3-44A3-BA37-71C118BF6675 ::1.50497<->IPv6#9530c712.8081]
	Connected Path: satisfied (Path is satisfied), interface: lo0
	Privacy Stance: Not Eligible
	Duration: 0.256s, DNS @0.007s took 0.019s, TCP @0.042s took 0.012s
	bytes in/out: 8749208/422, packets in/out: 551/1, rtt: 0.001s, retransmitted bytes: 0, out-of-order bytes: 0
	ecn packets sent/acked/marked/lost: 0/0/0/0
2026-01-28 16:12:49.291 I  NayaVedAI[63826:20fb26] [com.apple.network:connection] nw_endpoint_handler_cancel [C3 IPv6#9530c712.8081 ready parent-flow (satisfied (Path is satisfied), interface: en0[802.11], uses wifi, LQM: unknown)]
2026-01-28 16:12:49.291 Db NayaVedAI[63826:20fb26] [com.apple.network:connection] nw_flow_passthrough_disconnected [C3.1.1 IPv6#9530c712.8081 ready socket-flow (satisfied (Path is satisfied), interface: lo0)] deferring fail on disconnected
2026-01-28 16:12:49.291 I  NayaVedAI[63826:20fb26] [com.apple.network:connection] nw_endpoint_handler_cancel [C3.1 Hostname#b33e072a:8081 ready resolver (satisfied (Path is satisfied), interface: en0[802.11], uses wifi, LQM: unknown)]
2026-01-28 16:12:49.291 I  NayaVedAI[63826:20fb26] [com.apple.network:connection] nw_association_schedule_deactivation <nw_association Hostname#b33e072a:8081> will become dormant after 10000ms of inactivity
2026-01-28 16:12:49.291 I  NayaVedAI[63826:20fb26] [com.apple.network:connection] nw_endpoint_handler_cancel [C3.1.1 IPv6#9530c712.8081 ready socket-flow (satisfied (Path is satisfied), interface: lo0)]
2026-01-28 16:12:49.291 I  NayaVedAI[63826:20fb26] [com.apple.network:connection] nw_association_schedule_deactivation <nw_association IPv6#9530c712.8081> will become dormant after 10000ms of inactivity
2026-01-28 16:12:49.291 Db NayaVedAI[63826:20fb26] [com.apple.network:connection] nw_endpoint_flow_stitch_stack_without_passthrough [C3.1.1 IPv6#9530c712.8081 cancelled socket-flow ((null))] Not stitching the stack since passthrough is directly below a flow
2026-01-28 16:12:49.291 Db NayaVedAI[63826:20fb26] [com.apple.network:connection] nw_flow_passthrough_disconnected [C3.1.1 IPv6#9530c712.8081 cancelled socket-flow ((null))] deferring fail on disconnected
2026-01-28 16:12:49.291 Db NayaVedAI[63826:20fb26] [com.apple.network:connection] nw_flow_cancel_read_write_requests [C3.1.1 IPv6#9530c712.8081 cancelled socket-flow ((null))] cancelling read/write requests
2026-01-28 16:12:49.291 I  NayaVedAI[63826:20fb26] [com.apple.network:connection] nw_endpoint_handler_cancel [C3.1.2 IPv4#eafe643d:8081 cancelled path ((null))]
2026-01-28 16:12:49.291 Db NayaVedAI[63826:20fb26] [com.apple.network:connection] nw_resolver_cancel [C3.1] 0x108914d40
2026-01-28 16:12:49.291 Db NayaVedAI[63826:20fb26] [com.apple.network:connection] nw_flow_cancel_read_write_requests [C3 Hostname#b33e072a:8081 cancelled parent-flow ((null))] cancelling read/write requests
2026-01-28 16:12:49.291 Df NayaVedAI[63826:20fb26] [com.apple.network:connection] nw_connection_report_state_with_handler_on_nw_queue [C3] reporting state cancelled
2026-01-28 16:12:49.292 I  NayaVedAI[63826:20fb26] [com.apple.network:connection] nw_resolver_host_resolve_callback [C4.1] flags=0x40000003 ifindex=4294967295 error=NoError(0) hostname=localhost. addr=IPv6#42e9e5e9 ttl=1
2026-01-28 16:12:49.292 I  NayaVedAI[63826:20fb26] [com.apple.network:connection] nw_resolver_host_resolve_callback [C4.1] flags=0x40000002 ifindex=4294967295 error=NoError(0) hostname=localhost. addr=IPv4#075c8fe9 ttl=1
2026-01-28 16:12:49.293 Df NayaVedAI[63826:20faed] [com.apple.UIKit:BackgroundTask] Ending background task with UIBackgroundTaskIdentifier: 2
2026-01-28 16:12:49.293 Df NayaVedAI[63826:20faed] [com.apple.UIKit:BackgroundTask] Ending task with identifier 2 and description: <_UIBackgroundTaskInfo: 0x600001735040>: taskID = 2, taskName = Persistent SceneSession Map Update, creationTime = 123969 (elapsed = 1), _expireHandler: <__NSGlobalBlock__: 0x1e61729e0>
2026-01-28 16:12:49.293 Df NayaVedAI[63826:20faed] [com.apple.UIKit:BackgroundTask] Decrementing reference count for assertion <BKSProcessAssertion: 0x60000211eda0> (used by background task with identifier 2: <_UIBackgroundTaskInfo: 0x600001735040>: taskID = 2, taskName = Persistent SceneSession Map Update, creationTime = 123969 (elapsed = 1))
2026-01-28 16:12:49.293 Df NayaVedAI[63826:20faed] [com.apple.UIKit:BackgroundTask] Will invalidate assertion: <BKSProcessAssertion: 0x60000211eda0> for task identifier: 2
2026-01-28 16:12:49.292 Db NayaVedAI[63826:20fb26] [com.apple.network:] sa_dst_compare_rfc6724 Rule 6, prefer d2, d2 precedence 50 > d1 precedence 35
2026-01-28 16:12:49.294 Db NayaVedAI[63826:20fb26] [com.apple.network:] sa_dst_compare_internal <private>@0 < <private>@0
2026-01-28 16:12:49.298 I  NayaVedAI[63826:20fb26] [com.apple.network:connection] [C3 Hostname#b33e072a:8081 tcp, url: http://localhost:8081/.expo/.virtual-metro-entry.bundle, definite, attribution: developer] dealloc
2026-01-28 16:12:49.299 I  NayaVedAI[63826:20fb26] [com.apple.network:connection] nw_resolver_host_resolve_callback [C5.1] flags=0x40000003 ifindex=4294967295 error=NoError(0) hostname=localhost. addr=IPv6#42e9e5e9 ttl=1
2026-01-28 16:12:49.300 Db NayaVedAI[63826:20fb29] [com.apple.CFBundle:loading] dlfcn load framework CFBundle 0x600003b088c0 </Library/Developer/CoreSimulator/Volumes/iOS_23C54/Library/Developer/CoreSimulator/Profiles/Runtimes/iOS 26.2.simruntime/Contents/Resources/RuntimeRoot/System/Library/AccessibilityBundles/MapKitFramework.axbundle> (framework, not loaded), dlopen of /Library/Developer/CoreSimulator/Volumes/iOS_23C54/Library/Developer/CoreSimulator/Profiles/Runtimes/iOS 26.2.simruntime/Contents/Resources/RuntimeRoot/System/Library/AccessibilityBundles/MapKitFramework.axbundle/MapKitFramework mode 0x109 returns handle 0x5dc4b31
2026-01-28 16:12:49.304 Db NayaVedAI[63826:20fb29] [com.apple.defaults:User Defaults] found no value for key UseNewAXBundleLoader in CFPrefsSearchListSource<0x600002c0d480> (Domain: com.apple.Accessibility, Container: /Users/shivi.agarwal/Library/Developer/CoreSimulator/Devices/AC7E343F-585F-430E-B17D-BDD649803605/data Non-launch persona: 0)
2026-01-28 16:12:49.304 Db NayaVedAI[63826:20fb29] [com.apple.defaults:User Defaults] found no value for key UseNewAXBundleLoader in CFPrefsSearchListSource<0x600002c18080> (Domain: com.apple.Accessibility, Container: (null) Non-launch persona: 0)
2026-01-28 16:12:49.305 Db NayaVedAI[63826:20fabf] [com.apple.defaults:User Defaults] found no value for key UseNewAXBundleLoader in CFPrefsSearchListSource<0x600002c0d480> (Domain: com.apple.Accessibility, Container: /Users/shivi.agarwal/Library/Developer/CoreSimulator/Devices/AC7E343F-585F-430E-B17D-BDD649803605/data Non-launch persona: 0)
2026-01-28 16:12:49.305 Db NayaVedAI[63826:20fabf] [com.apple.defaults:User Defaults] found no value for key UseNewAXBundleLoader in CFPrefsSearchListSource<0x600002c18080> (Domain: com.apple.Accessibility, Container: (null) Non-launch persona: 0)
2026-01-28 16:12:49.314 Db NayaVedAI[63826:20fb29] [com.apple.CFBundle:loading] dlfcn check load bundle CFBundle 0x600003b08c40 </Library/Developer/CoreSimulator/Volumes/iOS_23C54/Library/Developer/CoreSimulator/Profiles/Runtimes/iOS 26.2.simruntime/Contents/Resources/RuntimeRoot/System/Library/AccessibilityBundles/AVKit.axbundle> (not loaded), dlopen of /Library/Developer/CoreSimulator/Volumes/iOS_23C54/Library/Developer/CoreSimulator/Profiles/Runtimes/iOS 26.2.simruntime/Contents/Resources/RuntimeRoot/System/Library/AccessibilityBundles/AVKit.axbundle/AVKit mode 0x115 no handle
2026-01-28 16:12:49.304 I  NayaVedAI[63826:20fb26] [com.apple.network:connection] nw_resolver_host_resolve_callback [C5.1] flags=0x40000002 ifindex=4294967295 error=NoError(0) hostname=localhost. addr=IPv4#075c8fe9 ttl=1
2026-01-28 16:12:49.324 Db NayaVedAI[63826:20fb26] [com.apple.network:] sa_dst_compare_rfc6724 Rule 6, prefer d2, d2 precedence 50 > d1 precedence 35
2026-01-28 16:12:49.324 Db NayaVedAI[63826:20fb26] [com.apple.network:] sa_dst_compare_internal <private>@0 < <private>@0
2026-01-28 16:12:49.324 Db NayaVedAI[63826:20fb26] [com.apple.network:] nw_fd_wrapper_close closed <fd_wrapper 14, guarded: true>
2026-01-28 16:12:49.324 Db NayaVedAI[63826:20fb26] [com.apple.network:connection] nw_endpoint_resolver_update [C4.1 Hostname#b33e072a:8081 in_progress resolver (satisfied (Path is satisfied), interface: en0[802.11], uses wifi, LQM: unknown)] resolver is complete
2026-01-28 16:12:49.324 Df NayaVedAI[63826:20fb26] [com.apple.network:connection] nw_endpoint_resolver_update [C4.1 Hostname#b33e072a:8081 in_progress resolver (satisfied (Path is satisfied), interface: en0[802.11], uses wifi, LQM: unknown)] Adding endpoint handler for IPv6#9530c712.8081
2026-01-28 16:12:49.324 Df NayaVedAI[63826:20fb26] [com.apple.network:connection] nw_endpoint_resolver_update [C4.1 Hostname#b33e072a:8081 in_progress resolver (satisfied (Path is satisfied), interface: en0[802.11], uses wifi, LQM: unknown)] Adding endpoint handler for IPv4#eafe643d:8081
2026-01-28 16:12:49.334 Db NayaVedAI[63826:20fb26] [com.apple.network:connection] nw_endpoint_resolver_update [C4.1 Hostname#b33e072a:8081 in_progress resolver (satisfied (Path is satisfied), interface: en0[802.11], uses wifi, LQM: unknown)] Updated endpoint list is (IPv6#9530c712.8081,IPv4#eafe643d:8081)
2026-01-28 16:12:49.334 Db NayaVedAI[63826:20fb26] [com.apple.network:connection] nw_endpoint_flow_receive_report [C4 Hostname#b33e072a:8081 in_progress parent-flow (satisfied (Path is satisfied), interface: en0[802.11], uses wifi, LQM: unknown)] received child report: [C4.1 Hostname#b33e072a:8081 in_progress resolver (satisfied (Path is satisfied), interface: en0[802.11], uses wifi, LQM: unknown)]
2026-01-28 16:12:49.334 Df NayaVedAI[63826:20fb26] [com.apple.network:connection] [C4.1 Hostname#b33e072a:8081 in_progress resolver (satisfied (Path is satisfied), interface: en0[802.11], uses wifi, LQM: unknown)] event: resolver:receive_dns @0.048s
2026-01-28 16:12:49.334 Db NayaVedAI[63826:20fb26] [com.apple.network:connection] nw_endpoint_resolver_update [C5.1 Hostname#b33e072a:8081 in_progress resolver (satisfied (Path is satisfied), interface: en0[802.11], uses wifi, LQM: unknown)] resolver is complete
2026-01-28 16:12:49.337 Db NayaVedAI[63826:20fb29] [com.apple.CFBundle:loading] dlfcn load framework CFBundle 0x600003b08c40 </Library/Developer/CoreSimulator/Volumes/iOS_23C54/Library/Developer/CoreSimulator/Profiles/Runtimes/iOS 26.2.simruntime/Contents/Resources/RuntimeRoot/System/Library/AccessibilityBundles/AVKit.axbundle> (framework, not loaded), dlopen of /Library/Developer/CoreSimulator/Volumes/iOS_23C54/Library/Developer/CoreSimulator/Profiles/Runtimes/iOS 26.2.simruntime/Contents/Resources/RuntimeRoot/System/Library/AccessibilityBundles/AVKit.axbundle/AVKit mode 0x109 returns handle 0x5dc4e71
2026-01-28 16:12:49.338 Db NayaVedAI[63826:20fb29] [com.apple.defaults:User Defaults] found no value for key UseNewAXBundleLoader in CFPrefsSearchListSource<0x600002c0d480> (Domain: com.apple.Accessibility, Container: /Users/shivi.agarwal/Library/Developer/CoreSimulator/Devices/AC7E343F-585F-430E-B17D-BDD649803605/data Non-launch persona: 0)
2026-01-28 16:12:49.338 Db NayaVedAI[63826:20fb29] [com.apple.defaults:User Defaults] found no value for key UseNewAXBundleLoader in CFPrefsSearchListSource<0x600002c18080> (Domain: com.apple.Accessibility, Container: (null) Non-launch persona: 0)
2026-01-28 16:12:49.338 Db NayaVedAI[63826:20fabf] [com.apple.defaults:User Defaults] found no value for key UseNewAXBundleLoader in CFPrefsSearchListSource<0x600002c0d480> (Domain: com.apple.Accessibility, Container: /Users/shivi.agarwal/Library/Developer/CoreSimulator/Devices/AC7E343F-585F-430E-B17D-BDD649803605/data Non-launch persona: 0)
2026-01-28 16:12:49.338 Db NayaVedAI[63826:20fabf] [com.apple.defaults:User Defaults] found no value for key UseNewAXBundleLoader in CFPrefsSearchListSource<0x600002c18080> (Domain: com.apple.Accessibility, Container: (null) Non-launch persona: 0)
2026-01-28 16:12:49.334 Df NayaVedAI[63826:20fb26] [com.apple.network:connection] nw_endpoint_resolver_update [C5.1 Hostname#b33e072a:8081 in_progress resolver (satisfied (Path is satisfied), interface: en0[802.11], uses wifi, LQM: unknown)] Adding endpoint handler for IPv6#9530c712.8081
2026-01-28 16:12:49.340 Df NayaVedAI[63826:20fb26] [com.apple.network:connection] nw_endpoint_resolver_update [C5.1 Hostname#b33e072a:8081 in_progress resolver (satisfied (Path is satisfied), interface: en0[802.11], uses wifi, LQM: unknown)] Adding endpoint handler for IPv4#eafe643d:8081
2026-01-28 16:12:49.340 Db NayaVedAI[63826:20fb26] [com.apple.network:connection] nw_endpoint_resolver_update [C5.1 Hostname#b33e072a:8081 in_progress resolver (satisfied (Path is satisfied), interface: en0[802.11], uses wifi, LQM: unknown)] Updated endpoint list is (IPv6#9530c712.8081,IPv4#eafe643d:8081)
2026-01-28 16:12:49.340 Db NayaVedAI[63826:20fb26] [com.apple.network:connection] nw_endpoint_flow_receive_report [C5 Hostname#b33e072a:8081 in_progress parent-flow (satisfied (Path is satisfied), interface: en0[802.11], uses wifi, LQM: unknown)] received child report: [C5.1 Hostname#b33e072a:8081 in_progress resolver (satisfied (Path is satisfied), interface: en0[802.11], uses wifi, LQM: unknown)]
2026-01-28 16:12:49.340 Df NayaVedAI[63826:20fb26] [com.apple.network:connection] [C5.1 Hostname#b33e072a:8081 in_progress resolver (satisfied (Path is satisfied), interface: en0[802.11], uses wifi, LQM: unknown)] event: resolver:receive_dns @0.050s
2026-01-28 16:12:49.340 I  NayaVedAI[63826:20fb26] [com.apple.network:connection] nw_endpoint_resolver_start_next_child [C4.1 Hostname#b33e072a:8081 in_progress resolver (satisfied (Path is satisfied), interface: en0[802.11], uses wifi, LQM: unknown)] starting child endpoint IPv6#9530c712.8081
2026-01-28 16:12:49.340 I  NayaVedAI[63826:20fb26] [com.apple.network:connection] nw_endpoint_handler_start [C4.1.1 IPv6#9530c712.8081 initial path ((null))]
2026-01-28 16:12:49.340 Db NayaVedAI[63826:20fb26] [com.apple.network:connection] nw_endpoint_resolver_receive_report [C4.1 Hostname#b33e072a:8081 in_progress resolver (satisfied (Path is satisfied), interface: en0[802.11], uses wifi, LQM: unknown)] received child report: [C4.1.1 IPv6#9530c712.8081 initial path ((null))]
2026-01-28 16:12:49.340 Db NayaVedAI[63826:20fb26] [com.apple.network:connection] nw_endpoint_flow_receive_report [C4 Hostname#b33e072a:8081 in_progress parent-flow (satisfied (Path is satisfied), interface: en0[802.11], uses wifi, LQM: unknown)] received child report: [C4.1.1 IPv6#9530c712.8081 initial path ((null))]
2026-01-28 16:12:49.340 Df NayaVedAI[63826:20fb26] [com.apple.network:connection] [C4.1.1 IPv6#9530c712.8081 initial path ((null))] event: path:start @0.054s
2026-01-28 16:12:49.340 Db NayaVedAI[63826:20fb26] [com.apple.network:connection] nw_endpoint_handler_path_change [C4.1.1 IPv6#9530c712.8081 waiting path (satisfied (Path is satisfied), interface: lo0)]
2026-01-28 16:12:49.340 Db NayaVedAI[63826:20fb26] [com.apple.network:connection] nw_endpoint_resolver_receive_report [C4.1 Hostname#b33e072a:8081 in_progress resolver (satisfied (Path is satisfied), interface: en0[802.11], uses wifi, LQM: unknown)] received child report: [C4.1.1 IPv6#9530c712.8081 waiting path (satisfied (Path is satisfied), interface: lo0)]
2026-01-28 16:12:49.340 Db NayaVedAI[63826:20fb26] [com.apple.network:connection] nw_endpoint_flow_receive_report [C4 Hostname#b33e072a:8081 in_progress parent-flow (satisfied (Path is satisfied), interface: en0[802.11], uses wifi, LQM: unknown)] received child report: [C4.1.1 IPv6#9530c712.8081 waiting path (satisfied (Path is satisfied), interface: lo0)]
2026-01-28 16:12:49.340 Df NayaVedAI[63826:20fb26] [com.apple.network:connection] [C4.1.1 IPv6#9530c712.8081 waiting path (satisfied (Path is satisfied), interface: lo0)] event: path:satisfied @0.055s, uuid: 2CD0511D-BA02-49C7-824A-BDF60DE324A5
2026-01-28 16:12:49.341 I  NayaVedAI[63826:20fb26] [com.apple.network:connection] nw_association_create_flow <nw_association IPv6#9530c712.8081> Added association flow ID 6A45EBE4-3C93-48EC-9C30-A90C7B6553C9
2026-01-28 16:12:49.341 I  NayaVedAI[63826:20fb26] [com.apple.network:connection] nw_endpoint_flow_setup_protocols [C4.1.1 IPv6#9530c712.8081 in_progress socket-flow (satisfied (Path is satisfied), interface: lo0)] setup flow id 6A45EBE4-3C93-48EC-9C30-A90C7B6553C9
2026-01-28 16:12:49.341 Db NayaVedAI[63826:20fb26] [com.apple.network:connection] nw_endpoint_flow_attach_protocols [C4.1.1 IPv6#9530c712.8081 in_progress socket-flow (satisfied (Path is satisfied), interface: lo0)]
2026-01-28 16:12:49.341 Db NayaVedAI[63826:20fb26] [com.apple.network:] nw_fd_wrapper_create Created <fd_wrapper 15, guarded: false>
2026-01-28 16:12:49.341 Df NayaVedAI[63826:20fb26] [com.apple.network:connection] nw_socket_initialize_socket [C4.1.1:1] Not guarding fd 15
2026-01-28 16:12:49.341 Db NayaVedAI[63826:20fb26] [com.apple.network:connection] nw_endpoint_flow_attach_protocols [C4.1.1 IPv6#9530c712.8081 in_progress socket-flow (satisfied (Path is satisfied), interface: lo0)] Attached socket protocol
2026-01-28 16:12:49.341 Db NayaVedAI[63826:20fb26] [com.apple.network:connection] nw_endpoint_flow_setup_protocols [C4.1.1 IPv6#9530c712.8081 in_progress socket-flow (satisfied (Path is satisfied), interface: lo0)] leaf flow starting
2026-01-28 16:12:49.341 Db NayaVedAI[63826:20fb26] [com.apple.network:connection] nw_endpoint_resolver_receive_report [C4.1 Hostname#b33e072a:8081 in_progress resolver (satisfied (Path is satisfied), interface: en0[802.11], uses wifi, LQM: unknown)] received child report: [C4.1.1 IPv6#9530c712.8081 in_progress socket-flow (satisfied (Path is satisfied), interface: lo0)]
2026-01-28 16:12:49.341 Db NayaVedAI[63826:20fb26] [com.apple.network:connection] nw_endpoint_flow_receive_report [C4 Hostname#b33e072a:8081 in_progress parent-flow (satisfied (Path is satisfied), interface: en0[802.11], uses wifi, LQM: unknown)] received child report: [C4.1.1 IPv6#9530c712.8081 in_progress socket-flow (satisfied (Path is satisfied), interface: lo0)]
2026-01-28 16:12:49.341 Df NayaVedAI[63826:20fb26] [com.apple.network:connection] [C4.1.1 IPv6#9530c712.8081 in_progress socket-flow (satisfied (Path is satisfied), interface: lo0)] event: flow:start_connect @0.055s
2026-01-28 16:12:49.341 I  NayaVedAI[63826:20fb26] [com.apple.network:connection] nw_endpoint_resolver_start_next_child [C4.1 Hostname#b33e072a:8081 in_progress resolver (satisfied (Path is satisfied), interface: en0[802.11], uses wifi, LQM: unknown)] starting next child endpoint in 100ms
2026-01-28 16:12:49.341 I  NayaVedAI[63826:20fb26] [com.apple.network:connection] nw_endpoint_resolver_start_next_child [C5.1 Hostname#b33e072a:8081 in_progress resolver (satisfied (Path is satisfied), interface: en0[802.11], uses wifi, LQM: unknown)] starting child endpoint IPv6#9530c712.8081
2026-01-28 16:12:49.343 Db NayaVedAI[63826:20fb29] [com.apple.CFBundle:loading] dlfcn check load bundle CFBundle 0x600003b250a0 </Library/Developer/CoreSimulator/Volumes/iOS_23C54/Library/Developer/CoreSimulator/Profiles/Runtimes/iOS 26.2.simruntime/Contents/Resources/RuntimeRoot/System/Library/AccessibilityBundles/PreferencesFramework.axbundle> (not loaded), dlopen of /Library/Developer/CoreSimulator/Volumes/iOS_23C54/Library/Developer/CoreSimulator/Profiles/Runtimes/iOS 26.2.simruntime/Contents/Resources/RuntimeRoot/System/Library/AccessibilityBundles/PreferencesFramework.axbundle/PreferencesFramework mode 0x115 no handle
2026-01-28 16:12:49.341 I  NayaVedAI[63826:20fb26] [com.apple.network:connection] nw_endpoint_handler_start [C5.1.1 IPv6#9530c712.8081 initial path ((null))]
2026-01-28 16:12:49.346 Db NayaVedAI[63826:20fb26] [com.apple.network:connection] nw_endpoint_resolver_receive_report [C5.1 Hostname#b33e072a:8081 in_progress resolver (satisfied (Path is satisfied), interface: en0[802.11], uses wifi, LQM: unknown)] received child report: [C5.1.1 IPv6#9530c712.8081 initial path ((null))]
2026-01-28 16:12:49.360 Db NayaVedAI[63826:20fb26] [com.apple.network:connection] nw_endpoint_flow_receive_report [C5 Hostname#b33e072a:8081 in_progress parent-flow (satisfied (Path is satisfied), interface: en0[802.11], uses wifi, LQM: unknown)] received child report: [C5.1.1 IPv6#9530c712.8081 initial path ((null))]
2026-01-28 16:12:49.360 Df NayaVedAI[63826:20fb26] [com.apple.network:connection] [C5.1.1 IPv6#9530c712.8081 initial path ((null))] event: path:start @0.070s
2026-01-28 16:12:49.360 Db NayaVedAI[63826:20fb26] [com.apple.network:connection] nw_endpoint_handler_path_change [C5.1.1 IPv6#9530c712.8081 waiting path (satisfied (Path is satisfied), interface: lo0)]
2026-01-28 16:12:49.360 Db NayaVedAI[63826:20fb26] [com.apple.network:connection] nw_endpoint_resolver_receive_report [C5.1 Hostname#b33e072a:8081 in_progress resolver (satisfied (Path is satisfied), interface: en0[802.11], uses wifi, LQM: unknown)] received child report: [C5.1.1 IPv6#9530c712.8081 waiting path (satisfied (Path is satisfied), interface: lo0)]
2026-01-28 16:12:49.360 Db NayaVedAI[63826:20fb26] [com.apple.network:connection] nw_endpoint_flow_receive_report [C5 Hostname#b33e072a:8081 in_progress parent-flow (satisfied (Path is satisfied), interface: en0[802.11], uses wifi, LQM: unknown)] received child report: [C5.1.1 IPv6#9530c712.8081 waiting path (satisfied (Path is satisfied), interface: lo0)]
2026-01-28 16:12:49.361 Db NayaVedAI[63826:20fb29] [com.apple.CFBundle:loading] dlfcn load framework CFBundle 0x600003b250a0 </Library/Developer/CoreSimulator/Volumes/iOS_23C54/Library/Developer/CoreSimulator/Profiles/Runtimes/iOS 26.2.simruntime/Contents/Resources/RuntimeRoot/System/Library/AccessibilityBundles/PreferencesFramework.axbundle> (framework, not loaded), dlopen of /Library/Developer/CoreSimulator/Volumes/iOS_23C54/Library/Developer/CoreSimulator/Profiles/Runtimes/iOS 26.2.simruntime/Contents/Resources/RuntimeRoot/System/Library/AccessibilityBundles/PreferencesFramework.axbundle/PreferencesFramework mode 0x109 returns handle 0x5dc51b1
2026-01-28 16:12:49.363 Db NayaVedAI[63826:20fb29] [com.apple.defaults:User Defaults] found no value for key UseNewAXBundleLoader in CFPrefsSearchListSource<0x600002c0d480> (Domain: com.apple.Accessibility, Container: /Users/shivi.agarwal/Library/Developer/CoreSimulator/Devices/AC7E343F-585F-430E-B17D-BDD649803605/data Non-launch persona: 0)
2026-01-28 16:12:49.363 Db NayaVedAI[63826:20fb29] [com.apple.defaults:User Defaults] found no value for key UseNewAXBundleLoader in CFPrefsSearchListSource<0x600002c18080> (Domain: com.apple.Accessibility, Container: (null) Non-launch persona: 0)
2026-01-28 16:12:49.364 Db NayaVedAI[63826:20fabf] [com.apple.defaults:User Defaults] found no value for key UseNewAXBundleLoader in CFPrefsSearchListSource<0x600002c0d480> (Domain: com.apple.Accessibility, Container: /Users/shivi.agarwal/Library/Developer/CoreSimulator/Devices/AC7E343F-585F-430E-B17D-BDD649803605/data Non-launch persona: 0)
2026-01-28 16:12:49.364 Db NayaVedAI[63826:20fabf] [com.apple.defaults:User Defaults] found no value for key UseNewAXBundleLoader in CFPrefsSearchListSource<0x600002c18080> (Domain: com.apple.Accessibility, Container: (null) Non-launch persona: 0)
2026-01-28 16:12:49.360 Df NayaVedAI[63826:20fb26] [com.apple.network:connection] [C5.1.1 IPv6#9530c712.8081 waiting path (satisfied (Path is satisfied), interface: lo0)] event: path:satisfied @0.070s, uuid: 2CD0511D-BA02-49C7-824A-BDF60DE324A5
2026-01-28 16:12:49.370 Db NayaVedAI[63826:20fb29] [com.apple.CFBundle:loading] dlfcn check load bundle CFBundle 0x600003b2e760 </Library/Developer/CoreSimulator/Volumes/iOS_23C54/Library/Developer/CoreSimulator/Profiles/Runtimes/iOS 26.2.simruntime/Contents/Resources/RuntimeRoot/System/Library/AccessibilityBundles/ProxCardKit.axbundle> (not loaded), dlopen of /Library/Developer/CoreSimulator/Volumes/iOS_23C54/Library/Developer/CoreSimulator/Profiles/Runtimes/iOS 26.2.simruntime/Contents/Resources/RuntimeRoot/System/Library/AccessibilityBundles/ProxCardKit.axbundle/ProxCardKit mode 0x115 no handle
2026-01-28 16:12:49.383 Db NayaVedAI[63826:20fb29] [com.apple.CFBundle:loading] dlfcn load framework CFBundle 0x600003b2e760 </Library/Developer/CoreSimulator/Volumes/iOS_23C54/Library/Developer/CoreSimulator/Profiles/Runtimes/iOS 26.2.simruntime/Contents/Resources/RuntimeRoot/System/Library/AccessibilityBundles/ProxCardKit.axbundle> (framework, not loaded), dlopen of /Library/Developer/CoreSimulator/Volumes/iOS_23C54/Library/Developer/CoreSimulator/Profiles/Runtimes/iOS 26.2.simruntime/Contents/Resources/RuntimeRoot/System/Library/AccessibilityBundles/ProxCardKit.axbundle/ProxCardKit mode 0x109 returns handle 0x5dc54f1
2026-01-28 16:12:49.384 Db NayaVedAI[63826:20fb29] [com.apple.defaults:User Defaults] found no value for key UseNewAXBundleLoader in CFPrefsSearchListSource<0x600002c0d480> (Domain: com.apple.Accessibility, Container: /Users/shivi.agarwal/Library/Developer/CoreSimulator/Devices/AC7E343F-585F-430E-B17D-BDD649803605/data Non-launch persona: 0)
2026-01-28 16:12:49.384 Db NayaVedAI[63826:20fb29] [com.apple.defaults:User Defaults] found no value for key UseNewAXBundleLoader in CFPrefsSearchListSource<0x600002c18080> (Domain: com.apple.Accessibility, Container: (null) Non-launch persona: 0)
2026-01-28 16:12:49.384 Db NayaVedAI[63826:20fabf] [com.apple.defaults:User Defaults] found no value for key UseNewAXBundleLoader in CFPrefsSearchListSource<0x600002c0d480> (Domain: com.apple.Accessibility, Container: /Users/shivi.agarwal/Library/Developer/CoreSimulator/Devices/AC7E343F-585F-430E-B17D-BDD649803605/data Non-launch persona: 0)
2026-01-28 16:12:49.384 Db NayaVedAI[63826:20fabf] [com.apple.defaults:User Defaults] found no value for key UseNewAXBundleLoader in CFPrefsSearchListSource<0x600002c18080> (Domain: com.apple.Accessibility, Container: (null) Non-launch persona: 0)
2026-01-28 16:12:49.366 I  NayaVedAI[63826:20fb26] [com.apple.network:connection] nw_association_create_flow <nw_association IPv6#9530c712.8081> Added association flow ID 6FA96B63-30A4-4519-9CC3-754A462955EF
2026-01-28 16:12:49.384 I  NayaVedAI[63826:20fb26] [com.apple.network:connection] nw_endpoint_flow_setup_protocols [C5.1.1 IPv6#9530c712.8081 in_progress socket-flow (satisfied (Path is satisfied), interface: lo0)] setup flow id 6FA96B63-30A4-4519-9CC3-754A462955EF
2026-01-28 16:12:49.385 Db NayaVedAI[63826:20fb26] [com.apple.network:connection] nw_endpoint_flow_attach_protocols [C5.1.1 IPv6#9530c712.8081 in_progress socket-flow (satisfied (Path is satisfied), interface: lo0)]
2026-01-28 16:12:49.386 Db NayaVedAI[63826:20fb26] [com.apple.network:] nw_fd_wrapper_create Created <fd_wrapper 16, guarded: false>
