2026-01-28 16:31:22.656 Db NayaVedAI[71451:21bba8] [com.apple.network:connection] -[NWConcrete_nw_endpoint_resolver startWithHandler:] [C77.1 Hostname#a19a2c0f:8081 waiting resolver (satisfied (Path is satisfied), interface: en0[802.11], uses wifi, LQM: unknown)]
2026-01-28 16:31:22.656 Db NayaVedAI[71451:21bba8] [com.apple.network:connection] nw_endpoint_flow_receive_report [C77 Hostname#a19a2c0f:8081 in_progress parent-flow (satisfied (Path is satisfied), interface: en0[802.11], uses wifi, LQM: unknown)] received child report: [C77.1 Hostname#a19a2c0f:8081 in_progress resolver (satisfied (Path is satisfied), interface: en0[802.11], uses wifi, LQM: unknown)]
2026-01-28 16:31:22.657 Df NayaVedAI[71451:21bba8] [com.apple.network:connection] [C77.1 Hostname#a19a2c0f:8081 in_progress resolver (satisfied (Path is satisfied), interface: en0[802.11], uses wifi, LQM: unknown)] event: resolver:start_dns @0.002s
2026-01-28 16:31:22.657 Db NayaVedAI[71451:21bba8] [com.apple.networkextension:] ne_tracker_check_is_hostname_blocked() proceeding with the in_the_app check for hostname: localhost
2026-01-28 16:31:22.657 Db NayaVedAI[71451:21bba8] [com.apple.CFBundle:resources] Resource lookup at CFBundle 0x600003b04700 </Users/shivi.agarwal/Library/Developer/CoreSimulator/Devices/AC7E343F-585F-430E-B17D-BDD649803605/data/Containers/Bundle/Application/AD33C3F3-69F6-4E76-8701-44660F53F11C/NayaVedAI.app> (executable, loaded)
	Request       : InfoPlist type: strings
	Result        : None
2026-01-28 16:31:22.657 Db NayaVedAI[71451:21bba8] [com.apple.CFBundle:resources] Resource lookup at CFBundle 0x600003b04700 </Users/shivi.agarwal/Library/Developer/CoreSimulator/Devices/AC7E343F-585F-430E-B17D-BDD649803605/data/Containers/Bundle/Application/AD33C3F3-69F6-4E76-8701-44660F53F11C/NayaVedAI.app> (executable, loaded)
	Request       : InfoPlist type: stringsdict
	Result        : None
2026-01-28 16:31:22.657 Db NayaVedAI[71451:21bba8] [com.apple.networkextension:] ne_tracker_check_is_hostname_blocked(): hostname localhost is not a tracker. Returning: ne_tracker_status_none
2026-01-28 16:31:22.657 I  NayaVedAI[71451:21bba8] [com.apple.network:connection] nw_resolver_create_dns_service_locked [C77.1] Starting host resolution Hostname#a19a2c0f:8081, flags 0xc000d000 proto 0
2026-01-28 16:31:22.657 Df NayaVedAI[71451:21bba8] [com.apple.CFNetwork:Default] Task <7F206844-6418-497B-8775-DA088BB31026>.<1> setting up Connection 77
2026-01-28 16:31:22.657 Db NayaVedAI[71451:21bba8] [com.apple.network:activity] Returning should log: 0 for activity cfnetwork:foreground_task
2026-01-28 16:31:22.657 I  NayaVedAI[71451:21bba8] [com.apple.network:connection] nw_resolver_host_resolve_callback [C77.1] flags=0x40000003 ifindex=4294967295 error=NoError(0) hostname=localhost. addr=IPv6#4f2c3092 ttl=1
2026-01-28 16:31:22.657 I  NayaVedAI[71451:21bba8] [com.apple.network:connection] nw_resolver_host_resolve_callback [C77.1] flags=0x40000002 ifindex=4294967295 error=NoError(0) hostname=localhost. addr=IPv4#8deebaa3 ttl=1
2026-01-28 16:31:22.657 Db NayaVedAI[71451:21bba8] [com.apple.network:] sa_dst_compare_rfc6724 Rule 6, prefer d2, d2 precedence 50 > d1 precedence 35
2026-01-28 16:31:22.657 Db NayaVedAI[71451:21bba8] [com.apple.network:] sa_dst_compare_internal <private>@0 < <private>@0
2026-01-28 16:31:22.657 Db NayaVedAI[71451:21bba8] [com.apple.network:connection] nw_endpoint_resolver_update [C77.1 Hostname#a19a2c0f:8081 in_progress resolver (satisfied (Path is satisfied), interface: en0[802.11], uses wifi, LQM: unknown)] resolver is complete
2026-01-28 16:31:22.657 Df NayaVedAI[71451:21bba8] [com.apple.network:connection] nw_endpoint_resolver_update [C77.1 Hostname#a19a2c0f:8081 in_progress resolver (satisfied (Path is satisfied), interface: en0[802.11], uses wifi, LQM: unknown)] Adding endpoint handler for IPv6#e1664cbf.8081
2026-01-28 16:31:22.658 Df NayaVedAI[71451:21bba8] [com.apple.network:connection] nw_endpoint_resolver_update [C77.1 Hostname#a19a2c0f:8081 in_progress resolver (satisfied (Path is satisfied), interface: en0[802.11], uses wifi, LQM: unknown)] Adding endpoint handler for IPv4#43158804:8081
2026-01-28 16:31:22.658 Db NayaVedAI[71451:21bba8] [com.apple.network:connection] nw_endpoint_resolver_update [C77.1 Hostname#a19a2c0f:8081 in_progress resolver (satisfied (Path is satisfied), interface: en0[802.11], uses wifi, LQM: unknown)] Updated endpoint list is (IPv6#e1664cbf.8081,IPv4#43158804:8081)
2026-01-28 16:31:22.658 Db NayaVedAI[71451:21bba8] [com.apple.network:connection] nw_endpoint_flow_receive_report [C77 Hostname#a19a2c0f:8081 in_progress parent-flow (satisfied (Path is satisfied), interface: en0[802.11], uses wifi, LQM: unknown)] received child report: [C77.1 Hostname#a19a2c0f:8081 in_progress resolver (satisfied (Path is satisfied), interface: en0[802.11], uses wifi, LQM: unknown)]
2026-01-28 16:31:22.658 Df NayaVedAI[71451:21bba8] [com.apple.network:connection] [C77.1 Hostname#a19a2c0f:8081 in_progress resolver (satisfied (Path is satisfied), interface: en0[802.11], uses wifi, LQM: unknown)] event: resolver:receive_dns @0.003s
2026-01-28 16:31:22.658 I  NayaVedAI[71451:21bba8] [com.apple.network:connection] nw_endpoint_resolver_start_next_child [C77.1 Hostname#a19a2c0f:8081 in_progress resolver (satisfied (Path is satisfied), interface: en0[802.11], uses wifi, LQM: unknown)] starting child endpoint IPv6#e1664cbf.8081
2026-01-28 16:31:22.658 I  NayaVedAI[71451:21bba8] [com.apple.network:connection] nw_endpoint_handler_start [C77.1.1 IPv6#e1664cbf.8081 initial path ((null))]
2026-01-28 16:31:22.658 Db NayaVedAI[71451:21bba8] [com.apple.network:connection] nw_endpoint_resolver_receive_report [C77.1 Hostname#a19a2c0f:8081 in_progress resolver (satisfied (Path is satisfied), interface: en0[802.11], uses wifi, LQM: unknown)] received child report: [C77.1.1 IPv6#e1664cbf.8081 initial path ((null))]
2026-01-28 16:31:22.658 Db NayaVedAI[71451:21bba8] [com.apple.network:connection] nw_endpoint_flow_receive_report [C77 Hostname#a19a2c0f:8081 in_progress parent-flow (satisfied (Path is satisfied), interface: en0[802.11], uses wifi, LQM: unknown)] received child report: [C77.1.1 IPv6#e1664cbf.8081 initial path ((null))]
2026-01-28 16:31:22.658 Df NayaVedAI[71451:21bba8] [com.apple.network:connection] [C77.1.1 IPv6#e1664cbf.8081 initial path ((null))] event: path:start @0.003s
2026-01-28 16:31:22.658 Db NayaVedAI[71451:21bba8] [com.apple.network:connection] nw_endpoint_handler_path_change [C77.1.1 IPv6#e1664cbf.8081 waiting path (satisfied (Path is satisfied), interface: lo0)]
2026-01-28 16:31:22.658 Db NayaVedAI[71451:21bba8] [com.apple.network:connection] nw_endpoint_resolver_receive_report [C77.1 Hostname#a19a2c0f:8081 in_progress resolver (satisfied (Path is satisfied), interface: en0[802.11], uses wifi, LQM: unknown)] received child report: [C77.1.1 IPv6#e1664cbf.8081 waiting path (satisfied (Path is satisfied), interface: lo0)]
2026-01-28 16:31:22.658 Db NayaVedAI[71451:21bba8] [com.apple.network:connection] nw_endpoint_flow_receive_report [C77 Hostname#a19a2c0f:8081 in_progress parent-flow (satisfied (Path is satisfied), interface: en0[802.11], uses wifi, LQM: unknown)] received child report: [C77.1.1 IPv6#e1664cbf.8081 waiting path (satisfied (Path is satisfied), interface: lo0)]
2026-01-28 16:31:22.658 Df NayaVedAI[71451:21bba8] [com.apple.network:connection] [C77.1.1 IPv6#e1664cbf.8081 waiting path (satisfied (Path is satisfied), interface: lo0)] event: path:satisfied @0.003s, uuid: B4BC7247-2B34-4B2D-B74E-F9C9E45F88DE
2026-01-28 16:31:22.658 Db NayaVedAI[71451:21bba8] [com.apple.network:] nw_endpoint_proxy_handler_should_use_proxy Looking up proxy for hostname: <nil>, ifindex: 0
2026-01-28 16:31:22.658 Db NayaVedAI[71451:21bba8] [com.apple.SystemConfiguration:SCPreferences] create <SCPreferences 0x1074c8890 [0x1e578fa80]> {name = SCDynamicStoreCopyProxiesWithOptions, id = /Library/Managed Preferences/mobile/com.apple.SystemConfiguration.plist, path = /Library/Managed Preferences/mobile/com.apple.SystemConfiguration.plist}
2026-01-28 16:31:22.658 Db NayaVedAI[71451:21bba8] [com.apple.SystemConfiguration:SCPreferences] SCPreferences() access: /Library/Managed Preferences/mobile/com.apple.SystemConfiguration.plist, size=0
2026-01-28 16:31:22.658 Db NayaVedAI[71451:21bba8] [com.apple.SystemConfiguration:SCPreferences] release <SCPreferences 0x1074c8890 [0x1e578fa80]> {name = SCDynamicStoreCopyProxiesWithOptions, id = /Library/Managed Preferences/mobile/com.apple.SystemConfiguration.plist, path = /Library/Managed Preferences/mobile/com.apple.SystemConfiguration.plist, accessed}
2026-01-28 16:31:22.658 I  NayaVedAI[71451:21bba8] [com.apple.network:connection] nw_association_create_flow <nw_association IPv6#e1664cbf.8081> Added association flow ID 98E527AD-4989-42BB-9A21-84592CF35A8A
2026-01-28 16:31:22.658 I  NayaVedAI[71451:21bba8] [com.apple.network:connection] nw_endpoint_flow_setup_protocols [C77.1.1 IPv6#e1664cbf.8081 in_progress socket-flow (satisfied (Path is satisfied), interface: lo0)] setup flow id 98E527AD-4989-42BB-9A21-84592CF35A8A
2026-01-28 16:31:22.658 Db NayaVedAI[71451:21bba8] [com.apple.network:connection] nw_endpoint_flow_attach_protocols [C77.1.1 IPv6#e1664cbf.8081 in_progress socket-flow (satisfied (Path is satisfied), interface: lo0)]
2026-01-28 16:31:22.658 Db NayaVedAI[71451:21bba8] [com.apple.network:connection] nw_endpoint_flow_attach_protocols_block_invoke [C77.1.1 IPv6#e1664cbf.8081 in_progress socket-flow (satisfied (Path is satisfied), interface: lo0)] Attached application protocol: CFNetworkConnection-3282745862
2026-01-28 16:31:22.658 Db NayaVedAI[71451:21bba8] [com.apple.network:] nw_fd_wrapper_create Created <fd_wrapper 24, guarded: false>
2026-01-28 16:31:22.658 Db NayaVedAI[71451:21bba8] [com.apple.network:connection] nw_endpoint_flow_attach_protocols [C77.1.1 IPv6#e1664cbf.8081 in_progress socket-flow (satisfied (Path is satisfied), interface: lo0)] Attached socket protocol
2026-01-28 16:31:22.658 Db NayaVedAI[71451:21bba8] [com.apple.network:connection] nw_endpoint_flow_setup_protocols [C77.1.1 IPv6#e1664cbf.8081 in_progress socket-flow (satisfied (Path is satisfied), interface: lo0)] leaf flow starting
2026-01-28 16:31:22.658 Db NayaVedAI[71451:21bba8] [com.apple.network:connection] nw_endpoint_resolver_receive_report [C77.1 Hostname#a19a2c0f:8081 in_progress resolver (satisfied (Path is satisfied), interface: en0[802.11], uses wifi, LQM: unknown)] received child report: [C77.1.1 IPv6#e1664cbf.8081 in_progress socket-flow (satisfied (Path is satisfied), interface: lo0)]
2026-01-28 16:31:22.659 Db NayaVedAI[71451:21bba8] [com.apple.network:connection] nw_endpoint_flow_receive_report [C77 Hostname#a19a2c0f:8081 in_progress parent-flow (satisfied (Path is satisfied), interface: en0[802.11], uses wifi, LQM: unknown)] received child report: [C77.1.1 IPv6#e1664cbf.8081 in_progress socket-flow (satisfied (Path is satisfied), interface: lo0)]
2026-01-28 16:31:22.659 Df NayaVedAI[71451:21bba8] [com.apple.network:connection] [C77.1.1 IPv6#e1664cbf.8081 in_progress socket-flow (satisfied (Path is satisfied), interface: lo0)] event: flow:start_connect @0.004s
2026-01-28 16:31:22.659 I  NayaVedAI[71451:21bba8] [com.apple.network:connection] nw_endpoint_resolver_start_next_child [C77.1 Hostname#a19a2c0f:8081 in_progress resolver (satisfied (Path is satisfied), interface: en0[802.11], uses wifi, LQM: unknown)] starting next child endpoint in 100ms
2026-01-28 16:31:22.659 Db NayaVedAI[71451:21bba8] [com.apple.network:connection] nw_socket_handle_socket_event [C77.1.1:2] Event mask: 0x800
2026-01-28 16:31:22.659 Df NayaVedAI[71451:21bba8] [com.apple.network:connection] nw_socket_handle_socket_event [C77.1.1:2] Socket received CONNECTED event
2026-01-28 16:31:22.659 Db NayaVedAI[71451:21bba8] [com.apple.network:connection] nw_socket_setup_notsent_lowat [C77.1.1:2] Set TCP_NOTSENT_LOWAT(16384)
2026-01-28 16:31:22.659 Df NayaVedAI[71451:21bba8] [com.apple.network:connection] nw_flow_connected [C77.1.1 IPv6#e1664cbf.8081 in_progress socket-flow (satisfied (Path is satisfied), interface: lo0)] Transport protocol connected (socket)
2026-01-28 16:31:22.659 Db NayaVedAI[71451:21bba8] [com.apple.network:connection] nw_endpoint_resolver_receive_report [C77.1 Hostname#a19a2c0f:8081 in_progress resolver (satisfied (Path is satisfied), interface: en0[802.11], uses wifi, LQM: unknown)] received child report: [C77.1.1 IPv6#e1664cbf.8081 in_progress socket-flow (satisfied (Path is satisfied), interface: lo0)]
2026-01-28 16:31:22.659 Db NayaVedAI[71451:21bba8] [com.apple.network:connection] nw_endpoint_flow_receive_report [C77 Hostname#a19a2c0f:8081 in_progress parent-flow (satisfied (Path is satisfied), interface: en0[802.11], uses wifi, LQM: unknown)] received child report: [C77.1.1 IPv6#e1664cbf.8081 in_progress socket-flow (satisfied (Path is satisfied), interface: lo0)]
2026-01-28 16:31:22.659 Df NayaVedAI[71451:21bba8] [com.apple.network:connection] [C77.1.1 IPv6#e1664cbf.8081 in_progress socket-flow (satisfied (Path is satisfied), interface: lo0)] event: flow:finish_transport @0.005s
2026-01-28 16:31:22.659 I  NayaVedAI[71451:21bba8] [com.apple.network:connection] nw_endpoint_resolver_receive_report [C77.1 Hostname#a19a2c0f:8081 in_progress resolver (satisfied (Path is satisfied), interface: en0[802.11], uses wifi, LQM: unknown)] pushing out endpoint race by 2000ms
2026-01-28 16:31:22.659 Df NayaVedAI[71451:21bba8] [com.apple.network:connection] nw_flow_connected [C77.1.1 IPv6#e1664cbf.8081 in_progress socket-flow (satisfied (Path is satisfied), interface: lo0)] Output protocol connected (CFNetworkConnection-3282745862)
2026-01-28 16:31:22.659 Db NayaVedAI[71451:21bba8] [com.apple.network:connection] nw_endpoint_flow_connected_path_change [C77.1.1 IPv6#e1664cbf.8081 ready socket-flow (satisfied (Path is satisfied), interface: lo0)]
2026-01-28 16:31:22.659 I  NayaVedAI[71451:21bba8] [com.apple.network:connection] nw_endpoint_flow_connected_path_change [C77.1.1 IPv6#e1664cbf.8081 ready socket-flow (satisfied (Path is satisfied), interface: lo0)] Connected path is satisfied, not viable
2026-01-28 16:31:22.659 Db NayaVedAI[71451:21bba8] [com.apple.network:connection] nw_endpoint_resolver_receive_report [C77.1 Hostname#a19a2c0f:8081 in_progress resolver (satisfied (Path is satisfied), interface: en0[802.11], uses wifi, LQM: unknown)] received child report: [C77.1.1 IPv6#e1664cbf.8081 ready socket-flow (satisfied (Path is satisfied), interface: lo0)]
2026-01-28 16:31:22.659 Db NayaVedAI[71451:21bba8] [com.apple.network:connection] nw_endpoint_flow_receive_report [C77 Hostname#a19a2c0f:8081 in_progress parent-flow (satisfied (Path is satisfied), interface: en0[802.11], uses wifi, LQM: unknown)] received child report: [C77.1.1 IPv6#e1664cbf.8081 ready socket-flow (satisfied (Path is satisfied), interface: lo0)]
2026-01-28 16:31:22.659 Df NayaVedAI[71451:21bba8] [com.apple.network:connection] [C77.1.1 IPv6#e1664cbf.8081 ready socket-flow (satisfied (Path is satisfied), interface: lo0)] event: flow:child_finish_connect @0.005s
2026-01-28 16:31:22.659 Db NayaVedAI[71451:21bba8] [com.apple.network:connection] nw_endpoint_flow_receive_report [C77 IPv6#e1664cbf.8081 in_progress parent-flow (satisfied (Path is satisfied), interface: en0[802.11], uses wifi, LQM: unknown)] connecting endpoint_flow to child's shared protocol
2026-01-28 16:31:22.659 Db NayaVedAI[71451:21bba8] [com.apple.network:connection] nw_endpoint_flow_setup_protocols [C77 IPv6#e1664cbf.8081 in_progress parent-flow (satisfied (Path is satisfied), interface: en0[802.11], uses wifi, LQM: unknown)] already set up
2026-01-28 16:31:22.659 Db NayaVedAI[71451:21bba8] [com.apple.network:connection] nw_endpoint_flow_setup_protocols [C77 IPv6#e1664cbf.8081 in_progress parent-flow (satisfied (Path is satisfied), interface: en0[802.11], uses wifi, LQM: unknown)] child flow connected, starting
2026-01-28 16:31:22.659 Db NayaVedAI[71451:21bba8] [com.apple.network:connection] nw_endpoint_flow_setup_protocols [C77 IPv6#e1664cbf.8081 in_progress parent-flow (satisfied (Path is satisfied), interface: en0[802.11], uses wifi, LQM: unknown)] already started
2026-01-28 16:31:22.659 Db NayaVedAI[71451:21bba8] [com.apple.network:connection] nw_endpoint_flow_receive_report [C77 IPv6#e1664cbf.8081 in_progress parent-flow (satisfied (Path is satisfied), interface: en0[802.11], uses wifi, LQM: unknown)] received child report: [C77.1 Hostname#a19a2c0f:8081 ready resolver (satisfied (Path is satisfied), interface: en0[802.11], uses wifi, LQM: unknown)]
2026-01-28 16:31:22.660 Df NayaVedAI[71451:21bba8] [com.apple.network:connection] [C77.1 Hostname#a19a2c0f:8081 ready resolver (satisfied (Path is satisfied), interface: en0[802.11], uses wifi, LQM: unknown)] event: flow:child_finish_connect @0.005s
2026-01-28 16:31:22.660 I  NayaVedAI[71451:21bba8] [com.apple.network:connection] nw_endpoint_handler_cancel [C77.1.2 IPv4#43158804:8081 initial path ((null))]
2026-01-28 16:31:22.660 Df NayaVedAI[71451:21bba8] [com.apple.network:connection] nw_flow_connected [C77 IPv6#e1664cbf.8081 in_progress parent-flow (satisfied (Path is satisfied), interface: en0[802.11], uses wifi, LQM: unknown)] Output protocol connected (endpoint_flow)
2026-01-28 16:31:22.660 Db NayaVedAI[71451:21bba8] [com.apple.network:connection] nw_endpoint_flow_connected_path_change [C77 IPv6#e1664cbf.8081 ready parent-flow (satisfied (Path is satisfied), interface: en0[802.11], uses wifi, LQM: unknown)]
2026-01-28 16:31:22.660 I  NayaVedAI[71451:21bba8] [com.apple.network:connection] nw_endpoint_flow_connected_path_change [C77 IPv6#e1664cbf.8081 ready parent-flow (satisfied (Path is satisfied), interface: en0[802.11], uses wifi, LQM: unknown)] Connected path is satisfied, child is not viable
2026-01-28 16:31:22.660 Df NayaVedAI[71451:21bba8] [com.apple.network:connection] [C77 IPv6#e1664cbf.8081 ready parent-flow (satisfied (Path is satisfied), interface: en0[802.11], uses wifi, LQM: unknown)] event: flow:finish_connect @0.005s
2026-01-28 16:31:22.660 Db NayaVedAI[71451:21bba8] [com.apple.network:connection] nw_connection_run_pqtls_probe_locked_on_nw_queue [C77] No TLS metadata; not running PQ-TLS probe
2026-01-28 16:31:22.660 Db NayaVedAI[71451:21bba8] [com.apple.network:connection] nw_connection_run_ech_probe_locked_on_nw_queue [C77] stack doesn't include TLS; not running ECH probe
2026-01-28 16:31:22.660 Db NayaVedAI[71451:21bba8] [com.apple.network:connection] nw_connection_endpoint_report_on_nw_queue_block_invoke [C77] Connected fallback generation 0
2026-01-28 16:31:22.660 I  NayaVedAI[71451:21bba8] [com.apple.network:connection] nw_connection_start_candidate_manager_if_needed_locked [C77] Checking whether to start candidate manager
2026-01-28 16:31:22.660 Db NayaVedAI[71451:21bba8] [com.apple.network:connection] nw_connection_start_candidate_manager_if_needed_locked [C77] Connection does not support multipath, not starting candidate manager
2026-01-28 16:31:22.660 Df NayaVedAI[71451:21bba8] [com.apple.network:connection] nw_connection_report_state_with_handler_on_nw_queue [C77] reporting state ready
2026-01-28 16:31:22.660 Df NayaVedAI[71451:21bba8] [com.apple.CFNetwork:Default] Connection 77: connected successfully
2026-01-28 16:31:22.660 Df NayaVedAI[71451:21bba8] [com.apple.CFNetwork:Default] Connection 77: ready C(N) E(N)
2026-01-28 16:31:22.660 Db NayaVedAI[71451:21bba8] [com.apple.CFNetwork:Default] Task <7F206844-6418-497B-8775-DA088BB31026>.<1> done setting up Connection 77
2026-01-28 16:31:22.660 Db NayaVedAI[71451:21bba8] [com.apple.network:activity] Returning should log: 0 for activity cfnetwork:foreground_task
2026-01-28 16:31:22.660 Df NayaVedAI[71451:21bba8] [com.apple.CFNetwork:Default] Task <7F206844-6418-497B-8775-DA088BB31026>.<1> now using Connection 77
2026-01-28 16:31:22.660 Db NayaVedAI[71451:21bba8] [com.apple.network:activity] Returning should log: 0 for activity cfnetwork:foreground_task
2026-01-28 16:31:22.660 Df NayaVedAI[71451:21bba8] [com.apple.CFNetwork:Default] Task <7F206844-6418-497B-8775-DA088BB31026>.<1> sent request, body N 0
2026-01-28 16:31:22.662 Df NayaVedAI[71451:21bba8] [com.apple.CFNetwork:Default] Task <6277C4D5-F255-4D37-B56A-C864670A2DE5>.<2> resuming, timeouts(0.0, 604800.0) qos(0x19) voucher((null)) activity(00000000-0000-0000-0000-000000000000)
2026-01-28 16:31:22.662 Db NayaVedAI[71451:21bba8] [com.apple.network:activity] Returning should log: 0 for activity cfnetwork:foreground_task
2026-01-28 16:31:22.662 Db NayaVedAI[71451:21bba8] [com.apple.network:activity] Domain cfnetwork rate configured in registry as 1 / 20000
2026-01-28 16:31:22.662 Db NayaVedAI[71451:21bba8] [com.apple.network:activity] Domain cfnetwork rate configured after remote default override as 1 / 20000
2026-01-28 16:31:22.662 Db NayaVedAI[71451:21bba8] [com.apple.network:activity] After reading settings plist, domain cfnetwork rate configured as 1 / 2000000
2026-01-28 16:31:22.662 Db NayaVedAI[71451:21bba8] [com.apple.network:activity] After settings override, domain cfnetwork rate configured as 1 / 2000000
2026-01-28 16:31:22.662 Db NayaVedAI[71451:21bba8] [com.apple.network:activity] Final domain cfnetwork rate configured as 1 / 2000000
2026-01-28 16:31:22.662 Db NayaVedAI[71451:21bba8] [com.apple.network:activity] <nw_activity 12:2 [No UUID] (reporting strategy default)> sampled at 1 / 2000000
2026-01-28 16:31:22.662 Db NayaVedAI[71451:21bba8] [com.apple.network:activity] Returning should log: 0 for activity cfnetwork:foreground_task
2026-01-28 16:31:22.662 Db NayaVedAI[71451:21bba8] [com.apple.network:activity] Returning should log: 0 for activity cfnetwork:foreground_task
2026-01-28 16:31:22.662 Db NayaVedAI[71451:21bba8] [com.apple.CFNetwork:Default] [Telemetry]: Activity <nw_activity 12:2 [82478EF3-462C-4CD5-A09A-A4452B3D99A8] (reporting strategy default)> on Task <6277C4D5-F255-4D37-B56A-C864670A2DE5>.<2> was not selected for reporting
2026-01-28 16:31:22.662 Db NayaVedAI[71451:21bb7e] [com.apple.CFNetwork:ATS] Uploading ATS exception ATSAllowsLocalNetworking
2026-01-28 16:31:22.662 A  NayaVedAI[71451:21bba8] (Security) SecTrustReportNetworkingAnalytics
2026-01-28 16:31:22.662 I  NayaVedAI[71451:21bb7e] [com.apple.network:connection] nw_connection_create_with_id [C78] create connection to Hostname#a19a2c0f:8081
2026-01-28 16:31:22.663 Df NayaVedAI[71451:21bb7e] [com.apple.CFNetwork:Default] Connection 78: starting, TC(0x0)
2026-01-28 16:31:22.663 Df NayaVedAI[71451:21bb7e] [com.apple.network:connection] [C78 00C8B70E-0CEB-45AD-9737-275D3384B693 Hostname#a19a2c0f:8081 tcp, url: http://localhost:8081/symbolicate, definite, attribution: developer, context: com.apple.CFNetwork.NSURLSession.{850C5591-A68F-4D07-A2E2-BE16A1BF1FA9}{(null)}{Y}{2}{0x0} (private), proc: 63B02D91-D502-3FF5-9842-92830ECC12FF, delegated upid: 0] start
2026-01-28 16:31:22.663 I  NayaVedAI[71451:21bb7e] [com.apple.network:connection] nw_endpoint_handler_start [C78 Hostname#a19a2c0f:8081 initial parent-flow ((null))]
2026-01-28 16:31:22.663 Df NayaVedAI[71451:21bb7e] [com.apple.network:connection] [C78 Hostname#a19a2c0f:8081 initial parent-flow ((null))] event: path:start @0.000s
2026-01-28 16:31:22.663 Db NayaVedAI[71451:21bb7e] [com.apple.network:connection] nw_endpoint_handler_path_change [C78 Hostname#a19a2c0f:8081 waiting parent-flow (satisfied (Path is satisfied), interface: en0[802.11], uses wifi, LQM: unknown)]
2026-01-28 16:31:22.663 Db NayaVedAI[71451:21bb7e] [com.apple.networkextension:] ne_tracker_check_is_hostname_blocked() proceeding with the in_the_app check for hostname: localhost
2026-01-28 16:31:22.663 Db NayaVedAI[71451:21bb7e] [com.apple.CFBundle:resources] Resource lookup at CFBundle 0x600003b04700 </Users/shivi.agarwal/Library/Developer/CoreSimulator/Devices/AC7E343F-585F-430E-B17D-BDD649803605/data/Containers/Bundle/Application/AD33C3F3-69F6-4E76-8701-44660F53F11C/NayaVedAI.app> (executable, loaded)
	Request       : InfoPlist type: strings
	Result        : None
2026-01-28 16:31:22.663 Db NayaVedAI[71451:21bb7e] [com.apple.CFBundle:resources] Resource lookup at CFBundle 0x600003b04700 </Users/shivi.agarwal/Library/Developer/CoreSimulator/Devices/AC7E343F-585F-430E-B17D-BDD649803605/data/Containers/Bundle/Application/AD33C3F3-69F6-4E76-8701-44660F53F11C/NayaVedAI.app> (executable, loaded)
	Request       : InfoPlist type: stringsdict
	Result        : None
2026-01-28 16:31:22.663 Db NayaVedAI[71451:21bb7e] [com.apple.networkextension:] ne_tracker_check_is_hostname_blocked(): hostname localhost is not a tracker. Returning: ne_tracker_status_none
2026-01-28 16:31:22.663 Df NayaVedAI[71451:21bb7e] [com.apple.network:connection] [C78 Hostname#a19a2c0f:8081 waiting parent-flow (satisfied (Path is satisfied), interface: en0[802.11], uses wifi, LQM: unknown)] event: path:satisfied @0.000s, uuid: F70697C0-905B-4CA1-A1BF-571526E3A827
2026-01-28 16:31:22.663 Df NayaVedAI[71451:21bba8] [com.apple.securityd:SecError] SecTrustReportNetworkingAnalytics failed with error: -4
2026-01-28 16:31:22.663 I  NayaVedAI[71451:21bb7e] [com.apple.network:connection] nw_connection_endpoint_report_on_nw_queue_block_invoke [C78 Hostname#a19a2c0f:8081 waiting parent-flow (satisfied (Path is satisfied), interface: en0[802.11], uses wifi, LQM: unknown)] skipping state update
2026-01-28 16:31:22.663 Db NayaVedAI[71451:21bb7e] [com.apple.network:] nw_endpoint_proxy_handler_should_use_proxy Looking up proxy for hostname: localhost, ifindex: 0
2026-01-28 16:31:22.663 Db NayaVedAI[71451:21bb7e] [com.apple.SystemConfiguration:SCPreferences] create <SCPreferences 0x10bb0c2e0 [0x1e578fa80]> {name = SCDynamicStoreCopyProxiesWithOptions, id = /Library/Managed Preferences/mobile/com.apple.SystemConfiguration.plist, path = /Library/Managed Preferences/mobile/com.apple.SystemConfiguration.plist}
2026-01-28 16:31:22.663 Db NayaVedAI[71451:21bb7e] [com.apple.SystemConfiguration:SCPreferences] SCPreferences() access: /Library/Managed Preferences/mobile/com.apple.SystemConfiguration.plist, size=0
2026-01-28 16:31:22.663 Db NayaVedAI[71451:21bb7e] [com.apple.SystemConfiguration:SCPreferences] release <SCPreferences 0x10bb0c2e0 [0x1e578fa80]> {name = SCDynamicStoreCopyProxiesWithOptions, id = /Library/Managed Preferences/mobile/com.apple.SystemConfiguration.plist, path = /Library/Managed Preferences/mobile/com.apple.SystemConfiguration.plist, accessed}
2026-01-28 16:31:22.663 Db NayaVedAI[71451:21bb7e] [com.apple.network:connection] nw_endpoint_flow_attach_protocols [C78 Hostname#a19a2c0f:8081 in_progress parent-flow (satisfied (Path is satisfied), interface: en0[802.11], uses wifi, LQM: unknown)]
2026-01-28 16:31:22.663 Db NayaVedAI[71451:21bb7e] [com.apple.network:connection] nw_endpoint_flow_attach_protocols [C78 Hostname#a19a2c0f:8081 in_progress parent-flow (satisfied (Path is satisfied), interface: en0[802.11], uses wifi, LQM: unknown)] stopping after adding persistent application protocols
2026-01-28 16:31:22.663 Db NayaVedAI[71451:21bb7e] [com.apple.network:connection] nw_endpoint_flow_setup_protocols [C78 Hostname#a19a2c0f:8081 in_progress parent-flow (satisfied (Path is satisfied), interface: en0[802.11], uses wifi, LQM: unknown)] persistent protocol stack, starting
2026-01-28 16:31:22.663 Df NayaVedAI[71451:21bb7e] [com.apple.network:connection] [C78 Hostname#a19a2c0f:8081 in_progress parent-flow (satisfied (Path is satisfied), interface: en0[802.11], uses wifi, LQM: unknown)] event: flow:start_connect @0.000s
2026-01-28 16:31:22.663 Df NayaVedAI[71451:21bb7e] [com.apple.network:connection] nw_connection_report_state_with_handler_on_nw_queue [C78] reporting state preparing
2026-01-28 16:31:22.663 I  NayaVedAI[71451:21bb7e] [com.apple.network:connection] nw_endpoint_flow_connect [C78 Hostname#a19a2c0f:8081 in_progress parent-flow (satisfied (Path is satisfied), interface: en0[802.11], uses wifi, LQM: unknown)] connect bottom protocol
2026-01-28 16:31:22.663 Db NayaVedAI[71451:21bb7e] [com.apple.network:connection] nw_endpoint_flow_start_child [C78 Hostname#a19a2c0f:8081 in_progress parent-flow (satisfied (Path is satisfied), interface: en0[802.11], uses wifi, LQM: unknown)] creating and starting child handler
2026-01-28 16:31:22.663 Db NayaVedAI[71451:21bb7e] [com.apple.network:] nw_endpoint_proxy_handler_should_use_proxy Looking up proxy for hostname: localhost, ifindex: 0
2026-01-28 16:31:22.663 Db NayaVedAI[71451:21bb7e] [com.apple.SystemConfiguration:SCPreferences] create <SCPreferences 0x10888db00 [0x1e578fa80]> {name = SCDynamicStoreCopyProxiesWithOptions, id = /Library/Managed Preferences/mobile/com.apple.SystemConfiguration.plist, path = /Library/Managed Preferences/mobile/com.apple.SystemConfiguration.plist}
2026-01-28 16:31:22.663 Db NayaVedAI[71451:21bb7e] [com.apple.SystemConfiguration:SCPreferences] SCPreferences() access: /Library/Managed Preferences/mobile/com.apple.SystemConfiguration.plist, size=0
2026-01-28 16:31:22.664 Db NayaVedAI[71451:21bb7e] [com.apple.SystemConfiguration:SCPreferences] release <SCPreferences 0x10888db00 [0x1e578fa80]> {name = SCDynamicStoreCopyProxiesWithOptions, id = /Library/Managed Preferences/mobile/com.apple.SystemConfiguration.plist, path = /Library/Managed Preferences/mobile/com.apple.SystemConfiguration.plist, accessed}
2026-01-28 16:31:22.664 Df NayaVedAI[71451:21bb7e] [com.apple.network:connection] [C78 Hostname#a19a2c0f:8081 in_progress parent-flow (satisfied (Path is satisfied), interface: en0[802.11], uses wifi, LQM: unknown)] event: flow:start_child @0.001s
2026-01-28 16:31:22.664 I  NayaVedAI[71451:21bb7e] [com.apple.network:connection] nw_endpoint_handler_start [C78.1 Hostname#a19a2c0f:8081 initial path ((null))]
2026-01-28 16:31:22.664 Db NayaVedAI[71451:21bb7e] [com.apple.network:connection] nw_endpoint_flow_receive_report [C78 Hostname#a19a2c0f:8081 in_progress parent-flow (satisfied (Path is satisfied), interface: en0[802.11], uses wifi, LQM: unknown)] received child report: [C78.1 Hostname#a19a2c0f:8081 initial path ((null))]
2026-01-28 16:31:22.664 Df NayaVedAI[71451:21bb7e] [com.apple.network:connection] [C78.1 Hostname#a19a2c0f:8081 initial path ((null))] event: path:start @0.001s
2026-01-28 16:31:22.664 Db NayaVedAI[71451:21bb7e] [com.apple.network:connection] nw_endpoint_handler_path_change [C78.1 Hostname#a19a2c0f:8081 waiting path (satisfied (Path is satisfied), interface: en0[802.11], uses wifi, LQM: unknown)]
2026-01-28 16:31:22.664 Db NayaVedAI[71451:21bb7e] [com.apple.networkextension:] ne_tracker_check_is_hostname_blocked() proceeding with the in_the_app check for hostname: localhost
2026-01-28 16:31:22.664 Db NayaVedAI[71451:21bb7e] [com.apple.CFBundle:resources] Resource lookup at CFBundle 0x600003b04700 </Users/shivi.agarwal/Library/Developer/CoreSimulator/Devices/AC7E343F-585F-430E-B17D-BDD649803605/data/Containers/Bundle/Application/AD33C3F3-69F6-4E76-8701-44660F53F11C/NayaVedAI.app> (executable, loaded)
	Request       : InfoPlist type: strings
	Result        : None
2026-01-28 16:31:22.664 Db NayaVedAI[71451:21bb7e] [com.apple.CFBundle:resources] Resource lookup at CFBundle 0x600003b04700 </Users/shivi.agarwal/Library/Developer/CoreSimulator/Devices/AC7E343F-585F-430E-B17D-BDD649803605/data/Containers/Bundle/Application/AD33C3F3-69F6-4E76-8701-44660F53F11C/NayaVedAI.app> (executable, loaded)
	Request       : InfoPlist type: stringsdict
	Result        : None
2026-01-28 16:31:22.664 Db NayaVedAI[71451:21bb7e] [com.apple.networkextension:] ne_tracker_check_is_hostname_blocked(): hostname localhost is not a tracker. Returning: ne_tracker_status_none
2026-01-28 16:31:22.664 Db NayaVedAI[71451:21bb7e] [com.apple.network:connection] nw_endpoint_flow_receive_report [C78 Hostname#a19a2c0f:8081 in_progress parent-flow (satisfied (Path is satisfied), interface: en0[802.11], uses wifi, LQM: unknown)] received child report: [C78.1 Hostname#a19a2c0f:8081 waiting path (satisfied (Path is satisfied), interface: en0[802.11], uses wifi, LQM: unknown)]
2026-01-28 16:31:22.664 Df NayaVedAI[71451:21bb7e] [com.apple.network:connection] [C78.1 Hostname#a19a2c0f:8081 waiting path (satisfied (Path is satisfied), interface: en0[802.11], uses wifi, LQM: unknown)] event: path:satisfied @0.001s, uuid: F70697C0-905B-4CA1-A1BF-571526E3A827
2026-01-28 16:31:22.664 Db NayaVedAI[71451:21bb7e] [com.apple.network:] nw_endpoint_proxy_handler_should_use_proxy Looking up proxy for hostname: localhost, ifindex: 0
2026-01-28 16:31:22.664 Db NayaVedAI[71451:21bb7e] [com.apple.SystemConfiguration:SCPreferences] create <SCPreferences 0x1322d3640 [0x1e578fa80]> {name = SCDynamicStoreCopyProxiesWithOptions, id = /Library/Managed Preferences/mobile/com.apple.SystemConfiguration.plist, path = /Library/Managed Preferences/mobile/com.apple.SystemConfiguration.plist}
2026-01-28 16:31:22.664 Db NayaVedAI[71451:21bb7e] [com.apple.SystemConfiguration:SCPreferences] SCPreferences() access: /Library/Managed Preferences/mobile/com.apple.SystemConfiguration.plist, size=0
2026-01-28 16:31:22.664 Db NayaVedAI[71451:21bb7e] [com.apple.SystemConfiguration:SCPreferences] release <SCPreferences 0x1322d3640 [0x1e578fa80]> {name = SCDynamicStoreCopyProxiesWithOptions, id = /Library/Managed Preferences/mobile/com.apple.SystemConfiguration.plist, path = /Library/Managed Preferences/mobile/com.apple.SystemConfiguration.plist, accessed}
2026-01-28 16:31:22.664 Db NayaVedAI[71451:21bb7e] [com.apple.network:connection] -[NWConcrete_nw_endpoint_resolver startWithHandler:] [C78.1 Hostname#a19a2c0f:8081 waiting resolver (satisfied (Path is satisfied), interface: en0[802.11], uses wifi, LQM: unknown)]
2026-01-28 16:31:22.664 Db NayaVedAI[71451:21bb7e] [com.apple.network:connection] nw_endpoint_flow_receive_report [C78 Hostname#a19a2c0f:8081 in_progress parent-flow (satisfied (Path is satisfied), interface: en0[802.11], uses wifi, LQM: unknown)] received child report: [C78.1 Hostname#a19a2c0f:8081 in_progress resolver (satisfied (Path is satisfied), interface: en0[802.11], uses wifi, LQM: unknown)]
2026-01-28 16:31:22.664 Df NayaVedAI[71451:21bb7e] [com.apple.network:connection] [C78.1 Hostname#a19a2c0f:8081 in_progress resolver (satisfied (Path is satisfied), interface: en0[802.11], uses wifi, LQM: unknown)] event: resolver:start_dns @0.001s
2026-01-28 16:31:22.665 Db NayaVedAI[71451:2199c2] [com.apple.defaults:User Defaults] looked up value 1 for key RCTI18nUtil_makeRTLFlipLeftAndRightStyles in CFPrefsPlistSource<0x600002c0c080> (Domain: com.nayaved.app, User: kCFPreferencesCurrentUser, ByHost: No, Container: (null), Contents Need Refresh: No) via CFPrefsSearchListSource<0x600002c04180> (Domain: com.nayaved.app, Container: (null) Non-launch persona: 0)
2026-01-28 16:31:22.665 Db NayaVedAI[71451:21bb7e] [com.apple.networkextension:] ne_tracker_check_is_hostname_blocked() proceeding with the in_the_app check for hostname: localhost
2026-01-28 16:31:22.665 Db NayaVedAI[71451:21bb7e] [com.apple.CFBundle:resources] Resource lookup at CFBundle 0x600003b04700 </Users/shivi.agarwal/Library/Developer/CoreSimulator/Devices/AC7E343F-585F-430E-B17D-BDD649803605/data/Containers/Bundle/Application/AD33C3F3-69F6-4E76-8701-44660F53F11C/NayaVedAI.app> (executable, loaded)
	Request       : InfoPlist type: strings
	Result        : None
2026-01-28 16:31:22.665 Db NayaVedAI[71451:2199c2] [com.apple.defaults:User Defaults] looked up value 1 for key RCTI18nUtil_makeRTLFlipLeftAndRightStyles in CFPrefsPlistSource<0x600002c0c080> (Domain: com.nayaved.app, User: kCFPreferencesCurrentUser, ByHost: No, Container: (null), Contents Need Refresh: No) via CFPrefsSearchListSource<0x600002c04180> (Domain: com.nayaved.app, Container: (null) Non-launch persona: 0)
2026-01-28 16:31:22.665 Db NayaVedAI[71451:21bb7e] [com.apple.CFBundle:resources] Resource lookup at CFBundle 0x600003b04700 </Users/shivi.agarwal/Library/Developer/CoreSimulator/Devices/AC7E343F-585F-430E-B17D-BDD649803605/data/Containers/Bundle/Application/AD33C3F3-69F6-4E76-8701-44660F53F11C/NayaVedAI.app> (executable, loaded)
	Request       : InfoPlist type: stringsdict
	Result        : None
2026-01-28 16:31:22.665 Db NayaVedAI[71451:2199c2] [com.apple.defaults:User Defaults] looked up value 1 for key RCTI18nUtil_makeRTLFlipLeftAndRightStyles in CFPrefsPlistSource<0x600002c0c080> (Domain: com.nayaved.app, User: kCFPreferencesCurrentUser, ByHost: No, Container: (null), Contents Need Refresh: No) via CFPrefsSearchListSource<0x600002c04180> (Domain: com.nayaved.app, Container: (null) Non-launch persona: 0)
2026-01-28 16:31:22.665 Db NayaVedAI[71451:21bb7e] [com.apple.networkextension:] ne_tracker_check_is_hostname_blocked(): hostname localhost is not a tracker. Returning: ne_tracker_status_none
2026-01-28 16:31:22.665 I  NayaVedAI[71451:21bb7e] [com.apple.network:connection] nw_resolver_create_dns_service_locked [C78.1] Starting host resolution Hostname#a19a2c0f:8081, flags 0xc000d000 proto 0
2026-01-28 16:31:22.665 Df NayaVedAI[71451:21bb7e] [com.apple.CFNetwork:Default] Task <6277C4D5-F255-4D37-B56A-C864670A2DE5>.<2> setting up Connection 78
2026-01-28 16:31:22.665 Db NayaVedAI[71451:21bb7e] [com.apple.network:activity] Returning should log: 0 for activity cfnetwork:foreground_task
2026-01-28 16:31:22.665 Df NayaVedAI[71451:21bb7e] [com.apple.CFNetwork:Default] Task <7F206844-6418-497B-8775-DA088BB31026>.<1> received response, status 200 content K
2026-01-28 16:31:22.665 Db NayaVedAI[71451:21bb7e] [com.apple.network:connection] nw_connection_modify_estimated_bytes_block_invoke [C77] Incremented estimated bytes to receive by 187, total now 187
2026-01-28 16:31:22.665 Db NayaVedAI[71451:21bb7e] [com.apple.network:connection] nw_connection_modify_estimated_bytes_block_invoke [C77] Using lower threshold 12582912, upper threshold 31457280
2026-01-28 16:31:22.665 Df NayaVedAI[71451:21bb7e] [com.apple.CFNetwork:Default] Task <7F206844-6418-497B-8775-DA088BB31026>.<1> response ended
2026-01-28 16:31:22.666 Df NayaVedAI[71451:21bb7e] [com.apple.CFNetwork:Default] Task <7F206844-6418-497B-8775-DA088BB31026>.<1> done using Connection 77
2026-01-28 16:31:22.666 Db NayaVedAI[71451:21bb7e] [com.apple.network:activity] Returning should log: 0 for activity cfnetwork:foreground_task
2026-01-28 16:31:22.666 Db NayaVedAI[71451:21bb7e] [com.apple.CFNetwork:Default] Connection 77: set is idle true
2026-01-28 16:31:22.666 Df NayaVedAI[71451:21bb7e] [com.apple.network:connection] [C77] event: client:connection_idle @0.011s
2026-01-28 16:31:22.666 I  NayaVedAI[71451:21bb7e] [com.apple.network:connection] nw_endpoint_handler_report_connection_idle [C77 IPv6#e1664cbf.8081 ready parent-flow (satisfied (Path is satisfied), interface: en0[802.11], uses wifi, LQM: unknown)] Reporting connection idle to protocols
2026-01-28 16:31:22.666 I  NayaVedAI[71451:21bb7e] [com.apple.network:connection] nw_flow_passthrough_notify [C77.1.1 IPv6#e1664cbf.8081 ready socket-flow (satisfied (Path is satisfied), interface: lo0)] received notification connection_idle
2026-01-28 16:31:22.666 Df NayaVedAI[71451:21b670] [com.apple.CFNetwork:Summary] Task <7F206844-6418-497B-8775-DA088BB31026>.<1> summary for task success {transaction_duration_ms=11, response_status=200, connection=77, protocol="http/1.1", domain_lookup_duration_ms=1, connect_duration_ms=1, secure_connection_duration_ms=0, private_relay=false, request_start_ms=6, request_duration_ms=0, response_start_ms=11, response_duration_ms=0, request_bytes=370, request_throughput_kbps=39475, response_bytes=498, response_throughput_kbps=13878, cache_hit=false}
2026-01-28 16:31:22.666 Df NayaVedAI[71451:21bb7e] [com.apple.network:connection] nw_protocol_socket_notify [C77.1.1:2] nw_protocol_notification_type_connection_idle is true
2026-01-28 16:31:22.666 Df NayaVedAI[71451:21b670] [com.apple.CFNetwork:Default] Task <7F206844-6418-497B-8775-DA088BB31026>.<1> finished successfully
2026-01-28 16:31:22.666 Db NayaVedAI[71451:21bb7e] [com.apple.CFNetwork:Default] Connection 77: set is idle true
2026-01-28 16:31:22.666 Db NayaVedAI[71451:21b670] [com.apple.network:activity] Returning should log: 0 for activity cfnetwork:foreground_task
2026-01-28 16:31:22.666 Df NayaVedAI[71451:21bb7e] [com.apple.network:connection] [C77] event: client:connection_idle @0.011s
2026-01-28 16:31:22.666 I  NayaVedAI[71451:21bb7e] [com.apple.network:connection] nw_endpoint_handler_report_connection_idle [C77 IPv6#e1664cbf.8081 ready parent-flow (satisfied (Path is satisfied), interface: en0[802.11], uses wifi, LQM: unknown)] Reporting connection idle to protocols
2026-01-28 16:31:22.666 Db NayaVedAI[71451:21b670] [com.apple.network:activity] Returning should log: 0 for activity cfnetwork:foreground_task
2026-01-28 16:31:22.666 I  NayaVedAI[71451:21bb7e] [com.apple.network:connection] nw_flow_passthrough_notify [C77.1.1 IPv6#e1664cbf.8081 ready socket-flow (satisfied (Path is satisfied), interface: lo0)] received notification connection_idle
2026-01-28 16:31:22.666 Df NayaVedAI[71451:21bb7e] [com.apple.network:connection] nw_protocol_socket_notify [C77.1.1:2] nw_protocol_notification_type_connection_idle is true
2026-01-28 16:31:22.666 Db NayaVedAI[71451:21b670] [com.apple.network:activity] No threshold for cfnetwork:foreground_task, returning NW_ACTIVITY_DURATION_INVALID
2026-01-28 16:31:22.666 I  NayaVedAI[71451:21bb7e] [com.apple.network:connection] nw_resolver_host_resolve_callback [C78.1] flags=0x40000003 ifindex=4294967295 error=NoError(0) hostname=localhost. addr=IPv6#4f2c3092 ttl=1
2026-01-28 16:31:22.666 Db NayaVedAI[71451:21b670] [com.apple.network:activity] No threshold for activity <nw_activity 12:2 [7BAE2AE2-8BFF-4E5B-A944-7CFC70F095F2] (reporting strategy default) complete (reason success)>
2026-01-28 16:31:22.666 I  NayaVedAI[71451:21bb7e] [com.apple.network:connection] nw_resolver_host_resolve_callback [C78.1] flags=0x40000002 ifindex=4294967295 error=NoError(0) hostname=localhost. addr=IPv4#8deebaa3 ttl=1
2026-01-28 16:31:22.666 Db NayaVedAI[71451:21bb7e] [com.apple.network:] sa_dst_compare_rfc6724 Rule 6, prefer d2, d2 precedence 50 > d1 precedence 35
2026-01-28 16:31:22.666 Db NayaVedAI[71451:21bb7e] [com.apple.network:] sa_dst_compare_internal <private>@0 < <private>@0
2026-01-28 16:31:22.666 I  NayaVedAI[71451:21bb7e] [com.apple.network:connection] nw_resolver_create_prefer_connected_variant [C78.1] Prefer Connected: IPv6#e1664cbf.8081 is already the first endpoint
2026-01-28 16:31:22.666 Db NayaVedAI[71451:21bb7e] [com.apple.network:connection] nw_endpoint_resolver_update [C78.1 Hostname#a19a2c0f:8081 in_progress resolver (satisfied (Path is satisfied), interface: en0[802.11], uses wifi, LQM: unknown)] resolver is complete
2026-01-28 16:31:22.667 Df NayaVedAI[71451:21bb7e] [com.apple.network:connection] nw_endpoint_resolver_update [C78.1 Hostname#a19a2c0f:8081 in_progress resolver (satisfied (Path is satisfied), interface: en0[802.11], uses wifi, LQM: unknown)] Adding endpoint handler for IPv6#e1664cbf.8081
2026-01-28 16:31:22.667 Df NayaVedAI[71451:21bb7e] [com.apple.network:connection] nw_endpoint_resolver_update [C78.1 Hostname#a19a2c0f:8081 in_progress resolver (satisfied (Path is satisfied), interface: en0[802.11], uses wifi, LQM: unknown)] Adding endpoint handler for IPv4#43158804:8081
2026-01-28 16:31:22.667 Db NayaVedAI[71451:21bb7e] [com.apple.network:connection] nw_endpoint_resolver_update [C78.1 Hostname#a19a2c0f:8081 in_progress resolver (satisfied (Path is satisfied), interface: en0[802.11], uses wifi, LQM: unknown)] Updated endpoint list is (IPv6#e1664cbf.8081,IPv4#43158804:8081)
2026-01-28 16:31:22.667 Db NayaVedAI[71451:21bb7e] [com.apple.network:connection] nw_endpoint_flow_receive_report [C78 Hostname#a19a2c0f:8081 in_progress parent-flow (satisfied (Path is satisfied), interface: en0[802.11], uses wifi, LQM: unknown)] received child report: [C78.1 Hostname#a19a2c0f:8081 in_progress resolver (satisfied (Path is satisfied), interface: en0[802.11], uses wifi, LQM: unknown)]
2026-01-28 16:31:22.667 Df NayaVedAI[71451:21bb7e] [com.apple.network:connection] [C78.1 Hostname#a19a2c0f:8081 in_progress resolver (satisfied (Path is satisfied), interface: en0[802.11], uses wifi, LQM: unknown)] event: resolver:receive_dns @0.004s
2026-01-28 16:31:22.667 I  NayaVedAI[71451:21bb7e] [com.apple.network:connection] nw_endpoint_resolver_start_next_child [C78.1 Hostname#a19a2c0f:8081 in_progress resolver (satisfied (Path is satisfied), interface: en0[802.11], uses wifi, LQM: unknown)] starting child endpoint IPv6#e1664cbf.8081
2026-01-28 16:31:22.667 I  NayaVedAI[71451:21bb7e] [com.apple.network:connection] nw_endpoint_handler_start [C78.1.1 IPv6#e1664cbf.8081 initial path ((null))]
2026-01-28 16:31:22.667 Db NayaVedAI[71451:21bb7e] [com.apple.network:connection] nw_endpoint_resolver_receive_report [C78.1 Hostname#a19a2c0f:8081 in_progress resolver (satisfied (Path is satisfied), interface: en0[802.11], uses wifi, LQM: unknown)] received child report: [C78.1.1 IPv6#e1664cbf.8081 initial path ((null))]
2026-01-28 16:31:22.667 Db NayaVedAI[71451:21bb7e] [com.apple.network:connection] nw_endpoint_flow_receive_report [C78 Hostname#a19a2c0f:8081 in_progress parent-flow (satisfied (Path is satisfied), interface: en0[802.11], uses wifi, LQM: unknown)] received child report: [C78.1.1 IPv6#e1664cbf.8081 initial path ((null))]
2026-01-28 16:31:22.667 Df NayaVedAI[71451:21bb7e] [com.apple.network:connection] [C78.1.1 IPv6#e1664cbf.8081 initial path ((null))] event: path:start @0.004s
2026-01-28 16:31:22.667 Db NayaVedAI[71451:21bb7e] [com.apple.network:connection] nw_endpoint_handler_path_change [C78.1.1 IPv6#e1664cbf.8081 waiting path (satisfied (Path is satisfied), interface: lo0)]
2026-01-28 16:31:22.667 Db NayaVedAI[71451:21bb7e] [com.apple.network:connection] nw_endpoint_resolver_receive_report [C78.1 Hostname#a19a2c0f:8081 in_progress resolver (satisfied (Path is satisfied), interface: en0[802.11], uses wifi, LQM: unknown)] received child report: [C78.1.1 IPv6#e1664cbf.8081 waiting path (satisfied (Path is satisfied), interface: lo0)]
2026-01-28 16:31:22.667 Db NayaVedAI[71451:21bb7e] [com.apple.network:connection] nw_endpoint_flow_receive_report [C78 Hostname#a19a2c0f:8081 in_progress parent-flow (satisfied (Path is satisfied), interface: en0[802.11], uses wifi, LQM: unknown)] received child report: [C78.1.1 IPv6#e1664cbf.8081 waiting path (satisfied (Path is satisfied), interface: lo0)]
2026-01-28 16:31:22.667 Df NayaVedAI[71451:21bb7e] [com.apple.network:connection] [C78.1.1 IPv6#e1664cbf.8081 waiting path (satisfied (Path is satisfied), interface: lo0)] event: path:satisfied @0.004s, uuid: B4BC7247-2B34-4B2D-B74E-F9C9E45F88DE
2026-01-28 16:31:22.667 Db NayaVedAI[71451:21bb7e] [com.apple.network:] nw_endpoint_proxy_handler_should_use_proxy Looking up proxy for hostname: <nil>, ifindex: 0
2026-01-28 16:31:22.667 Db NayaVedAI[71451:21bb7e] [com.apple.SystemConfiguration:SCPreferences] create <SCPreferences 0x108862e20 [0x1e578fa80]> {name = SCDynamicStoreCopyProxiesWithOptions, id = /Library/Managed Preferences/mobile/com.apple.SystemConfiguration.plist, path = /Library/Managed Preferences/mobile/com.apple.SystemConfiguration.plist}
2026-01-28 16:31:22.667 Db NayaVedAI[71451:21bb7e] [com.apple.SystemConfiguration:SCPreferences] SCPreferences() access: /Library/Managed Preferences/mobile/com.apple.SystemConfiguration.plist, size=0
2026-01-28 16:31:22.667 Db NayaVedAI[71451:21bb7e] [com.apple.SystemConfiguration:SCPreferences] release <SCPreferences 0x108862e20 [0x1e578fa80]> {name = SCDynamicStoreCopyProxiesWithOptions, id = /Library/Managed Preferences/mobile/com.apple.SystemConfiguration.plist, path = /Library/Managed Preferences/mobile/com.apple.SystemConfiguration.plist, accessed}
2026-01-28 16:31:22.667 I  NayaVedAI[71451:21bb7e] [com.apple.network:connection] nw_association_create_flow <nw_association IPv6#e1664cbf.8081> Added association flow ID 8B693471-E3D8-4C0E-80BD-54B012D740CE
2026-01-28 16:31:22.668 I  NayaVedAI[71451:21bb7e] [com.apple.network:connection] nw_endpoint_flow_setup_protocols [C78.1.1 IPv6#e1664cbf.8081 in_progress socket-flow (satisfied (Path is satisfied), interface: lo0)] setup flow id 8B693471-E3D8-4C0E-80BD-54B012D740CE
2026-01-28 16:31:22.668 Db NayaVedAI[71451:21bb7e] [com.apple.network:connection] nw_endpoint_flow_attach_protocols [C78.1.1 IPv6#e1664cbf.8081 in_progress socket-flow (satisfied (Path is satisfied), interface: lo0)]
2026-01-28 16:31:22.668 Db NayaVedAI[71451:21bb7e] [com.apple.network:connection] nw_endpoint_flow_attach_protocols_block_invoke [C78.1.1 IPv6#e1664cbf.8081 in_progress socket-flow (satisfied (Path is satisfied), interface: lo0)] Attached application protocol: CFNetworkConnection-3282745862
2026-01-28 16:31:22.668 Db NayaVedAI[71451:21bb7e] [com.apple.network:] nw_fd_wrapper_create Created <fd_wrapper 25, guarded: false>
2026-01-28 16:31:22.668 Db NayaVedAI[71451:21bb7e] [com.apple.network:connection] nw_endpoint_flow_attach_protocols [C78.1.1 IPv6#e1664cbf.8081 in_progress socket-flow (satisfied (Path is satisfied), interface: lo0)] Attached socket protocol
2026-01-28 16:31:22.668 Db NayaVedAI[71451:21bb7e] [com.apple.network:connection] nw_endpoint_flow_setup_protocols [C78.1.1 IPv6#e1664cbf.8081 in_progress socket-flow (satisfied (Path is satisfied), interface: lo0)] leaf flow starting
2026-01-28 16:31:22.668 Db NayaVedAI[71451:21bb7e] [com.apple.network:connection] nw_endpoint_resolver_receive_report [C78.1 Hostname#a19a2c0f:8081 in_progress resolver (satisfied (Path is satisfied), interface: en0[802.11], uses wifi, LQM: unknown)] received child report: [C78.1.1 IPv6#e1664cbf.8081 in_progress socket-flow (satisfied (Path is satisfied), interface: lo0)]
