2026-01-28 16:14:50.553 Db NayaVedAI[63826:20fef9] [com.apple.network:connection] nw_endpoint_flow_receive_report [C185 IPv6#9530c712.8081 in_progress parent-flow (satisfied (Path is satisfied), interface: en0[802.11], uses wifi, LQM: unknown)] connecting endpoint_flow to child's shared protocol
2026-01-28 16:14:50.553 Db NayaVedAI[63826:20fef9] [com.apple.network:connection] nw_endpoint_flow_setup_protocols [C185 IPv6#9530c712.8081 in_progress parent-flow (satisfied (Path is satisfied), interface: en0[802.11], uses wifi, LQM: unknown)] already set up
2026-01-28 16:14:50.553 Db NayaVedAI[63826:20fef9] [com.apple.network:connection] nw_endpoint_flow_setup_protocols [C185 IPv6#9530c712.8081 in_progress parent-flow (satisfied (Path is satisfied), interface: en0[802.11], uses wifi, LQM: unknown)] child flow connected, starting
2026-01-28 16:14:50.553 Db NayaVedAI[63826:20fef9] [com.apple.network:connection] nw_endpoint_flow_setup_protocols [C185 IPv6#9530c712.8081 in_progress parent-flow (satisfied (Path is satisfied), interface: en0[802.11], uses wifi, LQM: unknown)] already started
2026-01-28 16:14:50.553 Db NayaVedAI[63826:20fef9] [com.apple.network:connection] nw_endpoint_flow_receive_report [C185 IPv6#9530c712.8081 in_progress parent-flow (satisfied (Path is satisfied), interface: en0[802.11], uses wifi, LQM: unknown)] received child report: [C185.1 Hostname#b33e072a:8081 ready resolver (satisfied (Path is satisfied), interface: en0[802.11], uses wifi, LQM: unknown)]
2026-01-28 16:14:50.553 Df NayaVedAI[63826:20fef9] [com.apple.network:connection] [C185.1 Hostname#b33e072a:8081 ready resolver (satisfied (Path is satisfied), interface: en0[802.11], uses wifi, LQM: unknown)] event: flow:child_finish_connect @0.006s
2026-01-28 16:14:50.554 I  NayaVedAI[63826:20fef9] [com.apple.network:connection] nw_endpoint_handler_cancel [C185.1.2 IPv4#eafe643d:8081 initial path ((null))]
2026-01-28 16:14:50.554 Df NayaVedAI[63826:20fef9] [com.apple.network:connection] nw_flow_connected [C185 IPv6#9530c712.8081 in_progress parent-flow (satisfied (Path is satisfied), interface: en0[802.11], uses wifi, LQM: unknown)] Output protocol connected (endpoint_flow)
2026-01-28 16:14:50.554 Db NayaVedAI[63826:20fef9] [com.apple.network:connection] nw_endpoint_flow_connected_path_change [C185 IPv6#9530c712.8081 ready parent-flow (satisfied (Path is satisfied), interface: en0[802.11], uses wifi, LQM: unknown)]
2026-01-28 16:14:50.554 I  NayaVedAI[63826:20fef9] [com.apple.network:connection] nw_endpoint_flow_connected_path_change [C185 IPv6#9530c712.8081 ready parent-flow (satisfied (Path is satisfied), interface: en0[802.11], uses wifi, LQM: unknown)] Connected path is satisfied, child is not viable
2026-01-28 16:14:50.554 Df NayaVedAI[63826:20fef9] [com.apple.network:connection] [C185 IPv6#9530c712.8081 ready parent-flow (satisfied (Path is satisfied), interface: en0[802.11], uses wifi, LQM: unknown)] event: flow:finish_connect @0.006s
2026-01-28 16:14:50.554 Db NayaVedAI[63826:20fef9] [com.apple.network:connection] nw_connection_run_pqtls_probe_locked_on_nw_queue [C185] No TLS metadata; not running PQ-TLS probe
2026-01-28 16:14:50.554 Db NayaVedAI[63826:20fef9] [com.apple.network:connection] nw_connection_run_ech_probe_locked_on_nw_queue [C185] stack doesn't include TLS; not running ECH probe
2026-01-28 16:14:50.554 Db NayaVedAI[63826:20fef9] [com.apple.network:connection] nw_connection_endpoint_report_on_nw_queue_block_invoke [C185] Connected fallback generation 0
2026-01-28 16:14:50.554 I  NayaVedAI[63826:20fef9] [com.apple.network:connection] nw_connection_start_candidate_manager_if_needed_locked [C185] Checking whether to start candidate manager
2026-01-28 16:14:50.554 Db NayaVedAI[63826:20fef9] [com.apple.network:connection] nw_connection_start_candidate_manager_if_needed_locked [C185] Connection does not support multipath, not starting candidate manager
2026-01-28 16:14:50.554 Df NayaVedAI[63826:20fef9] [com.apple.network:connection] nw_connection_report_state_with_handler_on_nw_queue [C185] reporting state ready
2026-01-28 16:14:50.554 Df NayaVedAI[63826:20fef9] [com.apple.CFNetwork:Default] Connection 185: connected successfully
2026-01-28 16:14:50.554 Df NayaVedAI[63826:20fef9] [com.apple.CFNetwork:Default] Connection 185: ready C(N) E(N)
2026-01-28 16:14:50.554 Db NayaVedAI[63826:20fef9] [com.apple.CFNetwork:Default] Task <82E2CB5C-5EA7-41CA-BD6B-908C02C50E7E>.<2> done setting up Connection 185
2026-01-28 16:14:50.554 Db NayaVedAI[63826:20fef9] [com.apple.network:activity] Returning should log: 0 for activity cfnetwork:foreground_task
2026-01-28 16:14:50.554 Df NayaVedAI[63826:20fef9] [com.apple.CFNetwork:Default] Task <82E2CB5C-5EA7-41CA-BD6B-908C02C50E7E>.<2> now using Connection 185
2026-01-28 16:14:50.554 Db NayaVedAI[63826:20fef9] [com.apple.network:activity] Returning should log: 0 for activity cfnetwork:foreground_task
2026-01-28 16:14:50.554 Db NayaVedAI[63826:20fef9] [com.apple.network:connection] nw_connection_modify_estimated_bytes_block_invoke [C185] Incremented estimated bytes to send by 12, total now 12
2026-01-28 16:14:50.554 Db NayaVedAI[63826:20fef9] [com.apple.network:connection] nw_connection_modify_estimated_bytes_block_invoke [C185] Using lower threshold 12582912, upper threshold 31457280
2026-01-28 16:14:50.554 Df NayaVedAI[63826:20fef8] [com.apple.CFNetwork:Default] Task <82E2CB5C-5EA7-41CA-BD6B-908C02C50E7E>.<2> sent request, body S 12
2026-01-28 16:14:50.554 Df NayaVedAI[63826:20fef9] [com.apple.CFNetwork:Default] Task <82E2CB5C-5EA7-41CA-BD6B-908C02C50E7E>.<2> received response, status 200 content K
2026-01-28 16:14:50.555 Db NayaVedAI[63826:20fef9] [com.apple.network:connection] nw_connection_modify_estimated_bytes_block_invoke [C185] Incremented estimated bytes to receive by 29, total now 29
2026-01-28 16:14:50.555 Db NayaVedAI[63826:20fef9] [com.apple.network:connection] nw_connection_modify_estimated_bytes_block_invoke [C185] Using lower threshold 12582912, upper threshold 31457280
2026-01-28 16:14:50.555 Df NayaVedAI[63826:20fef9] [com.apple.CFNetwork:Default] Task <82E2CB5C-5EA7-41CA-BD6B-908C02C50E7E>.<2> response ended
2026-01-28 16:14:50.555 Df NayaVedAI[63826:20fef9] [com.apple.CFNetwork:Default] Task <82E2CB5C-5EA7-41CA-BD6B-908C02C50E7E>.<2> done using Connection 185
2026-01-28 16:14:50.555 Db NayaVedAI[63826:20fef9] [com.apple.network:activity] Returning should log: 0 for activity cfnetwork:foreground_task
2026-01-28 16:14:50.555 Db NayaVedAI[63826:20fef9] [com.apple.CFNetwork:Default] Connection 185: set is idle true
2026-01-28 16:14:50.555 Df NayaVedAI[63826:20fef9] [com.apple.network:connection] [C185] event: client:connection_idle @0.007s
2026-01-28 16:14:50.555 Df NayaVedAI[63826:20fb26] [com.apple.CFNetwork:Summary] Task <82E2CB5C-5EA7-41CA-BD6B-908C02C50E7E>.<2> summary for task success {transaction_duration_ms=9, response_status=200, connection=185, protocol="http/1.1", domain_lookup_duration_ms=3, connect_duration_ms=2, secure_connection_duration_ms=0, private_relay=false, request_start_ms=8, request_duration_ms=0, response_start_ms=9, response_duration_ms=0, request_bytes=291, request_throughput_kbps=10730, response_bytes=314, response_throughput_kbps=16424, cache_hit=false}
2026-01-28 16:14:50.555 I  NayaVedAI[63826:20fef9] [com.apple.network:connection] nw_endpoint_handler_report_connection_idle [C185 IPv6#9530c712.8081 ready parent-flow (satisfied (Path is satisfied), interface: en0[802.11], uses wifi, LQM: unknown)] Reporting connection idle to protocols
2026-01-28 16:14:50.555 I  NayaVedAI[63826:20fef9] [com.apple.network:connection] nw_flow_passthrough_notify [C185.1.1 IPv6#9530c712.8081 ready socket-flow (satisfied (Path is satisfied), interface: lo0)] received notification connection_idle
2026-01-28 16:14:50.555 Df NayaVedAI[63826:20fb26] [com.apple.CFNetwork:Default] Task <82E2CB5C-5EA7-41CA-BD6B-908C02C50E7E>.<2> finished successfully
2026-01-28 16:14:50.555 Df NayaVedAI[63826:20fef9] [com.apple.network:connection] nw_protocol_socket_notify [C185.1.1:2] nw_protocol_notification_type_connection_idle is true
2026-01-28 16:14:50.555 Db NayaVedAI[63826:20fb26] [com.apple.network:activity] Returning should log: 0 for activity cfnetwork:foreground_task
2026-01-28 16:14:50.555 Db NayaVedAI[63826:20fef9] [com.apple.CFNetwork:Default] Connection 185: set is idle true
2026-01-28 16:14:50.555 Db NayaVedAI[63826:20fb26] [com.apple.network:activity] Returning should log: 0 for activity cfnetwork:foreground_task
2026-01-28 16:14:50.555 Df NayaVedAI[63826:20fef9] [com.apple.network:connection] [C185] event: client:connection_idle @0.007s
2026-01-28 16:14:50.555 Db NayaVedAI[63826:20fb26] [com.apple.network:activity] No threshold for cfnetwork:foreground_task, returning NW_ACTIVITY_DURATION_INVALID
2026-01-28 16:14:50.555 I  NayaVedAI[63826:20fef9] [com.apple.network:connection] nw_endpoint_handler_report_connection_idle [C185 IPv6#9530c712.8081 ready parent-flow (satisfied (Path is satisfied), interface: en0[802.11], uses wifi, LQM: unknown)] Reporting connection idle to protocols
2026-01-28 16:14:50.555 Db NayaVedAI[63826:20fb26] [com.apple.network:activity] No threshold for activity <nw_activity 12:2 [536EA569-2D8E-4AFF-BF58-55A852349DE4] (reporting strategy default) complete (reason success)>
2026-01-28 16:14:50.555 I  NayaVedAI[63826:20fef9] [com.apple.network:connection] nw_flow_passthrough_notify [C185.1.1 IPv6#9530c712.8081 ready socket-flow (satisfied (Path is satisfied), interface: lo0)] received notification connection_idle
2026-01-28 16:14:50.555 Df NayaVedAI[63826:20fef9] [com.apple.network:connection] nw_protocol_socket_notify [C185.1.1:2] nw_protocol_notification_type_connection_idle is true
2026-01-28 16:14:50.555 Df NayaVedAI[63826:20fef9] [com.apple.CFNetwork:Default] Task <A107232D-8F06-44EC-94C9-9A3749D81605>.<1> received response, status 200 content K
2026-01-28 16:14:50.555 Db NayaVedAI[63826:20fef9] [com.apple.network:connection] nw_connection_modify_estimated_bytes_block_invoke [C184] Incremented estimated bytes to receive by 187, total now 187
2026-01-28 16:14:50.555 Db NayaVedAI[63826:20fef9] [com.apple.network:connection] nw_connection_modify_estimated_bytes_block_invoke [C184] Using lower threshold 12582912, upper threshold 31457280
2026-01-28 16:14:50.555 Df NayaVedAI[63826:20fef9] [com.apple.CFNetwork:Default] Task <A107232D-8F06-44EC-94C9-9A3749D81605>.<1> response ended
2026-01-28 16:14:50.555 Df NayaVedAI[63826:20fef9] [com.apple.CFNetwork:Default] Task <A107232D-8F06-44EC-94C9-9A3749D81605>.<1> done using Connection 184
2026-01-28 16:14:50.555 Db NayaVedAI[63826:20fef9] [com.apple.network:activity] Returning should log: 0 for activity cfnetwork:foreground_task
2026-01-28 16:14:50.555 Db NayaVedAI[63826:20fef9] [com.apple.CFNetwork:Default] Connection 184: set is idle true
2026-01-28 16:14:50.555 Df NayaVedAI[63826:20fef9] [com.apple.network:connection] [C184] event: client:connection_idle @0.016s
2026-01-28 16:14:50.555 I  NayaVedAI[63826:20fef9] [com.apple.network:connection] nw_endpoint_handler_report_connection_idle [C184 IPv6#9530c712.8081 ready parent-flow (satisfied (Path is satisfied), interface: en0[802.11], uses wifi, LQM: unknown)] Reporting connection idle to protocols
2026-01-28 16:14:50.555 Df NayaVedAI[63826:20fef8] [com.apple.CFNetwork:Summary] Task <A107232D-8F06-44EC-94C9-9A3749D81605>.<1> summary for task success {transaction_duration_ms=17, response_status=200, connection=184, protocol="http/1.1", domain_lookup_duration_ms=7, connect_duration_ms=2, secure_connection_duration_ms=0, private_relay=false, request_start_ms=15, request_duration_ms=0, response_start_ms=17, response_duration_ms=0, request_bytes=370, request_throughput_kbps=60414, response_bytes=498, response_throughput_kbps=26930, cache_hit=false}
2026-01-28 16:14:50.555 I  NayaVedAI[63826:20fef9] [com.apple.network:connection] nw_flow_passthrough_notify [C184.1.1 IPv6#9530c712.8081 ready socket-flow (satisfied (Path is satisfied), interface: lo0)] received notification connection_idle
2026-01-28 16:14:50.555 Df NayaVedAI[63826:20fef8] [com.apple.CFNetwork:Default] Task <A107232D-8F06-44EC-94C9-9A3749D81605>.<1> finished successfully
2026-01-28 16:14:50.555 Df NayaVedAI[63826:20fef9] [com.apple.network:connection] nw_protocol_socket_notify [C184.1.1:2] nw_protocol_notification_type_connection_idle is true
2026-01-28 16:14:50.555 Db NayaVedAI[63826:20fef8] [com.apple.network:activity] Returning should log: 0 for activity cfnetwork:foreground_task
2026-01-28 16:14:50.555 Db NayaVedAI[63826:20fef8] [com.apple.network:activity] Returning should log: 0 for activity cfnetwork:foreground_task
2026-01-28 16:14:50.555 Db NayaVedAI[63826:20fef9] [com.apple.CFNetwork:Default] Connection 184: set is idle true
2026-01-28 16:14:50.555 Db NayaVedAI[63826:20fef8] [com.apple.network:activity] No threshold for cfnetwork:foreground_task, returning NW_ACTIVITY_DURATION_INVALID
2026-01-28 16:14:50.555 Df NayaVedAI[63826:20fef9] [com.apple.network:connection] [C184] event: client:connection_idle @0.017s
2026-01-28 16:14:50.555 Db NayaVedAI[63826:20fef8] [com.apple.network:activity] No threshold for activity <nw_activity 12:2 [A2DD4693-266B-4938-917E-04499636FF2C] (reporting strategy default) complete (reason success)>
2026-01-28 16:14:50.555 I  NayaVedAI[63826:20fef9] [com.apple.network:connection] nw_endpoint_handler_report_connection_idle [C184 IPv6#9530c712.8081 ready parent-flow (satisfied (Path is satisfied), interface: en0[802.11], uses wifi, LQM: unknown)] Reporting connection idle to protocols
2026-01-28 16:14:50.556 I  NayaVedAI[63826:20fef9] [com.apple.network:connection] nw_flow_passthrough_notify [C184.1.1 IPv6#9530c712.8081 ready socket-flow (satisfied (Path is satisfied), interface: lo0)] received notification connection_idle
2026-01-28 16:14:50.556 Df NayaVedAI[63826:20fef9] [com.apple.network:connection] nw_protocol_socket_notify [C184.1.1:2] nw_protocol_notification_type_connection_idle is true
2026-01-28 16:14:50.558 I  NayaVedAI[63826:21027f] [com.wix.DetoxSync:DTXJSTimerSyncResource] [DTXJSTimerSyncResource] Observing timer 2 with duration 0.00 ms
2026-01-28 16:14:50.672 I  NayaVedAI[63826:20fabf] [com.apple.Accessibility:AXRuntimeNotifications] Attempting to send notification:  (1001) <private>
2026-01-28 16:14:50.672 I  NayaVedAI[63826:20fabf] [com.apple.Accessibility:AXRuntimeNotifications] Did post notification. notification:  (1001) error:0 data:<private>
2026-01-28 16:14:50.764 I  NayaVedAI[63826:20fabf] [com.apple.Accessibility:AXRuntimeNotifications] Attempting to send notification:  (1001) <private>
2026-01-28 16:14:50.764 I  NayaVedAI[63826:20fabf] [com.apple.Accessibility:AXRuntimeNotifications] Did post notification. notification:  (1001) error:0 data:<private>
2026-01-28 16:14:50.947 I  NayaVedAI[63826:20fabf] [com.apple.Accessibility:AXRuntimeNotifications] Attempting to send notification:  (1000) <private>
2026-01-28 16:14:50.948 I  NayaVedAI[63826:20fabf] [com.apple.Accessibility:AXRuntimeNotifications] Attempting to send notification:  (1000) <private>
2026-01-28 16:14:50.948 I  NayaVedAI[63826:20fabf] [com.apple.Accessibility:AXRuntimeNotifications] Did post notification. notification:  (1000) error:0 data:<private>
2026-01-28 16:14:52.153 I  NayaVedAI[63826:21027f] [com.wix.DetoxSync:DTXJSTimerSyncResource] [DTXJSTimerSyncResource] Timer 2 timed out after 1594.76 ms
2026-01-28 16:14:52.165 I  NayaVedAI[63826:20fabf] [com.wix.Detox:WebSocket] Action received: invoke
2026-01-28 16:14:52.170 Db NayaVedAI[63826:20fabf] [com.apple.CFBundle:strings] Bundle: CFBundle 0x600003b00000 </Library/Developer/CoreSimulator/Volumes/iOS_23C54/Library/Developer/CoreSimulator/Profiles/Runtimes/iOS 26.2.simruntime/Contents/Resources/RuntimeRoot/System/Library/AccessibilityBundles/UIKit.axbundle> (framework, loaded), key: scroll.bar.vertical, value: , table: Accessibility, localizationNames: (null), result: Vertical scroll bar
2026-01-28 16:14:52.170 Db NayaVedAI[63826:20fabf] [com.apple.CFBundle:strings] Bundle: CFBundle 0x600003b00000 </Library/Developer/CoreSimulator/Volumes/iOS_23C54/Library/Developer/CoreSimulator/Profiles/Runtimes/iOS 26.2.simruntime/Contents/Resources/RuntimeRoot/System/Library/AccessibilityBundles/UIKit.axbundle> (framework, loaded), key: page.count, value: , table: Accessibility, localizationNames: (null), result: %#@pages@
2026-01-28 16:14:52.170 Db NayaVedAI[63826:20fabf] [com.apple.CFBundle:strings] Bundle: CFBundle 0x600003b00000 </Library/Developer/CoreSimulator/Volumes/iOS_23C54/Library/Developer/CoreSimulator/Profiles/Runtimes/iOS 26.2.simruntime/Contents/Resources/RuntimeRoot/System/Library/AccessibilityBundles/UIKit.axbundle> (framework, loaded), key: scroll.bar.vertical, value: , table: Accessibility, localizationNames: (null), result: Vertical scroll bar
2026-01-28 16:14:52.170 Db NayaVedAI[63826:20fabf] [com.apple.CFBundle:strings] Bundle: CFBundle 0x600003b00000 </Library/Developer/CoreSimulator/Volumes/iOS_23C54/Library/Developer/CoreSimulator/Profiles/Runtimes/iOS 26.2.simruntime/Contents/Resources/RuntimeRoot/System/Library/AccessibilityBundles/UIKit.axbundle> (framework, loaded), key: page.count, value: , table: Accessibility, localizationNames: (null), result: %#@pages@
2026-01-28 16:14:52.171 Db NayaVedAI[63826:20fabf] [com.apple.CFBundle:strings] Bundle: CFBundle 0x600003b00000 </Library/Developer/CoreSimulator/Volumes/iOS_23C54/Library/Developer/CoreSimulator/Profiles/Runtimes/iOS 26.2.simruntime/Contents/Resources/RuntimeRoot/System/Library/AccessibilityBundles/UIKit.axbundle> (framework, loaded), key: scroll.bar.horizontal, value: , table: Accessibility, localizationNames: (null), result: Horizontal scroll bar
2026-01-28 16:14:52.171 Db NayaVedAI[63826:20fabf] [com.apple.CFBundle:strings] Bundle: CFBundle 0x600003b00000 </Library/Developer/CoreSimulator/Volumes/iOS_23C54/Library/Developer/CoreSimulator/Profiles/Runtimes/iOS 26.2.simruntime/Contents/Resources/RuntimeRoot/System/Library/AccessibilityBundles/UIKit.axbundle> (framework, loaded), key: page.count, value: , table: Accessibility, localizationNames: (null), result: %#@pages@
2026-01-28 16:14:52.171 Db NayaVedAI[63826:20fabf] [com.apple.CFBundle:strings] Bundle: CFBundle 0x600003b00000 </Library/Developer/CoreSimulator/Volumes/iOS_23C54/Library/Developer/CoreSimulator/Profiles/Runtimes/iOS 26.2.simruntime/Contents/Resources/RuntimeRoot/System/Library/AccessibilityBundles/UIKit.axbundle> (framework, loaded), key: scroll.bar.horizontal, value: , table: Accessibility, localizationNames: (null), result: Horizontal scroll bar
2026-01-28 16:14:52.171 Db NayaVedAI[63826:20fabf] [com.apple.CFBundle:strings] Bundle: CFBundle 0x600003b00000 </Library/Developer/CoreSimulator/Volumes/iOS_23C54/Library/Developer/CoreSimulator/Profiles/Runtimes/iOS 26.2.simruntime/Contents/Resources/RuntimeRoot/System/Library/AccessibilityBundles/UIKit.axbundle> (framework, loaded), key: page.count, value: , table: Accessibility, localizationNames: (null), result: %#@pages@
2026-01-28 16:14:52.172 Db NayaVedAI[63826:20fabf] [com.apple.defaults:User Defaults] looked up value YES for key detoxDisableHierarchyDump in CFPrefsSource<0x600001700240> (Domain: Volatile, User: , ByHost: No, Container: , Contents Need Refresh: No) via CFPrefsSearchListSource<0x600002c00200> (Domain: com.nayaved.app, Container: (null) Non-launch persona: 0)
2026-01-28 16:14:52.172 Db NayaVedAI[63826:20fabf] [com.apple.defaults:User Defaults] looked up value YES for key detoxDebugVisibility in CFPrefsSource<0x600001700240> (Domain: Volatile, User: , ByHost: No, Container: , Contents Need Refresh: No) via CFPrefsSearchListSource<0x600002c00200> (Domain: com.nayaved.app, Container: (null) Non-launch persona: 0)

