2026-01-28 16:31:40.991 Db NayaVedAI[71451:21bed2] [com.apple.network:connection] -[NWConcrete_nw_endpoint_resolver startWithHandler:] [C84.1 Hostname#a19a2c0f:8081 waiting resolver (satisfied (Path is satisfied), interface: en0[802.11], uses wifi, LQM: unknown)]
2026-01-28 16:31:40.991 Db NayaVedAI[71451:21bed2] [com.apple.network:connection] nw_endpoint_flow_receive_report [C84 Hostname#a19a2c0f:8081 in_progress parent-flow (satisfied (Path is satisfied), interface: en0[802.11], uses wifi, LQM: unknown)] received child report: [C84.1 Hostname#a19a2c0f:8081 in_progress resolver (satisfied (Path is satisfied), interface: en0[802.11], uses wifi, LQM: unknown)]
2026-01-28 16:31:40.991 Df NayaVedAI[71451:21bed2] [com.apple.network:connection] [C84.1 Hostname#a19a2c0f:8081 in_progress resolver (satisfied (Path is satisfied), interface: en0[802.11], uses wifi, LQM: unknown)] event: resolver:start_dns @0.001s
2026-01-28 16:31:40.996 Df NayaVedAI[71451:21bba8] [com.apple.CFNetwork:Default] Task <EDED8AEA-9494-419E-9A7E-74FD59469349>.<2> resuming, timeouts(0.0, 604800.0) qos(0x19) voucher((null)) activity(00000000-0000-0000-0000-000000000000)
2026-01-28 16:31:40.996 Db NayaVedAI[71451:21bba8] [com.apple.network:activity] Returning should log: 0 for activity cfnetwork:foreground_task
2026-01-28 16:31:40.996 Db NayaVedAI[71451:21bba8] [com.apple.network:activity] Domain cfnetwork rate configured in registry as 1 / 20000
2026-01-28 16:31:40.996 Db NayaVedAI[71451:21bba8] [com.apple.network:activity] Domain cfnetwork rate configured after remote default override as 1 / 20000
2026-01-28 16:31:40.996 Db NayaVedAI[71451:21bba8] [com.apple.network:activity] After reading settings plist, domain cfnetwork rate configured as 1 / 2000000
2026-01-28 16:31:40.996 Db NayaVedAI[71451:21bba8] [com.apple.network:activity] After settings override, domain cfnetwork rate configured as 1 / 2000000
2026-01-28 16:31:40.996 Db NayaVedAI[71451:21bba8] [com.apple.network:activity] Final domain cfnetwork rate configured as 1 / 2000000
2026-01-28 16:31:40.996 Db NayaVedAI[71451:21bba8] [com.apple.network:activity] <nw_activity 12:2 [No UUID] (reporting strategy default)> sampled at 1 / 2000000
2026-01-28 16:31:40.996 Db NayaVedAI[71451:21bba8] [com.apple.network:activity] Returning should log: 0 for activity cfnetwork:foreground_task
2026-01-28 16:31:40.996 Db NayaVedAI[71451:21bba8] [com.apple.network:activity] Returning should log: 0 for activity cfnetwork:foreground_task
2026-01-28 16:31:40.996 Db NayaVedAI[71451:21bba8] [com.apple.CFNetwork:Default] [Telemetry]: Activity <nw_activity 12:2 [7A3AB59E-5144-4530-8EA8-4A8E9282DADB] (reporting strategy default)> on Task <EDED8AEA-9494-419E-9A7E-74FD59469349>.<2> was not selected for reporting
2026-01-28 16:31:40.997 Db NayaVedAI[71451:21bed2] [com.apple.networkextension:] ne_tracker_check_is_hostname_blocked() proceeding with the in_the_app check for hostname: localhost
2026-01-28 16:31:40.997 Db NayaVedAI[71451:21bed2] [com.apple.CFBundle:resources] Resource lookup at CFBundle 0x600003b04700 </Users/shivi.agarwal/Library/Developer/CoreSimulator/Devices/AC7E343F-585F-430E-B17D-BDD649803605/data/Containers/Bundle/Application/AD33C3F3-69F6-4E76-8701-44660F53F11C/NayaVedAI.app> (executable, loaded)
	Request       : InfoPlist type: strings
	Result        : None
2026-01-28 16:31:40.997 Db NayaVedAI[71451:21bed2] [com.apple.CFBundle:resources] Resource lookup at CFBundle 0x600003b04700 </Users/shivi.agarwal/Library/Developer/CoreSimulator/Devices/AC7E343F-585F-430E-B17D-BDD649803605/data/Containers/Bundle/Application/AD33C3F3-69F6-4E76-8701-44660F53F11C/NayaVedAI.app> (executable, loaded)
	Request       : InfoPlist type: stringsdict
	Result        : None
2026-01-28 16:31:40.997 Db NayaVedAI[71451:21bed2] [com.apple.networkextension:] ne_tracker_check_is_hostname_blocked(): hostname localhost is not a tracker. Returning: ne_tracker_status_none
2026-01-28 16:31:40.998 I  NayaVedAI[71451:21bed2] [com.apple.network:connection] nw_resolver_create_dns_service_locked [C84.1] Starting host resolution Hostname#a19a2c0f:8081, flags 0xc000d000 proto 0
2026-01-28 16:31:40.998 Df NayaVedAI[71451:21bed2] [com.apple.CFNetwork:Default] Task <4497D738-7B86-48B8-9A99-C729511B8994>.<1> setting up Connection 84
2026-01-28 16:31:40.998 Db NayaVedAI[71451:21bed2] [com.apple.network:activity] Returning should log: 0 for activity cfnetwork:foreground_task
2026-01-28 16:31:40.998 Db NayaVedAI[71451:21bed2] [com.apple.CFNetwork:ATS] Uploading ATS exception ATSAllowsLocalNetworking
2026-01-28 16:31:40.998 A  NayaVedAI[71451:21bed1] (Security) SecTrustReportNetworkingAnalytics
2026-01-28 16:31:40.999 I  NayaVedAI[71451:21bed2] [com.apple.network:connection] nw_connection_create_with_id [C85] create connection to Hostname#a19a2c0f:8081
2026-01-28 16:31:40.999 Df NayaVedAI[71451:21bed2] [com.apple.CFNetwork:Default] Connection 85: starting, TC(0x0)
2026-01-28 16:31:40.999 Df NayaVedAI[71451:21bed2] [com.apple.network:connection] [C85 78267E26-4632-4A93-849D-58E02C9F68A0 Hostname#a19a2c0f:8081 tcp, url: http://localhost:8081/symbolicate, definite, attribution: developer, context: com.apple.CFNetwork.NSURLSession.{CD47B785-21F4-4671-BE7B-E3E5EA9BEFF0}{(null)}{Y}{2}{0x0} (private), proc: 63B02D91-D502-3FF5-9842-92830ECC12FF, delegated upid: 0] start
2026-01-28 16:31:40.999 I  NayaVedAI[71451:21bed2] [com.apple.network:connection] nw_endpoint_handler_start [C85 Hostname#a19a2c0f:8081 initial parent-flow ((null))]
2026-01-28 16:31:40.999 Df NayaVedAI[71451:21bed2] [com.apple.network:connection] [C85 Hostname#a19a2c0f:8081 initial parent-flow ((null))] event: path:start @0.000s
2026-01-28 16:31:40.999 Db NayaVedAI[71451:21bed2] [com.apple.network:connection] nw_endpoint_handler_path_change [C85 Hostname#a19a2c0f:8081 waiting parent-flow (satisfied (Path is satisfied), interface: en0[802.11], uses wifi, LQM: unknown)]
2026-01-28 16:31:40.999 Db NayaVedAI[71451:21bed2] [com.apple.networkextension:] ne_tracker_check_is_hostname_blocked() proceeding with the in_the_app check for hostname: localhost
2026-01-28 16:31:40.999 Db NayaVedAI[71451:21bed2] [com.apple.CFBundle:resources] Resource lookup at CFBundle 0x600003b04700 </Users/shivi.agarwal/Library/Developer/CoreSimulator/Devices/AC7E343F-585F-430E-B17D-BDD649803605/data/Containers/Bundle/Application/AD33C3F3-69F6-4E76-8701-44660F53F11C/NayaVedAI.app> (executable, loaded)
	Request       : InfoPlist type: strings
	Result        : None
2026-01-28 16:31:40.999 Db NayaVedAI[71451:21bed2] [com.apple.CFBundle:resources] Resource lookup at CFBundle 0x600003b04700 </Users/shivi.agarwal/Library/Developer/CoreSimulator/Devices/AC7E343F-585F-430E-B17D-BDD649803605/data/Containers/Bundle/Application/AD33C3F3-69F6-4E76-8701-44660F53F11C/NayaVedAI.app> (executable, loaded)
	Request       : InfoPlist type: stringsdict
	Result        : None
2026-01-28 16:31:40.999 Db NayaVedAI[71451:21bed2] [com.apple.networkextension:] ne_tracker_check_is_hostname_blocked(): hostname localhost is not a tracker. Returning: ne_tracker_status_none
2026-01-28 16:31:40.999 Db NayaVedAI[71451:2199c2] [com.apple.defaults:User Defaults] looked up value 1 for key RCTI18nUtil_makeRTLFlipLeftAndRightStyles in CFPrefsPlistSource<0x600002c0c080> (Domain: com.nayaved.app, User: kCFPreferencesCurrentUser, ByHost: No, Container: (null), Contents Need Refresh: No) via CFPrefsSearchListSource<0x600002c04180> (Domain: com.nayaved.app, Container: (null) Non-launch persona: 0)
2026-01-28 16:31:40.999 Df NayaVedAI[71451:21bed2] [com.apple.network:connection] [C85 Hostname#a19a2c0f:8081 waiting parent-flow (satisfied (Path is satisfied), interface: en0[802.11], uses wifi, LQM: unknown)] event: path:satisfied @0.000s, uuid: 3E9CDF24-6C89-41DF-847A-A1340F8AA272
2026-01-28 16:31:40.999 Db NayaVedAI[71451:2199c2] [com.apple.defaults:User Defaults] looked up value 1 for key RCTI18nUtil_makeRTLFlipLeftAndRightStyles in CFPrefsPlistSource<0x600002c0c080> (Domain: com.nayaved.app, User: kCFPreferencesCurrentUser, ByHost: No, Container: (null), Contents Need Refresh: No) via CFPrefsSearchListSource<0x600002c04180> (Domain: com.nayaved.app, Container: (null) Non-launch persona: 0)
2026-01-28 16:31:40.999 I  NayaVedAI[71451:21bed2] [com.apple.network:connection] nw_connection_endpoint_report_on_nw_queue_block_invoke [C85 Hostname#a19a2c0f:8081 waiting parent-flow (satisfied (Path is satisfied), interface: en0[802.11], uses wifi, LQM: unknown)] skipping state update
2026-01-28 16:31:40.999 Db NayaVedAI[71451:2199c2] [com.apple.defaults:User Defaults] looked up value 1 for key RCTI18nUtil_makeRTLFlipLeftAndRightStyles in CFPrefsPlistSource<0x600002c0c080> (Domain: com.nayaved.app, User: kCFPreferencesCurrentUser, ByHost: No, Container: (null), Contents Need Refresh: No) via CFPrefsSearchListSource<0x600002c04180> (Domain: com.nayaved.app, Container: (null) Non-launch persona: 0)
2026-01-28 16:31:40.999 Df NayaVedAI[71451:21bed1] [com.apple.securityd:SecError] SecTrustReportNetworkingAnalytics failed with error: -4
2026-01-28 16:31:40.999 Db NayaVedAI[71451:21bed2] [com.apple.network:] nw_endpoint_proxy_handler_should_use_proxy Looking up proxy for hostname: localhost, ifindex: 0
2026-01-28 16:31:40.999 Db NayaVedAI[71451:21bed2] [com.apple.SystemConfiguration:SCPreferences] create <SCPreferences 0x134b4a800 [0x1e578fa80]> {name = SCDynamicStoreCopyProxiesWithOptions, id = /Library/Managed Preferences/mobile/com.apple.SystemConfiguration.plist, path = /Library/Managed Preferences/mobile/com.apple.SystemConfiguration.plist}
2026-01-28 16:31:40.999 Db NayaVedAI[71451:21bed2] [com.apple.SystemConfiguration:SCPreferences] SCPreferences() access: /Library/Managed Preferences/mobile/com.apple.SystemConfiguration.plist, size=0
2026-01-28 16:31:40.999 Db NayaVedAI[71451:21bed2] [com.apple.SystemConfiguration:SCPreferences] release <SCPreferences 0x134b4a800 [0x1e578fa80]> {name = SCDynamicStoreCopyProxiesWithOptions, id = /Library/Managed Preferences/mobile/com.apple.SystemConfiguration.plist, path = /Library/Managed Preferences/mobile/com.apple.SystemConfiguration.plist, accessed}
2026-01-28 16:31:40.999 Db NayaVedAI[71451:21bed2] [com.apple.network:connection] nw_endpoint_flow_attach_protocols [C85 Hostname#a19a2c0f:8081 in_progress parent-flow (satisfied (Path is satisfied), interface: en0[802.11], uses wifi, LQM: unknown)]
2026-01-28 16:31:40.999 Db NayaVedAI[71451:21bed2] [com.apple.network:connection] nw_endpoint_flow_attach_protocols [C85 Hostname#a19a2c0f:8081 in_progress parent-flow (satisfied (Path is satisfied), interface: en0[802.11], uses wifi, LQM: unknown)] stopping after adding persistent application protocols
2026-01-28 16:31:40.999 Db NayaVedAI[71451:21bed2] [com.apple.network:connection] nw_endpoint_flow_setup_protocols [C85 Hostname#a19a2c0f:8081 in_progress parent-flow (satisfied (Path is satisfied), interface: en0[802.11], uses wifi, LQM: unknown)] persistent protocol stack, starting
2026-01-28 16:31:40.999 Df NayaVedAI[71451:21bed2] [com.apple.network:connection] [C85 Hostname#a19a2c0f:8081 in_progress parent-flow (satisfied (Path is satisfied), interface: en0[802.11], uses wifi, LQM: unknown)] event: flow:start_connect @0.000s
2026-01-28 16:31:40.999 Df NayaVedAI[71451:21bed2] [com.apple.network:connection] nw_connection_report_state_with_handler_on_nw_queue [C85] reporting state preparing
2026-01-28 16:31:40.999 I  NayaVedAI[71451:21bed2] [com.apple.network:connection] nw_endpoint_flow_connect [C85 Hostname#a19a2c0f:8081 in_progress parent-flow (satisfied (Path is satisfied), interface: en0[802.11], uses wifi, LQM: unknown)] connect bottom protocol
2026-01-28 16:31:40.999 Db NayaVedAI[71451:21bed2] [com.apple.network:connection] nw_endpoint_flow_start_child [C85 Hostname#a19a2c0f:8081 in_progress parent-flow (satisfied (Path is satisfied), interface: en0[802.11], uses wifi, LQM: unknown)] creating and starting child handler
2026-01-28 16:31:40.999 Db NayaVedAI[71451:21bed2] [com.apple.network:] nw_endpoint_proxy_handler_should_use_proxy Looking up proxy for hostname: localhost, ifindex: 0
2026-01-28 16:31:40.999 Db NayaVedAI[71451:21bed2] [com.apple.SystemConfiguration:SCPreferences] create <SCPreferences 0x137c0b600 [0x1e578fa80]> {name = SCDynamicStoreCopyProxiesWithOptions, id = /Library/Managed Preferences/mobile/com.apple.SystemConfiguration.plist, path = /Library/Managed Preferences/mobile/com.apple.SystemConfiguration.plist}
2026-01-28 16:31:40.999 Db NayaVedAI[71451:21bed2] [com.apple.SystemConfiguration:SCPreferences] SCPreferences() access: /Library/Managed Preferences/mobile/com.apple.SystemConfiguration.plist, size=0
2026-01-28 16:31:40.999 Db NayaVedAI[71451:21bed2] [com.apple.SystemConfiguration:SCPreferences] release <SCPreferences 0x137c0b600 [0x1e578fa80]> {name = SCDynamicStoreCopyProxiesWithOptions, id = /Library/Managed Preferences/mobile/com.apple.SystemConfiguration.plist, path = /Library/Managed Preferences/mobile/com.apple.SystemConfiguration.plist, accessed}
2026-01-28 16:31:41.000 Df NayaVedAI[71451:21bed2] [com.apple.network:connection] [C85 Hostname#a19a2c0f:8081 in_progress parent-flow (satisfied (Path is satisfied), interface: en0[802.11], uses wifi, LQM: unknown)] event: flow:start_child @0.000s
2026-01-28 16:31:41.000 I  NayaVedAI[71451:21bed2] [com.apple.network:connection] nw_endpoint_handler_start [C85.1 Hostname#a19a2c0f:8081 initial path ((null))]
2026-01-28 16:31:41.000 Db NayaVedAI[71451:21bed2] [com.apple.network:connection] nw_endpoint_flow_receive_report [C85 Hostname#a19a2c0f:8081 in_progress parent-flow (satisfied (Path is satisfied), interface: en0[802.11], uses wifi, LQM: unknown)] received child report: [C85.1 Hostname#a19a2c0f:8081 initial path ((null))]
2026-01-28 16:31:41.000 Df NayaVedAI[71451:21bed2] [com.apple.network:connection] [C85.1 Hostname#a19a2c0f:8081 initial path ((null))] event: path:start @0.000s
2026-01-28 16:31:41.000 Db NayaVedAI[71451:21bed2] [com.apple.network:connection] nw_endpoint_handler_path_change [C85.1 Hostname#a19a2c0f:8081 waiting path (satisfied (Path is satisfied), interface: en0[802.11], uses wifi, LQM: unknown)]
2026-01-28 16:31:41.000 Db NayaVedAI[71451:21bed2] [com.apple.networkextension:] ne_tracker_check_is_hostname_blocked() proceeding with the in_the_app check for hostname: localhost
2026-01-28 16:31:41.000 Db NayaVedAI[71451:21bed2] [com.apple.CFBundle:resources] Resource lookup at CFBundle 0x600003b04700 </Users/shivi.agarwal/Library/Developer/CoreSimulator/Devices/AC7E343F-585F-430E-B17D-BDD649803605/data/Containers/Bundle/Application/AD33C3F3-69F6-4E76-8701-44660F53F11C/NayaVedAI.app> (executable, loaded)
	Request       : InfoPlist type: strings
	Result        : None
2026-01-28 16:31:41.000 Db NayaVedAI[71451:21bed2] [com.apple.CFBundle:resources] Resource lookup at CFBundle 0x600003b04700 </Users/shivi.agarwal/Library/Developer/CoreSimulator/Devices/AC7E343F-585F-430E-B17D-BDD649803605/data/Containers/Bundle/Application/AD33C3F3-69F6-4E76-8701-44660F53F11C/NayaVedAI.app> (executable, loaded)
	Request       : InfoPlist type: stringsdict
	Result        : None
2026-01-28 16:31:41.000 Db NayaVedAI[71451:21bed2] [com.apple.networkextension:] ne_tracker_check_is_hostname_blocked(): hostname localhost is not a tracker. Returning: ne_tracker_status_none
2026-01-28 16:31:41.000 Db NayaVedAI[71451:21bed2] [com.apple.network:connection] nw_endpoint_flow_receive_report [C85 Hostname#a19a2c0f:8081 in_progress parent-flow (satisfied (Path is satisfied), interface: en0[802.11], uses wifi, LQM: unknown)] received child report: [C85.1 Hostname#a19a2c0f:8081 waiting path (satisfied (Path is satisfied), interface: en0[802.11], uses wifi, LQM: unknown)]
2026-01-28 16:31:41.000 Df NayaVedAI[71451:21bed2] [com.apple.network:connection] [C85.1 Hostname#a19a2c0f:8081 waiting path (satisfied (Path is satisfied), interface: en0[802.11], uses wifi, LQM: unknown)] event: path:satisfied @0.001s, uuid: 3E9CDF24-6C89-41DF-847A-A1340F8AA272
2026-01-28 16:31:41.000 Db NayaVedAI[71451:21bed2] [com.apple.network:] nw_endpoint_proxy_handler_should_use_proxy Looking up proxy for hostname: localhost, ifindex: 0
2026-01-28 16:31:41.000 Db NayaVedAI[71451:21bed2] [com.apple.SystemConfiguration:SCPreferences] create <SCPreferences 0x108a5c920 [0x1e578fa80]> {name = SCDynamicStoreCopyProxiesWithOptions, id = /Library/Managed Preferences/mobile/com.apple.SystemConfiguration.plist, path = /Library/Managed Preferences/mobile/com.apple.SystemConfiguration.plist}
2026-01-28 16:31:41.000 Db NayaVedAI[71451:21bed2] [com.apple.SystemConfiguration:SCPreferences] SCPreferences() access: /Library/Managed Preferences/mobile/com.apple.SystemConfiguration.plist, size=0
2026-01-28 16:31:41.000 Db NayaVedAI[71451:21bed2] [com.apple.SystemConfiguration:SCPreferences] release <SCPreferences 0x108a5c920 [0x1e578fa80]> {name = SCDynamicStoreCopyProxiesWithOptions, id = /Library/Managed Preferences/mobile/com.apple.SystemConfiguration.plist, path = /Library/Managed Preferences/mobile/com.apple.SystemConfiguration.plist, accessed}
2026-01-28 16:31:41.000 Db NayaVedAI[71451:21bed2] [com.apple.network:connection] -[NWConcrete_nw_endpoint_resolver startWithHandler:] [C85.1 Hostname#a19a2c0f:8081 waiting resolver (satisfied (Path is satisfied), interface: en0[802.11], uses wifi, LQM: unknown)]
2026-01-28 16:31:41.000 Db NayaVedAI[71451:21bed2] [com.apple.network:connection] nw_endpoint_flow_receive_report [C85 Hostname#a19a2c0f:8081 in_progress parent-flow (satisfied (Path is satisfied), interface: en0[802.11], uses wifi, LQM: unknown)] received child report: [C85.1 Hostname#a19a2c0f:8081 in_progress resolver (satisfied (Path is satisfied), interface: en0[802.11], uses wifi, LQM: unknown)]
2026-01-28 16:31:41.000 Df NayaVedAI[71451:21bed2] [com.apple.network:connection] [C85.1 Hostname#a19a2c0f:8081 in_progress resolver (satisfied (Path is satisfied), interface: en0[802.11], uses wifi, LQM: unknown)] event: resolver:start_dns @0.001s
2026-01-28 16:31:41.002 Db NayaVedAI[71451:21bed2] [com.apple.networkextension:] ne_tracker_check_is_hostname_blocked() proceeding with the in_the_app check for hostname: localhost
2026-01-28 16:31:41.002 Db NayaVedAI[71451:21bed2] [com.apple.CFBundle:resources] Resource lookup at CFBundle 0x600003b04700 </Users/shivi.agarwal/Library/Developer/CoreSimulator/Devices/AC7E343F-585F-430E-B17D-BDD649803605/data/Containers/Bundle/Application/AD33C3F3-69F6-4E76-8701-44660F53F11C/NayaVedAI.app> (executable, loaded)
	Request       : InfoPlist type: strings
	Result        : None
2026-01-28 16:31:41.002 Db NayaVedAI[71451:21bed2] [com.apple.CFBundle:resources] Resource lookup at CFBundle 0x600003b04700 </Users/shivi.agarwal/Library/Developer/CoreSimulator/Devices/AC7E343F-585F-430E-B17D-BDD649803605/data/Containers/Bundle/Application/AD33C3F3-69F6-4E76-8701-44660F53F11C/NayaVedAI.app> (executable, loaded)
	Request       : InfoPlist type: stringsdict
	Result        : None
2026-01-28 16:31:41.002 Db NayaVedAI[71451:21bed2] [com.apple.networkextension:] ne_tracker_check_is_hostname_blocked(): hostname localhost is not a tracker. Returning: ne_tracker_status_none
2026-01-28 16:31:41.002 I  NayaVedAI[71451:21bed2] [com.apple.network:connection] nw_resolver_create_dns_service_locked [C85.1] Starting host resolution Hostname#a19a2c0f:8081, flags 0xc000d000 proto 0
2026-01-28 16:31:41.002 Df NayaVedAI[71451:21bed2] [com.apple.CFNetwork:Default] Task <EDED8AEA-9494-419E-9A7E-74FD59469349>.<2> setting up Connection 85
2026-01-28 16:31:41.002 Db NayaVedAI[71451:21bed2] [com.apple.network:activity] Returning should log: 0 for activity cfnetwork:foreground_task
2026-01-28 16:31:41.002 I  NayaVedAI[71451:21bed2] [com.apple.network:connection] nw_resolver_host_resolve_callback [C84.1] flags=0x40000003 ifindex=4294967295 error=NoError(0) hostname=localhost. addr=IPv6#4f2c3092 ttl=1
2026-01-28 16:31:41.002 I  NayaVedAI[71451:21bed2] [com.apple.network:connection] nw_resolver_host_resolve_callback [C84.1] flags=0x40000002 ifindex=4294967295 error=NoError(0) hostname=localhost. addr=IPv4#8deebaa3 ttl=1
2026-01-28 16:31:41.002 Db NayaVedAI[71451:21bed2] [com.apple.network:] sa_dst_compare_rfc6724 Rule 6, prefer d2, d2 precedence 50 > d1 precedence 35
2026-01-28 16:31:41.002 Db NayaVedAI[71451:21bed2] [com.apple.network:] sa_dst_compare_internal <private>@0 < <private>@0
2026-01-28 16:31:41.002 Db NayaVedAI[71451:21bed2] [com.apple.network:connection] nw_endpoint_resolver_update [C84.1 Hostname#a19a2c0f:8081 in_progress resolver (satisfied (Path is satisfied), interface: en0[802.11], uses wifi, LQM: unknown)] resolver is complete
2026-01-28 16:31:41.002 Df NayaVedAI[71451:21bed2] [com.apple.network:connection] nw_endpoint_resolver_update [C84.1 Hostname#a19a2c0f:8081 in_progress resolver (satisfied (Path is satisfied), interface: en0[802.11], uses wifi, LQM: unknown)] Adding endpoint handler for IPv6#e1664cbf.8081
2026-01-28 16:31:41.002 Df NayaVedAI[71451:21bed2] [com.apple.network:connection] nw_endpoint_resolver_update [C84.1 Hostname#a19a2c0f:8081 in_progress resolver (satisfied (Path is satisfied), interface: en0[802.11], uses wifi, LQM: unknown)] Adding endpoint handler for IPv4#43158804:8081
2026-01-28 16:31:41.002 Db NayaVedAI[71451:21bed2] [com.apple.network:connection] nw_endpoint_resolver_update [C84.1 Hostname#a19a2c0f:8081 in_progress resolver (satisfied (Path is satisfied), interface: en0[802.11], uses wifi, LQM: unknown)] Updated endpoint list is (IPv6#e1664cbf.8081,IPv4#43158804:8081)
2026-01-28 16:31:41.002 Db NayaVedAI[71451:21bed2] [com.apple.network:connection] nw_endpoint_flow_receive_report [C84 Hostname#a19a2c0f:8081 in_progress parent-flow (satisfied (Path is satisfied), interface: en0[802.11], uses wifi, LQM: unknown)] received child report: [C84.1 Hostname#a19a2c0f:8081 in_progress resolver (satisfied (Path is satisfied), interface: en0[802.11], uses wifi, LQM: unknown)]
2026-01-28 16:31:41.002 Df NayaVedAI[71451:21bed2] [com.apple.network:connection] [C84.1 Hostname#a19a2c0f:8081 in_progress resolver (satisfied (Path is satisfied), interface: en0[802.11], uses wifi, LQM: unknown)] event: resolver:receive_dns @0.012s
2026-01-28 16:31:41.002 I  NayaVedAI[71451:21bed2] [com.apple.network:connection] nw_endpoint_resolver_start_next_child [C84.1 Hostname#a19a2c0f:8081 in_progress resolver (satisfied (Path is satisfied), interface: en0[802.11], uses wifi, LQM: unknown)] starting child endpoint IPv6#e1664cbf.8081
2026-01-28 16:31:41.002 I  NayaVedAI[71451:21bed2] [com.apple.network:connection] nw_endpoint_handler_start [C84.1.1 IPv6#e1664cbf.8081 initial path ((null))]
2026-01-28 16:31:41.002 Db NayaVedAI[71451:21bed2] [com.apple.network:connection] nw_endpoint_resolver_receive_report [C84.1 Hostname#a19a2c0f:8081 in_progress resolver (satisfied (Path is satisfied), interface: en0[802.11], uses wifi, LQM: unknown)] received child report: [C84.1.1 IPv6#e1664cbf.8081 initial path ((null))]
2026-01-28 16:31:41.002 Db NayaVedAI[71451:21bed2] [com.apple.network:connection] nw_endpoint_flow_receive_report [C84 Hostname#a19a2c0f:8081 in_progress parent-flow (satisfied (Path is satisfied), interface: en0[802.11], uses wifi, LQM: unknown)] received child report: [C84.1.1 IPv6#e1664cbf.8081 initial path ((null))]
2026-01-28 16:31:41.002 Df NayaVedAI[71451:21bed2] [com.apple.network:connection] [C84.1.1 IPv6#e1664cbf.8081 initial path ((null))] event: path:start @0.012s
2026-01-28 16:31:41.002 Db NayaVedAI[71451:21bed2] [com.apple.network:connection] nw_endpoint_handler_path_change [C84.1.1 IPv6#e1664cbf.8081 waiting path (satisfied (Path is satisfied), interface: lo0)]
2026-01-28 16:31:41.002 Db NayaVedAI[71451:21bed2] [com.apple.network:connection] nw_endpoint_resolver_receive_report [C84.1 Hostname#a19a2c0f:8081 in_progress resolver (satisfied (Path is satisfied), interface: en0[802.11], uses wifi, LQM: unknown)] received child report: [C84.1.1 IPv6#e1664cbf.8081 waiting path (satisfied (Path is satisfied), interface: lo0)]
2026-01-28 16:31:41.002 Db NayaVedAI[71451:21bed2] [com.apple.network:connection] nw_endpoint_flow_receive_report [C84 Hostname#a19a2c0f:8081 in_progress parent-flow (satisfied (Path is satisfied), interface: en0[802.11], uses wifi, LQM: unknown)] received child report: [C84.1.1 IPv6#e1664cbf.8081 waiting path (satisfied (Path is satisfied), interface: lo0)]
2026-01-28 16:31:41.003 Df NayaVedAI[71451:21bed2] [com.apple.network:connection] [C84.1.1 IPv6#e1664cbf.8081 waiting path (satisfied (Path is satisfied), interface: lo0)] event: path:satisfied @0.012s, uuid: 88588850-920E-46C8-BC56-9AB0E90B60C7
2026-01-28 16:31:41.003 Db NayaVedAI[71451:21bed2] [com.apple.network:] nw_endpoint_proxy_handler_should_use_proxy Looking up proxy for hostname: <nil>, ifindex: 0
2026-01-28 16:31:41.003 Db NayaVedAI[71451:21bed2] [com.apple.SystemConfiguration:SCPreferences] create <SCPreferences 0x134b208f0 [0x1e578fa80]> {name = SCDynamicStoreCopyProxiesWithOptions, id = /Library/Managed Preferences/mobile/com.apple.SystemConfiguration.plist, path = /Library/Managed Preferences/mobile/com.apple.SystemConfiguration.plist}
2026-01-28 16:31:41.003 Db NayaVedAI[71451:21bed2] [com.apple.SystemConfiguration:SCPreferences] SCPreferences() access: /Library/Managed Preferences/mobile/com.apple.SystemConfiguration.plist, size=0
2026-01-28 16:31:41.003 Db NayaVedAI[71451:21bed2] [com.apple.SystemConfiguration:SCPreferences] release <SCPreferences 0x134b208f0 [0x1e578fa80]> {name = SCDynamicStoreCopyProxiesWithOptions, id = /Library/Managed Preferences/mobile/com.apple.SystemConfiguration.plist, path = /Library/Managed Preferences/mobile/com.apple.SystemConfiguration.plist, accessed}
2026-01-28 16:31:41.003 I  NayaVedAI[71451:21bed2] [com.apple.network:connection] nw_association_create_flow <nw_association IPv6#e1664cbf.8081> Added association flow ID 43461973-C697-4C34-A77C-409E62788B31
2026-01-28 16:31:41.003 I  NayaVedAI[71451:21bed2] [com.apple.network:connection] nw_endpoint_flow_setup_protocols [C84.1.1 IPv6#e1664cbf.8081 in_progress socket-flow (satisfied (Path is satisfied), interface: lo0)] setup flow id 43461973-C697-4C34-A77C-409E62788B31
2026-01-28 16:31:41.003 Db NayaVedAI[71451:21bed2] [com.apple.network:connection] nw_endpoint_flow_attach_protocols [C84.1.1 IPv6#e1664cbf.8081 in_progress socket-flow (satisfied (Path is satisfied), interface: lo0)]
2026-01-28 16:31:41.003 Db NayaVedAI[71451:21bed2] [com.apple.network:connection] nw_endpoint_flow_attach_protocols_block_invoke [C84.1.1 IPv6#e1664cbf.8081 in_progress socket-flow (satisfied (Path is satisfied), interface: lo0)] Attached application protocol: CFNetworkConnection-3282745862
2026-01-28 16:31:41.003 Db NayaVedAI[71451:21bed2] [com.apple.network:] nw_fd_wrapper_create Created <fd_wrapper 24, guarded: false>
2026-01-28 16:31:41.003 Db NayaVedAI[71451:21bed2] [com.apple.network:connection] nw_endpoint_flow_attach_protocols [C84.1.1 IPv6#e1664cbf.8081 in_progress socket-flow (satisfied (Path is satisfied), interface: lo0)] Attached socket protocol
2026-01-28 16:31:41.003 Db NayaVedAI[71451:21bed2] [com.apple.network:connection] nw_endpoint_flow_setup_protocols [C84.1.1 IPv6#e1664cbf.8081 in_progress socket-flow (satisfied (Path is satisfied), interface: lo0)] leaf flow starting
2026-01-28 16:31:41.003 Db NayaVedAI[71451:21bed2] [com.apple.network:connection] nw_endpoint_resolver_receive_report [C84.1 Hostname#a19a2c0f:8081 in_progress resolver (satisfied (Path is satisfied), interface: en0[802.11], uses wifi, LQM: unknown)] received child report: [C84.1.1 IPv6#e1664cbf.8081 in_progress socket-flow (satisfied (Path is satisfied), interface: lo0)]
2026-01-28 16:31:41.003 Db NayaVedAI[71451:21bed2] [com.apple.network:connection] nw_endpoint_flow_receive_report [C84 Hostname#a19a2c0f:8081 in_progress parent-flow (satisfied (Path is satisfied), interface: en0[802.11], uses wifi, LQM: unknown)] received child report: [C84.1.1 IPv6#e1664cbf.8081 in_progress socket-flow (satisfied (Path is satisfied), interface: lo0)]
2026-01-28 16:31:41.003 Df NayaVedAI[71451:21bed2] [com.apple.network:connection] [C84.1.1 IPv6#e1664cbf.8081 in_progress socket-flow (satisfied (Path is satisfied), interface: lo0)] event: flow:start_connect @0.013s
2026-01-28 16:31:41.003 I  NayaVedAI[71451:21bed2] [com.apple.network:connection] nw_endpoint_resolver_start_next_child [C84.1 Hostname#a19a2c0f:8081 in_progress resolver (satisfied (Path is satisfied), interface: en0[802.11], uses wifi, LQM: unknown)] starting next child endpoint in 100ms
2026-01-28 16:31:41.003 Db NayaVedAI[71451:21bed2] [com.apple.network:connection] nw_socket_handle_socket_event [C84.1.1:2] Event mask: 0x800
2026-01-28 16:31:41.003 Df NayaVedAI[71451:21bed2] [com.apple.network:connection] nw_socket_handle_socket_event [C84.1.1:2] Socket received CONNECTED event
2026-01-28 16:31:41.003 Db NayaVedAI[71451:21bed2] [com.apple.network:connection] nw_socket_setup_notsent_lowat [C84.1.1:2] Set TCP_NOTSENT_LOWAT(16384)
2026-01-28 16:31:41.003 Df NayaVedAI[71451:21bed2] [com.apple.network:connection] nw_flow_connected [C84.1.1 IPv6#e1664cbf.8081 in_progress socket-flow (satisfied (Path is satisfied), interface: lo0)] Transport protocol connected (socket)
2026-01-28 16:31:41.003 Db NayaVedAI[71451:21bed2] [com.apple.network:connection] nw_endpoint_resolver_receive_report [C84.1 Hostname#a19a2c0f:8081 in_progress resolver (satisfied (Path is satisfied), interface: en0[802.11], uses wifi, LQM: unknown)] received child report: [C84.1.1 IPv6#e1664cbf.8081 in_progress socket-flow (satisfied (Path is satisfied), interface: lo0)]
2026-01-28 16:31:41.003 Db NayaVedAI[71451:21bed2] [com.apple.network:connection] nw_endpoint_flow_receive_report [C84 Hostname#a19a2c0f:8081 in_progress parent-flow (satisfied (Path is satisfied), interface: en0[802.11], uses wifi, LQM: unknown)] received child report: [C84.1.1 IPv6#e1664cbf.8081 in_progress socket-flow (satisfied (Path is satisfied), interface: lo0)]
2026-01-28 16:31:41.003 Df NayaVedAI[71451:21bed2] [com.apple.network:connection] [C84.1.1 IPv6#e1664cbf.8081 in_progress socket-flow (satisfied (Path is satisfied), interface: lo0)] event: flow:finish_transport @0.013s
2026-01-28 16:31:41.003 I  NayaVedAI[71451:21bed2] [com.apple.network:connection] nw_endpoint_resolver_receive_report [C84.1 Hostname#a19a2c0f:8081 in_progress resolver (satisfied (Path is satisfied), interface: en0[802.11], uses wifi, LQM: unknown)] pushing out endpoint race by 2000ms
2026-01-28 16:31:41.003 Df NayaVedAI[71451:21bed2] [com.apple.network:connection] nw_flow_connected [C84.1.1 IPv6#e1664cbf.8081 in_progress socket-flow (satisfied (Path is satisfied), interface: lo0)] Output protocol connected (CFNetworkConnection-3282745862)
2026-01-28 16:31:41.003 Db NayaVedAI[71451:21bed2] [com.apple.network:connection] nw_endpoint_flow_connected_path_change [C84.1.1 IPv6#e1664cbf.8081 ready socket-flow (satisfied (Path is satisfied), interface: lo0)]
2026-01-28 16:31:41.003 I  NayaVedAI[71451:21bed2] [com.apple.network:connection] nw_endpoint_flow_connected_path_change [C84.1.1 IPv6#e1664cbf.8081 ready socket-flow (satisfied (Path is satisfied), interface: lo0)] Connected path is satisfied, not viable
2026-01-28 16:31:41.003 Db NayaVedAI[71451:21bed2] [com.apple.network:connection] nw_endpoint_resolver_receive_report [C84.1 Hostname#a19a2c0f:8081 in_progress resolver (satisfied (Path is satisfied), interface: en0[802.11], uses wifi, LQM: unknown)] received child report: [C84.1.1 IPv6#e1664cbf.8081 ready socket-flow (satisfied (Path is satisfied), interface: lo0)]
2026-01-28 16:31:41.004 Db NayaVedAI[71451:21bed2] [com.apple.network:connection] nw_endpoint_flow_receive_report [C84 Hostname#a19a2c0f:8081 in_progress parent-flow (satisfied (Path is satisfied), interface: en0[802.11], uses wifi, LQM: unknown)] received child report: [C84.1.1 IPv6#e1664cbf.8081 ready socket-flow (satisfied (Path is satisfied), interface: lo0)]
2026-01-28 16:31:41.004 Df NayaVedAI[71451:21bed2] [com.apple.network:connection] [C84.1.1 IPv6#e1664cbf.8081 ready socket-flow (satisfied (Path is satisfied), interface: lo0)] event: flow:child_finish_connect @0.013s
2026-01-28 16:31:41.004 Db NayaVedAI[71451:21bed2] [com.apple.network:connection] nw_endpoint_flow_receive_report [C84 IPv6#e1664cbf.8081 in_progress parent-flow (satisfied (Path is satisfied), interface: en0[802.11], uses wifi, LQM: unknown)] connecting endpoint_flow to child's shared protocol
2026-01-28 16:31:41.004 Db NayaVedAI[71451:21bed2] [com.apple.network:connection] nw_endpoint_flow_setup_protocols [C84 IPv6#e1664cbf.8081 in_progress parent-flow (satisfied (Path is satisfied), interface: en0[802.11], uses wifi, LQM: unknown)] already set up
2026-01-28 16:31:41.004 Db NayaVedAI[71451:21bed2] [com.apple.network:connection] nw_endpoint_flow_setup_protocols [C84 IPv6#e1664cbf.8081 in_progress parent-flow (satisfied (Path is satisfied), interface: en0[802.11], uses wifi, LQM: unknown)] child flow connected, starting
2026-01-28 16:31:41.004 Db NayaVedAI[71451:21bed2] [com.apple.network:connection] nw_endpoint_flow_setup_protocols [C84 IPv6#e1664cbf.8081 in_progress parent-flow (satisfied (Path is satisfied), interface: en0[802.11], uses wifi, LQM: unknown)] already started
2026-01-28 16:31:41.004 Db NayaVedAI[71451:21bed2] [com.apple.network:connection] nw_endpoint_flow_receive_report [C84 IPv6#e1664cbf.8081 in_progress parent-flow (satisfied (Path is satisfied), interface: en0[802.11], uses wifi, LQM: unknown)] received child report: [C84.1 Hostname#a19a2c0f:8081 ready resolver (satisfied (Path is satisfied), interface: en0[802.11], uses wifi, LQM: unknown)]
2026-01-28 16:31:41.004 Df NayaVedAI[71451:21bed2] [com.apple.network:connection] [C84.1 Hostname#a19a2c0f:8081 ready resolver (satisfied (Path is satisfied), interface: en0[802.11], uses wifi, LQM: unknown)] event: flow:child_finish_connect @0.014s
2026-01-28 16:31:41.004 I  NayaVedAI[71451:21bed2] [com.apple.network:connection] nw_endpoint_handler_cancel [C84.1.2 IPv4#43158804:8081 initial path ((null))]
2026-01-28 16:31:41.004 Df NayaVedAI[71451:21bed2] [com.apple.network:connection] nw_flow_connected [C84 IPv6#e1664cbf.8081 in_progress parent-flow (satisfied (Path is satisfied), interface: en0[802.11], uses wifi, LQM: unknown)] Output protocol connected (endpoint_flow)
2026-01-28 16:31:41.004 Db NayaVedAI[71451:21bed2] [com.apple.network:connection] nw_endpoint_flow_connected_path_change [C84 IPv6#e1664cbf.8081 ready parent-flow (satisfied (Path is satisfied), interface: en0[802.11], uses wifi, LQM: unknown)]
2026-01-28 16:31:41.004 I  NayaVedAI[71451:21bed2] [com.apple.network:connection] nw_endpoint_flow_connected_path_change [C84 IPv6#e1664cbf.8081 ready parent-flow (satisfied (Path is satisfied), interface: en0[802.11], uses wifi, LQM: unknown)] Connected path is satisfied, child is not viable
2026-01-28 16:31:41.004 Df NayaVedAI[71451:21bed2] [com.apple.network:connection] [C84 IPv6#e1664cbf.8081 ready parent-flow (satisfied (Path is satisfied), interface: en0[802.11], uses wifi, LQM: unknown)] event: flow:finish_connect @0.014s
2026-01-28 16:31:41.004 Db NayaVedAI[71451:21bed2] [com.apple.network:connection] nw_connection_run_pqtls_probe_locked_on_nw_queue [C84] No TLS metadata; not running PQ-TLS probe
2026-01-28 16:31:41.004 Db NayaVedAI[71451:21bed2] [com.apple.network:connection] nw_connection_run_ech_probe_locked_on_nw_queue [C84] stack doesn't include TLS; not running ECH probe
2026-01-28 16:31:41.004 Db NayaVedAI[71451:21bed2] [com.apple.network:connection] nw_connection_endpoint_report_on_nw_queue_block_invoke [C84] Connected fallback generation 0
2026-01-28 16:31:41.004 I  NayaVedAI[71451:21bed2] [com.apple.network:connection] nw_connection_start_candidate_manager_if_needed_locked [C84] Checking whether to start candidate manager
2026-01-28 16:31:41.004 Db NayaVedAI[71451:21bed2] [com.apple.network:connection] nw_connection_start_candidate_manager_if_needed_locked [C84] Connection does not support multipath, not starting candidate manager
2026-01-28 16:31:41.004 Df NayaVedAI[71451:21bed2] [com.apple.network:connection] nw_connection_report_state_with_handler_on_nw_queue [C84] reporting state ready
2026-01-28 16:31:41.004 Df NayaVedAI[71451:21bed2] [com.apple.CFNetwork:Default] Connection 84: connected successfully
2026-01-28 16:31:41.004 Df NayaVedAI[71451:21bed2] [com.apple.CFNetwork:Default] Connection 84: ready C(N) E(N)
2026-01-28 16:31:41.004 Db NayaVedAI[71451:21bed2] [com.apple.CFNetwork:Default] Task <4497D738-7B86-48B8-9A99-C729511B8994>.<1> done setting up Connection 84
2026-01-28 16:31:41.004 Db NayaVedAI[71451:21bed2] [com.apple.network:activity] Returning should log: 0 for activity cfnetwork:foreground_task
2026-01-28 16:31:41.004 Df NayaVedAI[71451:21bed2] [com.apple.CFNetwork:Default] Task <4497D738-7B86-48B8-9A99-C729511B8994>.<1> now using Connection 84
2026-01-28 16:31:41.004 Db NayaVedAI[71451:21bed2] [com.apple.network:activity] Returning should log: 0 for activity cfnetwork:foreground_task
2026-01-28 16:31:41.004 Df NayaVedAI[71451:21bed2] [com.apple.CFNetwork:Default] Task <4497D738-7B86-48B8-9A99-C729511B8994>.<1> sent request, body N 0
2026-01-28 16:31:41.006 Df NayaVedAI[71451:21bed1] [com.apple.CFNetwork:Default] Task <4497D738-7B86-48B8-9A99-C729511B8994>.<1> received response, status 200 content K
2026-01-28 16:31:41.006 Db NayaVedAI[71451:21bed1] [com.apple.network:connection] nw_connection_modify_estimated_bytes_block_invoke [C84] Incremented estimated bytes to receive by 187, total now 187
2026-01-28 16:31:41.006 Db NayaVedAI[71451:21bed1] [com.apple.network:connection] nw_connection_modify_estimated_bytes_block_invoke [C84] Using lower threshold 12582912, upper threshold 31457280
2026-01-28 16:31:41.006 Df NayaVedAI[71451:21bed1] [com.apple.CFNetwork:Default] Task <4497D738-7B86-48B8-9A99-C729511B8994>.<1> response ended
2026-01-28 16:31:41.006 Df NayaVedAI[71451:21bed1] [com.apple.CFNetwork:Default] Task <4497D738-7B86-48B8-9A99-C729511B8994>.<1> done using Connection 84
2026-01-28 16:31:41.006 Db NayaVedAI[71451:21bed1] [com.apple.network:activity] Returning should log: 0 for activity cfnetwork:foreground_task
2026-01-28 16:31:41.006 Db NayaVedAI[71451:21bed1] [com.apple.CFNetwork:Default] Connection 84: set is idle true
2026-01-28 16:31:41.006 Df NayaVedAI[71451:21bed1] [com.apple.network:connection] [C84] event: client:connection_idle @0.016s
2026-01-28 16:31:41.006 I  NayaVedAI[71451:21bed1] [com.apple.network:connection] nw_endpoint_handler_report_connection_idle [C84 IPv6#e1664cbf.8081 ready parent-flow (satisfied (Path is satisfied), interface: en0[802.11], uses wifi, LQM: unknown)] Reporting connection idle to protocols
2026-01-28 16:31:41.006 I  NayaVedAI[71451:21bed1] [com.apple.network:connection] nw_flow_passthrough_notify [C84.1.1 IPv6#e1664cbf.8081 ready socket-flow (satisfied (Path is satisfied), interface: lo0)] received notification connection_idle
2026-01-28 16:31:41.006 Df NayaVedAI[71451:21bed2] [com.apple.CFNetwork:Summary] Task <4497D738-7B86-48B8-9A99-C729511B8994>.<1> summary for task success {transaction_duration_ms=16, response_status=200, connection=84, protocol="http/1.1", domain_lookup_duration_ms=11, connect_duration_ms=1, secure_connection_duration_ms=0, private_relay=false, request_start_ms=14, request_duration_ms=0, response_start_ms=16, response_duration_ms=0, request_bytes=370, request_throughput_kbps=53861, response_bytes=498, response_throughput_kbps=17253, cache_hit=false}
2026-01-28 16:31:41.006 Df NayaVedAI[71451:21bed1] [com.apple.network:connection] nw_protocol_socket_notify [C84.1.1:2] nw_protocol_notification_type_connection_idle is true
2026-01-28 16:31:41.006 Df NayaVedAI[71451:21bed2] [com.apple.CFNetwork:Default] Task <4497D738-7B86-48B8-9A99-C729511B8994>.<1> finished successfully
2026-01-28 16:31:41.006 Db NayaVedAI[71451:21bed1] [com.apple.CFNetwork:Default] Connection 84: set is idle true
2026-01-28 16:31:41.006 Db NayaVedAI[71451:21bed2] [com.apple.network:activity] Returning should log: 0 for activity cfnetwork:foreground_task
2026-01-28 16:31:41.006 Df NayaVedAI[71451:21bed1] [com.apple.network:connection] [C84] event: client:connection_idle @0.016s
2026-01-28 16:31:41.006 Db NayaVedAI[71451:21bed2] [com.apple.network:activity] Returning should log: 0 for activity cfnetwork:foreground_task
2026-01-28 16:31:41.006 I  NayaVedAI[71451:21bed1] [com.apple.network:connection] nw_endpoint_handler_report_connection_idle [C84 IPv6#e1664cbf.8081 ready parent-flow (satisfied (Path is satisfied), interface: en0[802.11], uses wifi, LQM: unknown)] Reporting connection idle to protocols
2026-01-28 16:31:41.006 Db NayaVedAI[71451:21bed2] [com.apple.network:activity] No threshold for cfnetwork:foreground_task, returning NW_ACTIVITY_DURATION_INVALID
2026-01-28 16:31:41.006 I  NayaVedAI[71451:21bed1] [com.apple.network:connection] nw_flow_passthrough_notify [C84.1.1 IPv6#e1664cbf.8081 ready socket-flow (satisfied (Path is satisfied), interface: lo0)] received notification connection_idle
2026-01-28 16:31:41.006 Db NayaVedAI[71451:21bed2] [com.apple.network:activity] No threshold for activity <nw_activity 12:2 [A66885C8-B87F-493C-932C-F532053C4DB8] (reporting strategy default) complete (reason success)>
2026-01-28 16:31:41.006 Df NayaVedAI[71451:21bed1] [com.apple.network:connection] nw_protocol_socket_notify [C84.1.1:2] nw_protocol_notification_type_connection_idle is true
2026-01-28 16:31:41.015 I  NayaVedAI[71451:21bba8] [com.apple.network:connection] nw_resolver_host_resolve_callback [C85.1] flags=0x40000003 ifindex=4294967295 error=NoError(0) hostname=localhost. addr=IPv6#4f2c3092 ttl=1
2026-01-28 16:31:41.015 I  NayaVedAI[71451:21bba8] [com.apple.network:connection] nw_resolver_host_resolve_callback [C85.1] flags=0x40000002 ifindex=4294967295 error=NoError(0) hostname=localhost. addr=IPv4#8deebaa3 ttl=1
2026-01-28 16:31:41.015 Db NayaVedAI[71451:21bba8] [com.apple.network:] sa_dst_compare_rfc6724 Rule 6, prefer d2, d2 precedence 50 > d1 precedence 35
2026-01-28 16:31:41.015 Db NayaVedAI[71451:21bba8] [com.apple.network:] sa_dst_compare_internal <private>@0 < <private>@0
2026-01-28 16:31:41.016 I  NayaVedAI[71451:21bba8] [com.apple.network:connection] nw_resolver_create_prefer_connected_variant [C85.1] Prefer Connected: IPv6#e1664cbf.8081 is already the first endpoint
2026-01-28 16:31:41.016 Db NayaVedAI[71451:21bba8] [com.apple.network:connection] nw_endpoint_resolver_update [C85.1 Hostname#a19a2c0f:8081 in_progress resolver (satisfied (Path is satisfied), interface: en0[802.11], uses wifi, LQM: unknown)] resolver is complete
2026-01-28 16:31:41.016 Df NayaVedAI[71451:21bba8] [com.apple.network:connection] nw_endpoint_resolver_update [C85.1 Hostname#a19a2c0f:8081 in_progress resolver (satisfied (Path is satisfied), interface: en0[802.11], uses wifi, LQM: unknown)] Adding endpoint handler for IPv6#e1664cbf.8081
2026-01-28 16:31:41.016 Df NayaVedAI[71451:21bba8] [com.apple.network:connection] nw_endpoint_resolver_update [C85.1 Hostname#a19a2c0f:8081 in_progress resolver (satisfied (Path is satisfied), interface: en0[802.11], uses wifi, LQM: unknown)] Adding endpoint handler for IPv4#43158804:8081
2026-01-28 16:31:41.016 Db NayaVedAI[71451:21bba8] [com.apple.network:connection] nw_endpoint_resolver_update [C85.1 Hostname#a19a2c0f:8081 in_progress resolver (satisfied (Path is satisfied), interface: en0[802.11], uses wifi, LQM: unknown)] Updated endpoint list is (IPv6#e1664cbf.8081,IPv4#43158804:8081)
2026-01-28 16:31:41.016 Db NayaVedAI[71451:21bba8] [com.apple.network:connection] nw_endpoint_flow_receive_report [C85 Hostname#a19a2c0f:8081 in_progress parent-flow (satisfied (Path is satisfied), interface: en0[802.11], uses wifi, LQM: unknown)] received child report: [C85.1 Hostname#a19a2c0f:8081 in_progress resolver (satisfied (Path is satisfied), interface: en0[802.11], uses wifi, LQM: unknown)]
2026-01-28 16:31:41.016 Df NayaVedAI[71451:21bba8] [com.apple.network:connection] [C85.1 Hostname#a19a2c0f:8081 in_progress resolver (satisfied (Path is satisfied), interface: en0[802.11], uses wifi, LQM: unknown)] event: resolver:receive_dns @0.016s
2026-01-28 16:31:41.016 I  NayaVedAI[71451:21bba8] [com.apple.network:connection] nw_endpoint_resolver_start_next_child [C85.1 Hostname#a19a2c0f:8081 in_progress resolver (satisfied (Path is satisfied), interface: en0[802.11], uses wifi, LQM: unknown)] starting child endpoint IPv6#e1664cbf.8081
2026-01-28 16:31:41.016 I  NayaVedAI[71451:21bba8] [com.apple.network:connection] nw_endpoint_handler_start [C85.1.1 IPv6#e1664cbf.8081 initial path ((null))]
2026-01-28 16:31:41.016 Db NayaVedAI[71451:21bba8] [com.apple.network:connection] nw_endpoint_resolver_receive_report [C85.1 Hostname#a19a2c0f:8081 in_progress resolver (satisfied (Path is satisfied), interface: en0[802.11], uses wifi, LQM: unknown)] received child report: [C85.1.1 IPv6#e1664cbf.8081 initial path ((null))]
2026-01-28 16:31:41.016 Db NayaVedAI[71451:21bba8] [com.apple.network:connection] nw_endpoint_flow_receive_report [C85 Hostname#a19a2c0f:8081 in_progress parent-flow (satisfied (Path is satisfied), interface: en0[802.11], uses wifi, LQM: unknown)] received child report: [C85.1.1 IPv6#e1664cbf.8081 initial path ((null))]
2026-01-28 16:31:41.016 Df NayaVedAI[71451:21bba8] [com.apple.network:connection] [C85.1.1 IPv6#e1664cbf.8081 initial path ((null))] event: path:start @0.017s
2026-01-28 16:31:41.016 Db NayaVedAI[71451:21bba8] [com.apple.network:connection] nw_endpoint_handler_path_change [C85.1.1 IPv6#e1664cbf.8081 waiting path (satisfied (Path is satisfied), interface: lo0)]
2026-01-28 16:31:41.016 Db NayaVedAI[71451:21bba8] [com.apple.network:connection] nw_endpoint_resolver_receive_report [C85.1 Hostname#a19a2c0f:8081 in_progress resolver (satisfied (Path is satisfied), interface: en0[802.11], uses wifi, LQM: unknown)] received child report: [C85.1.1 IPv6#e1664cbf.8081 waiting path (satisfied (Path is satisfied), interface: lo0)]
2026-01-28 16:31:41.016 Db NayaVedAI[71451:21bba8] [com.apple.network:connection] nw_endpoint_flow_receive_report [C85 Hostname#a19a2c0f:8081 in_progress parent-flow (satisfied (Path is satisfied), interface: en0[802.11], uses wifi, LQM: unknown)] received child report: [C85.1.1 IPv6#e1664cbf.8081 waiting path (satisfied (Path is satisfied), interface: lo0)]
2026-01-28 16:31:41.016 Df NayaVedAI[71451:21bba8] [com.apple.network:connection] [C85.1.1 IPv6#e1664cbf.8081 waiting path (satisfied (Path is satisfied), interface: lo0)] event: path:satisfied @0.017s, uuid: 88588850-920E-46C8-BC56-9AB0E90B60C7
2026-01-28 16:31:41.016 Db NayaVedAI[71451:21bba8] [com.apple.network:] nw_endpoint_proxy_handler_should_use_proxy Looking up proxy for hostname: <nil>, ifindex: 0
2026-01-28 16:31:41.016 Db NayaVedAI[71451:21bba8] [com.apple.SystemConfiguration:SCPreferences] create <SCPreferences 0x10f347e40 [0x1e578fa80]> {name = SCDynamicStoreCopyProxiesWithOptions, id = /Library/Managed Preferences/mobile/com.apple.SystemConfiguration.plist, path = /Library/Managed Preferences/mobile/com.apple.SystemConfiguration.plist}
2026-01-28 16:31:41.016 Db NayaVedAI[71451:21bba8] [com.apple.SystemConfiguration:SCPreferences] SCPreferences() access: /Library/Managed Preferences/mobile/com.apple.SystemConfiguration.plist, size=0
2026-01-28 16:31:41.016 Db NayaVedAI[71451:21bba8] [com.apple.SystemConfiguration:SCPreferences] release <SCPreferences 0x10f347e40 [0x1e578fa80]> {name = SCDynamicStoreCopyProxiesWithOptions, id = /Library/Managed Preferences/mobile/com.apple.SystemConfiguration.plist, path = /Library/Managed Preferences/mobile/com.apple.SystemConfiguration.plist, accessed}
2026-01-28 16:31:41.016 I  NayaVedAI[71451:21bba8] [com.apple.network:connection] nw_association_create_flow <nw_association IPv6#e1664cbf.8081> Added association flow ID 9DA81215-184C-44E1-9E83-01EE2CED3F1F
2026-01-28 16:31:41.016 I  NayaVedAI[71451:21bba8] [com.apple.network:connection] nw_endpoint_flow_setup_protocols [C85.1.1 IPv6#e1664cbf.8081 in_progress socket-flow (satisfied (Path is satisfied), interface: lo0)] setup flow id 9DA81215-184C-44E1-9E83-01EE2CED3F1F
2026-01-28 16:31:41.016 Db NayaVedAI[71451:21bba8] [com.apple.network:connection] nw_endpoint_flow_attach_protocols [C85.1.1 IPv6#e1664cbf.8081 in_progress socket-flow (satisfied (Path is satisfied), interface: lo0)]
2026-01-28 16:31:41.016 Db NayaVedAI[71451:21bba8] [com.apple.network:connection] nw_endpoint_flow_attach_protocols_block_invoke [C85.1.1 IPv6#e1664cbf.8081 in_progress socket-flow (satisfied (Path is satisfied), interface: lo0)] Attached application protocol: CFNetworkConnection-3282745862
2026-01-28 16:31:41.016 Db NayaVedAI[71451:21bba8] [com.apple.network:] nw_fd_wrapper_create Created <fd_wrapper 25, guarded: false>
2026-01-28 16:31:41.016 Db NayaVedAI[71451:21bba8] [com.apple.network:connection] nw_endpoint_flow_attach_protocols [C85.1.1 IPv6#e1664cbf.8081 in_progress socket-flow (satisfied (Path is satisfied), interface: lo0)] Attached socket protocol
2026-01-28 16:31:41.016 Db NayaVedAI[71451:21bba8] [com.apple.network:connection] nw_endpoint_flow_setup_protocols [C85.1.1 IPv6#e1664cbf.8081 in_progress socket-flow (satisfied (Path is satisfied), interface: lo0)] leaf flow starting
2026-01-28 16:31:41.016 Db NayaVedAI[71451:21bba8] [com.apple.network:connection] nw_endpoint_resolver_receive_report [C85.1 Hostname#a19a2c0f:8081 in_progress resolver (satisfied (Path is satisfied), interface: en0[802.11], uses wifi, LQM: unknown)] received child report: [C85.1.1 IPv6#e1664cbf.8081 in_progress socket-flow (satisfied (Path is satisfied), interface: lo0)]
