2026-01-28 16:13:50.292 Df NayaVedAI[63826:21027f] [com.apple.network:connection] [C82.1 Hostname#b33e072a:8081 in_progress resolver (satisfied (Path is satisfied), interface: en0[802.11], uses wifi, LQM: unknown)] event: resolver:start_dns @0.003s
2026-01-28 16:13:50.292 Db NayaVedAI[63826:21027f] [com.apple.networkextension:] ne_tracker_check_is_hostname_blocked() proceeding with the in_the_app check for hostname: localhost
2026-01-28 16:13:50.292 Db NayaVedAI[63826:21027f] [com.apple.CFBundle:resources] Resource lookup at CFBundle 0x600003b10000 </Users/shivi.agarwal/Library/Developer/CoreSimulator/Devices/AC7E343F-585F-430E-B17D-BDD649803605/data/Containers/Bundle/Application/526E8406-59B6-4C05-9D18-38A7EF2F46C7/NayaVedAI.app> (executable, loaded)
	Request       : InfoPlist type: strings
	Result        : None
2026-01-28 16:13:50.292 Db NayaVedAI[63826:21027f] [com.apple.CFBundle:resources] Resource lookup at CFBundle 0x600003b10000 </Users/shivi.agarwal/Library/Developer/CoreSimulator/Devices/AC7E343F-585F-430E-B17D-BDD649803605/data/Containers/Bundle/Application/526E8406-59B6-4C05-9D18-38A7EF2F46C7/NayaVedAI.app> (executable, loaded)
	Request       : InfoPlist type: stringsdict
	Result        : None
2026-01-28 16:13:50.292 Db NayaVedAI[63826:21027f] [com.apple.networkextension:] ne_tracker_check_is_hostname_blocked(): hostname localhost is not a tracker. Returning: ne_tracker_status_none
2026-01-28 16:13:50.292 I  NayaVedAI[63826:21027f] [com.apple.network:connection] nw_resolver_create_dns_service_locked [C82.1] Starting host resolution Hostname#b33e072a:8081, flags 0xc000d000 proto 0
2026-01-28 16:13:50.292 Df NayaVedAI[63826:21027f] [com.apple.CFNetwork:Default] Task <34FABBE9-B981-45AA-9A1A-11B582602275>.<1> setting up Connection 82
2026-01-28 16:13:50.292 Db NayaVedAI[63826:21027f] [com.apple.network:activity] Returning should log: 0 for activity cfnetwork:foreground_task
2026-01-28 16:13:50.292 I  NayaVedAI[63826:21027f] [com.apple.network:connection] nw_resolver_host_resolve_callback [C82.1] flags=0x40000003 ifindex=4294967295 error=NoError(0) hostname=localhost. addr=IPv6#42e9e5e9 ttl=1
2026-01-28 16:13:50.293 I  NayaVedAI[63826:21027f] [com.apple.network:connection] nw_resolver_host_resolve_callback [C82.1] flags=0x40000002 ifindex=4294967295 error=NoError(0) hostname=localhost. addr=IPv4#075c8fe9 ttl=1
2026-01-28 16:13:50.293 Db NayaVedAI[63826:21027f] [com.apple.network:] sa_dst_compare_rfc6724 Rule 6, prefer d2, d2 precedence 50 > d1 precedence 35
2026-01-28 16:13:50.293 Db NayaVedAI[63826:21027f] [com.apple.network:] sa_dst_compare_internal <private>@0 < <private>@0
2026-01-28 16:13:50.293 Db NayaVedAI[63826:21027f] [com.apple.network:connection] nw_endpoint_resolver_update [C82.1 Hostname#b33e072a:8081 in_progress resolver (satisfied (Path is satisfied), interface: en0[802.11], uses wifi, LQM: unknown)] resolver is complete
2026-01-28 16:13:50.293 Df NayaVedAI[63826:21027f] [com.apple.network:connection] nw_endpoint_resolver_update [C82.1 Hostname#b33e072a:8081 in_progress resolver (satisfied (Path is satisfied), interface: en0[802.11], uses wifi, LQM: unknown)] Adding endpoint handler for IPv6#9530c712.8081
2026-01-28 16:13:50.293 Df NayaVedAI[63826:21027f] [com.apple.network:connection] nw_endpoint_resolver_update [C82.1 Hostname#b33e072a:8081 in_progress resolver (satisfied (Path is satisfied), interface: en0[802.11], uses wifi, LQM: unknown)] Adding endpoint handler for IPv4#eafe643d:8081
2026-01-28 16:13:50.293 Db NayaVedAI[63826:21027f] [com.apple.network:connection] nw_endpoint_resolver_update [C82.1 Hostname#b33e072a:8081 in_progress resolver (satisfied (Path is satisfied), interface: en0[802.11], uses wifi, LQM: unknown)] Updated endpoint list is (IPv6#9530c712.8081,IPv4#eafe643d:8081)
2026-01-28 16:13:50.293 Db NayaVedAI[63826:21027f] [com.apple.network:connection] nw_endpoint_flow_receive_report [C82 Hostname#b33e072a:8081 in_progress parent-flow (satisfied (Path is satisfied), interface: en0[802.11], uses wifi, LQM: unknown)] received child report: [C82.1 Hostname#b33e072a:8081 in_progress resolver (satisfied (Path is satisfied), interface: en0[802.11], uses wifi, LQM: unknown)]
2026-01-28 16:13:50.293 Df NayaVedAI[63826:21027f] [com.apple.network:connection] [C82.1 Hostname#b33e072a:8081 in_progress resolver (satisfied (Path is satisfied), interface: en0[802.11], uses wifi, LQM: unknown)] event: resolver:receive_dns @0.004s
2026-01-28 16:13:50.293 I  NayaVedAI[63826:21027f] [com.apple.network:connection] nw_endpoint_resolver_start_next_child [C82.1 Hostname#b33e072a:8081 in_progress resolver (satisfied (Path is satisfied), interface: en0[802.11], uses wifi, LQM: unknown)] starting child endpoint IPv6#9530c712.8081
2026-01-28 16:13:50.293 I  NayaVedAI[63826:21027f] [com.apple.network:connection] nw_endpoint_handler_start [C82.1.1 IPv6#9530c712.8081 initial path ((null))]
2026-01-28 16:13:50.293 Db NayaVedAI[63826:21027f] [com.apple.network:connection] nw_endpoint_resolver_receive_report [C82.1 Hostname#b33e072a:8081 in_progress resolver (satisfied (Path is satisfied), interface: en0[802.11], uses wifi, LQM: unknown)] received child report: [C82.1.1 IPv6#9530c712.8081 initial path ((null))]
2026-01-28 16:13:50.293 Db NayaVedAI[63826:21027f] [com.apple.network:connection] nw_endpoint_flow_receive_report [C82 Hostname#b33e072a:8081 in_progress parent-flow (satisfied (Path is satisfied), interface: en0[802.11], uses wifi, LQM: unknown)] received child report: [C82.1.1 IPv6#9530c712.8081 initial path ((null))]
2026-01-28 16:13:50.293 Df NayaVedAI[63826:21027f] [com.apple.network:connection] [C82.1.1 IPv6#9530c712.8081 initial path ((null))] event: path:start @0.004s
2026-01-28 16:13:50.293 Db NayaVedAI[63826:21027f] [com.apple.network:connection] nw_endpoint_handler_path_change [C82.1.1 IPv6#9530c712.8081 waiting path (satisfied (Path is satisfied), interface: lo0)]
2026-01-28 16:13:50.293 Db NayaVedAI[63826:21027f] [com.apple.network:connection] nw_endpoint_resolver_receive_report [C82.1 Hostname#b33e072a:8081 in_progress resolver (satisfied (Path is satisfied), interface: en0[802.11], uses wifi, LQM: unknown)] received child report: [C82.1.1 IPv6#9530c712.8081 waiting path (satisfied (Path is satisfied), interface: lo0)]
2026-01-28 16:13:50.293 Db NayaVedAI[63826:21027f] [com.apple.network:connection] nw_endpoint_flow_receive_report [C82 Hostname#b33e072a:8081 in_progress parent-flow (satisfied (Path is satisfied), interface: en0[802.11], uses wifi, LQM: unknown)] received child report: [C82.1.1 IPv6#9530c712.8081 waiting path (satisfied (Path is satisfied), interface: lo0)]
2026-01-28 16:13:50.293 Df NayaVedAI[63826:21027f] [com.apple.network:connection] [C82.1.1 IPv6#9530c712.8081 waiting path (satisfied (Path is satisfied), interface: lo0)] event: path:satisfied @0.004s, uuid: 061C99DB-6A37-48C8-8F5B-91C50D7C2CF8
2026-01-28 16:13:50.293 Db NayaVedAI[63826:21027f] [com.apple.network:] nw_endpoint_proxy_handler_should_use_proxy Looking up proxy for hostname: <nil>, ifindex: 0
2026-01-28 16:13:50.293 Db NayaVedAI[63826:21027f] [com.apple.SystemConfiguration:SCPreferences] create <SCPreferences 0x1088f7340 [0x1e578fa80]> {name = SCDynamicStoreCopyProxiesWithOptions, id = /Library/Managed Preferences/mobile/com.apple.SystemConfiguration.plist, path = /Library/Managed Preferences/mobile/com.apple.SystemConfiguration.plist}
2026-01-28 16:13:50.293 Db NayaVedAI[63826:21027f] [com.apple.SystemConfiguration:SCPreferences] SCPreferences() access: /Library/Managed Preferences/mobile/com.apple.SystemConfiguration.plist, size=0
2026-01-28 16:13:50.293 Db NayaVedAI[63826:21027f] [com.apple.SystemConfiguration:SCPreferences] release <SCPreferences 0x1088f7340 [0x1e578fa80]> {name = SCDynamicStoreCopyProxiesWithOptions, id = /Library/Managed Preferences/mobile/com.apple.SystemConfiguration.plist, path = /Library/Managed Preferences/mobile/com.apple.SystemConfiguration.plist, accessed}
2026-01-28 16:13:50.293 I  NayaVedAI[63826:21027f] [com.apple.network:connection] nw_association_create_flow <nw_association IPv6#9530c712.8081> Added association flow ID E93E2E07-58CB-4D7D-8132-16453FD70DC4
2026-01-28 16:13:50.293 I  NayaVedAI[63826:21027f] [com.apple.network:connection] nw_endpoint_flow_setup_protocols [C82.1.1 IPv6#9530c712.8081 in_progress socket-flow (satisfied (Path is satisfied), interface: lo0)] setup flow id E93E2E07-58CB-4D7D-8132-16453FD70DC4
2026-01-28 16:13:50.293 Db NayaVedAI[63826:21027f] [com.apple.network:connection] nw_endpoint_flow_attach_protocols [C82.1.1 IPv6#9530c712.8081 in_progress socket-flow (satisfied (Path is satisfied), interface: lo0)]
2026-01-28 16:13:50.293 Db NayaVedAI[63826:21027f] [com.apple.network:connection] nw_endpoint_flow_attach_protocols_block_invoke [C82.1.1 IPv6#9530c712.8081 in_progress socket-flow (satisfied (Path is satisfied), interface: lo0)] Attached application protocol: CFNetworkConnection-1110212295
2026-01-28 16:13:50.293 Db NayaVedAI[63826:21027f] [com.apple.network:] nw_fd_wrapper_create Created <fd_wrapper 24, guarded: false>
2026-01-28 16:13:50.293 Db NayaVedAI[63826:21027f] [com.apple.network:connection] nw_endpoint_flow_attach_protocols [C82.1.1 IPv6#9530c712.8081 in_progress socket-flow (satisfied (Path is satisfied), interface: lo0)] Attached socket protocol
2026-01-28 16:13:50.293 Db NayaVedAI[63826:21027f] [com.apple.network:connection] nw_endpoint_flow_setup_protocols [C82.1.1 IPv6#9530c712.8081 in_progress socket-flow (satisfied (Path is satisfied), interface: lo0)] leaf flow starting
2026-01-28 16:13:50.293 Db NayaVedAI[63826:21027f] [com.apple.network:connection] nw_endpoint_resolver_receive_report [C82.1 Hostname#b33e072a:8081 in_progress resolver (satisfied (Path is satisfied), interface: en0[802.11], uses wifi, LQM: unknown)] received child report: [C82.1.1 IPv6#9530c712.8081 in_progress socket-flow (satisfied (Path is satisfied), interface: lo0)]
2026-01-28 16:13:50.293 Db NayaVedAI[63826:21027f] [com.apple.network:connection] nw_endpoint_flow_receive_report [C82 Hostname#b33e072a:8081 in_progress parent-flow (satisfied (Path is satisfied), interface: en0[802.11], uses wifi, LQM: unknown)] received child report: [C82.1.1 IPv6#9530c712.8081 in_progress socket-flow (satisfied (Path is satisfied), interface: lo0)]
2026-01-28 16:13:50.293 Df NayaVedAI[63826:21027f] [com.apple.network:connection] [C82.1.1 IPv6#9530c712.8081 in_progress socket-flow (satisfied (Path is satisfied), interface: lo0)] event: flow:start_connect @0.004s
2026-01-28 16:13:50.293 I  NayaVedAI[63826:21027f] [com.apple.network:connection] nw_endpoint_resolver_start_next_child [C82.1 Hostname#b33e072a:8081 in_progress resolver (satisfied (Path is satisfied), interface: en0[802.11], uses wifi, LQM: unknown)] starting next child endpoint in 100ms
2026-01-28 16:13:50.294 Db NayaVedAI[63826:21027f] [com.apple.network:connection] nw_socket_handle_socket_event [C82.1.1:2] Event mask: 0x800
2026-01-28 16:13:50.294 Df NayaVedAI[63826:21027f] [com.apple.network:connection] nw_socket_handle_socket_event [C82.1.1:2] Socket received CONNECTED event
2026-01-28 16:13:50.294 Db NayaVedAI[63826:21027f] [com.apple.network:connection] nw_socket_setup_notsent_lowat [C82.1.1:2] Set TCP_NOTSENT_LOWAT(16384)
2026-01-28 16:13:50.294 Df NayaVedAI[63826:21027f] [com.apple.network:connection] nw_flow_connected [C82.1.1 IPv6#9530c712.8081 in_progress socket-flow (satisfied (Path is satisfied), interface: lo0)] Transport protocol connected (socket)
2026-01-28 16:13:50.294 Db NayaVedAI[63826:21027f] [com.apple.network:connection] nw_endpoint_resolver_receive_report [C82.1 Hostname#b33e072a:8081 in_progress resolver (satisfied (Path is satisfied), interface: en0[802.11], uses wifi, LQM: unknown)] received child report: [C82.1.1 IPv6#9530c712.8081 in_progress socket-flow (satisfied (Path is satisfied), interface: lo0)]
2026-01-28 16:13:50.294 Db NayaVedAI[63826:21027f] [com.apple.network:connection] nw_endpoint_flow_receive_report [C82 Hostname#b33e072a:8081 in_progress parent-flow (satisfied (Path is satisfied), interface: en0[802.11], uses wifi, LQM: unknown)] received child report: [C82.1.1 IPv6#9530c712.8081 in_progress socket-flow (satisfied (Path is satisfied), interface: lo0)]
2026-01-28 16:13:50.294 Df NayaVedAI[63826:21027f] [com.apple.network:connection] [C82.1.1 IPv6#9530c712.8081 in_progress socket-flow (satisfied (Path is satisfied), interface: lo0)] event: flow:finish_transport @0.005s
2026-01-28 16:13:50.294 I  NayaVedAI[63826:21027f] [com.apple.network:connection] nw_endpoint_resolver_receive_report [C82.1 Hostname#b33e072a:8081 in_progress resolver (satisfied (Path is satisfied), interface: en0[802.11], uses wifi, LQM: unknown)] pushing out endpoint race by 2000ms
2026-01-28 16:13:50.294 Df NayaVedAI[63826:21027f] [com.apple.network:connection] nw_flow_connected [C82.1.1 IPv6#9530c712.8081 in_progress socket-flow (satisfied (Path is satisfied), interface: lo0)] Output protocol connected (CFNetworkConnection-1110212295)
2026-01-28 16:13:50.294 Db NayaVedAI[63826:21027f] [com.apple.network:connection] nw_endpoint_flow_connected_path_change [C82.1.1 IPv6#9530c712.8081 ready socket-flow (satisfied (Path is satisfied), interface: lo0)]
2026-01-28 16:13:50.294 I  NayaVedAI[63826:21027f] [com.apple.network:connection] nw_endpoint_flow_connected_path_change [C82.1.1 IPv6#9530c712.8081 ready socket-flow (satisfied (Path is satisfied), interface: lo0)] Connected path is satisfied, not viable
2026-01-28 16:13:50.294 Db NayaVedAI[63826:21027f] [com.apple.network:connection] nw_endpoint_resolver_receive_report [C82.1 Hostname#b33e072a:8081 in_progress resolver (satisfied (Path is satisfied), interface: en0[802.11], uses wifi, LQM: unknown)] received child report: [C82.1.1 IPv6#9530c712.8081 ready socket-flow (satisfied (Path is satisfied), interface: lo0)]
2026-01-28 16:13:50.294 Db NayaVedAI[63826:21027f] [com.apple.network:connection] nw_endpoint_flow_receive_report [C82 Hostname#b33e072a:8081 in_progress parent-flow (satisfied (Path is satisfied), interface: en0[802.11], uses wifi, LQM: unknown)] received child report: [C82.1.1 IPv6#9530c712.8081 ready socket-flow (satisfied (Path is satisfied), interface: lo0)]
2026-01-28 16:13:50.294 Df NayaVedAI[63826:21027f] [com.apple.network:connection] [C82.1.1 IPv6#9530c712.8081 ready socket-flow (satisfied (Path is satisfied), interface: lo0)] event: flow:child_finish_connect @0.005s
2026-01-28 16:13:50.294 Db NayaVedAI[63826:21027f] [com.apple.network:connection] nw_endpoint_flow_receive_report [C82 IPv6#9530c712.8081 in_progress parent-flow (satisfied (Path is satisfied), interface: en0[802.11], uses wifi, LQM: unknown)] connecting endpoint_flow to child's shared protocol
2026-01-28 16:13:50.294 Db NayaVedAI[63826:21027f] [com.apple.network:connection] nw_endpoint_flow_setup_protocols [C82 IPv6#9530c712.8081 in_progress parent-flow (satisfied (Path is satisfied), interface: en0[802.11], uses wifi, LQM: unknown)] already set up
2026-01-28 16:13:50.294 Db NayaVedAI[63826:21027f] [com.apple.network:connection] nw_endpoint_flow_setup_protocols [C82 IPv6#9530c712.8081 in_progress parent-flow (satisfied (Path is satisfied), interface: en0[802.11], uses wifi, LQM: unknown)] child flow connected, starting
2026-01-28 16:13:50.294 Db NayaVedAI[63826:21027f] [com.apple.network:connection] nw_endpoint_flow_setup_protocols [C82 IPv6#9530c712.8081 in_progress parent-flow (satisfied (Path is satisfied), interface: en0[802.11], uses wifi, LQM: unknown)] already started
2026-01-28 16:13:50.294 Db NayaVedAI[63826:21027f] [com.apple.network:connection] nw_endpoint_flow_receive_report [C82 IPv6#9530c712.8081 in_progress parent-flow (satisfied (Path is satisfied), interface: en0[802.11], uses wifi, LQM: unknown)] received child report: [C82.1 Hostname#b33e072a:8081 ready resolver (satisfied (Path is satisfied), interface: en0[802.11], uses wifi, LQM: unknown)]
2026-01-28 16:13:50.294 Df NayaVedAI[63826:21027f] [com.apple.network:connection] [C82.1 Hostname#b33e072a:8081 ready resolver (satisfied (Path is satisfied), interface: en0[802.11], uses wifi, LQM: unknown)] event: flow:child_finish_connect @0.005s
2026-01-28 16:13:50.294 I  NayaVedAI[63826:21027f] [com.apple.network:connection] nw_endpoint_handler_cancel [C82.1.2 IPv4#eafe643d:8081 initial path ((null))]
2026-01-28 16:13:50.294 Df NayaVedAI[63826:21027f] [com.apple.network:connection] nw_flow_connected [C82 IPv6#9530c712.8081 in_progress parent-flow (satisfied (Path is satisfied), interface: en0[802.11], uses wifi, LQM: unknown)] Output protocol connected (endpoint_flow)
2026-01-28 16:13:50.294 Db NayaVedAI[63826:21027f] [com.apple.network:connection] nw_endpoint_flow_connected_path_change [C82 IPv6#9530c712.8081 ready parent-flow (satisfied (Path is satisfied), interface: en0[802.11], uses wifi, LQM: unknown)]
2026-01-28 16:13:50.294 I  NayaVedAI[63826:21027f] [com.apple.network:connection] nw_endpoint_flow_connected_path_change [C82 IPv6#9530c712.8081 ready parent-flow (satisfied (Path is satisfied), interface: en0[802.11], uses wifi, LQM: unknown)] Connected path is satisfied, child is not viable
2026-01-28 16:13:50.294 Df NayaVedAI[63826:21027f] [com.apple.network:connection] [C82 IPv6#9530c712.8081 ready parent-flow (satisfied (Path is satisfied), interface: en0[802.11], uses wifi, LQM: unknown)] event: flow:finish_connect @0.005s
2026-01-28 16:13:50.295 Db NayaVedAI[63826:21027f] [com.apple.network:connection] nw_connection_run_pqtls_probe_locked_on_nw_queue [C82] No TLS metadata; not running PQ-TLS probe
2026-01-28 16:13:50.295 Db NayaVedAI[63826:21027f] [com.apple.network:connection] nw_connection_run_ech_probe_locked_on_nw_queue [C82] stack doesn't include TLS; not running ECH probe
2026-01-28 16:13:50.295 Db NayaVedAI[63826:21027f] [com.apple.network:connection] nw_connection_endpoint_report_on_nw_queue_block_invoke [C82] Connected fallback generation 0
2026-01-28 16:13:50.295 I  NayaVedAI[63826:21027f] [com.apple.network:connection] nw_connection_start_candidate_manager_if_needed_locked [C82] Checking whether to start candidate manager
2026-01-28 16:13:50.295 Db NayaVedAI[63826:21027f] [com.apple.network:connection] nw_connection_start_candidate_manager_if_needed_locked [C82] Connection does not support multipath, not starting candidate manager
2026-01-28 16:13:50.295 Df NayaVedAI[63826:21027f] [com.apple.network:connection] nw_connection_report_state_with_handler_on_nw_queue [C82] reporting state ready
2026-01-28 16:13:50.295 Df NayaVedAI[63826:21027f] [com.apple.CFNetwork:Default] Connection 82: connected successfully
2026-01-28 16:13:50.295 Df NayaVedAI[63826:21027f] [com.apple.CFNetwork:Default] Connection 82: ready C(N) E(N)
2026-01-28 16:13:50.295 Db NayaVedAI[63826:21027f] [com.apple.CFNetwork:Default] Task <34FABBE9-B981-45AA-9A1A-11B582602275>.<1> done setting up Connection 82
2026-01-28 16:13:50.295 Db NayaVedAI[63826:21027f] [com.apple.network:activity] Returning should log: 0 for activity cfnetwork:foreground_task
2026-01-28 16:13:50.295 Df NayaVedAI[63826:21027f] [com.apple.CFNetwork:Default] Task <34FABBE9-B981-45AA-9A1A-11B582602275>.<1> now using Connection 82
2026-01-28 16:13:50.295 Db NayaVedAI[63826:21027f] [com.apple.network:activity] Returning should log: 0 for activity cfnetwork:foreground_task
2026-01-28 16:13:50.295 Df NayaVedAI[63826:20fb26] [com.apple.CFNetwork:Default] Task <CA596717-11A1-4955-BEA6-B93B7BD0DBFC>.<2> resuming, timeouts(0.0, 604800.0) qos(0x19) voucher((null)) activity(00000000-0000-0000-0000-000000000000)
2026-01-28 16:13:50.295 Db NayaVedAI[63826:20fb26] [com.apple.network:activity] Returning should log: 0 for activity cfnetwork:foreground_task
2026-01-28 16:13:50.295 Db NayaVedAI[63826:20fb26] [com.apple.network:activity] Domain cfnetwork rate configured in registry as 1 / 20000
2026-01-28 16:13:50.295 Db NayaVedAI[63826:20fb26] [com.apple.network:activity] Domain cfnetwork rate configured after remote default override as 1 / 20000
2026-01-28 16:13:50.295 Db NayaVedAI[63826:20fb26] [com.apple.network:activity] After reading settings plist, domain cfnetwork rate configured as 1 / 2000000
2026-01-28 16:13:50.295 Db NayaVedAI[63826:20fb26] [com.apple.network:activity] After settings override, domain cfnetwork rate configured as 1 / 2000000
2026-01-28 16:13:50.295 Db NayaVedAI[63826:20fb26] [com.apple.network:activity] Final domain cfnetwork rate configured as 1 / 2000000
2026-01-28 16:13:50.296 Db NayaVedAI[63826:20fb26] [com.apple.network:activity] <nw_activity 12:2 [No UUID] (reporting strategy default)> sampled at 1 / 2000000
2026-01-28 16:13:50.296 Db NayaVedAI[63826:20fb26] [com.apple.network:activity] Returning should log: 0 for activity cfnetwork:foreground_task
2026-01-28 16:13:50.296 Db NayaVedAI[63826:20fb26] [com.apple.network:activity] Returning should log: 0 for activity cfnetwork:foreground_task
2026-01-28 16:13:50.296 Db NayaVedAI[63826:20fb26] [com.apple.CFNetwork:Default] [Telemetry]: Activity <nw_activity 12:2 [B356AB15-2DA9-4614-B78E-597A66C54196] (reporting strategy default)> on Task <CA596717-11A1-4955-BEA6-B93B7BD0DBFC>.<2> was not selected for reporting
2026-01-28 16:13:50.296 Db NayaVedAI[63826:21027f] [com.apple.CFNetwork:ATS] Uploading ATS exception ATSAllowsLocalNetworking
2026-01-28 16:13:50.296 A  NayaVedAI[63826:2102f1] (Security) SecTrustReportNetworkingAnalytics
2026-01-28 16:13:50.297 Df NayaVedAI[63826:2102f1] [com.apple.securityd:SecError] SecTrustReportNetworkingAnalytics failed with error: -4
2026-01-28 16:13:50.297 Df NayaVedAI[63826:21027f] [com.apple.CFNetwork:Default] Task <34FABBE9-B981-45AA-9A1A-11B582602275>.<1> sent request, body N 0
2026-01-28 16:13:50.298 I  NayaVedAI[63826:21027f] [com.apple.network:connection] nw_connection_create_with_id [C83] create connection to Hostname#b33e072a:8081
2026-01-28 16:13:50.298 Df NayaVedAI[63826:21027f] [com.apple.CFNetwork:Default] Connection 83: starting, TC(0x0)
2026-01-28 16:13:50.298 Db NayaVedAI[63826:20fabf] [com.apple.defaults:User Defaults] looked up value 1 for key RCTI18nUtil_makeRTLFlipLeftAndRightStyles in CFPrefsPlistSource<0x600002c00600> (Domain: com.nayaved.app, User: kCFPreferencesCurrentUser, ByHost: No, Container: (null), Contents Need Refresh: No) via CFPrefsSearchListSource<0x600002c00200> (Domain: com.nayaved.app, Container: (null) Non-launch persona: 0)
2026-01-28 16:13:50.298 Df NayaVedAI[63826:21027f] [com.apple.network:connection] [C83 37F3BF97-9B2B-4191-9A6C-0D8EAB54E9AB Hostname#b33e072a:8081 tcp, url: http://localhost:8081/symbolicate, definite, attribution: developer, context: com.apple.CFNetwork.NSURLSession.{E73EECD8-A8E7-4E69-8560-AB545F9D9A60}{(null)}{Y}{2}{0x0} (private), proc: 63B02D91-D502-3FF5-9842-92830ECC12FF, delegated upid: 0] start
2026-01-28 16:13:50.298 Db NayaVedAI[63826:20fabf] [com.apple.defaults:User Defaults] looked up value 1 for key RCTI18nUtil_makeRTLFlipLeftAndRightStyles in CFPrefsPlistSource<0x600002c00600> (Domain: com.nayaved.app, User: kCFPreferencesCurrentUser, ByHost: No, Container: (null), Contents Need Refresh: No) via CFPrefsSearchListSource<0x600002c00200> (Domain: com.nayaved.app, Container: (null) Non-launch persona: 0)
2026-01-28 16:13:50.298 I  NayaVedAI[63826:21027f] [com.apple.network:connection] nw_endpoint_handler_start [C83 Hostname#b33e072a:8081 initial parent-flow ((null))]
2026-01-28 16:13:50.298 Db NayaVedAI[63826:20fabf] [com.apple.defaults:User Defaults] looked up value 1 for key RCTI18nUtil_makeRTLFlipLeftAndRightStyles in CFPrefsPlistSource<0x600002c00600> (Domain: com.nayaved.app, User: kCFPreferencesCurrentUser, ByHost: No, Container: (null), Contents Need Refresh: No) via CFPrefsSearchListSource<0x600002c00200> (Domain: com.nayaved.app, Container: (null) Non-launch persona: 0)
2026-01-28 16:13:50.298 Df NayaVedAI[63826:21027f] [com.apple.network:connection] [C83 Hostname#b33e072a:8081 initial parent-flow ((null))] event: path:start @0.000s
2026-01-28 16:13:50.298 Db NayaVedAI[63826:21027f] [com.apple.network:connection] nw_endpoint_handler_path_change [C83 Hostname#b33e072a:8081 waiting parent-flow (satisfied (Path is satisfied), interface: en0[802.11], uses wifi, LQM: unknown)]
2026-01-28 16:13:50.298 Db NayaVedAI[63826:21027f] [com.apple.networkextension:] ne_tracker_check_is_hostname_blocked() proceeding with the in_the_app check for hostname: localhost
2026-01-28 16:13:50.298 Db NayaVedAI[63826:21027f] [com.apple.CFBundle:resources] Resource lookup at CFBundle 0x600003b10000 </Users/shivi.agarwal/Library/Developer/CoreSimulator/Devices/AC7E343F-585F-430E-B17D-BDD649803605/data/Containers/Bundle/Application/526E8406-59B6-4C05-9D18-38A7EF2F46C7/NayaVedAI.app> (executable, loaded)
	Request       : InfoPlist type: strings
	Result        : None
2026-01-28 16:13:50.298 Db NayaVedAI[63826:21027f] [com.apple.CFBundle:resources] Resource lookup at CFBundle 0x600003b10000 </Users/shivi.agarwal/Library/Developer/CoreSimulator/Devices/AC7E343F-585F-430E-B17D-BDD649803605/data/Containers/Bundle/Application/526E8406-59B6-4C05-9D18-38A7EF2F46C7/NayaVedAI.app> (executable, loaded)
	Request       : InfoPlist type: stringsdict
	Result        : None
2026-01-28 16:13:50.298 Db NayaVedAI[63826:21027f] [com.apple.networkextension:] ne_tracker_check_is_hostname_blocked(): hostname localhost is not a tracker. Returning: ne_tracker_status_none
2026-01-28 16:13:50.298 Df NayaVedAI[63826:21027f] [com.apple.network:connection] [C83 Hostname#b33e072a:8081 waiting parent-flow (satisfied (Path is satisfied), interface: en0[802.11], uses wifi, LQM: unknown)] event: path:satisfied @0.000s, uuid: 9AAD2D77-B093-4289-8AB4-392411F166AB
2026-01-28 16:13:50.298 I  NayaVedAI[63826:21027f] [com.apple.network:connection] nw_connection_endpoint_report_on_nw_queue_block_invoke [C83 Hostname#b33e072a:8081 waiting parent-flow (satisfied (Path is satisfied), interface: en0[802.11], uses wifi, LQM: unknown)] skipping state update
2026-01-28 16:13:50.298 Db NayaVedAI[63826:21027f] [com.apple.network:] nw_endpoint_proxy_handler_should_use_proxy Looking up proxy for hostname: localhost, ifindex: 0
2026-01-28 16:13:50.298 Db NayaVedAI[63826:21027f] [com.apple.SystemConfiguration:SCPreferences] create <SCPreferences 0x12e64d6e0 [0x1e578fa80]> {name = SCDynamicStoreCopyProxiesWithOptions, id = /Library/Managed Preferences/mobile/com.apple.SystemConfiguration.plist, path = /Library/Managed Preferences/mobile/com.apple.SystemConfiguration.plist}
2026-01-28 16:13:50.298 Db NayaVedAI[63826:21027f] [com.apple.SystemConfiguration:SCPreferences] SCPreferences() access: /Library/Managed Preferences/mobile/com.apple.SystemConfiguration.plist, size=0
2026-01-28 16:13:50.298 Db NayaVedAI[63826:21027f] [com.apple.SystemConfiguration:SCPreferences] release <SCPreferences 0x12e64d6e0 [0x1e578fa80]> {name = SCDynamicStoreCopyProxiesWithOptions, id = /Library/Managed Preferences/mobile/com.apple.SystemConfiguration.plist, path = /Library/Managed Preferences/mobile/com.apple.SystemConfiguration.plist, accessed}
2026-01-28 16:13:50.299 Db NayaVedAI[63826:21027f] [com.apple.network:connection] nw_endpoint_flow_attach_protocols [C83 Hostname#b33e072a:8081 in_progress parent-flow (satisfied (Path is satisfied), interface: en0[802.11], uses wifi, LQM: unknown)]
2026-01-28 16:13:50.299 Db NayaVedAI[63826:21027f] [com.apple.network:connection] nw_endpoint_flow_attach_protocols [C83 Hostname#b33e072a:8081 in_progress parent-flow (satisfied (Path is satisfied), interface: en0[802.11], uses wifi, LQM: unknown)] stopping after adding persistent application protocols
2026-01-28 16:13:50.299 Db NayaVedAI[63826:21027f] [com.apple.network:connection] nw_endpoint_flow_setup_protocols [C83 Hostname#b33e072a:8081 in_progress parent-flow (satisfied (Path is satisfied), interface: en0[802.11], uses wifi, LQM: unknown)] persistent protocol stack, starting
2026-01-28 16:13:50.299 Df NayaVedAI[63826:21027f] [com.apple.network:connection] [C83 Hostname#b33e072a:8081 in_progress parent-flow (satisfied (Path is satisfied), interface: en0[802.11], uses wifi, LQM: unknown)] event: flow:start_connect @0.000s
2026-01-28 16:13:50.299 Df NayaVedAI[63826:21027f] [com.apple.network:connection] nw_connection_report_state_with_handler_on_nw_queue [C83] reporting state preparing
2026-01-28 16:13:50.299 I  NayaVedAI[63826:21027f] [com.apple.network:connection] nw_endpoint_flow_connect [C83 Hostname#b33e072a:8081 in_progress parent-flow (satisfied (Path is satisfied), interface: en0[802.11], uses wifi, LQM: unknown)] connect bottom protocol
2026-01-28 16:13:50.299 Db NayaVedAI[63826:21027f] [com.apple.network:connection] nw_endpoint_flow_start_child [C83 Hostname#b33e072a:8081 in_progress parent-flow (satisfied (Path is satisfied), interface: en0[802.11], uses wifi, LQM: unknown)] creating and starting child handler
2026-01-28 16:13:50.299 Db NayaVedAI[63826:21027f] [com.apple.network:] nw_endpoint_proxy_handler_should_use_proxy Looking up proxy for hostname: localhost, ifindex: 0
2026-01-28 16:13:50.299 Db NayaVedAI[63826:21027f] [com.apple.SystemConfiguration:SCPreferences] create <SCPreferences 0x12e64d6e0 [0x1e578fa80]> {name = SCDynamicStoreCopyProxiesWithOptions, id = /Library/Managed Preferences/mobile/com.apple.SystemConfiguration.plist, path = /Library/Managed Preferences/mobile/com.apple.SystemConfiguration.plist}
2026-01-28 16:13:50.299 Db NayaVedAI[63826:21027f] [com.apple.SystemConfiguration:SCPreferences] SCPreferences() access: /Library/Managed Preferences/mobile/com.apple.SystemConfiguration.plist, size=0
2026-01-28 16:13:50.299 Db NayaVedAI[63826:21027f] [com.apple.SystemConfiguration:SCPreferences] release <SCPreferences 0x12e64d6e0 [0x1e578fa80]> {name = SCDynamicStoreCopyProxiesWithOptions, id = /Library/Managed Preferences/mobile/com.apple.SystemConfiguration.plist, path = /Library/Managed Preferences/mobile/com.apple.SystemConfiguration.plist, accessed}
2026-01-28 16:13:50.299 Df NayaVedAI[63826:21027f] [com.apple.network:connection] [C83 Hostname#b33e072a:8081 in_progress parent-flow (satisfied (Path is satisfied), interface: en0[802.11], uses wifi, LQM: unknown)] event: flow:start_child @0.000s
2026-01-28 16:13:50.299 I  NayaVedAI[63826:21027f] [com.apple.network:connection] nw_endpoint_handler_start [C83.1 Hostname#b33e072a:8081 initial path ((null))]
2026-01-28 16:13:50.299 Db NayaVedAI[63826:21027f] [com.apple.network:connection] nw_endpoint_flow_receive_report [C83 Hostname#b33e072a:8081 in_progress parent-flow (satisfied (Path is satisfied), interface: en0[802.11], uses wifi, LQM: unknown)] received child report: [C83.1 Hostname#b33e072a:8081 initial path ((null))]
2026-01-28 16:13:50.299 Df NayaVedAI[63826:21027f] [com.apple.network:connection] [C83.1 Hostname#b33e072a:8081 initial path ((null))] event: path:start @0.000s
2026-01-28 16:13:50.299 Db NayaVedAI[63826:21027f] [com.apple.network:connection] nw_endpoint_handler_path_change [C83.1 Hostname#b33e072a:8081 waiting path (satisfied (Path is satisfied), interface: en0[802.11], uses wifi, LQM: unknown)]
2026-01-28 16:13:50.299 Db NayaVedAI[63826:21027f] [com.apple.networkextension:] ne_tracker_check_is_hostname_blocked() proceeding with the in_the_app check for hostname: localhost
2026-01-28 16:13:50.299 Db NayaVedAI[63826:21027f] [com.apple.CFBundle:resources] Resource lookup at CFBundle 0x600003b10000 </Users/shivi.agarwal/Library/Developer/CoreSimulator/Devices/AC7E343F-585F-430E-B17D-BDD649803605/data/Containers/Bundle/Application/526E8406-59B6-4C05-9D18-38A7EF2F46C7/NayaVedAI.app> (executable, loaded)
	Request       : InfoPlist type: strings
	Result        : None
2026-01-28 16:13:50.299 Db NayaVedAI[63826:21027f] [com.apple.CFBundle:resources] Resource lookup at CFBundle 0x600003b10000 </Users/shivi.agarwal/Library/Developer/CoreSimulator/Devices/AC7E343F-585F-430E-B17D-BDD649803605/data/Containers/Bundle/Application/526E8406-59B6-4C05-9D18-38A7EF2F46C7/NayaVedAI.app> (executable, loaded)
	Request       : InfoPlist type: stringsdict
	Result        : None
2026-01-28 16:13:50.299 Db NayaVedAI[63826:21027f] [com.apple.networkextension:] ne_tracker_check_is_hostname_blocked(): hostname localhost is not a tracker. Returning: ne_tracker_status_none
2026-01-28 16:13:50.299 I  NayaVedAI[63826:20fabf] [com.apple.Accessibility:AXRuntimeNotifications] Attempting to send notification:  (1018) <private>
2026-01-28 16:13:50.299 Db NayaVedAI[63826:21027f] [com.apple.network:connection] nw_endpoint_flow_receive_report [C83 Hostname#b33e072a:8081 in_progress parent-flow (satisfied (Path is satisfied), interface: en0[802.11], uses wifi, LQM: unknown)] received child report: [C83.1 Hostname#b33e072a:8081 waiting path (satisfied (Path is satisfied), interface: en0[802.11], uses wifi, LQM: unknown)]
2026-01-28 16:13:50.299 Df NayaVedAI[63826:21027f] [com.apple.network:connection] [C83.1 Hostname#b33e072a:8081 waiting path (satisfied (Path is satisfied), interface: en0[802.11], uses wifi, LQM: unknown)] event: path:satisfied @0.001s, uuid: 9AAD2D77-B093-4289-8AB4-392411F166AB
2026-01-28 16:13:50.299 Db NayaVedAI[63826:21027f] [com.apple.network:] nw_endpoint_proxy_handler_should_use_proxy Looking up proxy for hostname: localhost, ifindex: 0
2026-01-28 16:13:50.299 Db NayaVedAI[63826:21027f] [com.apple.SystemConfiguration:SCPreferences] create <SCPreferences 0x107522980 [0x1e578fa80]> {name = SCDynamicStoreCopyProxiesWithOptions, id = /Library/Managed Preferences/mobile/com.apple.SystemConfiguration.plist, path = /Library/Managed Preferences/mobile/com.apple.SystemConfiguration.plist}
2026-01-28 16:13:50.299 Db NayaVedAI[63826:21027f] [com.apple.SystemConfiguration:SCPreferences] SCPreferences() access: /Library/Managed Preferences/mobile/com.apple.SystemConfiguration.plist, size=0
2026-01-28 16:13:50.299 Db NayaVedAI[63826:21027f] [com.apple.SystemConfiguration:SCPreferences] release <SCPreferences 0x107522980 [0x1e578fa80]> {name = SCDynamicStoreCopyProxiesWithOptions, id = /Library/Managed Preferences/mobile/com.apple.SystemConfiguration.plist, path = /Library/Managed Preferences/mobile/com.apple.SystemConfiguration.plist, accessed}
2026-01-28 16:13:50.300 I  NayaVedAI[63826:20fabf] [com.apple.Accessibility:AXRuntimeNotifications] Did post notification. notification:  (1018) error:0 data:<private>
2026-01-28 16:13:50.300 Db NayaVedAI[63826:21027f] [com.apple.network:connection] -[NWConcrete_nw_endpoint_resolver startWithHandler:] [C83.1 Hostname#b33e072a:8081 waiting resolver (satisfied (Path is satisfied), interface: en0[802.11], uses wifi, LQM: unknown)]
2026-01-28 16:13:50.300 Db NayaVedAI[63826:21027f] [com.apple.network:connection] nw_endpoint_flow_receive_report [C83 Hostname#b33e072a:8081 in_progress parent-flow (satisfied (Path is satisfied), interface: en0[802.11], uses wifi, LQM: unknown)] received child report: [C83.1 Hostname#b33e072a:8081 in_progress resolver (satisfied (Path is satisfied), interface: en0[802.11], uses wifi, LQM: unknown)]
2026-01-28 16:13:50.300 Df NayaVedAI[63826:21027f] [com.apple.network:connection] [C83.1 Hostname#b33e072a:8081 in_progress resolver (satisfied (Path is satisfied), interface: en0[802.11], uses wifi, LQM: unknown)] event: resolver:start_dns @0.001s
2026-01-28 16:13:50.300 Db NayaVedAI[63826:21027f] [com.apple.networkextension:] ne_tracker_check_is_hostname_blocked() proceeding with the in_the_app check for hostname: localhost
2026-01-28 16:13:50.300 Db NayaVedAI[63826:21027f] [com.apple.CFBundle:resources] Resource lookup at CFBundle 0x600003b10000 </Users/shivi.agarwal/Library/Developer/CoreSimulator/Devices/AC7E343F-585F-430E-B17D-BDD649803605/data/Containers/Bundle/Application/526E8406-59B6-4C05-9D18-38A7EF2F46C7/NayaVedAI.app> (executable, loaded)
	Request       : InfoPlist type: strings
	Result        : None
2026-01-28 16:13:50.300 Db NayaVedAI[63826:21027f] [com.apple.CFBundle:resources] Resource lookup at CFBundle 0x600003b10000 </Users/shivi.agarwal/Library/Developer/CoreSimulator/Devices/AC7E343F-585F-430E-B17D-BDD649803605/data/Containers/Bundle/Application/526E8406-59B6-4C05-9D18-38A7EF2F46C7/NayaVedAI.app> (executable, loaded)
	Request       : InfoPlist type: stringsdict
	Result        : None
2026-01-28 16:13:50.301 Db NayaVedAI[63826:21027f] [com.apple.networkextension:] ne_tracker_check_is_hostname_blocked(): hostname localhost is not a tracker. Returning: ne_tracker_status_none
2026-01-28 16:13:50.310 I  NayaVedAI[63826:21027f] [com.apple.network:connection] nw_resolver_create_dns_service_locked [C83.1] Starting host resolution Hostname#b33e072a:8081, flags 0xc000d000 proto 0
2026-01-28 16:13:50.310 Df NayaVedAI[63826:21027f] [com.apple.CFNetwork:Default] Task <CA596717-11A1-4955-BEA6-B93B7BD0DBFC>.<2> setting up Connection 83
2026-01-28 16:13:50.310 Db NayaVedAI[63826:21027f] [com.apple.network:activity] Returning should log: 0 for activity cfnetwork:foreground_task
2026-01-28 16:13:50.310 I  NayaVedAI[63826:21027f] [com.apple.network:connection] nw_resolver_host_resolve_callback [C83.1] flags=0x40000003 ifindex=4294967295 error=NoError(0) hostname=localhost. addr=IPv6#42e9e5e9 ttl=1
2026-01-28 16:13:50.310 I  NayaVedAI[63826:21027f] [com.apple.network:connection] nw_resolver_host_resolve_callback [C83.1] flags=0x40000002 ifindex=4294967295 error=NoError(0) hostname=localhost. addr=IPv4#075c8fe9 ttl=1
2026-01-28 16:13:50.310 Db NayaVedAI[63826:21027f] [com.apple.network:] sa_dst_compare_rfc6724 Rule 6, prefer d2, d2 precedence 50 > d1 precedence 35
2026-01-28 16:13:50.310 Db NayaVedAI[63826:21027f] [com.apple.network:] sa_dst_compare_internal <private>@0 < <private>@0
2026-01-28 16:13:50.310 I  NayaVedAI[63826:21027f] [com.apple.network:connection] nw_resolver_create_prefer_connected_variant [C83.1] Prefer Connected: IPv6#9530c712.8081 is already the first endpoint
2026-01-28 16:13:50.310 Df NayaVedAI[63826:21027f] [com.apple.CFNetwork:Default] Task <34FABBE9-B981-45AA-9A1A-11B582602275>.<1> received response, status 200 content K
2026-01-28 16:13:50.310 Db NayaVedAI[63826:21027f] [com.apple.network:connection] nw_connection_modify_estimated_bytes_block_invoke [C82] Incremented estimated bytes to receive by 187, total now 187
2026-01-28 16:13:50.310 Db NayaVedAI[63826:21027f] [com.apple.network:connection] nw_connection_modify_estimated_bytes_block_invoke [C82] Using lower threshold 12582912, upper threshold 31457280
2026-01-28 16:13:50.310 Df NayaVedAI[63826:21027f] [com.apple.CFNetwork:Default] Task <34FABBE9-B981-45AA-9A1A-11B582602275>.<1> response ended
2026-01-28 16:13:50.310 Df NayaVedAI[63826:21027f] [com.apple.CFNetwork:Default] Task <34FABBE9-B981-45AA-9A1A-11B582602275>.<1> done using Connection 82
2026-01-28 16:13:50.310 Db NayaVedAI[63826:21027f] [com.apple.network:activity] Returning should log: 0 for activity cfnetwork:foreground_task
2026-01-28 16:13:50.310 Db NayaVedAI[63826:21027f] [com.apple.network:connection] nw_endpoint_resolver_update [C83.1 Hostname#b33e072a:8081 in_progress resolver (satisfied (Path is satisfied), interface: en0[802.11], uses wifi, LQM: unknown)] resolver is complete
2026-01-28 16:13:50.310 Df NayaVedAI[63826:21027f] [com.apple.network:connection] nw_endpoint_resolver_update [C83.1 Hostname#b33e072a:8081 in_progress resolver (satisfied (Path is satisfied), interface: en0[802.11], uses wifi, LQM: unknown)] Adding endpoint handler for IPv6#9530c712.8081
2026-01-28 16:13:50.310 Df NayaVedAI[63826:21027f] [com.apple.network:connection] nw_endpoint_resolver_update [C83.1 Hostname#b33e072a:8081 in_progress resolver (satisfied (Path is satisfied), interface: en0[802.11], uses wifi, LQM: unknown)] Adding endpoint handler for IPv4#eafe643d:8081
2026-01-28 16:13:50.310 Db NayaVedAI[63826:21027f] [com.apple.network:connection] nw_endpoint_resolver_update [C83.1 Hostname#b33e072a:8081 in_progress resolver (satisfied (Path is satisfied), interface: en0[802.11], uses wifi, LQM: unknown)] Updated endpoint list is (IPv6#9530c712.8081,IPv4#eafe643d:8081)
2026-01-28 16:13:50.310 Df NayaVedAI[63826:21011c] [com.apple.CFNetwork:Summary] Task <34FABBE9-B981-45AA-9A1A-11B582602275>.<1> summary for task success {transaction_duration_ms=22, response_status=200, connection=82, protocol="http/1.1", domain_lookup_duration_ms=1, connect_duration_ms=1, secure_connection_duration_ms=0, private_relay=false, request_start_ms=7, request_duration_ms=0, response_start_ms=21, response_duration_ms=0, request_bytes=370, request_throughput_kbps=6758, response_bytes=498, response_throughput_kbps=25688, cache_hit=false}
2026-01-28 16:13:50.311 Df NayaVedAI[63826:21011c] [com.apple.CFNetwork:Default] Task <34FABBE9-B981-45AA-9A1A-11B582602275>.<1> finished successfully
2026-01-28 16:13:50.311 Db NayaVedAI[63826:21011c] [com.apple.network:activity] Returning should log: 0 for activity cfnetwork:foreground_task
2026-01-28 16:13:50.311 Db NayaVedAI[63826:21011c] [com.apple.network:activity] Returning should log: 0 for activity cfnetwork:foreground_task
2026-01-28 16:13:50.311 Db NayaVedAI[63826:21011c] [com.apple.network:activity] No threshold for cfnetwork:foreground_task, returning NW_ACTIVITY_DURATION_INVALID
2026-01-28 16:13:50.311 Db NayaVedAI[63826:21011c] [com.apple.network:activity] No threshold for activity <nw_activity 12:2 [6612FB50-46AD-419A-97EE-4ED74137D9CB] (reporting strategy default) complete (reason success)>
2026-01-28 16:13:50.310 Db NayaVedAI[63826:21027f] [com.apple.network:connection] nw_endpoint_flow_receive_report [C83 Hostname#b33e072a:8081 in_progress parent-flow (satisfied (Path is satisfied), interface: en0[802.11], uses wifi, LQM: unknown)] received child report: [C83.1 Hostname#b33e072a:8081 in_progress resolver (satisfied (Path is satisfied), interface: en0[802.11], uses wifi, LQM: unknown)]
2026-01-28 16:13:50.311 Df NayaVedAI[63826:21027f] [com.apple.network:connection] [C83.1 Hostname#b33e072a:8081 in_progress resolver (satisfied (Path is satisfied), interface: en0[802.11], uses wifi, LQM: unknown)] event: resolver:receive_dns @0.012s
2026-01-28 16:13:50.311 Db NayaVedAI[63826:21027f] [com.apple.CFNetwork:Default] Connection 82: set is idle true
2026-01-28 16:13:50.311 Df NayaVedAI[63826:21027f] [com.apple.network:connection] [C82] event: client:connection_idle @0.022s
2026-01-28 16:13:50.311 I  NayaVedAI[63826:21027f] [com.apple.network:connection] nw_endpoint_handler_report_connection_idle [C82 IPv6#9530c712.8081 ready parent-flow (satisfied (Path is satisfied), interface: en0[802.11], uses wifi, LQM: unknown)] Reporting connection idle to protocols
2026-01-28 16:13:50.311 I  NayaVedAI[63826:21027f] [com.apple.network:connection] nw_flow_passthrough_notify [C82.1.1 IPv6#9530c712.8081 ready socket-flow (satisfied (Path is satisfied), interface: lo0)] received notification connection_idle
2026-01-28 16:13:50.311 Df NayaVedAI[63826:21027f] [com.apple.network:connection] nw_protocol_socket_notify [C82.1.1:2] nw_protocol_notification_type_connection_idle is true
2026-01-28 16:13:50.311 Db NayaVedAI[63826:21027f] [com.apple.CFNetwork:Default] Connection 82: set is idle true
2026-01-28 16:13:50.311 Df NayaVedAI[63826:21027f] [com.apple.network:connection] [C82] event: client:connection_idle @0.022s
2026-01-28 16:13:50.312 I  NayaVedAI[63826:21027f] [com.apple.network:connection] nw_endpoint_handler_report_connection_idle [C82 IPv6#9530c712.8081 ready parent-flow (satisfied (Path is satisfied), interface: en0[802.11], uses wifi, LQM: unknown)] Reporting connection idle to protocols
2026-01-28 16:13:50.312 I  NayaVedAI[63826:21027f] [com.apple.network:connection] nw_flow_passthrough_notify [C82.1.1 IPv6#9530c712.8081 ready socket-flow (satisfied (Path is satisfied), interface: lo0)] received notification connection_idle
2026-01-28 16:13:50.312 Df NayaVedAI[63826:21027f] [com.apple.network:connection] nw_protocol_socket_notify [C82.1.1:2] nw_protocol_notification_type_connection_idle is true
2026-01-28 16:13:50.312 I  NayaVedAI[63826:21027f] [com.apple.network:connection] nw_endpoint_resolver_start_next_child [C83.1 Hostname#b33e072a:8081 in_progress resolver (satisfied (Path is satisfied), interface: en0[802.11], uses wifi, LQM: unknown)] starting child endpoint IPv6#9530c712.8081
2026-01-28 16:13:50.312 I  NayaVedAI[63826:21027f] [com.apple.network:connection] nw_endpoint_handler_start [C83.1.1 IPv6#9530c712.8081 initial path ((null))]
2026-01-28 16:13:50.312 Db NayaVedAI[63826:21027f] [com.apple.network:connection] nw_endpoint_resolver_receive_report [C83.1 Hostname#b33e072a:8081 in_progress resolver (satisfied (Path is satisfied), interface: en0[802.11], uses wifi, LQM: unknown)] received child report: [C83.1.1 IPv6#9530c712.8081 initial path ((null))]
2026-01-28 16:13:50.312 Db NayaVedAI[63826:21027f] [com.apple.network:connection] nw_endpoint_flow_receive_report [C83 Hostname#b33e072a:8081 in_progress parent-flow (satisfied (Path is satisfied), interface: en0[802.11], uses wifi, LQM: unknown)] received child report: [C83.1.1 IPv6#9530c712.8081 initial path ((null))]
2026-01-28 16:13:50.312 Df NayaVedAI[63826:21027f] [com.apple.network:connection] [C83.1.1 IPv6#9530c712.8081 initial path ((null))] event: path:start @0.014s
2026-01-28 16:13:50.312 Db NayaVedAI[63826:21027f] [com.apple.network:connection] nw_endpoint_handler_path_change [C83.1.1 IPv6#9530c712.8081 waiting path (satisfied (Path is satisfied), interface: lo0)]
2026-01-28 16:13:50.312 Db NayaVedAI[63826:21027f] [com.apple.network:connection] nw_endpoint_resolver_receive_report [C83.1 Hostname#b33e072a:8081 in_progress resolver (satisfied (Path is satisfied), interface: en0[802.11], uses wifi, LQM: unknown)] received child report: [C83.1.1 IPv6#9530c712.8081 waiting path (satisfied (Path is satisfied), interface: lo0)]
2026-01-28 16:13:50.312 Db NayaVedAI[63826:21027f] [com.apple.network:connection] nw_endpoint_flow_receive_report [C83 Hostname#b33e072a:8081 in_progress parent-flow (satisfied (Path is satisfied), interface: en0[802.11], uses wifi, LQM: unknown)] received child report: [C83.1.1 IPv6#9530c712.8081 waiting path (satisfied (Path is satisfied), interface: lo0)]
2026-01-28 16:13:50.312 Df NayaVedAI[63826:21027f] [com.apple.network:connection] [C83.1.1 IPv6#9530c712.8081 waiting path (satisfied (Path is satisfied), interface: lo0)] event: path:satisfied @0.014s, uuid: 061C99DB-6A37-48C8-8F5B-91C50D7C2CF8
2026-01-28 16:13:50.312 Db NayaVedAI[63826:21027f] [com.apple.network:] nw_endpoint_proxy_handler_should_use_proxy Looking up proxy for hostname: <nil>, ifindex: 0
2026-01-28 16:13:50.312 Db NayaVedAI[63826:21027f] [com.apple.SystemConfiguration:SCPreferences] create <SCPreferences 0x12e64d6e0 [0x1e578fa80]> {name = SCDynamicStoreCopyProxiesWithOptions, id = /Library/Managed Preferences/mobile/com.apple.SystemConfiguration.plist, path = /Library/Managed Preferences/mobile/com.apple.SystemConfiguration.plist}
2026-01-28 16:13:50.312 Db NayaVedAI[63826:21027f] [com.apple.SystemConfiguration:SCPreferences] SCPreferences() access: /Library/Managed Preferences/mobile/com.apple.SystemConfiguration.plist, size=0
2026-01-28 16:13:50.312 Db NayaVedAI[63826:21027f] [com.apple.SystemConfiguration:SCPreferences] release <SCPreferences 0x12e64d6e0 [0x1e578fa80]> {name = SCDynamicStoreCopyProxiesWithOptions, id = /Library/Managed Preferences/mobile/com.apple.SystemConfiguration.plist, path = /Library/Managed Preferences/mobile/com.apple.SystemConfiguration.plist, accessed}
2026-01-28 16:13:50.313 I  NayaVedAI[63826:21027f] [com.apple.network:connection] nw_association_create_flow <nw_association IPv6#9530c712.8081> Added association flow ID 071D8B50-C680-44D1-8094-2142B35B95B5
2026-01-28 16:13:50.313 I  NayaVedAI[63826:21027f] [com.apple.network:connection] nw_endpoint_flow_setup_protocols [C83.1.1 IPv6#9530c712.8081 in_progress socket-flow (satisfied (Path is satisfied), interface: lo0)] setup flow id 071D8B50-C680-44D1-8094-2142B35B95B5
2026-01-28 16:13:50.313 Db NayaVedAI[63826:21027f] [com.apple.network:connection] nw_endpoint_flow_attach_protocols [C83.1.1 IPv6#9530c712.8081 in_progress socket-flow (satisfied (Path is satisfied), interface: lo0)]
2026-01-28 16:13:50.313 Db NayaVedAI[63826:21027f] [com.apple.network:connection] nw_endpoint_flow_attach_protocols_block_invoke [C83.1.1 IPv6#9530c712.8081 in_progress socket-flow (satisfied (Path is satisfied), interface: lo0)] Attached application protocol: CFNetworkConnection-1110212295
2026-01-28 16:13:50.313 Db NayaVedAI[63826:21027f] [com.apple.network:] nw_fd_wrapper_create Created <fd_wrapper 25, guarded: false>
2026-01-28 16:13:50.313 Db NayaVedAI[63826:21027f] [com.apple.network:connection] nw_endpoint_flow_attach_protocols [C83.1.1 IPv6#9530c712.8081 in_progress socket-flow (satisfied (Path is satisfied), interface: lo0)] Attached socket protocol
2026-01-28 16:13:50.313 Db NayaVedAI[63826:21027f] [com.apple.network:connection] nw_endpoint_flow_setup_protocols [C83.1.1 IPv6#9530c712.8081 in_progress socket-flow (satisfied (Path is satisfied), interface: lo0)] leaf flow starting
2026-01-28 16:13:50.313 Db NayaVedAI[63826:21027f] [com.apple.network:connection] nw_endpoint_resolver_receive_report [C83.1 Hostname#b33e072a:8081 in_progress resolver (satisfied (Path is satisfied), interface: en0[802.11], uses wifi, LQM: unknown)] received child report: [C83.1.1 IPv6#9530c712.8081 in_progress socket-flow (satisfied (Path is satisfied), interface: lo0)]
2026-01-28 16:13:50.313 Db NayaVedAI[63826:21027f] [com.apple.network:connection] nw_endpoint_flow_receive_report [C83 Hostname#b33e072a:8081 in_progress parent-flow (satisfied (Path is satisfied), interface: en0[802.11], uses wifi, LQM: unknown)] received child report: [C83.1.1 IPv6#9530c712.8081 in_progress socket-flow (satisfied (Path is satisfied), interface: lo0)]
2026-01-28 16:13:50.313 Df NayaVedAI[63826:21027f] [com.apple.network:connection] [C83.1.1 IPv6#9530c712.8081 in_progress socket-flow (satisfied (Path is satisfied), interface: lo0)] event: flow:start_connect @0.014s
