2026-01-28 16:31:59.306 Db NayaVedAI[71451:21c131] [com.apple.network:connection] -[NWConcrete_nw_endpoint_resolver startWithHandler:] [C91.1 Hostname#a19a2c0f:8081 waiting resolver (satisfied (Path is satisfied), interface: en0[802.11], uses wifi, LQM: unknown)]
2026-01-28 16:31:59.306 Db NayaVedAI[71451:21c131] [com.apple.network:connection] nw_endpoint_flow_receive_report [C91 Hostname#a19a2c0f:8081 in_progress parent-flow (satisfied (Path is satisfied), interface: en0[802.11], uses wifi, LQM: unknown)] received child report: [C91.1 Hostname#a19a2c0f:8081 in_progress resolver (satisfied (Path is satisfied), interface: en0[802.11], uses wifi, LQM: unknown)]
2026-01-28 16:31:59.306 Df NayaVedAI[71451:21c131] [com.apple.network:connection] [C91.1 Hostname#a19a2c0f:8081 in_progress resolver (satisfied (Path is satisfied), interface: en0[802.11], uses wifi, LQM: unknown)] event: resolver:start_dns @0.001s
2026-01-28 16:31:59.306 Db NayaVedAI[71451:21c131] [com.apple.networkextension:] ne_tracker_check_is_hostname_blocked() proceeding with the in_the_app check for hostname: localhost
2026-01-28 16:31:59.306 Db NayaVedAI[71451:21c131] [com.apple.CFBundle:resources] Resource lookup at CFBundle 0x600003b04700 </Users/shivi.agarwal/Library/Developer/CoreSimulator/Devices/AC7E343F-585F-430E-B17D-BDD649803605/data/Containers/Bundle/Application/AD33C3F3-69F6-4E76-8701-44660F53F11C/NayaVedAI.app> (executable, loaded)
	Request       : InfoPlist type: strings
	Result        : None
2026-01-28 16:31:59.306 Db NayaVedAI[71451:21c131] [com.apple.CFBundle:resources] Resource lookup at CFBundle 0x600003b04700 </Users/shivi.agarwal/Library/Developer/CoreSimulator/Devices/AC7E343F-585F-430E-B17D-BDD649803605/data/Containers/Bundle/Application/AD33C3F3-69F6-4E76-8701-44660F53F11C/NayaVedAI.app> (executable, loaded)
	Request       : InfoPlist type: stringsdict
	Result        : None
2026-01-28 16:31:59.306 Db NayaVedAI[71451:21c131] [com.apple.networkextension:] ne_tracker_check_is_hostname_blocked(): hostname localhost is not a tracker. Returning: ne_tracker_status_none
2026-01-28 16:31:59.306 I  NayaVedAI[71451:21c131] [com.apple.network:connection] nw_resolver_create_dns_service_locked [C91.1] Starting host resolution Hostname#a19a2c0f:8081, flags 0xc000d000 proto 0
2026-01-28 16:31:59.306 Df NayaVedAI[71451:21c131] [com.apple.CFNetwork:Default] Task <7FD53C8E-7C4B-43C1-AE00-002F881EC79D>.<1> setting up Connection 91
2026-01-28 16:31:59.306 Db NayaVedAI[71451:21c131] [com.apple.network:activity] Returning should log: 0 for activity cfnetwork:foreground_task
2026-01-28 16:31:59.306 I  NayaVedAI[71451:21c131] [com.apple.network:connection] nw_resolver_host_resolve_callback [C91.1] flags=0x40000003 ifindex=4294967295 error=NoError(0) hostname=localhost. addr=IPv6#4f2c3092 ttl=1
2026-01-28 16:31:59.306 I  NayaVedAI[71451:21c131] [com.apple.network:connection] nw_resolver_host_resolve_callback [C91.1] flags=0x40000002 ifindex=4294967295 error=NoError(0) hostname=localhost. addr=IPv4#8deebaa3 ttl=1
2026-01-28 16:31:59.306 Db NayaVedAI[71451:21c131] [com.apple.network:] sa_dst_compare_rfc6724 Rule 6, prefer d2, d2 precedence 50 > d1 precedence 35
2026-01-28 16:31:59.306 Db NayaVedAI[71451:21c131] [com.apple.network:] sa_dst_compare_internal <private>@0 < <private>@0
2026-01-28 16:31:59.306 Db NayaVedAI[71451:21c131] [com.apple.network:connection] nw_endpoint_resolver_update [C91.1 Hostname#a19a2c0f:8081 in_progress resolver (satisfied (Path is satisfied), interface: en0[802.11], uses wifi, LQM: unknown)] resolver is complete
2026-01-28 16:31:59.306 Df NayaVedAI[71451:21c131] [com.apple.network:connection] nw_endpoint_resolver_update [C91.1 Hostname#a19a2c0f:8081 in_progress resolver (satisfied (Path is satisfied), interface: en0[802.11], uses wifi, LQM: unknown)] Adding endpoint handler for IPv6#e1664cbf.8081
2026-01-28 16:31:59.307 Df NayaVedAI[71451:21c131] [com.apple.network:connection] nw_endpoint_resolver_update [C91.1 Hostname#a19a2c0f:8081 in_progress resolver (satisfied (Path is satisfied), interface: en0[802.11], uses wifi, LQM: unknown)] Adding endpoint handler for IPv4#43158804:8081
2026-01-28 16:31:59.307 Db NayaVedAI[71451:21c131] [com.apple.network:connection] nw_endpoint_resolver_update [C91.1 Hostname#a19a2c0f:8081 in_progress resolver (satisfied (Path is satisfied), interface: en0[802.11], uses wifi, LQM: unknown)] Updated endpoint list is (IPv6#e1664cbf.8081,IPv4#43158804:8081)
2026-01-28 16:31:59.307 Db NayaVedAI[71451:21c131] [com.apple.network:connection] nw_endpoint_flow_receive_report [C91 Hostname#a19a2c0f:8081 in_progress parent-flow (satisfied (Path is satisfied), interface: en0[802.11], uses wifi, LQM: unknown)] received child report: [C91.1 Hostname#a19a2c0f:8081 in_progress resolver (satisfied (Path is satisfied), interface: en0[802.11], uses wifi, LQM: unknown)]
2026-01-28 16:31:59.307 Df NayaVedAI[71451:21c131] [com.apple.network:connection] [C91.1 Hostname#a19a2c0f:8081 in_progress resolver (satisfied (Path is satisfied), interface: en0[802.11], uses wifi, LQM: unknown)] event: resolver:receive_dns @0.002s
2026-01-28 16:31:59.307 I  NayaVedAI[71451:21c131] [com.apple.network:connection] nw_endpoint_resolver_start_next_child [C91.1 Hostname#a19a2c0f:8081 in_progress resolver (satisfied (Path is satisfied), interface: en0[802.11], uses wifi, LQM: unknown)] starting child endpoint IPv6#e1664cbf.8081
2026-01-28 16:31:59.307 I  NayaVedAI[71451:21c131] [com.apple.network:connection] nw_endpoint_handler_start [C91.1.1 IPv6#e1664cbf.8081 initial path ((null))]
2026-01-28 16:31:59.307 Db NayaVedAI[71451:21c131] [com.apple.network:connection] nw_endpoint_resolver_receive_report [C91.1 Hostname#a19a2c0f:8081 in_progress resolver (satisfied (Path is satisfied), interface: en0[802.11], uses wifi, LQM: unknown)] received child report: [C91.1.1 IPv6#e1664cbf.8081 initial path ((null))]
2026-01-28 16:31:59.307 Db NayaVedAI[71451:21c131] [com.apple.network:connection] nw_endpoint_flow_receive_report [C91 Hostname#a19a2c0f:8081 in_progress parent-flow (satisfied (Path is satisfied), interface: en0[802.11], uses wifi, LQM: unknown)] received child report: [C91.1.1 IPv6#e1664cbf.8081 initial path ((null))]
2026-01-28 16:31:59.307 Df NayaVedAI[71451:21c131] [com.apple.network:connection] [C91.1.1 IPv6#e1664cbf.8081 initial path ((null))] event: path:start @0.002s
2026-01-28 16:31:59.307 Db NayaVedAI[71451:21c131] [com.apple.network:connection] nw_endpoint_handler_path_change [C91.1.1 IPv6#e1664cbf.8081 waiting path (satisfied (Path is satisfied), interface: lo0)]
2026-01-28 16:31:59.307 Db NayaVedAI[71451:21c131] [com.apple.network:connection] nw_endpoint_resolver_receive_report [C91.1 Hostname#a19a2c0f:8081 in_progress resolver (satisfied (Path is satisfied), interface: en0[802.11], uses wifi, LQM: unknown)] received child report: [C91.1.1 IPv6#e1664cbf.8081 waiting path (satisfied (Path is satisfied), interface: lo0)]
2026-01-28 16:31:59.307 Db NayaVedAI[71451:21c131] [com.apple.network:connection] nw_endpoint_flow_receive_report [C91 Hostname#a19a2c0f:8081 in_progress parent-flow (satisfied (Path is satisfied), interface: en0[802.11], uses wifi, LQM: unknown)] received child report: [C91.1.1 IPv6#e1664cbf.8081 waiting path (satisfied (Path is satisfied), interface: lo0)]
2026-01-28 16:31:59.307 Df NayaVedAI[71451:21c131] [com.apple.network:connection] [C91.1.1 IPv6#e1664cbf.8081 waiting path (satisfied (Path is satisfied), interface: lo0)] event: path:satisfied @0.002s, uuid: 587F6C04-05D4-47AB-893A-C491E12406C7
2026-01-28 16:31:59.307 Db NayaVedAI[71451:21c131] [com.apple.network:] nw_endpoint_proxy_handler_should_use_proxy Looking up proxy for hostname: <nil>, ifindex: 0
2026-01-28 16:31:59.307 Db NayaVedAI[71451:21c131] [com.apple.SystemConfiguration:SCPreferences] create <SCPreferences 0x108a5de80 [0x1e578fa80]> {name = SCDynamicStoreCopyProxiesWithOptions, id = /Library/Managed Preferences/mobile/com.apple.SystemConfiguration.plist, path = /Library/Managed Preferences/mobile/com.apple.SystemConfiguration.plist}
2026-01-28 16:31:59.307 Db NayaVedAI[71451:21c131] [com.apple.SystemConfiguration:SCPreferences] SCPreferences() access: /Library/Managed Preferences/mobile/com.apple.SystemConfiguration.plist, size=0
2026-01-28 16:31:59.307 Db NayaVedAI[71451:21c131] [com.apple.SystemConfiguration:SCPreferences] release <SCPreferences 0x108a5de80 [0x1e578fa80]> {name = SCDynamicStoreCopyProxiesWithOptions, id = /Library/Managed Preferences/mobile/com.apple.SystemConfiguration.plist, path = /Library/Managed Preferences/mobile/com.apple.SystemConfiguration.plist, accessed}
2026-01-28 16:31:59.307 I  NayaVedAI[71451:21c131] [com.apple.network:connection] nw_association_create_flow <nw_association IPv6#e1664cbf.8081> Added association flow ID A0FB4128-B310-48F8-AE94-785FA579D3B1
2026-01-28 16:31:59.307 I  NayaVedAI[71451:21c131] [com.apple.network:connection] nw_endpoint_flow_setup_protocols [C91.1.1 IPv6#e1664cbf.8081 in_progress socket-flow (satisfied (Path is satisfied), interface: lo0)] setup flow id A0FB4128-B310-48F8-AE94-785FA579D3B1
2026-01-28 16:31:59.307 Db NayaVedAI[71451:21c131] [com.apple.network:connection] nw_endpoint_flow_attach_protocols [C91.1.1 IPv6#e1664cbf.8081 in_progress socket-flow (satisfied (Path is satisfied), interface: lo0)]
2026-01-28 16:31:59.307 Db NayaVedAI[71451:21c131] [com.apple.network:connection] nw_endpoint_flow_attach_protocols_block_invoke [C91.1.1 IPv6#e1664cbf.8081 in_progress socket-flow (satisfied (Path is satisfied), interface: lo0)] Attached application protocol: CFNetworkConnection-3282745862
2026-01-28 16:31:59.307 Db NayaVedAI[71451:21c131] [com.apple.network:] nw_fd_wrapper_create Created <fd_wrapper 24, guarded: false>
2026-01-28 16:31:59.307 Db NayaVedAI[71451:21c131] [com.apple.network:connection] nw_endpoint_flow_attach_protocols [C91.1.1 IPv6#e1664cbf.8081 in_progress socket-flow (satisfied (Path is satisfied), interface: lo0)] Attached socket protocol
2026-01-28 16:31:59.307 Db NayaVedAI[71451:21c131] [com.apple.network:connection] nw_endpoint_flow_setup_protocols [C91.1.1 IPv6#e1664cbf.8081 in_progress socket-flow (satisfied (Path is satisfied), interface: lo0)] leaf flow starting
2026-01-28 16:31:59.308 Db NayaVedAI[71451:21c131] [com.apple.network:connection] nw_endpoint_resolver_receive_report [C91.1 Hostname#a19a2c0f:8081 in_progress resolver (satisfied (Path is satisfied), interface: en0[802.11], uses wifi, LQM: unknown)] received child report: [C91.1.1 IPv6#e1664cbf.8081 in_progress socket-flow (satisfied (Path is satisfied), interface: lo0)]
2026-01-28 16:31:59.308 Db NayaVedAI[71451:21c131] [com.apple.network:connection] nw_endpoint_flow_receive_report [C91 Hostname#a19a2c0f:8081 in_progress parent-flow (satisfied (Path is satisfied), interface: en0[802.11], uses wifi, LQM: unknown)] received child report: [C91.1.1 IPv6#e1664cbf.8081 in_progress socket-flow (satisfied (Path is satisfied), interface: lo0)]
2026-01-28 16:31:59.308 Df NayaVedAI[71451:21c131] [com.apple.network:connection] [C91.1.1 IPv6#e1664cbf.8081 in_progress socket-flow (satisfied (Path is satisfied), interface: lo0)] event: flow:start_connect @0.003s
2026-01-28 16:31:59.308 I  NayaVedAI[71451:21c131] [com.apple.network:connection] nw_endpoint_resolver_start_next_child [C91.1 Hostname#a19a2c0f:8081 in_progress resolver (satisfied (Path is satisfied), interface: en0[802.11], uses wifi, LQM: unknown)] starting next child endpoint in 100ms
2026-01-28 16:31:59.308 Db NayaVedAI[71451:21c131] [com.apple.network:connection] nw_socket_handle_socket_event [C91.1.1:2] Event mask: 0x800
2026-01-28 16:31:59.308 Df NayaVedAI[71451:21c131] [com.apple.network:connection] nw_socket_handle_socket_event [C91.1.1:2] Socket received CONNECTED event
2026-01-28 16:31:59.308 Db NayaVedAI[71451:21c131] [com.apple.network:connection] nw_socket_setup_notsent_lowat [C91.1.1:2] Set TCP_NOTSENT_LOWAT(16384)
2026-01-28 16:31:59.308 Df NayaVedAI[71451:21c131] [com.apple.network:connection] nw_flow_connected [C91.1.1 IPv6#e1664cbf.8081 in_progress socket-flow (satisfied (Path is satisfied), interface: lo0)] Transport protocol connected (socket)
2026-01-28 16:31:59.308 Db NayaVedAI[71451:21c131] [com.apple.network:connection] nw_endpoint_resolver_receive_report [C91.1 Hostname#a19a2c0f:8081 in_progress resolver (satisfied (Path is satisfied), interface: en0[802.11], uses wifi, LQM: unknown)] received child report: [C91.1.1 IPv6#e1664cbf.8081 in_progress socket-flow (satisfied (Path is satisfied), interface: lo0)]
2026-01-28 16:31:59.308 Db NayaVedAI[71451:21c131] [com.apple.network:connection] nw_endpoint_flow_receive_report [C91 Hostname#a19a2c0f:8081 in_progress parent-flow (satisfied (Path is satisfied), interface: en0[802.11], uses wifi, LQM: unknown)] received child report: [C91.1.1 IPv6#e1664cbf.8081 in_progress socket-flow (satisfied (Path is satisfied), interface: lo0)]
2026-01-28 16:31:59.308 Df NayaVedAI[71451:21c131] [com.apple.network:connection] [C91.1.1 IPv6#e1664cbf.8081 in_progress socket-flow (satisfied (Path is satisfied), interface: lo0)] event: flow:finish_transport @0.003s
2026-01-28 16:31:59.308 I  NayaVedAI[71451:21c131] [com.apple.network:connection] nw_endpoint_resolver_receive_report [C91.1 Hostname#a19a2c0f:8081 in_progress resolver (satisfied (Path is satisfied), interface: en0[802.11], uses wifi, LQM: unknown)] pushing out endpoint race by 2000ms
2026-01-28 16:31:59.308 Df NayaVedAI[71451:21c131] [com.apple.network:connection] nw_flow_connected [C91.1.1 IPv6#e1664cbf.8081 in_progress socket-flow (satisfied (Path is satisfied), interface: lo0)] Output protocol connected (CFNetworkConnection-3282745862)
2026-01-28 16:31:59.308 Db NayaVedAI[71451:21c131] [com.apple.network:connection] nw_endpoint_flow_connected_path_change [C91.1.1 IPv6#e1664cbf.8081 ready socket-flow (satisfied (Path is satisfied), interface: lo0)]
2026-01-28 16:31:59.308 I  NayaVedAI[71451:21c131] [com.apple.network:connection] nw_endpoint_flow_connected_path_change [C91.1.1 IPv6#e1664cbf.8081 ready socket-flow (satisfied (Path is satisfied), interface: lo0)] Connected path is satisfied, not viable
2026-01-28 16:31:59.308 Db NayaVedAI[71451:21c131] [com.apple.network:connection] nw_endpoint_resolver_receive_report [C91.1 Hostname#a19a2c0f:8081 in_progress resolver (satisfied (Path is satisfied), interface: en0[802.11], uses wifi, LQM: unknown)] received child report: [C91.1.1 IPv6#e1664cbf.8081 ready socket-flow (satisfied (Path is satisfied), interface: lo0)]
2026-01-28 16:31:59.308 Db NayaVedAI[71451:21c131] [com.apple.network:connection] nw_endpoint_flow_receive_report [C91 Hostname#a19a2c0f:8081 in_progress parent-flow (satisfied (Path is satisfied), interface: en0[802.11], uses wifi, LQM: unknown)] received child report: [C91.1.1 IPv6#e1664cbf.8081 ready socket-flow (satisfied (Path is satisfied), interface: lo0)]
2026-01-28 16:31:59.308 Df NayaVedAI[71451:21c131] [com.apple.network:connection] [C91.1.1 IPv6#e1664cbf.8081 ready socket-flow (satisfied (Path is satisfied), interface: lo0)] event: flow:child_finish_connect @0.004s
2026-01-28 16:31:59.308 Db NayaVedAI[71451:21c131] [com.apple.network:connection] nw_endpoint_flow_receive_report [C91 IPv6#e1664cbf.8081 in_progress parent-flow (satisfied (Path is satisfied), interface: en0[802.11], uses wifi, LQM: unknown)] connecting endpoint_flow to child's shared protocol
2026-01-28 16:31:59.308 Db NayaVedAI[71451:21c131] [com.apple.network:connection] nw_endpoint_flow_setup_protocols [C91 IPv6#e1664cbf.8081 in_progress parent-flow (satisfied (Path is satisfied), interface: en0[802.11], uses wifi, LQM: unknown)] already set up
2026-01-28 16:31:59.308 Db NayaVedAI[71451:21c131] [com.apple.network:connection] nw_endpoint_flow_setup_protocols [C91 IPv6#e1664cbf.8081 in_progress parent-flow (satisfied (Path is satisfied), interface: en0[802.11], uses wifi, LQM: unknown)] child flow connected, starting
2026-01-28 16:31:59.308 Db NayaVedAI[71451:21c131] [com.apple.network:connection] nw_endpoint_flow_setup_protocols [C91 IPv6#e1664cbf.8081 in_progress parent-flow (satisfied (Path is satisfied), interface: en0[802.11], uses wifi, LQM: unknown)] already started
2026-01-28 16:31:59.308 Db NayaVedAI[71451:21c131] [com.apple.network:connection] nw_endpoint_flow_receive_report [C91 IPv6#e1664cbf.8081 in_progress parent-flow (satisfied (Path is satisfied), interface: en0[802.11], uses wifi, LQM: unknown)] received child report: [C91.1 Hostname#a19a2c0f:8081 ready resolver (satisfied (Path is satisfied), interface: en0[802.11], uses wifi, LQM: unknown)]
2026-01-28 16:31:59.308 Df NayaVedAI[71451:21c131] [com.apple.network:connection] [C91.1 Hostname#a19a2c0f:8081 ready resolver (satisfied (Path is satisfied), interface: en0[802.11], uses wifi, LQM: unknown)] event: flow:child_finish_connect @0.004s
2026-01-28 16:31:59.308 I  NayaVedAI[71451:21c131] [com.apple.network:connection] nw_endpoint_handler_cancel [C91.1.2 IPv4#43158804:8081 initial path ((null))]
2026-01-28 16:31:59.308 Df NayaVedAI[71451:21c131] [com.apple.network:connection] nw_flow_connected [C91 IPv6#e1664cbf.8081 in_progress parent-flow (satisfied (Path is satisfied), interface: en0[802.11], uses wifi, LQM: unknown)] Output protocol connected (endpoint_flow)
2026-01-28 16:31:59.308 Db NayaVedAI[71451:21c131] [com.apple.network:connection] nw_endpoint_flow_connected_path_change [C91 IPv6#e1664cbf.8081 ready parent-flow (satisfied (Path is satisfied), interface: en0[802.11], uses wifi, LQM: unknown)]
2026-01-28 16:31:59.308 I  NayaVedAI[71451:21c131] [com.apple.network:connection] nw_endpoint_flow_connected_path_change [C91 IPv6#e1664cbf.8081 ready parent-flow (satisfied (Path is satisfied), interface: en0[802.11], uses wifi, LQM: unknown)] Connected path is satisfied, child is not viable
2026-01-28 16:31:59.308 Df NayaVedAI[71451:21c131] [com.apple.network:connection] [C91 IPv6#e1664cbf.8081 ready parent-flow (satisfied (Path is satisfied), interface: en0[802.11], uses wifi, LQM: unknown)] event: flow:finish_connect @0.004s
2026-01-28 16:31:59.308 Db NayaVedAI[71451:21c131] [com.apple.network:connection] nw_connection_run_pqtls_probe_locked_on_nw_queue [C91] No TLS metadata; not running PQ-TLS probe
2026-01-28 16:31:59.308 Db NayaVedAI[71451:21c131] [com.apple.network:connection] nw_connection_run_ech_probe_locked_on_nw_queue [C91] stack doesn't include TLS; not running ECH probe
2026-01-28 16:31:59.308 Db NayaVedAI[71451:21c131] [com.apple.network:connection] nw_connection_endpoint_report_on_nw_queue_block_invoke [C91] Connected fallback generation 0
2026-01-28 16:31:59.308 I  NayaVedAI[71451:21c131] [com.apple.network:connection] nw_connection_start_candidate_manager_if_needed_locked [C91] Checking whether to start candidate manager
2026-01-28 16:31:59.309 Db NayaVedAI[71451:21c131] [com.apple.network:connection] nw_connection_start_candidate_manager_if_needed_locked [C91] Connection does not support multipath, not starting candidate manager
2026-01-28 16:31:59.309 Df NayaVedAI[71451:21c131] [com.apple.network:connection] nw_connection_report_state_with_handler_on_nw_queue [C91] reporting state ready
2026-01-28 16:31:59.309 Df NayaVedAI[71451:21c131] [com.apple.CFNetwork:Default] Connection 91: connected successfully
2026-01-28 16:31:59.309 Df NayaVedAI[71451:21c131] [com.apple.CFNetwork:Default] Connection 91: ready C(N) E(N)
2026-01-28 16:31:59.309 Db NayaVedAI[71451:21c131] [com.apple.CFNetwork:Default] Task <7FD53C8E-7C4B-43C1-AE00-002F881EC79D>.<1> done setting up Connection 91
2026-01-28 16:31:59.309 Db NayaVedAI[71451:21c131] [com.apple.network:activity] Returning should log: 0 for activity cfnetwork:foreground_task
2026-01-28 16:31:59.309 Df NayaVedAI[71451:21c131] [com.apple.CFNetwork:Default] Task <7FD53C8E-7C4B-43C1-AE00-002F881EC79D>.<1> now using Connection 91
2026-01-28 16:31:59.309 Db NayaVedAI[71451:21c131] [com.apple.network:activity] Returning should log: 0 for activity cfnetwork:foreground_task
2026-01-28 16:31:59.309 Df NayaVedAI[71451:21c131] [com.apple.CFNetwork:Default] Task <7FD53C8E-7C4B-43C1-AE00-002F881EC79D>.<1> sent request, body N 0
2026-01-28 16:31:59.310 Df NayaVedAI[71451:21c143] [com.apple.CFNetwork:Default] Task <7FD53C8E-7C4B-43C1-AE00-002F881EC79D>.<1> received response, status 200 content K
2026-01-28 16:31:59.310 Db NayaVedAI[71451:21c143] [com.apple.network:connection] nw_connection_modify_estimated_bytes_block_invoke [C91] Incremented estimated bytes to receive by 187, total now 187
2026-01-28 16:31:59.310 Db NayaVedAI[71451:21c143] [com.apple.network:connection] nw_connection_modify_estimated_bytes_block_invoke [C91] Using lower threshold 12582912, upper threshold 31457280
2026-01-28 16:31:59.310 Df NayaVedAI[71451:21c143] [com.apple.CFNetwork:Default] Task <7FD53C8E-7C4B-43C1-AE00-002F881EC79D>.<1> response ended
2026-01-28 16:31:59.310 Df NayaVedAI[71451:21c143] [com.apple.CFNetwork:Default] Task <7FD53C8E-7C4B-43C1-AE00-002F881EC79D>.<1> done using Connection 91
2026-01-28 16:31:59.310 Db NayaVedAI[71451:21c143] [com.apple.network:activity] Returning should log: 0 for activity cfnetwork:foreground_task
2026-01-28 16:31:59.310 Db NayaVedAI[71451:21c143] [com.apple.CFNetwork:Default] Connection 91: set is idle true
2026-01-28 16:31:59.310 Df NayaVedAI[71451:21c143] [com.apple.network:connection] [C91] event: client:connection_idle @0.006s
2026-01-28 16:31:59.310 I  NayaVedAI[71451:21c143] [com.apple.network:connection] nw_endpoint_handler_report_connection_idle [C91 IPv6#e1664cbf.8081 ready parent-flow (satisfied (Path is satisfied), interface: en0[802.11], uses wifi, LQM: unknown)] Reporting connection idle to protocols
2026-01-28 16:31:59.310 I  NayaVedAI[71451:21c143] [com.apple.network:connection] nw_flow_passthrough_notify [C91.1.1 IPv6#e1664cbf.8081 ready socket-flow (satisfied (Path is satisfied), interface: lo0)] received notification connection_idle
2026-01-28 16:31:59.310 Df NayaVedAI[71451:21c143] [com.apple.network:connection] nw_protocol_socket_notify [C91.1.1:2] nw_protocol_notification_type_connection_idle is true
2026-01-28 16:31:59.311 Db NayaVedAI[71451:21c143] [com.apple.CFNetwork:Default] Connection 91: set is idle true
2026-01-28 16:31:59.311 Df NayaVedAI[71451:21c143] [com.apple.network:connection] [C91] event: client:connection_idle @0.006s
2026-01-28 16:31:59.311 Df NayaVedAI[71451:21c12e] [com.apple.CFNetwork:Summary] Task <7FD53C8E-7C4B-43C1-AE00-002F881EC79D>.<1> summary for task success {transaction_duration_ms=6, response_status=200, connection=91, protocol="http/1.1", domain_lookup_duration_ms=1, connect_duration_ms=1, secure_connection_duration_ms=0, private_relay=false, request_start_ms=5, request_duration_ms=0, response_start_ms=6, response_duration_ms=0, request_bytes=370, request_throughput_kbps=46238, response_bytes=498, response_throughput_kbps=17470, cache_hit=false}
2026-01-28 16:31:59.311 I  NayaVedAI[71451:21c143] [com.apple.network:connection] nw_endpoint_handler_report_connection_idle [C91 IPv6#e1664cbf.8081 ready parent-flow (satisfied (Path is satisfied), interface: en0[802.11], uses wifi, LQM: unknown)] Reporting connection idle to protocols
2026-01-28 16:31:59.311 Df NayaVedAI[71451:21c12e] [com.apple.CFNetwork:Default] Task <7FD53C8E-7C4B-43C1-AE00-002F881EC79D>.<1> finished successfully
2026-01-28 16:31:59.311 I  NayaVedAI[71451:21c143] [com.apple.network:connection] nw_flow_passthrough_notify [C91.1.1 IPv6#e1664cbf.8081 ready socket-flow (satisfied (Path is satisfied), interface: lo0)] received notification connection_idle
2026-01-28 16:31:59.311 Db NayaVedAI[71451:21c12e] [com.apple.network:activity] Returning should log: 0 for activity cfnetwork:foreground_task
2026-01-28 16:31:59.311 Df NayaVedAI[71451:21c143] [com.apple.network:connection] nw_protocol_socket_notify [C91.1.1:2] nw_protocol_notification_type_connection_idle is true
2026-01-28 16:31:59.311 Db NayaVedAI[71451:21c12e] [com.apple.network:activity] Returning should log: 0 for activity cfnetwork:foreground_task
2026-01-28 16:31:59.311 Db NayaVedAI[71451:21c12e] [com.apple.network:activity] No threshold for cfnetwork:foreground_task, returning NW_ACTIVITY_DURATION_INVALID
2026-01-28 16:31:59.311 Db NayaVedAI[71451:21c12e] [com.apple.network:activity] No threshold for activity <nw_activity 12:2 [04337392-D325-4BA8-BF2E-CFDB16710C69] (reporting strategy default) complete (reason success)>
2026-01-28 16:31:59.311 Df NayaVedAI[71451:21c143] [com.apple.CFNetwork:Default] Task <93CE60DA-2C19-4577-AC2E-92E45E535943>.<2> resuming, timeouts(0.0, 604800.0) qos(0x19) voucher((null)) activity(00000000-0000-0000-0000-000000000000)
2026-01-28 16:31:59.311 Db NayaVedAI[71451:21c143] [com.apple.network:activity] Returning should log: 0 for activity cfnetwork:foreground_task
2026-01-28 16:31:59.311 Db NayaVedAI[71451:21c143] [com.apple.network:activity] Domain cfnetwork rate configured in registry as 1 / 20000
2026-01-28 16:31:59.311 Db NayaVedAI[71451:21c143] [com.apple.network:activity] Domain cfnetwork rate configured after remote default override as 1 / 20000
2026-01-28 16:31:59.311 Db NayaVedAI[71451:21c143] [com.apple.network:activity] After reading settings plist, domain cfnetwork rate configured as 1 / 2000000
2026-01-28 16:31:59.311 Db NayaVedAI[71451:21c143] [com.apple.network:activity] After settings override, domain cfnetwork rate configured as 1 / 2000000
2026-01-28 16:31:59.311 Db NayaVedAI[71451:21c143] [com.apple.network:activity] Final domain cfnetwork rate configured as 1 / 2000000
2026-01-28 16:31:59.311 Db NayaVedAI[71451:21c143] [com.apple.network:activity] <nw_activity 12:2 [No UUID] (reporting strategy default)> sampled at 1 / 2000000
2026-01-28 16:31:59.311 Db NayaVedAI[71451:21c143] [com.apple.network:activity] Returning should log: 0 for activity cfnetwork:foreground_task
2026-01-28 16:31:59.311 Db NayaVedAI[71451:21c143] [com.apple.network:activity] Returning should log: 0 for activity cfnetwork:foreground_task
2026-01-28 16:31:59.311 Db NayaVedAI[71451:21c143] [com.apple.CFNetwork:Default] [Telemetry]: Activity <nw_activity 12:2 [EA85CC40-73BB-40ED-8A8C-A938B9034F32] (reporting strategy default)> on Task <93CE60DA-2C19-4577-AC2E-92E45E535943>.<2> was not selected for reporting
2026-01-28 16:31:59.312 Db NayaVedAI[71451:21c12e] [com.apple.CFNetwork:ATS] Uploading ATS exception ATSAllowsLocalNetworking
2026-01-28 16:31:59.312 A  NayaVedAI[71451:21c143] (Security) SecTrustReportNetworkingAnalytics
2026-01-28 16:31:59.312 Db NayaVedAI[71451:21c12e] [com.apple.CFNetwork:Default] Connection 91: set is idle true
2026-01-28 16:31:59.312 Df NayaVedAI[71451:21c12e] [com.apple.network:connection] [C91] event: client:connection_idle @0.007s
2026-01-28 16:31:59.312 I  NayaVedAI[71451:21c12e] [com.apple.network:connection] nw_endpoint_handler_report_connection_idle [C91 IPv6#e1664cbf.8081 ready parent-flow (satisfied (Path is satisfied), interface: en0[802.11], uses wifi, LQM: unknown)] Reporting connection idle to protocols
2026-01-28 16:31:59.312 I  NayaVedAI[71451:21c12e] [com.apple.network:connection] nw_flow_passthrough_notify [C91.1.1 IPv6#e1664cbf.8081 ready socket-flow (satisfied (Path is satisfied), interface: lo0)] received notification connection_idle
2026-01-28 16:31:59.312 Df NayaVedAI[71451:21c12e] [com.apple.network:connection] nw_protocol_socket_notify [C91.1.1:2] nw_protocol_notification_type_connection_idle is true
2026-01-28 16:31:59.312 Df NayaVedAI[71451:21c12e] [com.apple.CFNetwork:Default] Task <93CE60DA-2C19-4577-AC2E-92E45E535943>.<2> now using Connection 91
2026-01-28 16:31:59.312 Db NayaVedAI[71451:21c12e] [com.apple.network:activity] Returning should log: 0 for activity cfnetwork:foreground_task
2026-01-28 16:31:59.312 Db NayaVedAI[71451:21c12e] [com.apple.network:connection] nw_connection_modify_estimated_bytes_block_invoke [C91] Incremented estimated bytes to send by 12, total now 12
2026-01-28 16:31:59.312 Db NayaVedAI[71451:21c12e] [com.apple.network:connection] nw_connection_modify_estimated_bytes_block_invoke [C91] Using lower threshold 12582912, upper threshold 31457280
2026-01-28 16:31:59.312 Db NayaVedAI[71451:21c12e] [com.apple.CFNetwork:Default] Connection 91: set is idle false
2026-01-28 16:31:59.312 Df NayaVedAI[71451:21c12e] [com.apple.network:connection] [C91] event: client:connection_reused @0.007s
2026-01-28 16:31:59.312 I  NayaVedAI[71451:21c12e] [com.apple.network:connection] nw_endpoint_handler_report_connection_idle [C91 IPv6#e1664cbf.8081 ready parent-flow (satisfied (Path is satisfied), interface: en0[802.11], uses wifi, LQM: unknown)] Reporting connection not idle to protocols
2026-01-28 16:31:59.312 I  NayaVedAI[71451:21c12e] [com.apple.network:connection] nw_flow_passthrough_notify [C91.1.1 IPv6#e1664cbf.8081 ready socket-flow (satisfied (Path is satisfied), interface: lo0)] received notification connection_idle
2026-01-28 16:31:59.312 Df NayaVedAI[71451:21c12e] [com.apple.network:connection] nw_protocol_socket_notify [C91.1.1:2] nw_protocol_notification_type_connection_idle is false
2026-01-28 16:31:59.312 Df NayaVedAI[71451:21c143] [com.apple.securityd:SecError] SecTrustReportNetworkingAnalytics failed with error: -4
2026-01-28 16:31:59.313 Df NayaVedAI[71451:21c12e] [com.apple.CFNetwork:Default] Task <93CE60DA-2C19-4577-AC2E-92E45E535943>.<2> sent request, body S 12
2026-01-28 16:31:59.313 Df NayaVedAI[71451:21c131] [com.apple.CFNetwork:Default] Task <93CE60DA-2C19-4577-AC2E-92E45E535943>.<2> received response, status 200 content K
2026-01-28 16:31:59.313 Db NayaVedAI[71451:21c131] [com.apple.network:connection] nw_connection_modify_estimated_bytes_block_invoke [C91] Incremented estimated bytes to receive by 29, total now 216
2026-01-28 16:31:59.313 Db NayaVedAI[71451:21c131] [com.apple.network:connection] nw_connection_modify_estimated_bytes_block_invoke [C91] Using lower threshold 12582912, upper threshold 31457280
2026-01-28 16:31:59.313 Df NayaVedAI[71451:21c131] [com.apple.CFNetwork:Default] Task <93CE60DA-2C19-4577-AC2E-92E45E535943>.<2> response ended
2026-01-28 16:31:59.313 Df NayaVedAI[71451:21c131] [com.apple.CFNetwork:Default] Task <93CE60DA-2C19-4577-AC2E-92E45E535943>.<2> done using Connection 91
2026-01-28 16:31:59.313 Db NayaVedAI[71451:21c131] [com.apple.network:activity] Returning should log: 0 for activity cfnetwork:foreground_task
2026-01-28 16:31:59.313 Db NayaVedAI[71451:21c131] [com.apple.CFNetwork:Default] Connection 91: set is idle true
2026-01-28 16:31:59.313 Df NayaVedAI[71451:21c131] [com.apple.network:connection] [C91] event: client:connection_idle @0.009s
2026-01-28 16:31:59.313 Df NayaVedAI[71451:21c144] [com.apple.CFNetwork:Summary] Task <93CE60DA-2C19-4577-AC2E-92E45E535943>.<2> summary for task success {transaction_duration_ms=1, response_status=200, connection=91, reused=1, reused_after_ms=0, request_start_ms=0, request_duration_ms=0, response_start_ms=1, response_duration_ms=0, request_bytes=291, request_throughput_kbps=8167, response_bytes=314, response_throughput_kbps=10509, cache_hit=false}
2026-01-28 16:31:59.313 I  NayaVedAI[71451:21c131] [com.apple.network:connection] nw_endpoint_handler_report_connection_idle [C91 IPv6#e1664cbf.8081 ready parent-flow (satisfied (Path is satisfied), interface: en0[802.11], uses wifi, LQM: unknown)] Reporting connection idle to protocols
2026-01-28 16:31:59.313 Df NayaVedAI[71451:21c144] [com.apple.CFNetwork:Default] Task <93CE60DA-2C19-4577-AC2E-92E45E535943>.<2> finished successfully
2026-01-28 16:31:59.313 I  NayaVedAI[71451:21c131] [com.apple.network:connection] nw_flow_passthrough_notify [C91.1.1 IPv6#e1664cbf.8081 ready socket-flow (satisfied (Path is satisfied), interface: lo0)] received notification connection_idle
2026-01-28 16:31:59.314 Db NayaVedAI[71451:21c144] [com.apple.network:activity] Returning should log: 0 for activity cfnetwork:foreground_task
2026-01-28 16:31:59.314 Df NayaVedAI[71451:21c131] [com.apple.network:connection] nw_protocol_socket_notify [C91.1.1:2] nw_protocol_notification_type_connection_idle is true
2026-01-28 16:31:59.314 Db NayaVedAI[71451:21c144] [com.apple.network:activity] Returning should log: 0 for activity cfnetwork:foreground_task
2026-01-28 16:31:59.314 Db NayaVedAI[71451:21c131] [com.apple.CFNetwork:Default] Connection 91: set is idle true
2026-01-28 16:31:59.314 Db NayaVedAI[71451:21c144] [com.apple.network:activity] No threshold for cfnetwork:foreground_task, returning NW_ACTIVITY_DURATION_INVALID
2026-01-28 16:31:59.314 Df NayaVedAI[71451:21c131] [com.apple.network:connection] [C91] event: client:connection_idle @0.009s
2026-01-28 16:31:59.314 Db NayaVedAI[71451:21c144] [com.apple.network:activity] No threshold for activity <nw_activity 12:2 [EA85CC40-73BB-40ED-8A8C-A938B9034F32] (reporting strategy default) complete (reason success)>
2026-01-28 16:31:59.314 I  NayaVedAI[71451:21c131] [com.apple.network:connection] nw_endpoint_handler_report_connection_idle [C91 IPv6#e1664cbf.8081 ready parent-flow (satisfied (Path is satisfied), interface: en0[802.11], uses wifi, LQM: unknown)] Reporting connection idle to protocols
2026-01-28 16:31:59.314 I  NayaVedAI[71451:21c131] [com.apple.network:connection] nw_flow_passthrough_notify [C91.1.1 IPv6#e1664cbf.8081 ready socket-flow (satisfied (Path is satisfied), interface: lo0)] received notification connection_idle
2026-01-28 16:31:59.314 Df NayaVedAI[71451:21c131] [com.apple.network:connection] nw_protocol_socket_notify [C91.1.1:2] nw_protocol_notification_type_connection_idle is true
2026-01-28 16:31:59.314 Db NayaVedAI[71451:2199c2] [com.apple.defaults:User Defaults] looked up value 1 for key RCTI18nUtil_makeRTLFlipLeftAndRightStyles in CFPrefsPlistSource<0x600002c0c080> (Domain: com.nayaved.app, User: kCFPreferencesCurrentUser, ByHost: No, Container: (null), Contents Need Refresh: No) via CFPrefsSearchListSource<0x600002c04180> (Domain: com.nayaved.app, Container: (null) Non-launch persona: 0)
2026-01-28 16:31:59.314 Db NayaVedAI[71451:2199c2] [com.apple.defaults:User Defaults] looked up value 1 for key RCTI18nUtil_makeRTLFlipLeftAndRightStyles in CFPrefsPlistSource<0x600002c0c080> (Domain: com.nayaved.app, User: kCFPreferencesCurrentUser, ByHost: No, Container: (null), Contents Need Refresh: No) via CFPrefsSearchListSource<0x600002c04180> (Domain: com.nayaved.app, Container: (null) Non-launch persona: 0)
2026-01-28 16:31:59.314 Db NayaVedAI[71451:2199c2] [com.apple.defaults:User Defaults] looked up value 1 for key RCTI18nUtil_makeRTLFlipLeftAndRightStyles in CFPrefsPlistSource<0x600002c0c080> (Domain: com.nayaved.app, User: kCFPreferencesCurrentUser, ByHost: No, Container: (null), Contents Need Refresh: No) via CFPrefsSearchListSource<0x600002c04180> (Domain: com.nayaved.app, Container: (null) Non-launch persona: 0)
2026-01-28 16:31:59.317 I  NayaVedAI[71451:21c12e] [com.wix.DetoxSync:DTXJSTimerSyncResource] [DTXJSTimerSyncResource] Observing timer 2 with duration 0.00 ms
2026-01-28 16:31:59.434 I  NayaVedAI[71451:2199c2] [com.apple.Accessibility:AXRuntimeNotifications] Attempting to send notification:  (1001) <private>
2026-01-28 16:31:59.435 I  NayaVedAI[71451:2199c2] [com.apple.Accessibility:AXRuntimeNotifications] Did post notification. notification:  (1001) error:0 data:<private>
2026-01-28 16:31:59.512 I  NayaVedAI[71451:2199c2] [com.apple.Accessibility:AXRuntimeNotifications] Attempting to send notification:  (1001) <private>
2026-01-28 16:31:59.512 I  NayaVedAI[71451:2199c2] [com.apple.Accessibility:AXRuntimeNotifications] Did post notification. notification:  (1001) error:0 data:<private>
2026-01-28 16:31:59.698 I  NayaVedAI[71451:2199c2] [com.apple.Accessibility:AXRuntimeNotifications] Attempting to send notification:  (1000) <private>
2026-01-28 16:31:59.698 I  NayaVedAI[71451:2199c2] [com.apple.Accessibility:AXRuntimeNotifications] Attempting to send notification:  (1000) <private>
2026-01-28 16:31:59.699 I  NayaVedAI[71451:2199c2] [com.apple.Accessibility:AXRuntimeNotifications] Did post notification. notification:  (1000) error:0 data:<private>
2026-01-28 16:32:00.914 I  NayaVedAI[71451:21c144] [com.wix.DetoxSync:DTXJSTimerSyncResource] [DTXJSTimerSyncResource] Timer 2 timed out after 1596.85 ms
2026-01-28 16:32:00.916 I  NayaVedAI[71451:2199c2] [com.wix.Detox:WebSocket] Action received: invoke
2026-01-28 16:32:00.925 Db NayaVedAI[71451:2199c2] [com.apple.CFBundle:strings] Bundle: CFBundle 0x600003b04e00 </Library/Developer/CoreSimulator/Volumes/iOS_23C54/Library/Developer/CoreSimulator/Profiles/Runtimes/iOS 26.2.simruntime/Contents/Resources/RuntimeRoot/System/Library/AccessibilityBundles/UIKit.axbundle> (framework, loaded), key: scroll.bar.vertical, value: , table: Accessibility, localizationNames: (null), result: Vertical scroll bar
2026-01-28 16:32:00.925 Db NayaVedAI[71451:2199c2] [com.apple.CFBundle:strings] Bundle: CFBundle 0x600003b04e00 </Library/Developer/CoreSimulator/Volumes/iOS_23C54/Library/Developer/CoreSimulator/Profiles/Runtimes/iOS 26.2.simruntime/Contents/Resources/RuntimeRoot/System/Library/AccessibilityBundles/UIKit.axbundle> (framework, loaded), key: page.count, value: , table: Accessibility, localizationNames: (null), result: %#@pages@
2026-01-28 16:32:00.925 Db NayaVedAI[71451:2199c2] [com.apple.CFBundle:strings] Bundle: CFBundle 0x600003b04e00 </Library/Developer/CoreSimulator/Volumes/iOS_23C54/Library/Developer/CoreSimulator/Profiles/Runtimes/iOS 26.2.simruntime/Contents/Resources/RuntimeRoot/System/Library/AccessibilityBundles/UIKit.axbundle> (framework, loaded), key: scroll.bar.vertical, value: , table: Accessibility, localizationNames: (null), result: Vertical scroll bar
2026-01-28 16:32:00.925 Db NayaVedAI[71451:2199c2] [com.apple.CFBundle:strings] Bundle: CFBundle 0x600003b04e00 </Library/Developer/CoreSimulator/Volumes/iOS_23C54/Library/Developer/CoreSimulator/Profiles/Runtimes/iOS 26.2.simruntime/Contents/Resources/RuntimeRoot/System/Library/AccessibilityBundles/UIKit.axbundle> (framework, loaded), key: page.count, value: , table: Accessibility, localizationNames: (null), result: %#@pages@
2026-01-28 16:32:00.925 Db NayaVedAI[71451:2199c2] [com.apple.CFBundle:strings] Bundle: CFBundle 0x600003b04e00 </Library/Developer/CoreSimulator/Volumes/iOS_23C54/Library/Developer/CoreSimulator/Profiles/Runtimes/iOS 26.2.simruntime/Contents/Resources/RuntimeRoot/System/Library/AccessibilityBundles/UIKit.axbundle> (framework, loaded), key: scroll.bar.horizontal, value: , table: Accessibility, localizationNames: (null), result: Horizontal scroll bar
2026-01-28 16:32:00.925 Db NayaVedAI[71451:2199c2] [com.apple.CFBundle:strings] Bundle: CFBundle 0x600003b04e00 </Library/Developer/CoreSimulator/Volumes/iOS_23C54/Library/Developer/CoreSimulator/Profiles/Runtimes/iOS 26.2.simruntime/Contents/Resources/RuntimeRoot/System/Library/AccessibilityBundles/UIKit.axbundle> (framework, loaded), key: page.count, value: , table: Accessibility, localizationNames: (null), result: %#@pages@
2026-01-28 16:32:00.925 Db NayaVedAI[71451:2199c2] [com.apple.CFBundle:strings] Bundle: CFBundle 0x600003b04e00 </Library/Developer/CoreSimulator/Volumes/iOS_23C54/Library/Developer/CoreSimulator/Profiles/Runtimes/iOS 26.2.simruntime/Contents/Resources/RuntimeRoot/System/Library/AccessibilityBundles/UIKit.axbundle> (framework, loaded), key: scroll.bar.horizontal, value: , table: Accessibility, localizationNames: (null), result: Horizontal scroll bar
2026-01-28 16:32:00.925 Db NayaVedAI[71451:2199c2] [com.apple.CFBundle:strings] Bundle: CFBundle 0x600003b04e00 </Library/Developer/CoreSimulator/Volumes/iOS_23C54/Library/Developer/CoreSimulator/Profiles/Runtimes/iOS 26.2.simruntime/Contents/Resources/RuntimeRoot/System/Library/AccessibilityBundles/UIKit.axbundle> (framework, loaded), key: page.count, value: , table: Accessibility, localizationNames: (null), result: %#@pages@
2026-01-28 16:32:01.036 Db NayaVedAI[71451:2199c2] [com.apple.CFBundle:strings] Bundle: CFBundle 0x600003b04e00 </Library/Developer/CoreSimulator/Volumes/iOS_23C54/Library/Developer/CoreSimulator/Profiles/Runtimes/iOS 26.2.simruntime/Contents/Resources/RuntimeRoot/System/Library/AccessibilityBundles/UIKit.axbundle> (framework, loaded), key: scroll.bar.vertical, value: , table: Accessibility, localizationNames: (null), result: Vertical scroll bar
2026-01-28 16:32:01.036 Db NayaVedAI[71451:2199c2] [com.apple.CFBundle:strings] Bundle: CFBundle 0x600003b04e00 </Library/Developer/CoreSimulator/Volumes/iOS_23C54/Library/Developer/CoreSimulator/Profiles/Runtimes/iOS 26.2.simruntime/Contents/Resources/RuntimeRoot/System/Library/AccessibilityBundles/UIKit.axbundle> (framework, loaded), key: page.count, value: , table: Accessibility, localizationNames: (null), result: %#@pages@
2026-01-28 16:32:01.036 Db NayaVedAI[71451:2199c2] [com.apple.CFBundle:strings] Bundle: CFBundle 0x600003b04e00 </Library/Developer/CoreSimulator/Volumes/iOS_23C54/Library/Developer/CoreSimulator/Profiles/Runtimes/iOS 26.2.simruntime/Contents/Resources/RuntimeRoot/System/Library/AccessibilityBundles/UIKit.axbundle> (framework, loaded), key: scroll.bar.vertical, value: , table: Accessibility, localizationNames: (null), result: Vertical scroll bar
2026-01-28 16:32:01.036 Db NayaVedAI[71451:2199c2] [com.apple.CFBundle:strings] Bundle: CFBundle 0x600003b04e00 </Library/Developer/CoreSimulator/Volumes/iOS_23C54/Library/Developer/CoreSimulator/Profiles/Runtimes/iOS 26.2.simruntime/Contents/Resources/RuntimeRoot/System/Library/AccessibilityBundles/UIKit.axbundle> (framework, loaded), key: page.count, value: , table: Accessibility, localizationNames: (null), result: %#@pages@
2026-01-28 16:32:01.036 Db NayaVedAI[71451:2199c2] [com.apple.CFBundle:strings] Bundle: CFBundle 0x600003b04e00 </Library/Developer/CoreSimulator/Volumes/iOS_23C54/Library/Developer/CoreSimulator/Profiles/Runtimes/iOS 26.2.simruntime/Contents/Resources/RuntimeRoot/System/Library/AccessibilityBundles/UIKit.axbundle> (framework, loaded), key: scroll.bar.horizontal, value: , table: Accessibility, localizationNames: (null), result: Horizontal scroll bar
2026-01-28 16:32:01.036 Db NayaVedAI[71451:2199c2] [com.apple.CFBundle:strings] Bundle: CFBundle 0x600003b04e00 </Library/Developer/CoreSimulator/Volumes/iOS_23C54/Library/Developer/CoreSimulator/Profiles/Runtimes/iOS 26.2.simruntime/Contents/Resources/RuntimeRoot/System/Library/AccessibilityBundles/UIKit.axbundle> (framework, loaded), key: page.count, value: , table: Accessibility, localizationNames: (null), result: %#@pages@
2026-01-28 16:32:01.036 Db NayaVedAI[71451:2199c2] [com.apple.CFBundle:strings] Bundle: CFBundle 0x600003b04e00 </Library/Developer/CoreSimulator/Volumes/iOS_23C54/Library/Developer/CoreSimulator/Profiles/Runtimes/iOS 26.2.simruntime/Contents/Resources/RuntimeRoot/System/Library/AccessibilityBundles/UIKit.axbundle> (framework, loaded), key: scroll.bar.horizontal, value: , table: Accessibility, localizationNames: (null), result: Horizontal scroll bar
2026-01-28 16:32:01.036 Db NayaVedAI[71451:2199c2] [com.apple.CFBundle:strings] Bundle: CFBundle 0x600003b04e00 </Library/Developer/CoreSimulator/Volumes/iOS_23C54/Library/Developer/CoreSimulator/Profiles/Runtimes/iOS 26.2.simruntime/Contents/Resources/RuntimeRoot/System/Library/AccessibilityBundles/UIKit.axbundle> (framework, loaded), key: page.count, value: , table: Accessibility, localizationNames: (null), result: %#@pages@
2026-01-28 16:32:01.145 Db NayaVedAI[71451:2199c2] [com.apple.CFBundle:strings] Bundle: CFBundle 0x600003b04e00 </Library/Developer/CoreSimulator/Volumes/iOS_23C54/Library/Developer/CoreSimulator/Profiles/Runtimes/iOS 26.2.simruntime/Contents/Resources/RuntimeRoot/System/Library/AccessibilityBundles/UIKit.axbundle> (framework, loaded), key: scroll.bar.vertical, value: , table: Accessibility, localizationNames: (null), result: Vertical scroll bar
2026-01-28 16:32:01.145 Db NayaVedAI[71451:2199c2] [com.apple.CFBundle:strings] Bundle: CFBundle 0x600003b04e00 </Library/Developer/CoreSimulator/Volumes/iOS_23C54/Library/Developer/CoreSimulator/Profiles/Runtimes/iOS 26.2.simruntime/Contents/Resources/RuntimeRoot/System/Library/AccessibilityBundles/UIKit.axbundle> (framework, loaded), key: page.count, value: , table: Accessibility, localizationNames: (null), result: %#@pages@
2026-01-28 16:32:01.145 Db NayaVedAI[71451:2199c2] [com.apple.CFBundle:strings] Bundle: CFBundle 0x600003b04e00 </Library/Developer/CoreSimulator/Volumes/iOS_23C54/Library/Developer/CoreSimulator/Profiles/Runtimes/iOS 26.2.simruntime/Contents/Resources/RuntimeRoot/System/Library/AccessibilityBundles/UIKit.axbundle> (framework, loaded), key: scroll.bar.vertical, value: , table: Accessibility, localizationNames: (null), result: Vertical scroll bar
2026-01-28 16:32:01.145 Db NayaVedAI[71451:2199c2] [com.apple.CFBundle:strings] Bundle: CFBundle 0x600003b04e00 </Library/Developer/CoreSimulator/Volumes/iOS_23C54/Library/Developer/CoreSimulator/Profiles/Runtimes/iOS 26.2.simruntime/Contents/Resources/RuntimeRoot/System/Library/AccessibilityBundles/UIKit.axbundle> (framework, loaded), key: page.count, value: , table: Accessibility, localizationNames: (null), result: %#@pages@
2026-01-28 16:32:01.145 Db NayaVedAI[71451:2199c2] [com.apple.CFBundle:strings] Bundle: CFBundle 0x600003b04e00 </Library/Developer/CoreSimulator/Volumes/iOS_23C54/Library/Developer/CoreSimulator/Profiles/Runtimes/iOS 26.2.simruntime/Contents/Resources/RuntimeRoot/System/Library/AccessibilityBundles/UIKit.axbundle> (framework, loaded), key: scroll.bar.horizontal, value: , table: Accessibility, localizationNames: (null), result: Horizontal scroll bar
2026-01-28 16:32:01.145 Db NayaVedAI[71451:2199c2] [com.apple.CFBundle:strings] Bundle: CFBundle 0x600003b04e00 </Library/Developer/CoreSimulator/Volumes/iOS_23C54/Library/Developer/CoreSimulator/Profiles/Runtimes/iOS 26.2.simruntime/Contents/Resources/RuntimeRoot/System/Library/AccessibilityBundles/UIKit.axbundle> (framework, loaded), key: page.count, value: , table: Accessibility, localizationNames: (null), result: %#@pages@
2026-01-28 16:32:01.145 Db NayaVedAI[71451:2199c2] [com.apple.CFBundle:strings] Bundle: CFBundle 0x600003b04e00 </Library/Developer/CoreSimulator/Volumes/iOS_23C54/Library/Developer/CoreSimulator/Profiles/Runtimes/iOS 26.2.simruntime/Contents/Resources/RuntimeRoot/System/Library/AccessibilityBundles/UIKit.axbundle> (framework, loaded), key: scroll.bar.horizontal, value: , table: Accessibility, localizationNames: (null), result: Horizontal scroll bar
2026-01-28 16:32:01.145 Db NayaVedAI[71451:2199c2] [com.apple.CFBundle:strings] Bundle: CFBundle 0x600003b04e00 </Library/Developer/CoreSimulator/Volumes/iOS_23C54/Library/Developer/CoreSimulator/Profiles/Runtimes/iOS 26.2.simruntime/Contents/Resources/RuntimeRoot/System/Library/AccessibilityBundles/UIKit.axbundle> (framework, loaded), key: page.count, value: , table: Accessibility, localizationNames: (null), result: %#@pages@
2026-01-28 16:32:01.259 Db NayaVedAI[71451:2199c2] [com.apple.CFBundle:strings] Bundle: CFBundle 0x600003b04e00 </Library/Developer/CoreSimulator/Volumes/iOS_23C54/Library/Developer/CoreSimulator/Profiles/Runtimes/iOS 26.2.simruntime/Contents/Resources/RuntimeRoot/System/Library/AccessibilityBundles/UIKit.axbundle> (framework, loaded), key: scroll.bar.vertical, value: , table: Accessibility, localizationNames: (null), result: Vertical scroll bar
2026-01-28 16:32:01.259 Db NayaVedAI[71451:2199c2] [com.apple.CFBundle:strings] Bundle: CFBundle 0x600003b04e00 </Library/Developer/CoreSimulator/Volumes/iOS_23C54/Library/Developer/CoreSimulator/Profiles/Runtimes/iOS 26.2.simruntime/Contents/Resources/RuntimeRoot/System/Library/AccessibilityBundles/UIKit.axbundle> (framework, loaded), key: page.count, value: , table: Accessibility, localizationNames: (null), result: %#@pages@
2026-01-28 16:32:01.259 Db NayaVedAI[71451:2199c2] [com.apple.CFBundle:strings] Bundle: CFBundle 0x600003b04e00 </Library/Developer/CoreSimulator/Volumes/iOS_23C54/Library/Developer/CoreSimulator/Profiles/Runtimes/iOS 26.2.simruntime/Contents/Resources/RuntimeRoot/System/Library/AccessibilityBundles/UIKit.axbundle> (framework, loaded), key: scroll.bar.vertical, value: , table: Accessibility, localizationNames: (null), result: Vertical scroll bar
2026-01-28 16:32:01.259 Db NayaVedAI[71451:2199c2] [com.apple.CFBundle:strings] Bundle: CFBundle 0x600003b04e00 </Library/Developer/CoreSimulator/Volumes/iOS_23C54/Library/Developer/CoreSimulator/Profiles/Runtimes/iOS 26.2.simruntime/Contents/Resources/RuntimeRoot/System/Library/AccessibilityBundles/UIKit.axbundle> (framework, loaded), key: page.count, value: , table: Accessibility, localizationNames: (null), result: %#@pages@
2026-01-28 16:32:01.259 Db NayaVedAI[71451:2199c2] [com.apple.CFBundle:strings] Bundle: CFBundle 0x600003b04e00 </Library/Developer/CoreSimulator/Volumes/iOS_23C54/Library/Developer/CoreSimulator/Profiles/Runtimes/iOS 26.2.simruntime/Contents/Resources/RuntimeRoot/System/Library/AccessibilityBundles/UIKit.axbundle> (framework, loaded), key: scroll.bar.horizontal, value: , table: Accessibility, localizationNames: (null), result: Horizontal scroll bar
2026-01-28 16:32:01.259 Db NayaVedAI[71451:2199c2] [com.apple.CFBundle:strings] Bundle: CFBundle 0x600003b04e00 </Library/Developer/CoreSimulator/Volumes/iOS_23C54/Library/Developer/CoreSimulator/Profiles/Runtimes/iOS 26.2.simruntime/Contents/Resources/RuntimeRoot/System/Library/AccessibilityBundles/UIKit.axbundle> (framework, loaded), key: page.count, value: , table: Accessibility, localizationNames: (null), result: %#@pages@
2026-01-28 16:32:01.259 Db NayaVedAI[71451:2199c2] [com.apple.CFBundle:strings] Bundle: CFBundle 0x600003b04e00 </Library/Developer/CoreSimulator/Volumes/iOS_23C54/Library/Developer/CoreSimulator/Profiles/Runtimes/iOS 26.2.simruntime/Contents/Resources/RuntimeRoot/System/Library/AccessibilityBundles/UIKit.axbundle> (framework, loaded), key: scroll.bar.horizontal, value: , table: Accessibility, localizationNames: (null), result: Horizontal scroll bar
