2026-01-28 16:14:14.501 Db NayaVedAI[63826:21027f] [com.apple.network:connection] nw_endpoint_flow_receive_report [C122 Hostname#b33e072a:8081 in_progress parent-flow (satisfied (Path is satisfied), interface: en0[802.11], uses wifi, LQM: unknown)] received child report: [C122.1 Hostname#b33e072a:8081 in_progress resolver (satisfied (Path is satisfied), interface: en0[802.11], uses wifi, LQM: unknown)]
2026-01-28 16:14:14.501 Df NayaVedAI[63826:21027f] [com.apple.network:connection] [C122.1 Hostname#b33e072a:8081 in_progress resolver (satisfied (Path is satisfied), interface: en0[802.11], uses wifi, LQM: unknown)] event: resolver:start_dns @0.001s
2026-01-28 16:14:14.502 Db NayaVedAI[63826:21027f] [com.apple.networkextension:] ne_tracker_check_is_hostname_blocked() proceeding with the in_the_app check for hostname: localhost
2026-01-28 16:14:14.502 Db NayaVedAI[63826:21027f] [com.apple.CFBundle:resources] Resource lookup at CFBundle 0x600003b10000 </Users/shivi.agarwal/Library/Developer/CoreSimulator/Devices/AC7E343F-585F-430E-B17D-BDD649803605/data/Containers/Bundle/Application/526E8406-59B6-4C05-9D18-38A7EF2F46C7/NayaVedAI.app> (executable, loaded)
	Request       : InfoPlist type: strings
	Result        : None
2026-01-28 16:14:14.502 Db NayaVedAI[63826:21027f] [com.apple.CFBundle:resources] Resource lookup at CFBundle 0x600003b10000 </Users/shivi.agarwal/Library/Developer/CoreSimulator/Devices/AC7E343F-585F-430E-B17D-BDD649803605/data/Containers/Bundle/Application/526E8406-59B6-4C05-9D18-38A7EF2F46C7/NayaVedAI.app> (executable, loaded)
	Request       : InfoPlist type: stringsdict
	Result        : None
2026-01-28 16:14:14.502 Db NayaVedAI[63826:21027f] [com.apple.networkextension:] ne_tracker_check_is_hostname_blocked(): hostname localhost is not a tracker. Returning: ne_tracker_status_none
2026-01-28 16:14:14.503 I  NayaVedAI[63826:21027f] [com.apple.network:connection] nw_resolver_create_dns_service_locked [C122.1] Starting host resolution Hostname#b33e072a:8081, flags 0xc000d000 proto 0
2026-01-28 16:14:14.503 Df NayaVedAI[63826:21027f] [com.apple.CFNetwork:Default] Task <C9ACC1A7-7284-47A4-89D3-B8A47AA2B0C8>.<1> setting up Connection 122
2026-01-28 16:14:14.503 Db NayaVedAI[63826:21027f] [com.apple.network:activity] Returning should log: 0 for activity cfnetwork:foreground_task
2026-01-28 16:14:14.504 I  NayaVedAI[63826:21027f] [com.apple.network:connection] nw_resolver_host_resolve_callback [C122.1] flags=0x40000003 ifindex=4294967295 error=NoError(0) hostname=localhost. addr=IPv6#42e9e5e9 ttl=1
2026-01-28 16:14:14.504 I  NayaVedAI[63826:21027f] [com.apple.network:connection] nw_resolver_host_resolve_callback [C122.1] flags=0x40000002 ifindex=4294967295 error=NoError(0) hostname=localhost. addr=IPv4#075c8fe9 ttl=1
2026-01-28 16:14:14.504 Db NayaVedAI[63826:21027f] [com.apple.network:] sa_dst_compare_rfc6724 Rule 6, prefer d2, d2 precedence 50 > d1 precedence 35
2026-01-28 16:14:14.504 Db NayaVedAI[63826:21027f] [com.apple.network:] sa_dst_compare_internal <private>@0 < <private>@0
2026-01-28 16:14:14.504 Db NayaVedAI[63826:21027f] [com.apple.network:connection] nw_endpoint_resolver_update [C122.1 Hostname#b33e072a:8081 in_progress resolver (satisfied (Path is satisfied), interface: en0[802.11], uses wifi, LQM: unknown)] resolver is complete
2026-01-28 16:14:14.504 Df NayaVedAI[63826:21027f] [com.apple.network:connection] nw_endpoint_resolver_update [C122.1 Hostname#b33e072a:8081 in_progress resolver (satisfied (Path is satisfied), interface: en0[802.11], uses wifi, LQM: unknown)] Adding endpoint handler for IPv6#9530c712.8081
2026-01-28 16:14:14.504 Df NayaVedAI[63826:21027f] [com.apple.network:connection] nw_endpoint_resolver_update [C122.1 Hostname#b33e072a:8081 in_progress resolver (satisfied (Path is satisfied), interface: en0[802.11], uses wifi, LQM: unknown)] Adding endpoint handler for IPv4#eafe643d:8081
2026-01-28 16:14:14.504 Db NayaVedAI[63826:21027f] [com.apple.network:connection] nw_endpoint_resolver_update [C122.1 Hostname#b33e072a:8081 in_progress resolver (satisfied (Path is satisfied), interface: en0[802.11], uses wifi, LQM: unknown)] Updated endpoint list is (IPv6#9530c712.8081,IPv4#eafe643d:8081)
2026-01-28 16:14:14.504 Db NayaVedAI[63826:21027f] [com.apple.network:connection] nw_endpoint_flow_receive_report [C122 Hostname#b33e072a:8081 in_progress parent-flow (satisfied (Path is satisfied), interface: en0[802.11], uses wifi, LQM: unknown)] received child report: [C122.1 Hostname#b33e072a:8081 in_progress resolver (satisfied (Path is satisfied), interface: en0[802.11], uses wifi, LQM: unknown)]
2026-01-28 16:14:14.504 Df NayaVedAI[63826:21027f] [com.apple.network:connection] [C122.1 Hostname#b33e072a:8081 in_progress resolver (satisfied (Path is satisfied), interface: en0[802.11], uses wifi, LQM: unknown)] event: resolver:receive_dns @0.004s
2026-01-28 16:14:14.504 I  NayaVedAI[63826:21027f] [com.apple.network:connection] nw_endpoint_resolver_start_next_child [C122.1 Hostname#b33e072a:8081 in_progress resolver (satisfied (Path is satisfied), interface: en0[802.11], uses wifi, LQM: unknown)] starting child endpoint IPv6#9530c712.8081
2026-01-28 16:14:14.504 I  NayaVedAI[63826:21027f] [com.apple.network:connection] nw_endpoint_handler_start [C122.1.1 IPv6#9530c712.8081 initial path ((null))]
2026-01-28 16:14:14.504 Db NayaVedAI[63826:21027f] [com.apple.network:connection] nw_endpoint_resolver_receive_report [C122.1 Hostname#b33e072a:8081 in_progress resolver (satisfied (Path is satisfied), interface: en0[802.11], uses wifi, LQM: unknown)] received child report: [C122.1.1 IPv6#9530c712.8081 initial path ((null))]
2026-01-28 16:14:14.504 Db NayaVedAI[63826:21027f] [com.apple.network:connection] nw_endpoint_flow_receive_report [C122 Hostname#b33e072a:8081 in_progress parent-flow (satisfied (Path is satisfied), interface: en0[802.11], uses wifi, LQM: unknown)] received child report: [C122.1.1 IPv6#9530c712.8081 initial path ((null))]
2026-01-28 16:14:14.504 Df NayaVedAI[63826:21027f] [com.apple.network:connection] [C122.1.1 IPv6#9530c712.8081 initial path ((null))] event: path:start @0.004s
2026-01-28 16:14:14.504 Db NayaVedAI[63826:21027f] [com.apple.network:connection] nw_endpoint_handler_path_change [C122.1.1 IPv6#9530c712.8081 waiting path (satisfied (Path is satisfied), interface: lo0)]
2026-01-28 16:14:14.504 Db NayaVedAI[63826:21027f] [com.apple.network:connection] nw_endpoint_resolver_receive_report [C122.1 Hostname#b33e072a:8081 in_progress resolver (satisfied (Path is satisfied), interface: en0[802.11], uses wifi, LQM: unknown)] received child report: [C122.1.1 IPv6#9530c712.8081 waiting path (satisfied (Path is satisfied), interface: lo0)]
2026-01-28 16:14:14.504 Db NayaVedAI[63826:21027f] [com.apple.network:connection] nw_endpoint_flow_receive_report [C122 Hostname#b33e072a:8081 in_progress parent-flow (satisfied (Path is satisfied), interface: en0[802.11], uses wifi, LQM: unknown)] received child report: [C122.1.1 IPv6#9530c712.8081 waiting path (satisfied (Path is satisfied), interface: lo0)]
2026-01-28 16:14:14.504 Df NayaVedAI[63826:21027f] [com.apple.network:connection] [C122.1.1 IPv6#9530c712.8081 waiting path (satisfied (Path is satisfied), interface: lo0)] event: path:satisfied @0.004s, uuid: A2BD1A32-C216-47BE-B29A-CB4DC4B942BD
2026-01-28 16:14:14.504 Db NayaVedAI[63826:21027f] [com.apple.network:] nw_endpoint_proxy_handler_should_use_proxy Looking up proxy for hostname: <nil>, ifindex: 0
2026-01-28 16:14:14.504 Db NayaVedAI[63826:21027f] [com.apple.SystemConfiguration:SCPreferences] create <SCPreferences 0x12e4de640 [0x1e578fa80]> {name = SCDynamicStoreCopyProxiesWithOptions, id = /Library/Managed Preferences/mobile/com.apple.SystemConfiguration.plist, path = /Library/Managed Preferences/mobile/com.apple.SystemConfiguration.plist}
2026-01-28 16:14:14.504 Db NayaVedAI[63826:21027f] [com.apple.SystemConfiguration:SCPreferences] SCPreferences() access: /Library/Managed Preferences/mobile/com.apple.SystemConfiguration.plist, size=0
2026-01-28 16:14:14.504 Db NayaVedAI[63826:21027f] [com.apple.SystemConfiguration:SCPreferences] release <SCPreferences 0x12e4de640 [0x1e578fa80]> {name = SCDynamicStoreCopyProxiesWithOptions, id = /Library/Managed Preferences/mobile/com.apple.SystemConfiguration.plist, path = /Library/Managed Preferences/mobile/com.apple.SystemConfiguration.plist, accessed}
2026-01-28 16:14:14.504 I  NayaVedAI[63826:21027f] [com.apple.network:connection] nw_association_create_flow <nw_association IPv6#9530c712.8081> Added association flow ID A5F97BB1-3DE5-4562-BB78-654CAA75561E
2026-01-28 16:14:14.504 I  NayaVedAI[63826:21027f] [com.apple.network:connection] nw_endpoint_flow_setup_protocols [C122.1.1 IPv6#9530c712.8081 in_progress socket-flow (satisfied (Path is satisfied), interface: lo0)] setup flow id A5F97BB1-3DE5-4562-BB78-654CAA75561E
2026-01-28 16:14:14.504 Db NayaVedAI[63826:21027f] [com.apple.network:connection] nw_endpoint_flow_attach_protocols [C122.1.1 IPv6#9530c712.8081 in_progress socket-flow (satisfied (Path is satisfied), interface: lo0)]
2026-01-28 16:14:14.504 Db NayaVedAI[63826:21027f] [com.apple.network:connection] nw_endpoint_flow_attach_protocols_block_invoke [C122.1.1 IPv6#9530c712.8081 in_progress socket-flow (satisfied (Path is satisfied), interface: lo0)] Attached application protocol: CFNetworkConnection-1110212295
2026-01-28 16:14:14.505 Db NayaVedAI[63826:21027f] [com.apple.network:] nw_fd_wrapper_create Created <fd_wrapper 24, guarded: false>
2026-01-28 16:14:14.505 Db NayaVedAI[63826:21027f] [com.apple.network:connection] nw_endpoint_flow_attach_protocols [C122.1.1 IPv6#9530c712.8081 in_progress socket-flow (satisfied (Path is satisfied), interface: lo0)] Attached socket protocol
2026-01-28 16:14:14.505 Db NayaVedAI[63826:21027f] [com.apple.network:connection] nw_endpoint_flow_setup_protocols [C122.1.1 IPv6#9530c712.8081 in_progress socket-flow (satisfied (Path is satisfied), interface: lo0)] leaf flow starting
2026-01-28 16:14:14.505 Db NayaVedAI[63826:21027f] [com.apple.network:connection] nw_endpoint_resolver_receive_report [C122.1 Hostname#b33e072a:8081 in_progress resolver (satisfied (Path is satisfied), interface: en0[802.11], uses wifi, LQM: unknown)] received child report: [C122.1.1 IPv6#9530c712.8081 in_progress socket-flow (satisfied (Path is satisfied), interface: lo0)]
2026-01-28 16:14:14.505 Db NayaVedAI[63826:21027f] [com.apple.network:connection] nw_endpoint_flow_receive_report [C122 Hostname#b33e072a:8081 in_progress parent-flow (satisfied (Path is satisfied), interface: en0[802.11], uses wifi, LQM: unknown)] received child report: [C122.1.1 IPv6#9530c712.8081 in_progress socket-flow (satisfied (Path is satisfied), interface: lo0)]
2026-01-28 16:14:14.505 Df NayaVedAI[63826:21027f] [com.apple.network:connection] [C122.1.1 IPv6#9530c712.8081 in_progress socket-flow (satisfied (Path is satisfied), interface: lo0)] event: flow:start_connect @0.005s
2026-01-28 16:14:14.505 I  NayaVedAI[63826:21027f] [com.apple.network:connection] nw_endpoint_resolver_start_next_child [C122.1 Hostname#b33e072a:8081 in_progress resolver (satisfied (Path is satisfied), interface: en0[802.11], uses wifi, LQM: unknown)] starting next child endpoint in 100ms
2026-01-28 16:14:14.505 Db NayaVedAI[63826:21027f] [com.apple.network:connection] nw_socket_handle_socket_event [C122.1.1:2] Event mask: 0x800
2026-01-28 16:14:14.505 Df NayaVedAI[63826:21027f] [com.apple.network:connection] nw_socket_handle_socket_event [C122.1.1:2] Socket received CONNECTED event
2026-01-28 16:14:14.505 Db NayaVedAI[63826:21027f] [com.apple.network:connection] nw_socket_setup_notsent_lowat [C122.1.1:2] Set TCP_NOTSENT_LOWAT(16384)
2026-01-28 16:14:14.505 Df NayaVedAI[63826:21027f] [com.apple.network:connection] nw_flow_connected [C122.1.1 IPv6#9530c712.8081 in_progress socket-flow (satisfied (Path is satisfied), interface: lo0)] Transport protocol connected (socket)
2026-01-28 16:14:14.505 Db NayaVedAI[63826:21027f] [com.apple.network:connection] nw_endpoint_resolver_receive_report [C122.1 Hostname#b33e072a:8081 in_progress resolver (satisfied (Path is satisfied), interface: en0[802.11], uses wifi, LQM: unknown)] received child report: [C122.1.1 IPv6#9530c712.8081 in_progress socket-flow (satisfied (Path is satisfied), interface: lo0)]
2026-01-28 16:14:14.505 Db NayaVedAI[63826:21027f] [com.apple.network:connection] nw_endpoint_flow_receive_report [C122 Hostname#b33e072a:8081 in_progress parent-flow (satisfied (Path is satisfied), interface: en0[802.11], uses wifi, LQM: unknown)] received child report: [C122.1.1 IPv6#9530c712.8081 in_progress socket-flow (satisfied (Path is satisfied), interface: lo0)]
2026-01-28 16:14:14.505 Df NayaVedAI[63826:21027f] [com.apple.network:connection] [C122.1.1 IPv6#9530c712.8081 in_progress socket-flow (satisfied (Path is satisfied), interface: lo0)] event: flow:finish_transport @0.005s
2026-01-28 16:14:14.505 I  NayaVedAI[63826:21027f] [com.apple.network:connection] nw_endpoint_resolver_receive_report [C122.1 Hostname#b33e072a:8081 in_progress resolver (satisfied (Path is satisfied), interface: en0[802.11], uses wifi, LQM: unknown)] pushing out endpoint race by 2000ms
2026-01-28 16:14:14.505 Df NayaVedAI[63826:21027f] [com.apple.network:connection] nw_flow_connected [C122.1.1 IPv6#9530c712.8081 in_progress socket-flow (satisfied (Path is satisfied), interface: lo0)] Output protocol connected (CFNetworkConnection-1110212295)
2026-01-28 16:14:14.505 Db NayaVedAI[63826:21027f] [com.apple.network:connection] nw_endpoint_flow_connected_path_change [C122.1.1 IPv6#9530c712.8081 ready socket-flow (satisfied (Path is satisfied), interface: lo0)]
2026-01-28 16:14:14.505 I  NayaVedAI[63826:21027f] [com.apple.network:connection] nw_endpoint_flow_connected_path_change [C122.1.1 IPv6#9530c712.8081 ready socket-flow (satisfied (Path is satisfied), interface: lo0)] Connected path is satisfied, not viable
2026-01-28 16:14:14.505 Db NayaVedAI[63826:21027f] [com.apple.network:connection] nw_endpoint_resolver_receive_report [C122.1 Hostname#b33e072a:8081 in_progress resolver (satisfied (Path is satisfied), interface: en0[802.11], uses wifi, LQM: unknown)] received child report: [C122.1.1 IPv6#9530c712.8081 ready socket-flow (satisfied (Path is satisfied), interface: lo0)]
2026-01-28 16:14:14.505 Db NayaVedAI[63826:21027f] [com.apple.network:connection] nw_endpoint_flow_receive_report [C122 Hostname#b33e072a:8081 in_progress parent-flow (satisfied (Path is satisfied), interface: en0[802.11], uses wifi, LQM: unknown)] received child report: [C122.1.1 IPv6#9530c712.8081 ready socket-flow (satisfied (Path is satisfied), interface: lo0)]
2026-01-28 16:14:14.505 Df NayaVedAI[63826:21027f] [com.apple.network:connection] [C122.1.1 IPv6#9530c712.8081 ready socket-flow (satisfied (Path is satisfied), interface: lo0)] event: flow:child_finish_connect @0.005s
2026-01-28 16:14:14.505 Db NayaVedAI[63826:21027f] [com.apple.network:connection] nw_endpoint_flow_receive_report [C122 IPv6#9530c712.8081 in_progress parent-flow (satisfied (Path is satisfied), interface: en0[802.11], uses wifi, LQM: unknown)] connecting endpoint_flow to child's shared protocol
2026-01-28 16:14:14.505 Db NayaVedAI[63826:21027f] [com.apple.network:connection] nw_endpoint_flow_setup_protocols [C122 IPv6#9530c712.8081 in_progress parent-flow (satisfied (Path is satisfied), interface: en0[802.11], uses wifi, LQM: unknown)] already set up
2026-01-28 16:14:14.505 Db NayaVedAI[63826:21027f] [com.apple.network:connection] nw_endpoint_flow_setup_protocols [C122 IPv6#9530c712.8081 in_progress parent-flow (satisfied (Path is satisfied), interface: en0[802.11], uses wifi, LQM: unknown)] child flow connected, starting
2026-01-28 16:14:14.505 Db NayaVedAI[63826:21027f] [com.apple.network:connection] nw_endpoint_flow_setup_protocols [C122 IPv6#9530c712.8081 in_progress parent-flow (satisfied (Path is satisfied), interface: en0[802.11], uses wifi, LQM: unknown)] already started
2026-01-28 16:14:14.505 Db NayaVedAI[63826:21027f] [com.apple.network:connection] nw_endpoint_flow_receive_report [C122 IPv6#9530c712.8081 in_progress parent-flow (satisfied (Path is satisfied), interface: en0[802.11], uses wifi, LQM: unknown)] received child report: [C122.1 Hostname#b33e072a:8081 ready resolver (satisfied (Path is satisfied), interface: en0[802.11], uses wifi, LQM: unknown)]
2026-01-28 16:14:14.505 Df NayaVedAI[63826:21027f] [com.apple.network:connection] [C122.1 Hostname#b33e072a:8081 ready resolver (satisfied (Path is satisfied), interface: en0[802.11], uses wifi, LQM: unknown)] event: flow:child_finish_connect @0.005s
2026-01-28 16:14:14.505 I  NayaVedAI[63826:21027f] [com.apple.network:connection] nw_endpoint_handler_cancel [C122.1.2 IPv4#eafe643d:8081 initial path ((null))]
2026-01-28 16:14:14.505 Df NayaVedAI[63826:21027f] [com.apple.network:connection] nw_flow_connected [C122 IPv6#9530c712.8081 in_progress parent-flow (satisfied (Path is satisfied), interface: en0[802.11], uses wifi, LQM: unknown)] Output protocol connected (endpoint_flow)
2026-01-28 16:14:14.505 Db NayaVedAI[63826:21027f] [com.apple.network:connection] nw_endpoint_flow_connected_path_change [C122 IPv6#9530c712.8081 ready parent-flow (satisfied (Path is satisfied), interface: en0[802.11], uses wifi, LQM: unknown)]
2026-01-28 16:14:14.505 I  NayaVedAI[63826:21027f] [com.apple.network:connection] nw_endpoint_flow_connected_path_change [C122 IPv6#9530c712.8081 ready parent-flow (satisfied (Path is satisfied), interface: en0[802.11], uses wifi, LQM: unknown)] Connected path is satisfied, child is not viable
2026-01-28 16:14:14.505 Df NayaVedAI[63826:21027f] [com.apple.network:connection] [C122 IPv6#9530c712.8081 ready parent-flow (satisfied (Path is satisfied), interface: en0[802.11], uses wifi, LQM: unknown)] event: flow:finish_connect @0.005s
2026-01-28 16:14:14.505 Db NayaVedAI[63826:21027f] [com.apple.network:connection] nw_connection_run_pqtls_probe_locked_on_nw_queue [C122] No TLS metadata; not running PQ-TLS probe
2026-01-28 16:14:14.505 Db NayaVedAI[63826:21027f] [com.apple.network:connection] nw_connection_run_ech_probe_locked_on_nw_queue [C122] stack doesn't include TLS; not running ECH probe
2026-01-28 16:14:14.505 Db NayaVedAI[63826:21027f] [com.apple.network:connection] nw_connection_endpoint_report_on_nw_queue_block_invoke [C122] Connected fallback generation 0
2026-01-28 16:14:14.505 I  NayaVedAI[63826:21027f] [com.apple.network:connection] nw_connection_start_candidate_manager_if_needed_locked [C122] Checking whether to start candidate manager
2026-01-28 16:14:14.505 Db NayaVedAI[63826:21027f] [com.apple.network:connection] nw_connection_start_candidate_manager_if_needed_locked [C122] Connection does not support multipath, not starting candidate manager
2026-01-28 16:14:14.506 Df NayaVedAI[63826:21027f] [com.apple.network:connection] nw_connection_report_state_with_handler_on_nw_queue [C122] reporting state ready
2026-01-28 16:14:14.506 Df NayaVedAI[63826:21027f] [com.apple.CFNetwork:Default] Connection 122: connected successfully
2026-01-28 16:14:14.506 Df NayaVedAI[63826:21027f] [com.apple.CFNetwork:Default] Connection 122: ready C(N) E(N)
2026-01-28 16:14:14.506 Db NayaVedAI[63826:21027f] [com.apple.CFNetwork:Default] Task <C9ACC1A7-7284-47A4-89D3-B8A47AA2B0C8>.<1> done setting up Connection 122
2026-01-28 16:14:14.506 Db NayaVedAI[63826:21027f] [com.apple.network:activity] Returning should log: 0 for activity cfnetwork:foreground_task
2026-01-28 16:14:14.506 Df NayaVedAI[63826:21027f] [com.apple.CFNetwork:Default] Task <C9ACC1A7-7284-47A4-89D3-B8A47AA2B0C8>.<1> now using Connection 122
2026-01-28 16:14:14.506 Db NayaVedAI[63826:21027f] [com.apple.network:activity] Returning should log: 0 for activity cfnetwork:foreground_task
2026-01-28 16:14:14.506 Df NayaVedAI[63826:21027f] [com.apple.CFNetwork:Default] Task <C9ACC1A7-7284-47A4-89D3-B8A47AA2B0C8>.<1> sent request, body N 0
2026-01-28 16:14:14.506 Df NayaVedAI[63826:20fb62] [com.apple.CFNetwork:Default] Task <6AED2D7E-0C75-40AB-9B6D-92BD520CD569>.<2> resuming, timeouts(0.0, 604800.0) qos(0x19) voucher((null)) activity(00000000-0000-0000-0000-000000000000)
2026-01-28 16:14:14.506 Db NayaVedAI[63826:20fb62] [com.apple.network:activity] Returning should log: 0 for activity cfnetwork:foreground_task
2026-01-28 16:14:14.507 Db NayaVedAI[63826:20fb62] [com.apple.network:activity] Domain cfnetwork rate configured in registry as 1 / 20000
2026-01-28 16:14:14.507 Db NayaVedAI[63826:20fb62] [com.apple.network:activity] Domain cfnetwork rate configured after remote default override as 1 / 20000
2026-01-28 16:14:14.507 Db NayaVedAI[63826:20fb62] [com.apple.network:activity] After reading settings plist, domain cfnetwork rate configured as 1 / 2000000
2026-01-28 16:14:14.507 Db NayaVedAI[63826:20fb62] [com.apple.network:activity] After settings override, domain cfnetwork rate configured as 1 / 2000000
2026-01-28 16:14:14.507 Db NayaVedAI[63826:20fb62] [com.apple.network:activity] Final domain cfnetwork rate configured as 1 / 2000000
2026-01-28 16:14:14.507 Db NayaVedAI[63826:20fb62] [com.apple.network:activity] <nw_activity 12:2 [No UUID] (reporting strategy default)> sampled at 1 / 2000000
2026-01-28 16:14:14.507 Db NayaVedAI[63826:20fb62] [com.apple.network:activity] Returning should log: 0 for activity cfnetwork:foreground_task
2026-01-28 16:14:14.507 Db NayaVedAI[63826:20fb62] [com.apple.network:activity] Returning should log: 0 for activity cfnetwork:foreground_task
2026-01-28 16:14:14.507 Db NayaVedAI[63826:20fb62] [com.apple.CFNetwork:Default] [Telemetry]: Activity <nw_activity 12:2 [5DF762D0-E3A4-4EBA-BB3C-BD3791D17901] (reporting strategy default)> on Task <6AED2D7E-0C75-40AB-9B6D-92BD520CD569>.<2> was not selected for reporting
2026-01-28 16:14:14.507 Db NayaVedAI[63826:21027f] [com.apple.CFNetwork:ATS] Uploading ATS exception ATSAllowsLocalNetworking
2026-01-28 16:14:14.507 A  NayaVedAI[63826:20fee4] (Security) SecTrustReportNetworkingAnalytics
2026-01-28 16:14:14.507 I  NayaVedAI[63826:21027f] [com.apple.network:connection] nw_connection_create_with_id [C123] create connection to Hostname#b33e072a:8081
2026-01-28 16:14:14.507 Df NayaVedAI[63826:21027f] [com.apple.CFNetwork:Default] Connection 123: starting, TC(0x0)
2026-01-28 16:14:14.507 Df NayaVedAI[63826:21027f] [com.apple.network:connection] [C123 4EBF8D35-702F-49BF-B740-49380C778903 Hostname#b33e072a:8081 tcp, url: http://localhost:8081/symbolicate, definite, attribution: developer, context: com.apple.CFNetwork.NSURLSession.{899CE167-2882-4015-9C09-D06021B49945}{(null)}{Y}{2}{0x0} (private), proc: 63B02D91-D502-3FF5-9842-92830ECC12FF, delegated upid: 0] start
2026-01-28 16:14:14.507 I  NayaVedAI[63826:21027f] [com.apple.network:connection] nw_endpoint_handler_start [C123 Hostname#b33e072a:8081 initial parent-flow ((null))]
2026-01-28 16:14:14.507 Df NayaVedAI[63826:21027f] [com.apple.network:connection] [C123 Hostname#b33e072a:8081 initial parent-flow ((null))] event: path:start @0.000s
2026-01-28 16:14:14.507 Db NayaVedAI[63826:21027f] [com.apple.network:connection] nw_endpoint_handler_path_change [C123 Hostname#b33e072a:8081 waiting parent-flow (satisfied (Path is satisfied), interface: en0[802.11], uses wifi, LQM: unknown)]
2026-01-28 16:14:14.507 Db NayaVedAI[63826:21027f] [com.apple.networkextension:] ne_tracker_check_is_hostname_blocked() proceeding with the in_the_app check for hostname: localhost
2026-01-28 16:14:14.507 Db NayaVedAI[63826:21027f] [com.apple.CFBundle:resources] Resource lookup at CFBundle 0x600003b10000 </Users/shivi.agarwal/Library/Developer/CoreSimulator/Devices/AC7E343F-585F-430E-B17D-BDD649803605/data/Containers/Bundle/Application/526E8406-59B6-4C05-9D18-38A7EF2F46C7/NayaVedAI.app> (executable, loaded)
	Request       : InfoPlist type: strings
	Result        : None
2026-01-28 16:14:14.507 Df NayaVedAI[63826:20fee4] [com.apple.securityd:SecError] SecTrustReportNetworkingAnalytics failed with error: -4
2026-01-28 16:14:14.507 Db NayaVedAI[63826:21027f] [com.apple.CFBundle:resources] Resource lookup at CFBundle 0x600003b10000 </Users/shivi.agarwal/Library/Developer/CoreSimulator/Devices/AC7E343F-585F-430E-B17D-BDD649803605/data/Containers/Bundle/Application/526E8406-59B6-4C05-9D18-38A7EF2F46C7/NayaVedAI.app> (executable, loaded)
	Request       : InfoPlist type: stringsdict
	Result        : None
2026-01-28 16:14:14.507 Db NayaVedAI[63826:21027f] [com.apple.networkextension:] ne_tracker_check_is_hostname_blocked(): hostname localhost is not a tracker. Returning: ne_tracker_status_none
2026-01-28 16:14:14.507 Df NayaVedAI[63826:21027f] [com.apple.network:connection] [C123 Hostname#b33e072a:8081 waiting parent-flow (satisfied (Path is satisfied), interface: en0[802.11], uses wifi, LQM: unknown)] event: path:satisfied @0.000s, uuid: 54EDC35F-B82E-432D-9A52-D43289D0A630
2026-01-28 16:14:14.507 I  NayaVedAI[63826:21027f] [com.apple.network:connection] nw_connection_endpoint_report_on_nw_queue_block_invoke [C123 Hostname#b33e072a:8081 waiting parent-flow (satisfied (Path is satisfied), interface: en0[802.11], uses wifi, LQM: unknown)] skipping state update
2026-01-28 16:14:14.507 Db NayaVedAI[63826:21027f] [com.apple.network:] nw_endpoint_proxy_handler_should_use_proxy Looking up proxy for hostname: localhost, ifindex: 0
2026-01-28 16:14:14.507 Db NayaVedAI[63826:21027f] [com.apple.SystemConfiguration:SCPreferences] create <SCPreferences 0x10bbe4530 [0x1e578fa80]> {name = SCDynamicStoreCopyProxiesWithOptions, id = /Library/Managed Preferences/mobile/com.apple.SystemConfiguration.plist, path = /Library/Managed Preferences/mobile/com.apple.SystemConfiguration.plist}
2026-01-28 16:14:14.507 Db NayaVedAI[63826:21027f] [com.apple.SystemConfiguration:SCPreferences] SCPreferences() access: /Library/Managed Preferences/mobile/com.apple.SystemConfiguration.plist, size=0
2026-01-28 16:14:14.507 Db NayaVedAI[63826:21027f] [com.apple.SystemConfiguration:SCPreferences] release <SCPreferences 0x10bbe4530 [0x1e578fa80]> {name = SCDynamicStoreCopyProxiesWithOptions, id = /Library/Managed Preferences/mobile/com.apple.SystemConfiguration.plist, path = /Library/Managed Preferences/mobile/com.apple.SystemConfiguration.plist, accessed}
2026-01-28 16:14:14.508 Db NayaVedAI[63826:21027f] [com.apple.network:connection] nw_endpoint_flow_attach_protocols [C123 Hostname#b33e072a:8081 in_progress parent-flow (satisfied (Path is satisfied), interface: en0[802.11], uses wifi, LQM: unknown)]
2026-01-28 16:14:14.508 Db NayaVedAI[63826:21027f] [com.apple.network:connection] nw_endpoint_flow_attach_protocols [C123 Hostname#b33e072a:8081 in_progress parent-flow (satisfied (Path is satisfied), interface: en0[802.11], uses wifi, LQM: unknown)] stopping after adding persistent application protocols
2026-01-28 16:14:14.508 Db NayaVedAI[63826:21027f] [com.apple.network:connection] nw_endpoint_flow_setup_protocols [C123 Hostname#b33e072a:8081 in_progress parent-flow (satisfied (Path is satisfied), interface: en0[802.11], uses wifi, LQM: unknown)] persistent protocol stack, starting
2026-01-28 16:14:14.508 Df NayaVedAI[63826:21027f] [com.apple.network:connection] [C123 Hostname#b33e072a:8081 in_progress parent-flow (satisfied (Path is satisfied), interface: en0[802.11], uses wifi, LQM: unknown)] event: flow:start_connect @0.000s
2026-01-28 16:14:14.508 Df NayaVedAI[63826:21027f] [com.apple.network:connection] nw_connection_report_state_with_handler_on_nw_queue [C123] reporting state preparing
2026-01-28 16:14:14.508 I  NayaVedAI[63826:21027f] [com.apple.network:connection] nw_endpoint_flow_connect [C123 Hostname#b33e072a:8081 in_progress parent-flow (satisfied (Path is satisfied), interface: en0[802.11], uses wifi, LQM: unknown)] connect bottom protocol
2026-01-28 16:14:14.508 Db NayaVedAI[63826:21027f] [com.apple.network:connection] nw_endpoint_flow_start_child [C123 Hostname#b33e072a:8081 in_progress parent-flow (satisfied (Path is satisfied), interface: en0[802.11], uses wifi, LQM: unknown)] creating and starting child handler
2026-01-28 16:14:14.508 Db NayaVedAI[63826:21027f] [com.apple.network:] nw_endpoint_proxy_handler_should_use_proxy Looking up proxy for hostname: localhost, ifindex: 0
2026-01-28 16:14:14.508 Db NayaVedAI[63826:21027f] [com.apple.SystemConfiguration:SCPreferences] create <SCPreferences 0x10758df50 [0x1e578fa80]> {name = SCDynamicStoreCopyProxiesWithOptions, id = /Library/Managed Preferences/mobile/com.apple.SystemConfiguration.plist, path = /Library/Managed Preferences/mobile/com.apple.SystemConfiguration.plist}
2026-01-28 16:14:14.508 Db NayaVedAI[63826:21027f] [com.apple.SystemConfiguration:SCPreferences] SCPreferences() access: /Library/Managed Preferences/mobile/com.apple.SystemConfiguration.plist, size=0
2026-01-28 16:14:14.508 Db NayaVedAI[63826:21027f] [com.apple.SystemConfiguration:SCPreferences] release <SCPreferences 0x10758df50 [0x1e578fa80]> {name = SCDynamicStoreCopyProxiesWithOptions, id = /Library/Managed Preferences/mobile/com.apple.SystemConfiguration.plist, path = /Library/Managed Preferences/mobile/com.apple.SystemConfiguration.plist, accessed}
2026-01-28 16:14:14.508 Df NayaVedAI[63826:21027f] [com.apple.network:connection] [C123 Hostname#b33e072a:8081 in_progress parent-flow (satisfied (Path is satisfied), interface: en0[802.11], uses wifi, LQM: unknown)] event: flow:start_child @0.000s
2026-01-28 16:14:14.508 I  NayaVedAI[63826:21027f] [com.apple.network:connection] nw_endpoint_handler_start [C123.1 Hostname#b33e072a:8081 initial path ((null))]
2026-01-28 16:14:14.508 Db NayaVedAI[63826:21027f] [com.apple.network:connection] nw_endpoint_flow_receive_report [C123 Hostname#b33e072a:8081 in_progress parent-flow (satisfied (Path is satisfied), interface: en0[802.11], uses wifi, LQM: unknown)] received child report: [C123.1 Hostname#b33e072a:8081 initial path ((null))]
2026-01-28 16:14:14.508 Df NayaVedAI[63826:21027f] [com.apple.network:connection] [C123.1 Hostname#b33e072a:8081 initial path ((null))] event: path:start @0.000s
2026-01-28 16:14:14.508 Db NayaVedAI[63826:21027f] [com.apple.network:connection] nw_endpoint_handler_path_change [C123.1 Hostname#b33e072a:8081 waiting path (satisfied (Path is satisfied), interface: en0[802.11], uses wifi, LQM: unknown)]
2026-01-28 16:14:14.508 Db NayaVedAI[63826:21027f] [com.apple.networkextension:] ne_tracker_check_is_hostname_blocked() proceeding with the in_the_app check for hostname: localhost
2026-01-28 16:14:14.508 Db NayaVedAI[63826:21027f] [com.apple.CFBundle:resources] Resource lookup at CFBundle 0x600003b10000 </Users/shivi.agarwal/Library/Developer/CoreSimulator/Devices/AC7E343F-585F-430E-B17D-BDD649803605/data/Containers/Bundle/Application/526E8406-59B6-4C05-9D18-38A7EF2F46C7/NayaVedAI.app> (executable, loaded)
	Request       : InfoPlist type: strings
	Result        : None
2026-01-28 16:14:14.508 Db NayaVedAI[63826:21027f] [com.apple.CFBundle:resources] Resource lookup at CFBundle 0x600003b10000 </Users/shivi.agarwal/Library/Developer/CoreSimulator/Devices/AC7E343F-585F-430E-B17D-BDD649803605/data/Containers/Bundle/Application/526E8406-59B6-4C05-9D18-38A7EF2F46C7/NayaVedAI.app> (executable, loaded)
	Request       : InfoPlist type: stringsdict
	Result        : None
2026-01-28 16:14:14.508 Db NayaVedAI[63826:21027f] [com.apple.networkextension:] ne_tracker_check_is_hostname_blocked(): hostname localhost is not a tracker. Returning: ne_tracker_status_none
2026-01-28 16:14:14.508 Db NayaVedAI[63826:21027f] [com.apple.network:connection] nw_endpoint_flow_receive_report [C123 Hostname#b33e072a:8081 in_progress parent-flow (satisfied (Path is satisfied), interface: en0[802.11], uses wifi, LQM: unknown)] received child report: [C123.1 Hostname#b33e072a:8081 waiting path (satisfied (Path is satisfied), interface: en0[802.11], uses wifi, LQM: unknown)]
2026-01-28 16:14:14.508 Df NayaVedAI[63826:21027f] [com.apple.network:connection] [C123.1 Hostname#b33e072a:8081 waiting path (satisfied (Path is satisfied), interface: en0[802.11], uses wifi, LQM: unknown)] event: path:satisfied @0.000s, uuid: 54EDC35F-B82E-432D-9A52-D43289D0A630
2026-01-28 16:14:14.508 Db NayaVedAI[63826:21027f] [com.apple.network:] nw_endpoint_proxy_handler_should_use_proxy Looking up proxy for hostname: localhost, ifindex: 0
2026-01-28 16:14:14.508 Db NayaVedAI[63826:21027f] [com.apple.SystemConfiguration:SCPreferences] create <SCPreferences 0x10758df50 [0x1e578fa80]> {name = SCDynamicStoreCopyProxiesWithOptions, id = /Library/Managed Preferences/mobile/com.apple.SystemConfiguration.plist, path = /Library/Managed Preferences/mobile/com.apple.SystemConfiguration.plist}
2026-01-28 16:14:14.508 Db NayaVedAI[63826:21027f] [com.apple.SystemConfiguration:SCPreferences] SCPreferences() access: /Library/Managed Preferences/mobile/com.apple.SystemConfiguration.plist, size=0
2026-01-28 16:14:14.508 Db NayaVedAI[63826:21027f] [com.apple.SystemConfiguration:SCPreferences] release <SCPreferences 0x10758df50 [0x1e578fa80]> {name = SCDynamicStoreCopyProxiesWithOptions, id = /Library/Managed Preferences/mobile/com.apple.SystemConfiguration.plist, path = /Library/Managed Preferences/mobile/com.apple.SystemConfiguration.plist, accessed}
2026-01-28 16:14:14.508 Db NayaVedAI[63826:21027f] [com.apple.network:connection] -[NWConcrete_nw_endpoint_resolver startWithHandler:] [C123.1 Hostname#b33e072a:8081 waiting resolver (satisfied (Path is satisfied), interface: en0[802.11], uses wifi, LQM: unknown)]
2026-01-28 16:14:14.508 Db NayaVedAI[63826:21027f] [com.apple.network:connection] nw_endpoint_flow_receive_report [C123 Hostname#b33e072a:8081 in_progress parent-flow (satisfied (Path is satisfied), interface: en0[802.11], uses wifi, LQM: unknown)] received child report: [C123.1 Hostname#b33e072a:8081 in_progress resolver (satisfied (Path is satisfied), interface: en0[802.11], uses wifi, LQM: unknown)]
2026-01-28 16:14:14.508 Df NayaVedAI[63826:21027f] [com.apple.network:connection] [C123.1 Hostname#b33e072a:8081 in_progress resolver (satisfied (Path is satisfied), interface: en0[802.11], uses wifi, LQM: unknown)] event: resolver:start_dns @0.001s
2026-01-28 16:14:14.508 Db NayaVedAI[63826:21027f] [com.apple.networkextension:] ne_tracker_check_is_hostname_blocked() proceeding with the in_the_app check for hostname: localhost
2026-01-28 16:14:14.509 Db NayaVedAI[63826:21027f] [com.apple.CFBundle:resources] Resource lookup at CFBundle 0x600003b10000 </Users/shivi.agarwal/Library/Developer/CoreSimulator/Devices/AC7E343F-585F-430E-B17D-BDD649803605/data/Containers/Bundle/Application/526E8406-59B6-4C05-9D18-38A7EF2F46C7/NayaVedAI.app> (executable, loaded)
	Request       : InfoPlist type: strings
	Result        : None
2026-01-28 16:14:14.509 Db NayaVedAI[63826:21027f] [com.apple.CFBundle:resources] Resource lookup at CFBundle 0x600003b10000 </Users/shivi.agarwal/Library/Developer/CoreSimulator/Devices/AC7E343F-585F-430E-B17D-BDD649803605/data/Containers/Bundle/Application/526E8406-59B6-4C05-9D18-38A7EF2F46C7/NayaVedAI.app> (executable, loaded)
	Request       : InfoPlist type: stringsdict
	Result        : None
2026-01-28 16:14:14.509 Db NayaVedAI[63826:21027f] [com.apple.networkextension:] ne_tracker_check_is_hostname_blocked(): hostname localhost is not a tracker. Returning: ne_tracker_status_none
2026-01-28 16:14:14.509 I  NayaVedAI[63826:21027f] [com.apple.network:connection] nw_resolver_create_dns_service_locked [C123.1] Starting host resolution Hostname#b33e072a:8081, flags 0xc000d000 proto 0
2026-01-28 16:14:14.509 Df NayaVedAI[63826:21027f] [com.apple.CFNetwork:Default] Task <6AED2D7E-0C75-40AB-9B6D-92BD520CD569>.<2> setting up Connection 123
2026-01-28 16:14:14.509 Db NayaVedAI[63826:21027f] [com.apple.network:activity] Returning should log: 0 for activity cfnetwork:foreground_task
2026-01-28 16:14:14.509 I  NayaVedAI[63826:21027f] [com.apple.network:connection] nw_resolver_host_resolve_callback [C123.1] flags=0x40000003 ifindex=4294967295 error=NoError(0) hostname=localhost. addr=IPv6#42e9e5e9 ttl=1
2026-01-28 16:14:14.509 I  NayaVedAI[63826:21027f] [com.apple.network:connection] nw_resolver_host_resolve_callback [C123.1] flags=0x40000002 ifindex=4294967295 error=NoError(0) hostname=localhost. addr=IPv4#075c8fe9 ttl=1
2026-01-28 16:14:14.509 Db NayaVedAI[63826:21027f] [com.apple.network:] sa_dst_compare_rfc6724 Rule 6, prefer d2, d2 precedence 50 > d1 precedence 35
2026-01-28 16:14:14.509 Db NayaVedAI[63826:21027f] [com.apple.network:] sa_dst_compare_internal <private>@0 < <private>@0
2026-01-28 16:14:14.509 I  NayaVedAI[63826:21027f] [com.apple.network:connection] nw_resolver_create_prefer_connected_variant [C123.1] Prefer Connected: IPv6#9530c712.8081 is already the first endpoint
2026-01-28 16:14:14.509 Df NayaVedAI[63826:21027f] [com.apple.CFNetwork:Default] Task <C9ACC1A7-7284-47A4-89D3-B8A47AA2B0C8>.<1> received response, status 200 content K
2026-01-28 16:14:14.509 Db NayaVedAI[63826:21027f] [com.apple.network:connection] nw_connection_modify_estimated_bytes_block_invoke [C122] Incremented estimated bytes to receive by 187, total now 187
2026-01-28 16:14:14.509 Db NayaVedAI[63826:21027f] [com.apple.network:connection] nw_connection_modify_estimated_bytes_block_invoke [C122] Using lower threshold 12582912, upper threshold 31457280
2026-01-28 16:14:14.509 Df NayaVedAI[63826:21027f] [com.apple.CFNetwork:Default] Task <C9ACC1A7-7284-47A4-89D3-B8A47AA2B0C8>.<1> response ended
2026-01-28 16:14:14.509 Df NayaVedAI[63826:21027f] [com.apple.CFNetwork:Default] Task <C9ACC1A7-7284-47A4-89D3-B8A47AA2B0C8>.<1> done using Connection 122
2026-01-28 16:14:14.509 Db NayaVedAI[63826:21027f] [com.apple.network:activity] Returning should log: 0 for activity cfnetwork:foreground_task
2026-01-28 16:14:14.509 Db NayaVedAI[63826:21027f] [com.apple.CFNetwork:Default] Connection 122: set is idle true
2026-01-28 16:14:14.509 Df NayaVedAI[63826:21027f] [com.apple.network:connection] [C122] event: client:connection_idle @0.009s
2026-01-28 16:14:14.509 I  NayaVedAI[63826:21027f] [com.apple.network:connection] nw_endpoint_handler_report_connection_idle [C122 IPv6#9530c712.8081 ready parent-flow (satisfied (Path is satisfied), interface: en0[802.11], uses wifi, LQM: unknown)] Reporting connection idle to protocols
2026-01-28 16:14:14.509 I  NayaVedAI[63826:21027f] [com.apple.network:connection] nw_flow_passthrough_notify [C122.1.1 IPv6#9530c712.8081 ready socket-flow (satisfied (Path is satisfied), interface: lo0)] received notification connection_idle
2026-01-28 16:14:14.509 Df NayaVedAI[63826:21027f] [com.apple.network:connection] nw_protocol_socket_notify [C122.1.1:2] nw_protocol_notification_type_connection_idle is true
2026-01-28 16:14:14.509 Db NayaVedAI[63826:21027f] [com.apple.CFNetwork:Default] Connection 122: set is idle true
2026-01-28 16:14:14.509 Df NayaVedAI[63826:21014f] [com.apple.CFNetwork:Summary] Task <C9ACC1A7-7284-47A4-89D3-B8A47AA2B0C8>.<1> summary for task success {transaction_duration_ms=10, response_status=200, connection=122, protocol="http/1.1", domain_lookup_duration_ms=3, connect_duration_ms=0, secure_connection_duration_ms=0, private_relay=false, request_start_ms=6, request_duration_ms=0, response_start_ms=9, response_duration_ms=0, request_bytes=370, request_throughput_kbps=48496, response_bytes=498, response_throughput_kbps=27850, cache_hit=false}
2026-01-28 16:14:14.509 Df NayaVedAI[63826:21027f] [com.apple.network:connection] [C122] event: client:connection_idle @0.009s
2026-01-28 16:14:14.509 I  NayaVedAI[63826:21027f] [com.apple.network:connection] nw_endpoint_handler_report_connection_idle [C122 IPv6#9530c712.8081 ready parent-flow (satisfied (Path is satisfied), interface: en0[802.11], uses wifi, LQM: unknown)] Reporting connection idle to protocols
2026-01-28 16:14:14.509 Df NayaVedAI[63826:21014f] [com.apple.CFNetwork:Default] Task <C9ACC1A7-7284-47A4-89D3-B8A47AA2B0C8>.<1> finished successfully
2026-01-28 16:14:14.509 I  NayaVedAI[63826:21027f] [com.apple.network:connection] nw_flow_passthrough_notify [C122.1.1 IPv6#9530c712.8081 ready socket-flow (satisfied (Path is satisfied), interface: lo0)] received notification connection_idle
2026-01-28 16:14:14.509 Db NayaVedAI[63826:21014f] [com.apple.network:activity] Returning should log: 0 for activity cfnetwork:foreground_task
2026-01-28 16:14:14.509 Df NayaVedAI[63826:21027f] [com.apple.network:connection] nw_protocol_socket_notify [C122.1.1:2] nw_protocol_notification_type_connection_idle is true
2026-01-28 16:14:14.509 Db NayaVedAI[63826:21014f] [com.apple.network:activity] Returning should log: 0 for activity cfnetwork:foreground_task
2026-01-28 16:14:14.509 Db NayaVedAI[63826:21014f] [com.apple.network:activity] No threshold for cfnetwork:foreground_task, returning NW_ACTIVITY_DURATION_INVALID
2026-01-28 16:14:14.509 Db NayaVedAI[63826:21014f] [com.apple.network:activity] No threshold for activity <nw_activity 12:2 [440957F1-A559-4968-9D4C-88F7FB0354AF] (reporting strategy default) complete (reason success)>
2026-01-28 16:14:14.509 Db NayaVedAI[63826:21027f] [com.apple.network:connection] nw_endpoint_resolver_update [C123.1 Hostname#b33e072a:8081 in_progress resolver (satisfied (Path is satisfied), interface: en0[802.11], uses wifi, LQM: unknown)] resolver is complete
2026-01-28 16:14:14.509 Df NayaVedAI[63826:21027f] [com.apple.network:connection] nw_endpoint_resolver_update [C123.1 Hostname#b33e072a:8081 in_progress resolver (satisfied (Path is satisfied), interface: en0[802.11], uses wifi, LQM: unknown)] Adding endpoint handler for IPv6#9530c712.8081
2026-01-28 16:14:14.510 Df NayaVedAI[63826:21027f] [com.apple.network:connection] nw_endpoint_resolver_update [C123.1 Hostname#b33e072a:8081 in_progress resolver (satisfied (Path is satisfied), interface: en0[802.11], uses wifi, LQM: unknown)] Adding endpoint handler for IPv4#eafe643d:8081
2026-01-28 16:14:14.510 Db NayaVedAI[63826:21027f] [com.apple.network:connection] nw_endpoint_resolver_update [C123.1 Hostname#b33e072a:8081 in_progress resolver (satisfied (Path is satisfied), interface: en0[802.11], uses wifi, LQM: unknown)] Updated endpoint list is (IPv6#9530c712.8081,IPv4#eafe643d:8081)
2026-01-28 16:14:14.510 Db NayaVedAI[63826:21027f] [com.apple.network:connection] nw_endpoint_flow_receive_report [C123 Hostname#b33e072a:8081 in_progress parent-flow (satisfied (Path is satisfied), interface: en0[802.11], uses wifi, LQM: unknown)] received child report: [C123.1 Hostname#b33e072a:8081 in_progress resolver (satisfied (Path is satisfied), interface: en0[802.11], uses wifi, LQM: unknown)]
2026-01-28 16:14:14.510 Df NayaVedAI[63826:21027f] [com.apple.network:connection] [C123.1 Hostname#b33e072a:8081 in_progress resolver (satisfied (Path is satisfied), interface: en0[802.11], uses wifi, LQM: unknown)] event: resolver:receive_dns @0.002s
2026-01-28 16:14:14.510 I  NayaVedAI[63826:21027f] [com.apple.network:connection] nw_endpoint_resolver_start_next_child [C123.1 Hostname#b33e072a:8081 in_progress resolver (satisfied (Path is satisfied), interface: en0[802.11], uses wifi, LQM: unknown)] starting child endpoint IPv6#9530c712.8081
2026-01-28 16:14:14.510 I  NayaVedAI[63826:21027f] [com.apple.network:connection] nw_endpoint_handler_start [C123.1.1 IPv6#9530c712.8081 initial path ((null))]
2026-01-28 16:14:14.510 Db NayaVedAI[63826:21027f] [com.apple.network:connection] nw_endpoint_resolver_receive_report [C123.1 Hostname#b33e072a:8081 in_progress resolver (satisfied (Path is satisfied), interface: en0[802.11], uses wifi, LQM: unknown)] received child report: [C123.1.1 IPv6#9530c712.8081 initial path ((null))]
2026-01-28 16:14:14.510 Db NayaVedAI[63826:21027f] [com.apple.network:connection] nw_endpoint_flow_receive_report [C123 Hostname#b33e072a:8081 in_progress parent-flow (satisfied (Path is satisfied), interface: en0[802.11], uses wifi, LQM: unknown)] received child report: [C123.1.1 IPv6#9530c712.8081 initial path ((null))]
2026-01-28 16:14:14.510 Df NayaVedAI[63826:21027f] [com.apple.network:connection] [C123.1.1 IPv6#9530c712.8081 initial path ((null))] event: path:start @0.002s
2026-01-28 16:14:14.510 Db NayaVedAI[63826:21027f] [com.apple.network:connection] nw_endpoint_handler_path_change [C123.1.1 IPv6#9530c712.8081 waiting path (satisfied (Path is satisfied), interface: lo0)]
2026-01-28 16:14:14.510 Db NayaVedAI[63826:21027f] [com.apple.network:connection] nw_endpoint_resolver_receive_report [C123.1 Hostname#b33e072a:8081 in_progress resolver (satisfied (Path is satisfied), interface: en0[802.11], uses wifi, LQM: unknown)] received child report: [C123.1.1 IPv6#9530c712.8081 waiting path (satisfied (Path is satisfied), interface: lo0)]
2026-01-28 16:14:14.510 Db NayaVedAI[63826:21027f] [com.apple.network:connection] nw_endpoint_flow_receive_report [C123 Hostname#b33e072a:8081 in_progress parent-flow (satisfied (Path is satisfied), interface: en0[802.11], uses wifi, LQM: unknown)] received child report: [C123.1.1 IPv6#9530c712.8081 waiting path (satisfied (Path is satisfied), interface: lo0)]
2026-01-28 16:14:14.510 Df NayaVedAI[63826:21027f] [com.apple.network:connection] [C123.1.1 IPv6#9530c712.8081 waiting path (satisfied (Path is satisfied), interface: lo0)] event: path:satisfied @0.002s, uuid: A2BD1A32-C216-47BE-B29A-CB4DC4B942BD
2026-01-28 16:14:14.510 Db NayaVedAI[63826:21027f] [com.apple.network:] nw_endpoint_proxy_handler_should_use_proxy Looking up proxy for hostname: <nil>, ifindex: 0
2026-01-28 16:14:14.510 Db NayaVedAI[63826:21027f] [com.apple.SystemConfiguration:SCPreferences] create <SCPreferences 0x108c1f440 [0x1e578fa80]> {name = SCDynamicStoreCopyProxiesWithOptions, id = /Library/Managed Preferences/mobile/com.apple.SystemConfiguration.plist, path = /Library/Managed Preferences/mobile/com.apple.SystemConfiguration.plist}
2026-01-28 16:14:14.510 Db NayaVedAI[63826:21027f] [com.apple.SystemConfiguration:SCPreferences] SCPreferences() access: /Library/Managed Preferences/mobile/com.apple.SystemConfiguration.plist, size=0
2026-01-28 16:14:14.510 Db NayaVedAI[63826:21027f] [com.apple.SystemConfiguration:SCPreferences] release <SCPreferences 0x108c1f440 [0x1e578fa80]> {name = SCDynamicStoreCopyProxiesWithOptions, id = /Library/Managed Preferences/mobile/com.apple.SystemConfiguration.plist, path = /Library/Managed Preferences/mobile/com.apple.SystemConfiguration.plist, accessed}
2026-01-28 16:14:14.510 I  NayaVedAI[63826:21027f] [com.apple.network:connection] nw_association_create_flow <nw_association IPv6#9530c712.8081> Added association flow ID 49A65A55-44B6-4F9A-BDB0-C0D2A6532A3D
2026-01-28 16:14:14.510 I  NayaVedAI[63826:21027f] [com.apple.network:connection] nw_endpoint_flow_setup_protocols [C123.1.1 IPv6#9530c712.8081 in_progress socket-flow (satisfied (Path is satisfied), interface: lo0)] setup flow id 49A65A55-44B6-4F9A-BDB0-C0D2A6532A3D
2026-01-28 16:14:14.510 Db NayaVedAI[63826:21027f] [com.apple.network:connection] nw_endpoint_flow_attach_protocols [C123.1.1 IPv6#9530c712.8081 in_progress socket-flow (satisfied (Path is satisfied), interface: lo0)]
2026-01-28 16:14:14.510 Db NayaVedAI[63826:21027f] [com.apple.network:connection] nw_endpoint_flow_attach_protocols_block_invoke [C123.1.1 IPv6#9530c712.8081 in_progress socket-flow (satisfied (Path is satisfied), interface: lo0)] Attached application protocol: CFNetworkConnection-1110212295
2026-01-28 16:14:14.510 Db NayaVedAI[63826:21027f] [com.apple.network:] nw_fd_wrapper_create Created <fd_wrapper 25, guarded: false>
2026-01-28 16:14:14.510 Db NayaVedAI[63826:21027f] [com.apple.network:connection] nw_endpoint_flow_attach_protocols [C123.1.1 IPv6#9530c712.8081 in_progress socket-flow (satisfied (Path is satisfied), interface: lo0)] Attached socket protocol
2026-01-28 16:14:14.510 Db NayaVedAI[63826:21027f] [com.apple.network:connection] nw_endpoint_flow_setup_protocols [C123.1.1 IPv6#9530c712.8081 in_progress socket-flow (satisfied (Path is satisfied), interface: lo0)] leaf flow starting
2026-01-28 16:14:14.510 Db NayaVedAI[63826:21027f] [com.apple.network:connection] nw_endpoint_resolver_receive_report [C123.1 Hostname#b33e072a:8081 in_progress resolver (satisfied (Path is satisfied), interface: en0[802.11], uses wifi, LQM: unknown)] received child report: [C123.1.1 IPv6#9530c712.8081 in_progress socket-flow (satisfied (Path is satisfied), interface: lo0)]
2026-01-28 16:14:14.510 Db NayaVedAI[63826:21027f] [com.apple.network:connection] nw_endpoint_flow_receive_report [C123 Hostname#b33e072a:8081 in_progress parent-flow (satisfied (Path is satisfied), interface: en0[802.11], uses wifi, LQM: unknown)] received child report: [C123.1.1 IPv6#9530c712.8081 in_progress socket-flow (satisfied (Path is satisfied), interface: lo0)]
2026-01-28 16:14:14.510 Df NayaVedAI[63826:21027f] [com.apple.network:connection] [C123.1.1 IPv6#9530c712.8081 in_progress socket-flow (satisfied (Path is satisfied), interface: lo0)] event: flow:start_connect @0.002s
2026-01-28 16:14:14.510 I  NayaVedAI[63826:21027f] [com.apple.network:connection] nw_endpoint_resolver_start_next_child [C123.1 Hostname#b33e072a:8081 in_progress resolver (satisfied (Path is satisfied), interface: en0[802.11], uses wifi, LQM: unknown)] starting next child endpoint in 100ms
2026-01-28 16:14:14.510 Db NayaVedAI[63826:21027f] [com.apple.network:connection] nw_socket_handle_socket_event [C123.1.1:2] Event mask: 0x800
2026-01-28 16:14:14.510 Df NayaVedAI[63826:21027f] [com.apple.network:connection] nw_socket_handle_socket_event [C123.1.1:2] Socket received CONNECTED event
2026-01-28 16:14:14.510 Db NayaVedAI[63826:21027f] [com.apple.network:connection] nw_socket_setup_notsent_lowat [C123.1.1:2] Set TCP_NOTSENT_LOWAT(16384)
2026-01-28 16:14:14.511 Df NayaVedAI[63826:21027f] [com.apple.network:connection] nw_flow_connected [C123.1.1 IPv6#9530c712.8081 in_progress socket-flow (satisfied (Path is satisfied), interface: lo0)] Transport protocol connected (socket)
