2026-01-28 17:05:04.580 I  NayaVedAI[82693:22cf9c] [com.apple.network:connection] nw_flow_passthrough_notify [C2.1.1 IPv6#e1ec98b9.8081 ready socket-flow (satisfied (Path is satisfied), interface: lo0)] received notification connection_idle
2026-01-28 17:05:04.580 Df NayaVedAI[82693:22cf9c] [com.apple.network:connection] nw_protocol_socket_notify [C2.1.1:2] nw_protocol_notification_type_connection_idle is true
2026-01-28 17:05:04.580 Df NayaVedAI[82693:22cf9c] [com.apple.CFNetwork:Default] Task <BD56A39B-BF0F-4DC7-83DE-C32E8EFE55EA>.<2> now using Connection 2
2026-01-28 17:05:04.580 Db NayaVedAI[82693:22cf9c] [com.apple.network:activity] Returning should log: 0 for activity cfnetwork:foreground_task
2026-01-28 17:05:04.580 Db NayaVedAI[82693:22cf9c] [com.apple.CFNetwork:Default] Connection 2: set is idle false
2026-01-28 17:05:04.580 Df NayaVedAI[82693:22cf9c] [com.apple.network:connection] [C2] event: client:connection_reused @0.084s
2026-01-28 17:05:04.580 I  NayaVedAI[82693:22cf9c] [com.apple.network:connection] nw_endpoint_handler_report_connection_idle [C2 IPv6#e1ec98b9.8081 ready parent-flow (satisfied (Path is satisfied), interface: en0[802.11], uses wifi, LQM: unknown)] Reporting connection not idle to protocols
2026-01-28 17:05:04.580 I  NayaVedAI[82693:22cf9c] [com.apple.network:connection] nw_flow_passthrough_notify [C2.1.1 IPv6#e1ec98b9.8081 ready socket-flow (satisfied (Path is satisfied), interface: lo0)] received notification connection_idle
2026-01-28 17:05:04.580 Df NayaVedAI[82693:22cf9c] [com.apple.network:connection] nw_protocol_socket_notify [C2.1.1:2] nw_protocol_notification_type_connection_idle is false
2026-01-28 17:05:04.580 Df NayaVedAI[82693:22cfa3] [com.apple.securityd:SecError] SecTrustReportNetworkingAnalytics failed with error: -4
2026-01-28 17:05:04.581 Df NayaVedAI[82693:22cf9c] [com.apple.CFNetwork:Default] Task <BD56A39B-BF0F-4DC7-83DE-C32E8EFE55EA>.<2> sent request, body N 0
2026-01-28 17:05:04.581 Df NayaVedAI[82693:22cf9c] [com.apple.CFNetwork:Default] Task <BD56A39B-BF0F-4DC7-83DE-C32E8EFE55EA>.<2> received response, status 200 content K
2026-01-28 17:05:04.581 Db NayaVedAI[82693:22cf9c] [com.apple.network:connection] nw_connection_modify_estimated_bytes_block_invoke [C2] Incremented estimated bytes to receive by 23, total now 46
2026-01-28 17:05:04.581 Db NayaVedAI[82693:22cf9c] [com.apple.network:connection] nw_connection_modify_estimated_bytes_block_invoke [C2] Using lower threshold 12582912, upper threshold 31457280
2026-01-28 17:05:04.581 Df NayaVedAI[82693:22cf9c] [com.apple.CFNetwork:Default] Task <BD56A39B-BF0F-4DC7-83DE-C32E8EFE55EA>.<2> response ended
2026-01-28 17:05:04.581 Df NayaVedAI[82693:22cf9c] [com.apple.CFNetwork:Default] Task <BD56A39B-BF0F-4DC7-83DE-C32E8EFE55EA>.<2> done using Connection 2
2026-01-28 17:05:04.581 Db NayaVedAI[82693:22cf9c] [com.apple.network:activity] Returning should log: 0 for activity cfnetwork:foreground_task
2026-01-28 17:05:04.581 Db NayaVedAI[82693:22cf9c] [com.apple.CFNetwork:Default] Connection 2: set is idle true
2026-01-28 17:05:04.581 Df NayaVedAI[82693:22cf9c] [com.apple.network:connection] [C2] event: client:connection_idle @0.085s
2026-01-28 17:05:04.581 I  NayaVedAI[82693:22cf9c] [com.apple.network:connection] nw_endpoint_handler_report_connection_idle [C2 IPv6#e1ec98b9.8081 ready parent-flow (satisfied (Path is satisfied), interface: en0[802.11], uses wifi, LQM: unknown)] Reporting connection idle to protocols
2026-01-28 17:05:04.581 I  NayaVedAI[82693:22cf9c] [com.apple.network:connection] nw_flow_passthrough_notify [C2.1.1 IPv6#e1ec98b9.8081 ready socket-flow (satisfied (Path is satisfied), interface: lo0)] received notification connection_idle
2026-01-28 17:05:04.581 Df NayaVedAI[82693:22cf9c] [com.apple.network:connection] nw_protocol_socket_notify [C2.1.1:2] nw_protocol_notification_type_connection_idle is true
2026-01-28 17:05:04.581 Db NayaVedAI[82693:22cf9c] [com.apple.CFNetwork:Default] Connection 2: set is idle true
2026-01-28 17:05:04.581 Df NayaVedAI[82693:22cf9c] [com.apple.network:connection] [C2] event: client:connection_idle @0.085s
2026-01-28 17:05:04.581 I  NayaVedAI[82693:22cf9c] [com.apple.network:connection] nw_endpoint_handler_report_connection_idle [C2 IPv6#e1ec98b9.8081 ready parent-flow (satisfied (Path is satisfied), interface: en0[802.11], uses wifi, LQM: unknown)] Reporting connection idle to protocols
2026-01-28 17:05:04.581 I  NayaVedAI[82693:22cf9c] [com.apple.network:connection] nw_flow_passthrough_notify [C2.1.1 IPv6#e1ec98b9.8081 ready socket-flow (satisfied (Path is satisfied), interface: lo0)] received notification connection_idle
2026-01-28 17:05:04.581 Df NayaVedAI[82693:22cf9c] [com.apple.network:connection] nw_protocol_socket_notify [C2.1.1:2] nw_protocol_notification_type_connection_idle is true
2026-01-28 17:05:04.581 Df NayaVedAI[82693:22cf9c] [com.apple.CFNetwork:Summary] Task <BD56A39B-BF0F-4DC7-83DE-C32E8EFE55EA>.<2> summary for task success {transaction_duration_ms=2, response_status=200, connection=2, reused=1, reused_after_ms=0, request_start_ms=0, request_duration_ms=0, response_start_ms=1, response_duration_ms=0, request_bytes=221, request_throughput_kbps=2991, response_bytes=400, response_throughput_kbps=8246, cache_hit=false}
2026-01-28 17:05:04.582 Db NayaVedAI[82693:22cf9a] [com.apple.network:activity] Returning should log: 0 for activity cfnetwork:foreground_task
2026-01-28 17:05:04.582 Db NayaVedAI[82693:22cf9a] [com.apple.network:activity] Returning should log: 0 for activity cfnetwork:foreground_task
2026-01-28 17:05:04.582 Db NayaVedAI[82693:22cf9a] [com.apple.network:activity] No threshold for cfnetwork:foreground_task, returning NW_ACTIVITY_DURATION_INVALID
2026-01-28 17:05:04.582 Db NayaVedAI[82693:22cf9a] [com.apple.network:activity] No threshold for activity <nw_activity 12:2 [13F7BF40-1EFB-4C72-B550-50DE65BFFF4B] (parent is global) (reporting strategy default) complete (reason success)>
2026-01-28 17:05:04.582 Df NayaVedAI[82693:22cf9a] [com.apple.CFNetwork:Default] Task <BD56A39B-BF0F-4DC7-83DE-C32E8EFE55EA>.<2> finished successfully
2026-01-28 17:05:04.582 Db NayaVedAI[82693:22cf9e] [com.apple.defaults:User Defaults] found no value for key RCT_packager_scheme in CFPrefsSearchListSource<0x600002c08300> (Domain: com.nayaved.app, Container: (null) Non-launch persona: 0)
2026-01-28 17:05:04.582 Db NayaVedAI[82693:22cf9e] [com.apple.SystemConfiguration:SCPreferences] create <SCPreferences 0x10a00e360 [0x1e578fa80]> {name = SCDynamicStoreCopyProxiesWithOptions, id = /Library/Managed Preferences/mobile/com.apple.SystemConfiguration.plist, path = /Library/Managed Preferences/mobile/com.apple.SystemConfiguration.plist}
2026-01-28 17:05:04.582 Db NayaVedAI[82693:22cf9e] [com.apple.SystemConfiguration:SCPreferences] SCPreferences() access: /Library/Managed Preferences/mobile/com.apple.SystemConfiguration.plist, size=0
2026-01-28 17:05:04.582 Db NayaVedAI[82693:22cf9e] [com.apple.SystemConfiguration:SCPreferences] release <SCPreferences 0x10a00e360 [0x1e578fa80]> {name = SCDynamicStoreCopyProxiesWithOptions, id = /Library/Managed Preferences/mobile/com.apple.SystemConfiguration.plist, path = /Library/Managed Preferences/mobile/com.apple.SystemConfiguration.plist, accessed}
2026-01-28 17:05:04.582 Db NayaVedAI[82693:22cf9e] [com.apple.network:] tcp_connection_create_with_endpoint_and_parameters 4 localhost 8081
2026-01-28 17:05:04.583 Db NayaVedAI[82693:22cf9e] [com.apple.network:] tcp_connection_set_usage_model 4 setting usage model to 1
2026-01-28 17:05:04.583 Db NayaVedAI[82693:22cf9e] [com.apple.CFBundle:resources] Resource lookup at CFBundle 0x600003b00540 </Users/shivi.agarwal/Library/Developer/CoreSimulator/Devices/AC7E343F-585F-430E-B17D-BDD649803605/data/Containers/Bundle/Application/7B6ADE3E-3E0A-46DC-87C4-9AADFEC62F3A/NayaVedAI.app> (executable, loaded)
	Request       : InfoPlist type: strings
	Result        : None
2026-01-28 17:05:04.583 Db NayaVedAI[82693:22cf9e] [com.apple.CFBundle:resources] Resource lookup at CFBundle 0x600003b00540 </Users/shivi.agarwal/Library/Developer/CoreSimulator/Devices/AC7E343F-585F-430E-B17D-BDD649803605/data/Containers/Bundle/Application/7B6ADE3E-3E0A-46DC-87C4-9AADFEC62F3A/NayaVedAI.app> (executable, loaded)
	Request       : InfoPlist type: stringsdict
	Result        : None
2026-01-28 17:05:04.583 Df NayaVedAI[82693:22cf9e] [com.apple.CFNetwork:Default] TCP Conn [4:0x60000330e3a0] using empty proxy configuration
2026-01-28 17:05:04.583 Df NayaVedAI[82693:22cf9e] [com.apple.CFNetwork:Default] Stream client bypassing proxies on TCP Conn [4:0x60000330e3a0]
2026-01-28 17:05:04.583 Df NayaVedAI[82693:22cf9e] [com.apple.CFNetwork:Default] TCP Conn 0x60000330e3a0 started
2026-01-28 17:05:04.583 Db NayaVedAI[82693:22cf9e] [com.apple.network:] tcp_connection_start 4 starting
2026-01-28 17:05:04.583 I  NayaVedAI[82693:22cf9e] [com.apple.network:connection] nw_connection_create_with_id [C4] create connection to Hostname#6a7e8f2c:8081
2026-01-28 17:05:04.583 Db NayaVedAI[82693:22cf9e] [com.apple.network:] tcp_connection_start starting tc_nwconn=0x108c167d0
2026-01-28 17:05:04.583 Df NayaVedAI[82693:22cf9a] [com.apple.network:connection] [C4 17A39751-C470-4ABE-BDEF-DF4B198B106C Hostname#6a7e8f2c:8081 tcp, definite, attribution: developer, context: Default Network Context (private), proc: 63B02D91-D502-3FF5-9842-92830ECC12FF, delegated upid: 0, no proxy, prohibit fallback, allow socket access] start
2026-01-28 17:05:04.583 I  NayaVedAI[82693:22cf9a] [com.apple.network:connection] nw_endpoint_handler_start [C4 Hostname#6a7e8f2c:8081 initial parent-flow ((null))]
2026-01-28 17:05:04.583 Df NayaVedAI[82693:22cf9a] [com.apple.network:connection] [C4 Hostname#6a7e8f2c:8081 initial parent-flow ((null))] event: path:start @0.000s
2026-01-28 17:05:04.583 Df NayaVedAI[82693:22cf9e] [com.apple.xpc:connection] [0x108c1d790] activating connection: mach=true listener=false peer=false name=com.apple.lsd.advertisingidentifiers
2026-01-28 17:05:04.583 Db NayaVedAI[82693:22cf9a] [com.apple.network:connection] nw_endpoint_handler_path_change [C4 Hostname#6a7e8f2c:8081 waiting parent-flow (satisfied (Path is satisfied), interface: en0[802.11], uses wifi, LQM: unknown)]
2026-01-28 17:05:04.583 Db NayaVedAI[82693:22cf9a] [com.apple.networkextension:] ne_tracker_check_is_hostname_blocked() proceeding with the in_the_app check for hostname: localhost
2026-01-28 17:05:04.583 Db NayaVedAI[82693:22cf9a] [com.apple.CFBundle:resources] Resource lookup at CFBundle 0x600003b00540 </Users/shivi.agarwal/Library/Developer/CoreSimulator/Devices/AC7E343F-585F-430E-B17D-BDD649803605/data/Containers/Bundle/Application/7B6ADE3E-3E0A-46DC-87C4-9AADFEC62F3A/NayaVedAI.app> (executable, loaded)
	Request       : InfoPlist type: strings
	Result        : None
2026-01-28 17:05:04.583 Db NayaVedAI[82693:22cf9a] [com.apple.CFBundle:resources] Resource lookup at CFBundle 0x600003b00540 </Users/shivi.agarwal/Library/Developer/CoreSimulator/Devices/AC7E343F-585F-430E-B17D-BDD649803605/data/Containers/Bundle/Application/7B6ADE3E-3E0A-46DC-87C4-9AADFEC62F3A/NayaVedAI.app> (executable, loaded)
	Request       : InfoPlist type: stringsdict
	Result        : None
2026-01-28 17:05:04.583 Db NayaVedAI[82693:22cf9a] [com.apple.networkextension:] ne_tracker_check_is_hostname_blocked(): hostname localhost is not a tracker. Returning: ne_tracker_status_none
2026-01-28 17:05:04.583 Df NayaVedAI[82693:22cf9a] [com.apple.network:connection] [C4 Hostname#6a7e8f2c:8081 waiting parent-flow (satisfied (Path is satisfied), interface: en0[802.11], uses wifi, LQM: unknown)] event: path:satisfied @0.000s, uuid: 7D8A755D-E5A6-45E9-AE56-A56C00FF590D
2026-01-28 17:05:04.583 I  NayaVedAI[82693:22cf9a] [com.apple.network:connection] nw_connection_endpoint_report_on_nw_queue_block_invoke [C4 Hostname#6a7e8f2c:8081 waiting parent-flow (satisfied (Path is satisfied), interface: en0[802.11], uses wifi, LQM: unknown)] skipping state update
2026-01-28 17:05:04.583 Db NayaVedAI[82693:22cf9a] [com.apple.network:connection] nw_endpoint_flow_attach_protocols [C4 Hostname#6a7e8f2c:8081 in_progress parent-flow (satisfied (Path is satisfied), interface: en0[802.11], uses wifi, LQM: unknown)]
2026-01-28 17:05:04.583 Db NayaVedAI[82693:22cf9a] [com.apple.network:connection] nw_endpoint_flow_attach_protocols [C4 Hostname#6a7e8f2c:8081 in_progress parent-flow (satisfied (Path is satisfied), interface: en0[802.11], uses wifi, LQM: unknown)] stopping after adding persistent application protocols
2026-01-28 17:05:04.583 Db NayaVedAI[82693:22cf9a] [com.apple.network:connection] nw_endpoint_flow_setup_protocols [C4 Hostname#6a7e8f2c:8081 in_progress parent-flow (satisfied (Path is satisfied), interface: en0[802.11], uses wifi, LQM: unknown)] persistent protocol stack, starting
2026-01-28 17:05:04.583 Df NayaVedAI[82693:22cf9a] [com.apple.network:connection] [C4 Hostname#6a7e8f2c:8081 in_progress parent-flow (satisfied (Path is satisfied), interface: en0[802.11], uses wifi, LQM: unknown)] event: flow:start_connect @0.000s
2026-01-28 17:05:04.583 Df NayaVedAI[82693:22cf9a] [com.apple.network:connection] nw_connection_report_state_with_handler_on_nw_queue [C4] reporting state preparing
2026-01-28 17:05:04.583 I  NayaVedAI[82693:22cf9a] [com.apple.network:connection] nw_endpoint_flow_connect [C4 Hostname#6a7e8f2c:8081 in_progress parent-flow (satisfied (Path is satisfied), interface: en0[802.11], uses wifi, LQM: unknown)] connect bottom protocol
2026-01-28 17:05:04.583 Db NayaVedAI[82693:22cf9a] [com.apple.network:connection] nw_endpoint_flow_start_child [C4 Hostname#6a7e8f2c:8081 in_progress parent-flow (satisfied (Path is satisfied), interface: en0[802.11], uses wifi, LQM: unknown)] creating and starting child handler
2026-01-28 17:05:04.583 Df NayaVedAI[82693:22cf9a] [com.apple.network:connection] [C4 Hostname#6a7e8f2c:8081 in_progress parent-flow (satisfied (Path is satisfied), interface: en0[802.11], uses wifi, LQM: unknown)] event: flow:start_child @0.000s
2026-01-28 17:05:04.583 I  NayaVedAI[82693:22cf9a] [com.apple.network:connection] nw_endpoint_handler_start [C4.1 Hostname#6a7e8f2c:8081 initial path ((null))]
2026-01-28 17:05:04.583 Db NayaVedAI[82693:22cf9a] [com.apple.network:connection] nw_endpoint_flow_receive_report [C4 Hostname#6a7e8f2c:8081 in_progress parent-flow (satisfied (Path is satisfied), interface: en0[802.11], uses wifi, LQM: unknown)] received child report: [C4.1 Hostname#6a7e8f2c:8081 initial path ((null))]
2026-01-28 17:05:04.583 Df NayaVedAI[82693:22cf9a] [com.apple.network:connection] [C4.1 Hostname#6a7e8f2c:8081 initial path ((null))] event: path:start @0.000s
2026-01-28 17:05:04.583 Db NayaVedAI[82693:22cf9a] [com.apple.network:connection] nw_endpoint_handler_path_change [C4.1 Hostname#6a7e8f2c:8081 waiting path (satisfied (Path is satisfied), interface: en0[802.11], uses wifi, LQM: unknown)]
2026-01-28 17:05:04.583 Db NayaVedAI[82693:22cf9a] [com.apple.networkextension:] ne_tracker_check_is_hostname_blocked() proceeding with the in_the_app check for hostname: localhost
2026-01-28 17:05:04.584 Db NayaVedAI[82693:22cf9a] [com.apple.CFBundle:resources] Resource lookup at CFBundle 0x600003b00540 </Users/shivi.agarwal/Library/Developer/CoreSimulator/Devices/AC7E343F-585F-430E-B17D-BDD649803605/data/Containers/Bundle/Application/7B6ADE3E-3E0A-46DC-87C4-9AADFEC62F3A/NayaVedAI.app> (executable, loaded)
	Request       : InfoPlist type: strings
	Result        : None
2026-01-28 17:05:04.584 Db NayaVedAI[82693:22cf9a] [com.apple.CFBundle:resources] Resource lookup at CFBundle 0x600003b00540 </Users/shivi.agarwal/Library/Developer/CoreSimulator/Devices/AC7E343F-585F-430E-B17D-BDD649803605/data/Containers/Bundle/Application/7B6ADE3E-3E0A-46DC-87C4-9AADFEC62F3A/NayaVedAI.app> (executable, loaded)
	Request       : InfoPlist type: stringsdict
	Result        : None
2026-01-28 17:05:04.584 Db NayaVedAI[82693:22cf9a] [com.apple.networkextension:] ne_tracker_check_is_hostname_blocked(): hostname localhost is not a tracker. Returning: ne_tracker_status_none
2026-01-28 17:05:04.584 Db NayaVedAI[82693:22cf9e] [com.apple.network:] tcp_connection_create_with_endpoint_and_parameters 5 localhost 8081
2026-01-28 17:05:04.584 Db NayaVedAI[82693:22cf9a] [com.apple.network:connection] nw_endpoint_flow_receive_report [C4 Hostname#6a7e8f2c:8081 in_progress parent-flow (satisfied (Path is satisfied), interface: en0[802.11], uses wifi, LQM: unknown)] received child report: [C4.1 Hostname#6a7e8f2c:8081 waiting path (satisfied (Path is satisfied), interface: en0[802.11], uses wifi, LQM: unknown)]
2026-01-28 17:05:04.584 Db NayaVedAI[82693:22cf9e] [com.apple.network:] tcp_connection_set_usage_model 5 setting usage model to 1
2026-01-28 17:05:04.584 Df NayaVedAI[82693:22cf9a] [com.apple.network:connection] [C4.1 Hostname#6a7e8f2c:8081 waiting path (satisfied (Path is satisfied), interface: en0[802.11], uses wifi, LQM: unknown)] event: path:satisfied @0.001s, uuid: 7D8A755D-E5A6-45E9-AE56-A56C00FF590D
2026-01-28 17:05:04.584 Df NayaVedAI[82693:22cf9e] [com.apple.CFNetwork:Default] TCP Conn [5:0x600003310820] using empty proxy configuration
2026-01-28 17:05:04.584 Db NayaVedAI[82693:22cf9a] [com.apple.network:connection] -[NWConcrete_nw_endpoint_resolver startWithHandler:] [C4.1 Hostname#6a7e8f2c:8081 waiting resolver (satisfied (Path is satisfied), interface: en0[802.11], uses wifi, LQM: unknown)]
2026-01-28 17:05:04.584 Df NayaVedAI[82693:22cf9e] [com.apple.CFNetwork:Default] Stream client bypassing proxies on TCP Conn [5:0x600003310820]
2026-01-28 17:05:04.584 Db NayaVedAI[82693:22cf9a] [com.apple.network:connection] nw_endpoint_flow_receive_report [C4 Hostname#6a7e8f2c:8081 in_progress parent-flow (satisfied (Path is satisfied), interface: en0[802.11], uses wifi, LQM: unknown)] received child report: [C4.1 Hostname#6a7e8f2c:8081 in_progress resolver (satisfied (Path is satisfied), interface: en0[802.11], uses wifi, LQM: unknown)]
2026-01-28 17:05:04.584 Df NayaVedAI[82693:22cf9e] [com.apple.CFNetwork:Default] TCP Conn 0x600003310820 started
2026-01-28 17:05:04.584 Df NayaVedAI[82693:22cf9a] [com.apple.network:connection] [C4.1 Hostname#6a7e8f2c:8081 in_progress resolver (satisfied (Path is satisfied), interface: en0[802.11], uses wifi, LQM: unknown)] event: resolver:start_dns @0.001s
2026-01-28 17:05:04.584 Db NayaVedAI[82693:22cf9e] [com.apple.network:] tcp_connection_start 5 starting
2026-01-28 17:05:04.584 I  NayaVedAI[82693:22cf9e] [com.apple.network:connection] nw_connection_create_with_id [C5] create connection to Hostname#6a7e8f2c:8081
2026-01-28 17:05:04.584 Db NayaVedAI[82693:22cf9e] [com.apple.network:] tcp_connection_start starting tc_nwconn=0x108f3f400
2026-01-28 17:05:04.584 Db NayaVedAI[82693:22cf9a] [com.apple.networkextension:] ne_tracker_check_is_hostname_blocked() proceeding with the in_the_app check for hostname: localhost
2026-01-28 17:05:04.584 Db NayaVedAI[82693:22cf9a] [com.apple.CFBundle:resources] Resource lookup at CFBundle 0x600003b00540 </Users/shivi.agarwal/Library/Developer/CoreSimulator/Devices/AC7E343F-585F-430E-B17D-BDD649803605/data/Containers/Bundle/Application/7B6ADE3E-3E0A-46DC-87C4-9AADFEC62F3A/NayaVedAI.app> (executable, loaded)
	Request       : InfoPlist type: strings
	Result        : None
2026-01-28 17:05:04.584 Db NayaVedAI[82693:22cf9a] [com.apple.CFBundle:resources] Resource lookup at CFBundle 0x600003b00540 </Users/shivi.agarwal/Library/Developer/CoreSimulator/Devices/AC7E343F-585F-430E-B17D-BDD649803605/data/Containers/Bundle/Application/7B6ADE3E-3E0A-46DC-87C4-9AADFEC62F3A/NayaVedAI.app> (executable, loaded)
	Request       : InfoPlist type: stringsdict
	Result        : None
2026-01-28 17:05:04.584 Db NayaVedAI[82693:22cf9a] [com.apple.networkextension:] ne_tracker_check_is_hostname_blocked(): hostname localhost is not a tracker. Returning: ne_tracker_status_none
2026-01-28 17:05:04.584 I  NayaVedAI[82693:22cf9a] [com.apple.network:connection] nw_resolver_create_dns_service_locked [C4.1] Starting host resolution Hostname#6a7e8f2c:8081, flags 0xc000d000 proto 0
2026-01-28 17:05:04.585 Df NayaVedAI[82693:22cf9a] [com.apple.network:connection] [C5 C1FC3D27-1672-459C-A4D1-AE6411243DDC Hostname#6a7e8f2c:8081 tcp, definite, attribution: developer, context: Default Network Context (private), proc: 63B02D91-D502-3FF5-9842-92830ECC12FF, delegated upid: 0, no proxy, prohibit fallback, allow socket access] start
2026-01-28 17:05:04.585 I  NayaVedAI[82693:22cf9a] [com.apple.network:connection] nw_endpoint_handler_start [C5 Hostname#6a7e8f2c:8081 initial parent-flow ((null))]
2026-01-28 17:05:04.585 Df NayaVedAI[82693:22cf9a] [com.apple.network:connection] [C5 Hostname#6a7e8f2c:8081 initial parent-flow ((null))] event: path:start @0.000s
2026-01-28 17:05:04.585 Db NayaVedAI[82693:22cf9a] [com.apple.network:connection] nw_endpoint_handler_path_change [C5 Hostname#6a7e8f2c:8081 waiting parent-flow (satisfied (Path is satisfied), interface: en0[802.11], uses wifi, LQM: unknown)]
2026-01-28 17:05:04.585 Db NayaVedAI[82693:22cf9a] [com.apple.networkextension:] ne_tracker_check_is_hostname_blocked() proceeding with the in_the_app check for hostname: localhost
2026-01-28 17:05:04.585 Db NayaVedAI[82693:22cf9a] [com.apple.CFBundle:resources] Resource lookup at CFBundle 0x600003b00540 </Users/shivi.agarwal/Library/Developer/CoreSimulator/Devices/AC7E343F-585F-430E-B17D-BDD649803605/data/Containers/Bundle/Application/7B6ADE3E-3E0A-46DC-87C4-9AADFEC62F3A/NayaVedAI.app> (executable, loaded)
	Request       : InfoPlist type: strings
	Result        : None
2026-01-28 17:05:04.585 Db NayaVedAI[82693:22cf9a] [com.apple.CFBundle:resources] Resource lookup at CFBundle 0x600003b00540 </Users/shivi.agarwal/Library/Developer/CoreSimulator/Devices/AC7E343F-585F-430E-B17D-BDD649803605/data/Containers/Bundle/Application/7B6ADE3E-3E0A-46DC-87C4-9AADFEC62F3A/NayaVedAI.app> (executable, loaded)
	Request       : InfoPlist type: stringsdict
	Result        : None
2026-01-28 17:05:04.585 Db NayaVedAI[82693:22cf9a] [com.apple.networkextension:] ne_tracker_check_is_hostname_blocked(): hostname localhost is not a tracker. Returning: ne_tracker_status_none
2026-01-28 17:05:04.585 Df NayaVedAI[82693:22cf9a] [com.apple.network:connection] [C5 Hostname#6a7e8f2c:8081 waiting parent-flow (satisfied (Path is satisfied), interface: en0[802.11], uses wifi, LQM: unknown)] event: path:satisfied @0.000s, uuid: 7D8A755D-E5A6-45E9-AE56-A56C00FF590D
2026-01-28 17:05:04.585 I  NayaVedAI[82693:22cf9a] [com.apple.network:connection] nw_connection_endpoint_report_on_nw_queue_block_invoke [C5 Hostname#6a7e8f2c:8081 waiting parent-flow (satisfied (Path is satisfied), interface: en0[802.11], uses wifi, LQM: unknown)] skipping state update
2026-01-28 17:05:04.585 Db NayaVedAI[82693:22cf9a] [com.apple.network:connection] nw_endpoint_flow_attach_protocols [C5 Hostname#6a7e8f2c:8081 in_progress parent-flow (satisfied (Path is satisfied), interface: en0[802.11], uses wifi, LQM: unknown)]
2026-01-28 17:05:04.628 Db NayaVedAI[82693:22cf9a] [com.apple.network:connection] nw_endpoint_flow_attach_protocols [C5 Hostname#6a7e8f2c:8081 in_progress parent-flow (satisfied (Path is satisfied), interface: en0[802.11], uses wifi, LQM: unknown)] stopping after adding persistent application protocols
2026-01-28 17:05:04.628 Db NayaVedAI[82693:22cf9a] [com.apple.network:connection] nw_endpoint_flow_setup_protocols [C5 Hostname#6a7e8f2c:8081 in_progress parent-flow (satisfied (Path is satisfied), interface: en0[802.11], uses wifi, LQM: unknown)] persistent protocol stack, starting
2026-01-28 17:05:04.628 Df NayaVedAI[82693:22cf9a] [com.apple.network:connection] [C5 Hostname#6a7e8f2c:8081 in_progress parent-flow (satisfied (Path is satisfied), interface: en0[802.11], uses wifi, LQM: unknown)] event: flow:start_connect @0.043s
2026-01-28 17:05:04.628 Df NayaVedAI[82693:22cf9a] [com.apple.network:connection] nw_connection_report_state_with_handler_on_nw_queue [C5] reporting state preparing
2026-01-28 17:05:04.628 I  NayaVedAI[82693:22cf9a] [com.apple.network:connection] nw_endpoint_flow_connect [C5 Hostname#6a7e8f2c:8081 in_progress parent-flow (satisfied (Path is satisfied), interface: en0[802.11], uses wifi, LQM: unknown)] connect bottom protocol
2026-01-28 17:05:04.628 Db NayaVedAI[82693:22cf9a] [com.apple.network:connection] nw_endpoint_flow_start_child [C5 Hostname#6a7e8f2c:8081 in_progress parent-flow (satisfied (Path is satisfied), interface: en0[802.11], uses wifi, LQM: unknown)] creating and starting child handler
2026-01-28 17:05:04.628 Df NayaVedAI[82693:22cf9a] [com.apple.network:connection] [C5 Hostname#6a7e8f2c:8081 in_progress parent-flow (satisfied (Path is satisfied), interface: en0[802.11], uses wifi, LQM: unknown)] event: flow:start_child @0.043s
2026-01-28 17:05:04.628 I  NayaVedAI[82693:22cf9a] [com.apple.network:connection] nw_endpoint_handler_start [C5.1 Hostname#6a7e8f2c:8081 initial path ((null))]
2026-01-28 17:05:04.628 Db NayaVedAI[82693:22cf9a] [com.apple.network:connection] nw_endpoint_flow_receive_report [C5 Hostname#6a7e8f2c:8081 in_progress parent-flow (satisfied (Path is satisfied), interface: en0[802.11], uses wifi, LQM: unknown)] received child report: [C5.1 Hostname#6a7e8f2c:8081 initial path ((null))]
2026-01-28 17:05:04.628 Df NayaVedAI[82693:22cf9a] [com.apple.network:connection] [C5.1 Hostname#6a7e8f2c:8081 initial path ((null))] event: path:start @0.043s
2026-01-28 17:05:04.628 Db NayaVedAI[82693:22cf9a] [com.apple.network:connection] nw_endpoint_handler_path_change [C5.1 Hostname#6a7e8f2c:8081 waiting path (satisfied (Path is satisfied), interface: en0[802.11], uses wifi, LQM: unknown)]
2026-01-28 17:05:04.629 Db NayaVedAI[82693:22cf9a] [com.apple.networkextension:] ne_tracker_check_is_hostname_blocked() proceeding with the in_the_app check for hostname: localhost
2026-01-28 17:05:04.629 Db NayaVedAI[82693:22cf9a] [com.apple.CFBundle:resources] Resource lookup at CFBundle 0x600003b00540 </Users/shivi.agarwal/Library/Developer/CoreSimulator/Devices/AC7E343F-585F-430E-B17D-BDD649803605/data/Containers/Bundle/Application/7B6ADE3E-3E0A-46DC-87C4-9AADFEC62F3A/NayaVedAI.app> (executable, loaded)
	Request       : InfoPlist type: strings
	Result        : None
2026-01-28 17:05:04.629 Db NayaVedAI[82693:22cf9a] [com.apple.CFBundle:resources] Resource lookup at CFBundle 0x600003b00540 </Users/shivi.agarwal/Library/Developer/CoreSimulator/Devices/AC7E343F-585F-430E-B17D-BDD649803605/data/Containers/Bundle/Application/7B6ADE3E-3E0A-46DC-87C4-9AADFEC62F3A/NayaVedAI.app> (executable, loaded)
	Request       : InfoPlist type: stringsdict
	Result        : None
2026-01-28 17:05:04.629 Db NayaVedAI[82693:22cf9a] [com.apple.networkextension:] ne_tracker_check_is_hostname_blocked(): hostname localhost is not a tracker. Returning: ne_tracker_status_none
2026-01-28 17:05:04.629 Db NayaVedAI[82693:22cf9a] [com.apple.network:connection] nw_endpoint_flow_receive_report [C5 Hostname#6a7e8f2c:8081 in_progress parent-flow (satisfied (Path is satisfied), interface: en0[802.11], uses wifi, LQM: unknown)] received child report: [C5.1 Hostname#6a7e8f2c:8081 waiting path (satisfied (Path is satisfied), interface: en0[802.11], uses wifi, LQM: unknown)]
2026-01-28 17:05:04.629 Df NayaVedAI[82693:22cf9a] [com.apple.network:connection] [C5.1 Hostname#6a7e8f2c:8081 waiting path (satisfied (Path is satisfied), interface: en0[802.11], uses wifi, LQM: unknown)] event: path:satisfied @0.044s, uuid: 7D8A755D-E5A6-45E9-AE56-A56C00FF590D
2026-01-28 17:05:04.629 Db NayaVedAI[82693:22cf9a] [com.apple.network:connection] -[NWConcrete_nw_endpoint_resolver startWithHandler:] [C5.1 Hostname#6a7e8f2c:8081 waiting resolver (satisfied (Path is satisfied), interface: en0[802.11], uses wifi, LQM: unknown)]
2026-01-28 17:05:04.629 Db NayaVedAI[82693:22cf9a] [com.apple.network:connection] nw_endpoint_flow_receive_report [C5 Hostname#6a7e8f2c:8081 in_progress parent-flow (satisfied (Path is satisfied), interface: en0[802.11], uses wifi, LQM: unknown)] received child report: [C5.1 Hostname#6a7e8f2c:8081 in_progress resolver (satisfied (Path is satisfied), interface: en0[802.11], uses wifi, LQM: unknown)]
2026-01-28 17:05:04.629 Df NayaVedAI[82693:22cf9a] [com.apple.network:connection] [C5.1 Hostname#6a7e8f2c:8081 in_progress resolver (satisfied (Path is satisfied), interface: en0[802.11], uses wifi, LQM: unknown)] event: resolver:start_dns @0.044s
2026-01-28 17:05:04.629 Db NayaVedAI[82693:22cf9a] [com.apple.networkextension:] ne_tracker_check_is_hostname_blocked() proceeding with the in_the_app check for hostname: localhost
2026-01-28 17:05:04.629 Db NayaVedAI[82693:22cf9a] [com.apple.CFBundle:resources] Resource lookup at CFBundle 0x600003b00540 </Users/shivi.agarwal/Library/Developer/CoreSimulator/Devices/AC7E343F-585F-430E-B17D-BDD649803605/data/Containers/Bundle/Application/7B6ADE3E-3E0A-46DC-87C4-9AADFEC62F3A/NayaVedAI.app> (executable, loaded)
	Request       : InfoPlist type: strings
	Result        : None
2026-01-28 17:05:04.629 Db NayaVedAI[82693:22cf9a] [com.apple.CFBundle:resources] Resource lookup at CFBundle 0x600003b00540 </Users/shivi.agarwal/Library/Developer/CoreSimulator/Devices/AC7E343F-585F-430E-B17D-BDD649803605/data/Containers/Bundle/Application/7B6ADE3E-3E0A-46DC-87C4-9AADFEC62F3A/NayaVedAI.app> (executable, loaded)
	Request       : InfoPlist type: stringsdict
	Result        : None
2026-01-28 17:05:04.629 Db NayaVedAI[82693:22cf9a] [com.apple.networkextension:] ne_tracker_check_is_hostname_blocked(): hostname localhost is not a tracker. Returning: ne_tracker_status_none
2026-01-28 17:05:04.629 I  NayaVedAI[82693:22cf9a] [com.apple.network:connection] nw_resolver_create_dns_service_locked [C5.1] Starting host resolution Hostname#6a7e8f2c:8081, flags 0xc000d000 proto 0
2026-01-28 17:05:04.629 Db NayaVedAI[82693:22cf9a] [com.apple.CFNetwork:Coalescing] removing all entries config 0x60000023b1e0
2026-01-28 17:05:04.629 Df NayaVedAI[82693:22cf9a] [com.apple.CFNetwork:Default] Connection 3: cleaning up
2026-01-28 17:05:04.630 Df NayaVedAI[82693:22cf9a] [com.apple.network:connection] [C3 417DC807-63A9-47B5-8919-6B496989F776 Hostname#6a7e8f2c:8081 tcp, url: http://localhost:8081/.expo/.virtual-metro-entry.bundle, definite, attribution: developer] cancel
2026-01-28 17:05:04.630 Df NayaVedAI[82693:22cf9a] [com.apple.network:connection] [C3 417DC807-63A9-47B5-8919-6B496989F776 Hostname#6a7e8f2c:8081 tcp, url: http://localhost:8081/.expo/.virtual-metro-entry.bundle, definite, attribution: developer] cancelled
	[C3.1.1 D8531B8F-C21B-4EB9-B08B-DC7D656BF0B0 ::1.50921<->IPv6#e1ec98b9.8081]
	Connected Path: satisfied (Path is satisfied), interface: lo0
	Privacy Stance: Not Eligible
	Duration: 0.121s, DNS @0.001s took 0.001s, TCP @0.003s took 0.000s
	bytes in/out: 9384737/422, packets in/out: 609/1, rtt: 0.001s, retransmitted bytes: 0, out-of-order bytes: 0
	ecn packets sent/acked/marked/lost: 0/0/0/0
2026-01-28 17:05:04.630 I  NayaVedAI[82693:22cf9a] [com.apple.network:connection] nw_endpoint_handler_cancel [C3 IPv6#e1ec98b9.8081 ready parent-flow (satisfied (Path is satisfied), interface: en0[802.11], uses wifi, LQM: unknown)]
2026-01-28 17:05:04.630 Db NayaVedAI[82693:22cf9a] [com.apple.network:connection] nw_flow_passthrough_disconnected [C3.1.1 IPv6#e1ec98b9.8081 ready socket-flow (satisfied (Path is satisfied), interface: lo0)] deferring fail on disconnected
2026-01-28 17:05:04.630 I  NayaVedAI[82693:22cf9a] [com.apple.network:connection] nw_endpoint_handler_cancel [C3.1 Hostname#6a7e8f2c:8081 ready resolver (satisfied (Path is satisfied), interface: en0[802.11], uses wifi, LQM: unknown)]
2026-01-28 17:05:04.630 I  NayaVedAI[82693:22cf9a] [com.apple.network:connection] nw_association_schedule_deactivation <nw_association Hostname#6a7e8f2c:8081> will become dormant after 10000ms of inactivity
2026-01-28 17:05:04.630 I  NayaVedAI[82693:22cf9a] [com.apple.network:connection] nw_endpoint_handler_cancel [C3.1.1 IPv6#e1ec98b9.8081 ready socket-flow (satisfied (Path is satisfied), interface: lo0)]
2026-01-28 17:05:04.630 I  NayaVedAI[82693:22cf9a] [com.apple.network:connection] nw_association_schedule_deactivation <nw_association IPv6#e1ec98b9.8081> will become dormant after 10000ms of inactivity
2026-01-28 17:05:04.630 Db NayaVedAI[82693:22cf9a] [com.apple.network:connection] nw_endpoint_flow_stitch_stack_without_passthrough [C3.1.1 IPv6#e1ec98b9.8081 cancelled socket-flow ((null))] Not stitching the stack since passthrough is directly below a flow
2026-01-28 17:05:04.630 Db NayaVedAI[82693:22cf9a] [com.apple.network:connection] nw_flow_passthrough_disconnected [C3.1.1 IPv6#e1ec98b9.8081 cancelled socket-flow ((null))] deferring fail on disconnected
2026-01-28 17:05:04.630 Db NayaVedAI[82693:22cf9a] [com.apple.network:connection] nw_flow_cancel_read_write_requests [C3.1.1 IPv6#e1ec98b9.8081 cancelled socket-flow ((null))] cancelling read/write requests
2026-01-28 17:05:04.630 I  NayaVedAI[82693:22cf9a] [com.apple.network:connection] nw_endpoint_handler_cancel [C3.1.2 IPv4#f12e2179:8081 cancelled path ((null))]
2026-01-28 17:05:04.630 Db NayaVedAI[82693:22ceb0] [com.apple.defaults:User Defaults] found no value for key __NSTextAttachmentAlwaysUsesAttachmentView in CFPrefsSearchListSource<0x600002c08300> (Domain: com.nayaved.app, Container: (null) Non-launch persona: 0)
2026-01-28 17:05:04.630 Db NayaVedAI[82693:22cf9a] [com.apple.network:connection] nw_resolver_cancel [C3.1] 0x108f0c3f0
2026-01-28 17:05:04.630 Db NayaVedAI[82693:22cf9a] [com.apple.network:connection] nw_flow_cancel_read_write_requests [C3 Hostname#6a7e8f2c:8081 cancelled parent-flow ((null))] cancelling read/write requests
2026-01-28 17:05:04.630 Df NayaVedAI[82693:22cf9a] [com.apple.network:connection] nw_connection_report_state_with_handler_on_nw_queue [C3] reporting state cancelled
2026-01-28 17:05:04.630 I  NayaVedAI[82693:22cf9a] [com.apple.network:connection] nw_resolver_host_resolve_callback [C4.1] flags=0x40000003 ifindex=4294967295 error=NoError(0) hostname=localhost. addr=IPv6#93ea1b84 ttl=1
2026-01-28 17:05:04.630 I  NayaVedAI[82693:22cf9a] [com.apple.network:connection] nw_resolver_host_resolve_callback [C4.1] flags=0x40000002 ifindex=4294967295 error=NoError(0) hostname=localhost. addr=IPv4#601cc983 ttl=1
2026-01-28 17:05:04.630 Db NayaVedAI[82693:22cf9a] [com.apple.network:] sa_dst_compare_rfc6724 Rule 6, prefer d2, d2 precedence 50 > d1 precedence 35
2026-01-28 17:05:04.630 Db NayaVedAI[82693:22cf9a] [com.apple.network:] sa_dst_compare_internal <private>@0 < <private>@0
2026-01-28 17:05:04.630 I  NayaVedAI[82693:22cf9a] [com.apple.network:connection] [C3 Hostname#6a7e8f2c:8081 tcp, url: http://localhost:8081/.expo/.virtual-metro-entry.bundle, definite, attribution: developer] dealloc
2026-01-28 17:05:04.630 Db NayaVedAI[82693:22cf9a] [com.apple.network:] nw_fd_wrapper_close closed <fd_wrapper 14, guarded: true>
2026-01-28 17:05:04.630 Db NayaVedAI[82693:22cf9a] [com.apple.network:connection] nw_endpoint_resolver_update [C4.1 Hostname#6a7e8f2c:8081 in_progress resolver (satisfied (Path is satisfied), interface: en0[802.11], uses wifi, LQM: unknown)] resolver is complete
2026-01-28 17:05:04.630 Df NayaVedAI[82693:22cf9a] [com.apple.network:connection] nw_endpoint_resolver_update [C4.1 Hostname#6a7e8f2c:8081 in_progress resolver (satisfied (Path is satisfied), interface: en0[802.11], uses wifi, LQM: unknown)] Adding endpoint handler for IPv6#e1ec98b9.8081
2026-01-28 17:05:04.631 Df NayaVedAI[82693:22cf9a] [com.apple.network:connection] nw_endpoint_resolver_update [C4.1 Hostname#6a7e8f2c:8081 in_progress resolver (satisfied (Path is satisfied), interface: en0[802.11], uses wifi, LQM: unknown)] Adding endpoint handler for IPv4#f12e2179:8081
2026-01-28 17:05:04.631 Db NayaVedAI[82693:22cf9a] [com.apple.network:connection] nw_endpoint_resolver_update [C4.1 Hostname#6a7e8f2c:8081 in_progress resolver (satisfied (Path is satisfied), interface: en0[802.11], uses wifi, LQM: unknown)] Updated endpoint list is (IPv6#e1ec98b9.8081,IPv4#f12e2179:8081)
2026-01-28 17:05:04.631 Db NayaVedAI[82693:22cf9a] [com.apple.network:connection] nw_endpoint_flow_receive_report [C4 Hostname#6a7e8f2c:8081 in_progress parent-flow (satisfied (Path is satisfied), interface: en0[802.11], uses wifi, LQM: unknown)] received child report: [C4.1 Hostname#6a7e8f2c:8081 in_progress resolver (satisfied (Path is satisfied), interface: en0[802.11], uses wifi, LQM: unknown)]
2026-01-28 17:05:04.631 Df NayaVedAI[82693:22cf9a] [com.apple.network:connection] [C4.1 Hostname#6a7e8f2c:8081 in_progress resolver (satisfied (Path is satisfied), interface: en0[802.11], uses wifi, LQM: unknown)] event: resolver:receive_dns @0.047s
2026-01-28 17:05:04.631 I  NayaVedAI[82693:22cf9a] [com.apple.network:connection] nw_endpoint_resolver_start_next_child [C4.1 Hostname#6a7e8f2c:8081 in_progress resolver (satisfied (Path is satisfied), interface: en0[802.11], uses wifi, LQM: unknown)] starting child endpoint IPv6#e1ec98b9.8081
2026-01-28 17:05:04.631 I  NayaVedAI[82693:22cf9a] [com.apple.network:connection] nw_endpoint_handler_start [C4.1.1 IPv6#e1ec98b9.8081 initial path ((null))]
2026-01-28 17:05:04.631 Db NayaVedAI[82693:22cf9a] [com.apple.network:connection] nw_endpoint_resolver_receive_report [C4.1 Hostname#6a7e8f2c:8081 in_progress resolver (satisfied (Path is satisfied), interface: en0[802.11], uses wifi, LQM: unknown)] received child report: [C4.1.1 IPv6#e1ec98b9.8081 initial path ((null))]
2026-01-28 17:05:04.631 Db NayaVedAI[82693:22cf9a] [com.apple.network:connection] nw_endpoint_flow_receive_report [C4 Hostname#6a7e8f2c:8081 in_progress parent-flow (satisfied (Path is satisfied), interface: en0[802.11], uses wifi, LQM: unknown)] received child report: [C4.1.1 IPv6#e1ec98b9.8081 initial path ((null))]
2026-01-28 17:05:04.631 Df NayaVedAI[82693:22cf9a] [com.apple.network:connection] [C4.1.1 IPv6#e1ec98b9.8081 initial path ((null))] event: path:start @0.048s
2026-01-28 17:05:04.631 Db NayaVedAI[82693:22cf9a] [com.apple.network:connection] nw_endpoint_handler_path_change [C4.1.1 IPv6#e1ec98b9.8081 waiting path (satisfied (Path is satisfied), interface: lo0)]
2026-01-28 17:05:04.631 Db NayaVedAI[82693:22cf9a] [com.apple.network:connection] nw_endpoint_resolver_receive_report [C4.1 Hostname#6a7e8f2c:8081 in_progress resolver (satisfied (Path is satisfied), interface: en0[802.11], uses wifi, LQM: unknown)] received child report: [C4.1.1 IPv6#e1ec98b9.8081 waiting path (satisfied (Path is satisfied), interface: lo0)]
2026-01-28 17:05:04.631 Db NayaVedAI[82693:22cf9a] [com.apple.network:connection] nw_endpoint_flow_receive_report [C4 Hostname#6a7e8f2c:8081 in_progress parent-flow (satisfied (Path is satisfied), interface: en0[802.11], uses wifi, LQM: unknown)] received child report: [C4.1.1 IPv6#e1ec98b9.8081 waiting path (satisfied (Path is satisfied), interface: lo0)]
2026-01-28 17:05:04.631 Df NayaVedAI[82693:22cf9a] [com.apple.network:connection] [C4.1.1 IPv6#e1ec98b9.8081 waiting path (satisfied (Path is satisfied), interface: lo0)] event: path:satisfied @0.048s, uuid: F37E5F8E-FE5B-4586-8128-7AA35FE11C06
2026-01-28 17:05:04.631 I  NayaVedAI[82693:22cf9a] [com.apple.network:connection] nw_association_create_flow <nw_association IPv6#e1ec98b9.8081> Added association flow ID 92B2BFEB-E64B-4B4A-8FFC-6300E2BFC2F2
2026-01-28 17:05:04.631 I  NayaVedAI[82693:22cf9a] [com.apple.network:connection] nw_endpoint_flow_setup_protocols [C4.1.1 IPv6#e1ec98b9.8081 in_progress socket-flow (satisfied (Path is satisfied), interface: lo0)] setup flow id 92B2BFEB-E64B-4B4A-8FFC-6300E2BFC2F2
2026-01-28 17:05:04.631 Db NayaVedAI[82693:22cf9a] [com.apple.network:connection] nw_endpoint_flow_attach_protocols [C4.1.1 IPv6#e1ec98b9.8081 in_progress socket-flow (satisfied (Path is satisfied), interface: lo0)]
2026-01-28 17:05:04.631 Db NayaVedAI[82693:22cf9a] [com.apple.network:] nw_fd_wrapper_create Created <fd_wrapper 14, guarded: false>
2026-01-28 17:05:04.631 Df NayaVedAI[82693:22cf9a] [com.apple.network:connection] nw_socket_initialize_socket [C4.1.1:1] Not guarding fd 14
2026-01-28 17:05:04.631 Db NayaVedAI[82693:22cf9a] [com.apple.network:connection] nw_endpoint_flow_attach_protocols [C4.1.1 IPv6#e1ec98b9.8081 in_progress socket-flow (satisfied (Path is satisfied), interface: lo0)] Attached socket protocol
2026-01-28 17:05:04.631 Db NayaVedAI[82693:22cf9a] [com.apple.network:connection] nw_endpoint_flow_setup_protocols [C4.1.1 IPv6#e1ec98b9.8081 in_progress socket-flow (satisfied (Path is satisfied), interface: lo0)] leaf flow starting
2026-01-28 17:05:04.631 Db NayaVedAI[82693:22cf9a] [com.apple.network:connection] nw_endpoint_resolver_receive_report [C4.1 Hostname#6a7e8f2c:8081 in_progress resolver (satisfied (Path is satisfied), interface: en0[802.11], uses wifi, LQM: unknown)] received child report: [C4.1.1 IPv6#e1ec98b9.8081 in_progress socket-flow (satisfied (Path is satisfied), interface: lo0)]
2026-01-28 17:05:04.631 Db NayaVedAI[82693:22cf9a] [com.apple.network:connection] nw_endpoint_flow_receive_report [C4 Hostname#6a7e8f2c:8081 in_progress parent-flow (satisfied (Path is satisfied), interface: en0[802.11], uses wifi, LQM: unknown)] received child report: [C4.1.1 IPv6#e1ec98b9.8081 in_progress socket-flow (satisfied (Path is satisfied), interface: lo0)]
2026-01-28 17:05:04.631 Df NayaVedAI[82693:22cf9a] [com.apple.network:connection] [C4.1.1 IPv6#e1ec98b9.8081 in_progress socket-flow (satisfied (Path is satisfied), interface: lo0)] event: flow:start_connect @0.048s
2026-01-28 17:05:04.631 I  NayaVedAI[82693:22cf9a] [com.apple.network:connection] nw_endpoint_resolver_start_next_child [C4.1 Hostname#6a7e8f2c:8081 in_progress resolver (satisfied (Path is satisfied), interface: en0[802.11], uses wifi, LQM: unknown)] starting next child endpoint in 100ms
2026-01-28 17:05:04.632 Db NayaVedAI[82693:22cf9a] [com.apple.network:connection] nw_socket_handle_socket_event [C4.1.1:1] Event mask: 0x800
2026-01-28 17:05:04.632 Df NayaVedAI[82693:22cf9a] [com.apple.network:connection] nw_socket_handle_socket_event [C4.1.1:1] Socket received CONNECTED event
2026-01-28 17:05:04.632 Db NayaVedAI[82693:22cf9a] [com.apple.network:connection] nw_socket_setup_notsent_lowat [C4.1.1:1] Set TCP_NOTSENT_LOWAT(16384)
2026-01-28 17:05:04.632 Df NayaVedAI[82693:22cf9a] [com.apple.network:connection] nw_flow_connected [C4.1.1 IPv6#e1ec98b9.8081 in_progress socket-flow (satisfied (Path is satisfied), interface: lo0)] Output protocol connected (socket)
2026-01-28 17:05:04.632 Db NayaVedAI[82693:22cf9a] [com.apple.network:connection] nw_endpoint_flow_connected_path_change [C4.1.1 IPv6#e1ec98b9.8081 ready socket-flow (satisfied (Path is satisfied), interface: lo0)]
2026-01-28 17:05:04.632 I  NayaVedAI[82693:22cf9a] [com.apple.network:connection] nw_endpoint_flow_connected_path_change [C4.1.1 IPv6#e1ec98b9.8081 ready socket-flow (satisfied (Path is satisfied), interface: lo0)] Connected path is satisfied, not viable
2026-01-28 17:05:04.632 Db NayaVedAI[82693:22cf9a] [com.apple.network:connection] nw_endpoint_resolver_receive_report [C4.1 Hostname#6a7e8f2c:8081 in_progress resolver (satisfied (Path is satisfied), interface: en0[802.11], uses wifi, LQM: unknown)] received child report: [C4.1.1 IPv6#e1ec98b9.8081 ready socket-flow (satisfied (Path is satisfied), interface: lo0)]
2026-01-28 17:05:04.632 Db NayaVedAI[82693:22cf9a] [com.apple.network:connection] nw_endpoint_flow_receive_report [C4 Hostname#6a7e8f2c:8081 in_progress parent-flow (satisfied (Path is satisfied), interface: en0[802.11], uses wifi, LQM: unknown)] received child report: [C4.1.1 IPv6#e1ec98b9.8081 ready socket-flow (satisfied (Path is satisfied), interface: lo0)]
2026-01-28 17:05:04.632 Df NayaVedAI[82693:22cf9a] [com.apple.network:connection] [C4.1.1 IPv6#e1ec98b9.8081 ready socket-flow (satisfied (Path is satisfied), interface: lo0)] event: flow:child_finish_connect @0.049s
2026-01-28 17:05:04.632 Db NayaVedAI[82693:22cf9a] [com.apple.network:connection] nw_endpoint_flow_receive_report [C4 IPv6#e1ec98b9.8081 in_progress parent-flow (satisfied (Path is satisfied), interface: en0[802.11], uses wifi, LQM: unknown)] connecting endpoint_flow to child's shared protocol
2026-01-28 17:05:04.632 Db NayaVedAI[82693:22cf9a] [com.apple.network:connection] nw_endpoint_flow_setup_protocols [C4 IPv6#e1ec98b9.8081 in_progress parent-flow (satisfied (Path is satisfied), interface: en0[802.11], uses wifi, LQM: unknown)] already set up
2026-01-28 17:05:04.632 Db NayaVedAI[82693:22cf9a] [com.apple.network:connection] nw_endpoint_flow_setup_protocols [C4 IPv6#e1ec98b9.8081 in_progress parent-flow (satisfied (Path is satisfied), interface: en0[802.11], uses wifi, LQM: unknown)] child flow connected, starting
2026-01-28 17:05:04.632 Db NayaVedAI[82693:22cf9a] [com.apple.network:connection] nw_endpoint_flow_setup_protocols [C4 IPv6#e1ec98b9.8081 in_progress parent-flow (satisfied (Path is satisfied), interface: en0[802.11], uses wifi, LQM: unknown)] already started
2026-01-28 17:05:04.632 Db NayaVedAI[82693:22cf9a] [com.apple.network:connection] nw_endpoint_flow_receive_report [C4 IPv6#e1ec98b9.8081 in_progress parent-flow (satisfied (Path is satisfied), interface: en0[802.11], uses wifi, LQM: unknown)] received child report: [C4.1 Hostname#6a7e8f2c:8081 ready resolver (satisfied (Path is satisfied), interface: en0[802.11], uses wifi, LQM: unknown)]
2026-01-28 17:05:04.632 Df NayaVedAI[82693:22cf9a] [com.apple.network:connection] [C4.1 Hostname#6a7e8f2c:8081 ready resolver (satisfied (Path is satisfied), interface: en0[802.11], uses wifi, LQM: unknown)] event: flow:child_finish_connect @0.049s
2026-01-28 17:05:04.632 I  NayaVedAI[82693:22cf9a] [com.apple.network:connection] nw_endpoint_handler_cancel [C4.1.2 IPv4#f12e2179:8081 initial path ((null))]
2026-01-28 17:05:04.632 Df NayaVedAI[82693:22cf9a] [com.apple.network:connection] nw_flow_connected [C4 IPv6#e1ec98b9.8081 in_progress parent-flow (satisfied (Path is satisfied), interface: en0[802.11], uses wifi, LQM: unknown)] Output protocol connected (endpoint_flow)
2026-01-28 17:05:04.632 Db NayaVedAI[82693:22cf9a] [com.apple.network:connection] nw_endpoint_flow_connected_path_change [C4 IPv6#e1ec98b9.8081 ready parent-flow (satisfied (Path is satisfied), interface: en0[802.11], uses wifi, LQM: unknown)]
2026-01-28 17:05:04.632 I  NayaVedAI[82693:22cf9a] [com.apple.network:connection] nw_endpoint_flow_connected_path_change [C4 IPv6#e1ec98b9.8081 ready parent-flow (satisfied (Path is satisfied), interface: en0[802.11], uses wifi, LQM: unknown)] Connected path is satisfied, child is not viable
2026-01-28 17:05:04.632 Df NayaVedAI[82693:22cf9a] [com.apple.network:connection] [C4 IPv6#e1ec98b9.8081 ready parent-flow (satisfied (Path is satisfied), interface: en0[802.11], uses wifi, LQM: unknown)] event: flow:finish_connect @0.049s
2026-01-28 17:05:04.632 Db NayaVedAI[82693:22cf9a] [com.apple.network:connection] nw_connection_run_pqtls_probe_locked_on_nw_queue [C4] No TLS metadata; not running PQ-TLS probe
2026-01-28 17:05:04.632 Db NayaVedAI[82693:22cf9a] [com.apple.network:connection] nw_connection_run_ech_probe_locked_on_nw_queue [C4] stack doesn't include TLS; not running ECH probe
2026-01-28 17:05:04.632 Db NayaVedAI[82693:22cf9a] [com.apple.network:connection] nw_connection_endpoint_report_on_nw_queue_block_invoke [C4] Connected fallback generation 0
2026-01-28 17:05:04.632 I  NayaVedAI[82693:22cf9a] [com.apple.network:connection] nw_connection_start_candidate_manager_if_needed_locked [C4] Checking whether to start candidate manager
2026-01-28 17:05:04.632 Db NayaVedAI[82693:22cf9a] [com.apple.network:connection] nw_connection_start_candidate_manager_if_needed_locked [C4] Connection does not support multipath, not starting candidate manager
2026-01-28 17:05:04.632 Df NayaVedAI[82693:22cf9a] [com.apple.network:connection] nw_connection_report_state_with_handler_on_nw_queue [C4] reporting state ready
2026-01-28 17:05:04.632 Db NayaVedAI[82693:22cf9a] [com.apple.network:] tcp_connection_start_block_invoke 4 sending event TCP_CONNECTION_EVENT_CONNECTED in response to state ready and error (null)
2026-01-28 17:05:04.632 Db NayaVedAI[82693:22cf9a] [com.apple.network:] tcp_connection_fillout_event_locked 4 event: TCP_CONNECTION_EVENT_CONNECTED, reason: nw_connection event, should deliver: true
2026-01-28 17:05:04.632 Db NayaVedAI[82693:22cf9a] [com.apple.network:] tcp_connection_get_statistics DNS: 46ms/47ms since start, TCP: 0ms/0ms since start, TLS: 0ms/0ms since start
2026-01-28 17:05:04.632 Df NayaVedAI[82693:22cf9a] [com.apple.CFNetwork:Default] TCP Conn 0x60000330e3a0 event 1. err: 0
2026-01-28 17:05:04.632 Db NayaVedAI[82693:22cf9a] [com.apple.network:] tcp_connection_get_socket 4 dupfd: 15, takeownership: true
2026-01-28 17:05:04.632 Df NayaVedAI[82693:22cf9a] [com.apple.CFNetwork:Default] TCP Conn 0x60000330e3a0 complete. fd: 15, err: 0
2026-01-28 17:05:04.633 I  NayaVedAI[82693:22cf9a] [com.apple.network:connection] nw_resolver_host_resolve_callback [C5.1] flags=0x40000003 ifindex=4294967295 error=NoError(0) hostname=localhost. addr=IPv6#93ea1b84 ttl=1
2026-01-28 17:05:04.633 I  NayaVedAI[82693:22cf9a] [com.apple.network:connection] nw_resolver_host_resolve_callback [C5.1] flags=0x40000002 ifindex=4294967295 error=NoError(0) hostname=localhost. addr=IPv4#601cc983 ttl=1
2026-01-28 17:05:04.633 Db NayaVedAI[82693:22cf9a] [com.apple.network:] sa_dst_compare_rfc6724 Rule 6, prefer d2, d2 precedence 50 > d1 precedence 35
2026-01-28 17:05:04.633 Db NayaVedAI[82693:22cf9a] [com.apple.network:] sa_dst_compare_internal <private>@0 < <private>@0
2026-01-28 17:05:04.633 I  NayaVedAI[82693:22cf9a] [com.apple.network:connection] nw_resolver_create_prefer_connected_variant [C5.1] Prefer Connected: IPv6#e1ec98b9.8081 is already the first endpoint
