2026-01-28 17:05:04.508 I  NayaVedAI[82693:22cf9e] [com.apple.network:connection] nw_connection_create_with_id [C3] create connection to Hostname#6a7e8f2c:8081
2026-01-28 17:05:04.508 Df NayaVedAI[82693:22cf9e] [com.apple.CFNetwork:Default] Connection 3: starting, TC(0x0)
2026-01-28 17:05:04.508 Df NayaVedAI[82693:22cf9e] [com.apple.network:connection] [C3 417DC807-63A9-47B5-8919-6B496989F776 Hostname#6a7e8f2c:8081 tcp, url: http://localhost:8081/.expo/.virtual-metro-entry.bundle, definite, attribution: developer, context: com.apple.CFNetwork.NSURLSession.{0AAA7CC9-F635-4F7D-BA24-04AEEA64A6C6}{(null)}{Y}{2}{0x0} (private), proc: 63B02D91-D502-3FF5-9842-92830ECC12FF, delegated upid: 0] start
2026-01-28 17:05:04.508 I  NayaVedAI[82693:22cf9e] [com.apple.network:connection] nw_endpoint_handler_start [C3 Hostname#6a7e8f2c:8081 initial parent-flow ((null))]
2026-01-28 17:05:04.508 Df NayaVedAI[82693:22cf9e] [com.apple.network:connection] [C3 Hostname#6a7e8f2c:8081 initial parent-flow ((null))] event: path:start @0.000s
2026-01-28 17:05:04.509 Df NayaVedAI[82693:22cf9c] [com.apple.securityd:SecError] SecTrustReportNetworkingAnalytics failed with error: -4
2026-01-28 17:05:04.509 Db NayaVedAI[82693:22cf9e] [com.apple.network:connection] nw_endpoint_handler_path_change [C3 Hostname#6a7e8f2c:8081 waiting parent-flow (satisfied (Path is satisfied), interface: en0[802.11], uses wifi, LQM: unknown)]
2026-01-28 17:05:04.509 Db NayaVedAI[82693:22cf9e] [com.apple.networkextension:] ne_tracker_check_is_hostname_blocked() proceeding with the in_the_app check for hostname: localhost
2026-01-28 17:05:04.509 Db NayaVedAI[82693:22cf9e] [com.apple.CFBundle:resources] Resource lookup at CFBundle 0x600003b00540 </Users/shivi.agarwal/Library/Developer/CoreSimulator/Devices/AC7E343F-585F-430E-B17D-BDD649803605/data/Containers/Bundle/Application/7B6ADE3E-3E0A-46DC-87C4-9AADFEC62F3A/NayaVedAI.app> (executable, loaded)
	Request       : InfoPlist type: strings
	Result        : None
2026-01-28 17:05:04.509 Db NayaVedAI[82693:22cf9e] [com.apple.CFBundle:resources] Resource lookup at CFBundle 0x600003b00540 </Users/shivi.agarwal/Library/Developer/CoreSimulator/Devices/AC7E343F-585F-430E-B17D-BDD649803605/data/Containers/Bundle/Application/7B6ADE3E-3E0A-46DC-87C4-9AADFEC62F3A/NayaVedAI.app> (executable, loaded)
	Request       : InfoPlist type: stringsdict
	Result        : None
2026-01-28 17:05:04.509 Db NayaVedAI[82693:22cf9e] [com.apple.networkextension:] ne_tracker_check_is_hostname_blocked(): hostname localhost is not a tracker. Returning: ne_tracker_status_none
2026-01-28 17:05:04.509 Df NayaVedAI[82693:22cf9e] [com.apple.network:connection] [C3 Hostname#6a7e8f2c:8081 waiting parent-flow (satisfied (Path is satisfied), interface: en0[802.11], uses wifi, LQM: unknown)] event: path:satisfied @0.000s, uuid: D27D1D94-385A-4953-AA0A-C6027031791B
2026-01-28 17:05:04.509 I  NayaVedAI[82693:22cf9e] [com.apple.network:connection] nw_connection_endpoint_report_on_nw_queue_block_invoke [C3 Hostname#6a7e8f2c:8081 waiting parent-flow (satisfied (Path is satisfied), interface: en0[802.11], uses wifi, LQM: unknown)] skipping state update
2026-01-28 17:05:04.509 Db NayaVedAI[82693:22cf9e] [com.apple.network:] nw_endpoint_proxy_handler_should_use_proxy Looking up proxy for hostname: localhost, ifindex: 0
2026-01-28 17:05:04.509 Db NayaVedAI[82693:22cf9e] [com.apple.SystemConfiguration:SCPreferences] create <SCPreferences 0x10a307510 [0x1e578fa80]> {name = SCDynamicStoreCopyProxiesWithOptions, id = /Library/Managed Preferences/mobile/com.apple.SystemConfiguration.plist, path = /Library/Managed Preferences/mobile/com.apple.SystemConfiguration.plist}
2026-01-28 17:05:04.509 Db NayaVedAI[82693:22cf9e] [com.apple.SystemConfiguration:SCPreferences] SCPreferences() access: /Library/Managed Preferences/mobile/com.apple.SystemConfiguration.plist, size=0
2026-01-28 17:05:04.509 Db NayaVedAI[82693:22cf9e] [com.apple.SystemConfiguration:SCPreferences] release <SCPreferences 0x10a307510 [0x1e578fa80]> {name = SCDynamicStoreCopyProxiesWithOptions, id = /Library/Managed Preferences/mobile/com.apple.SystemConfiguration.plist, path = /Library/Managed Preferences/mobile/com.apple.SystemConfiguration.plist, accessed}
2026-01-28 17:05:04.509 Db NayaVedAI[82693:22ceb0] [com.apple.defaults:User Defaults] CFPrefsPlistSource<0x600002c00300> (Domain: com.nayaved.app, User: kCFPreferencesCurrentUser, ByHost: No, Container: /Users/shivi.agarwal/Library/Developer/CoreSimulator/Devices/AC7E343F-585F-430E-B17D-BDD649803605/data, Contents Need Refresh: No) loaded: an empty base plist and no additional changes from the base plist
2026-01-28 17:05:04.509 Db NayaVedAI[82693:22cf9e] [com.apple.network:connection] nw_endpoint_flow_attach_protocols [C3 Hostname#6a7e8f2c:8081 in_progress parent-flow (satisfied (Path is satisfied), interface: en0[802.11], uses wifi, LQM: unknown)]
2026-01-28 17:05:04.509 Db NayaVedAI[82693:22ceb0] [com.apple.defaults:User Defaults] CFPrefsPlistSource<0x600002c00580> (Domain: com.nayaved.app, User: kCFPreferencesCurrentUser, ByHost: Yes, Container: (null), Contents Need Refresh: No) loaded: an empty base plist and no additional changes from the base plist
2026-01-28 17:05:04.509 Db NayaVedAI[82693:22cf9e] [com.apple.network:connection] nw_endpoint_flow_attach_protocols [C3 Hostname#6a7e8f2c:8081 in_progress parent-flow (satisfied (Path is satisfied), interface: en0[802.11], uses wifi, LQM: unknown)] stopping after adding persistent application protocols
2026-01-28 17:05:04.509 Db NayaVedAI[82693:22ceb0] [com.apple.defaults:User Defaults] found no value for key RCTI18nUtil_forceRTL in CFPrefsSearchListSource<0x600002c08300> (Domain: com.nayaved.app, Container: (null) Non-launch persona: 0)
2026-01-28 17:05:04.509 Db NayaVedAI[82693:22cf9e] [com.apple.network:connection] nw_endpoint_flow_setup_protocols [C3 Hostname#6a7e8f2c:8081 in_progress parent-flow (satisfied (Path is satisfied), interface: en0[802.11], uses wifi, LQM: unknown)] persistent protocol stack, starting
2026-01-28 17:05:04.509 Db NayaVedAI[82693:22ceb0] [com.apple.defaults:User Defaults] found no value for key RCTI18nUtil_allowRTL in CFPrefsSearchListSource<0x600002c08300> (Domain: com.nayaved.app, Container: (null) Non-launch persona: 0)
2026-01-28 17:05:04.509 Df NayaVedAI[82693:22cf9e] [com.apple.network:connection] [C3 Hostname#6a7e8f2c:8081 in_progress parent-flow (satisfied (Path is satisfied), interface: en0[802.11], uses wifi, LQM: unknown)] event: flow:start_connect @0.000s
2026-01-28 17:05:04.509 Df NayaVedAI[82693:22cf9e] [com.apple.network:connection] nw_connection_report_state_with_handler_on_nw_queue [C3] reporting state preparing
2026-01-28 17:05:04.509 Db NayaVedAI[82693:22ceb0] [com.apple.defaults:User Defaults] found no value for key RCTI18nUtil_forceRTL in CFPrefsSearchListSource<0x600002c08300> (Domain: com.nayaved.app, Container: (null) Non-launch persona: 0)
2026-01-28 17:05:04.509 Db NayaVedAI[82693:22ceb0] [com.apple.defaults:User Defaults] found no value for key RCTI18nUtil_allowRTL in CFPrefsSearchListSource<0x600002c08300> (Domain: com.nayaved.app, Container: (null) Non-launch persona: 0)
2026-01-28 17:05:04.509 I  NayaVedAI[82693:22cf9e] [com.apple.network:connection] nw_endpoint_flow_connect [C3 Hostname#6a7e8f2c:8081 in_progress parent-flow (satisfied (Path is satisfied), interface: en0[802.11], uses wifi, LQM: unknown)] connect bottom protocol
2026-01-28 17:05:04.509 Db NayaVedAI[82693:22cf9e] [com.apple.network:connection] nw_endpoint_flow_start_child [C3 Hostname#6a7e8f2c:8081 in_progress parent-flow (satisfied (Path is satisfied), interface: en0[802.11], uses wifi, LQM: unknown)] creating and starting child handler
2026-01-28 17:05:04.509 Db NayaVedAI[82693:22cf9e] [com.apple.network:] nw_endpoint_proxy_handler_should_use_proxy Looking up proxy for hostname: localhost, ifindex: 0
2026-01-28 17:05:04.509 Db NayaVedAI[82693:22cf9e] [com.apple.SystemConfiguration:SCPreferences] create <SCPreferences 0x108e11210 [0x1e578fa80]> {name = SCDynamicStoreCopyProxiesWithOptions, id = /Library/Managed Preferences/mobile/com.apple.SystemConfiguration.plist, path = /Library/Managed Preferences/mobile/com.apple.SystemConfiguration.plist}
2026-01-28 17:05:04.509 Db NayaVedAI[82693:22cf9e] [com.apple.SystemConfiguration:SCPreferences] SCPreferences() access: /Library/Managed Preferences/mobile/com.apple.SystemConfiguration.plist, size=0
2026-01-28 17:05:04.509 Db NayaVedAI[82693:22cf9e] [com.apple.SystemConfiguration:SCPreferences] release <SCPreferences 0x108e11210 [0x1e578fa80]> {name = SCDynamicStoreCopyProxiesWithOptions, id = /Library/Managed Preferences/mobile/com.apple.SystemConfiguration.plist, path = /Library/Managed Preferences/mobile/com.apple.SystemConfiguration.plist, accessed}
2026-01-28 17:05:04.509 Df NayaVedAI[82693:22cf9e] [com.apple.network:connection] [C3 Hostname#6a7e8f2c:8081 in_progress parent-flow (satisfied (Path is satisfied), interface: en0[802.11], uses wifi, LQM: unknown)] event: flow:start_child @0.000s
2026-01-28 17:05:04.509 I  NayaVedAI[82693:22cf9e] [com.apple.network:connection] nw_endpoint_handler_start [C3.1 Hostname#6a7e8f2c:8081 initial path ((null))]
2026-01-28 17:05:04.509 Db NayaVedAI[82693:22cf9e] [com.apple.network:connection] nw_endpoint_flow_receive_report [C3 Hostname#6a7e8f2c:8081 in_progress parent-flow (satisfied (Path is satisfied), interface: en0[802.11], uses wifi, LQM: unknown)] received child report: [C3.1 Hostname#6a7e8f2c:8081 initial path ((null))]
2026-01-28 17:05:04.509 Df NayaVedAI[82693:22cf9e] [com.apple.network:connection] [C3.1 Hostname#6a7e8f2c:8081 initial path ((null))] event: path:start @0.001s
2026-01-28 17:05:04.510 Db NayaVedAI[82693:22cf9e] [com.apple.network:connection] nw_endpoint_handler_path_change [C3.1 Hostname#6a7e8f2c:8081 waiting path (satisfied (Path is satisfied), interface: en0[802.11], uses wifi, LQM: unknown)]
2026-01-28 17:05:04.510 Db NayaVedAI[82693:22cf9e] [com.apple.networkextension:] ne_tracker_check_is_hostname_blocked() proceeding with the in_the_app check for hostname: localhost
2026-01-28 17:05:04.510 Db NayaVedAI[82693:22cf9e] [com.apple.CFBundle:resources] Resource lookup at CFBundle 0x600003b00540 </Users/shivi.agarwal/Library/Developer/CoreSimulator/Devices/AC7E343F-585F-430E-B17D-BDD649803605/data/Containers/Bundle/Application/7B6ADE3E-3E0A-46DC-87C4-9AADFEC62F3A/NayaVedAI.app> (executable, loaded)
	Request       : InfoPlist type: strings
	Result        : None
2026-01-28 17:05:04.510 Db NayaVedAI[82693:22cf9e] [com.apple.CFBundle:resources] Resource lookup at CFBundle 0x600003b00540 </Users/shivi.agarwal/Library/Developer/CoreSimulator/Devices/AC7E343F-585F-430E-B17D-BDD649803605/data/Containers/Bundle/Application/7B6ADE3E-3E0A-46DC-87C4-9AADFEC62F3A/NayaVedAI.app> (executable, loaded)
	Request       : InfoPlist type: stringsdict
	Result        : None
2026-01-28 17:05:04.510 Db NayaVedAI[82693:22cf9e] [com.apple.networkextension:] ne_tracker_check_is_hostname_blocked(): hostname localhost is not a tracker. Returning: ne_tracker_status_none
2026-01-28 17:05:04.510 Db NayaVedAI[82693:22cf9e] [com.apple.network:connection] nw_endpoint_flow_receive_report [C3 Hostname#6a7e8f2c:8081 in_progress parent-flow (satisfied (Path is satisfied), interface: en0[802.11], uses wifi, LQM: unknown)] received child report: [C3.1 Hostname#6a7e8f2c:8081 waiting path (satisfied (Path is satisfied), interface: en0[802.11], uses wifi, LQM: unknown)]
2026-01-28 17:05:04.510 Df NayaVedAI[82693:22cf9e] [com.apple.network:connection] [C3.1 Hostname#6a7e8f2c:8081 waiting path (satisfied (Path is satisfied), interface: en0[802.11], uses wifi, LQM: unknown)] event: path:satisfied @0.001s, uuid: D27D1D94-385A-4953-AA0A-C6027031791B
2026-01-28 17:05:04.510 Db NayaVedAI[82693:22cf9e] [com.apple.network:] nw_endpoint_proxy_handler_should_use_proxy Looking up proxy for hostname: localhost, ifindex: 0
2026-01-28 17:05:04.510 Db NayaVedAI[82693:22cf9e] [com.apple.SystemConfiguration:SCPreferences] create <SCPreferences 0x10a404ce0 [0x1e578fa80]> {name = SCDynamicStoreCopyProxiesWithOptions, id = /Library/Managed Preferences/mobile/com.apple.SystemConfiguration.plist, path = /Library/Managed Preferences/mobile/com.apple.SystemConfiguration.plist}
2026-01-28 17:05:04.510 Db NayaVedAI[82693:22cf9e] [com.apple.SystemConfiguration:SCPreferences] SCPreferences() access: /Library/Managed Preferences/mobile/com.apple.SystemConfiguration.plist, size=0
2026-01-28 17:05:04.510 Db NayaVedAI[82693:22cf9e] [com.apple.SystemConfiguration:SCPreferences] release <SCPreferences 0x10a404ce0 [0x1e578fa80]> {name = SCDynamicStoreCopyProxiesWithOptions, id = /Library/Managed Preferences/mobile/com.apple.SystemConfiguration.plist, path = /Library/Managed Preferences/mobile/com.apple.SystemConfiguration.plist, accessed}
2026-01-28 17:05:04.510 Db NayaVedAI[82693:22cf9e] [com.apple.network:connection] -[NWConcrete_nw_endpoint_resolver startWithHandler:] [C3.1 Hostname#6a7e8f2c:8081 waiting resolver (satisfied (Path is satisfied), interface: en0[802.11], uses wifi, LQM: unknown)]
2026-01-28 17:05:04.510 Db NayaVedAI[82693:22cf9e] [com.apple.network:connection] nw_endpoint_flow_receive_report [C3 Hostname#6a7e8f2c:8081 in_progress parent-flow (satisfied (Path is satisfied), interface: en0[802.11], uses wifi, LQM: unknown)] received child report: [C3.1 Hostname#6a7e8f2c:8081 in_progress resolver (satisfied (Path is satisfied), interface: en0[802.11], uses wifi, LQM: unknown)]
2026-01-28 17:05:04.510 Df NayaVedAI[82693:22cf9e] [com.apple.network:connection] [C3.1 Hostname#6a7e8f2c:8081 in_progress resolver (satisfied (Path is satisfied), interface: en0[802.11], uses wifi, LQM: unknown)] event: resolver:start_dns @0.001s
2026-01-28 17:05:04.510 Db NayaVedAI[82693:22cf9e] [com.apple.networkextension:] ne_tracker_check_is_hostname_blocked() proceeding with the in_the_app check for hostname: localhost
2026-01-28 17:05:04.510 Db NayaVedAI[82693:22cf9e] [com.apple.CFBundle:resources] Resource lookup at CFBundle 0x600003b00540 </Users/shivi.agarwal/Library/Developer/CoreSimulator/Devices/AC7E343F-585F-430E-B17D-BDD649803605/data/Containers/Bundle/Application/7B6ADE3E-3E0A-46DC-87C4-9AADFEC62F3A/NayaVedAI.app> (executable, loaded)
	Request       : InfoPlist type: strings
	Result        : None
2026-01-28 17:05:04.510 Db NayaVedAI[82693:22cf9e] [com.apple.CFBundle:resources] Resource lookup at CFBundle 0x600003b00540 </Users/shivi.agarwal/Library/Developer/CoreSimulator/Devices/AC7E343F-585F-430E-B17D-BDD649803605/data/Containers/Bundle/Application/7B6ADE3E-3E0A-46DC-87C4-9AADFEC62F3A/NayaVedAI.app> (executable, loaded)
	Request       : InfoPlist type: stringsdict
	Result        : None
2026-01-28 17:05:04.510 Db NayaVedAI[82693:22cf9e] [com.apple.networkextension:] ne_tracker_check_is_hostname_blocked(): hostname localhost is not a tracker. Returning: ne_tracker_status_none
2026-01-28 17:05:04.510 I  NayaVedAI[82693:22cf9e] [com.apple.network:connection] nw_resolver_create_dns_service_locked [C3.1] Starting host resolution Hostname#6a7e8f2c:8081, flags 0xc000d000 proto 0
2026-01-28 17:05:04.511 Df NayaVedAI[82693:22cf9e] [com.apple.CFNetwork:Default] Task <C1C4F782-B22F-463E-A381-F9F171594DAB>.<1> setting up Connection 3
2026-01-28 17:05:04.511 Db NayaVedAI[82693:22cf9e] [com.apple.network:activity] Returning should log: 0 for activity cfnetwork:foreground_task
2026-01-28 17:05:04.511 I  NayaVedAI[82693:22cf9e] [com.apple.network:connection] nw_resolver_host_resolve_callback [C3.1] flags=0x40000003 ifindex=4294967295 error=NoError(0) hostname=localhost. addr=IPv6#93ea1b84 ttl=1
2026-01-28 17:05:04.511 I  NayaVedAI[82693:22cf9e] [com.apple.network:connection] nw_resolver_host_resolve_callback [C3.1] flags=0x40000002 ifindex=4294967295 error=NoError(0) hostname=localhost. addr=IPv4#601cc983 ttl=1
2026-01-28 17:05:04.511 Db NayaVedAI[82693:22cf9e] [com.apple.network:] sa_dst_compare_rfc6724 Rule 6, prefer d2, d2 precedence 50 > d1 precedence 35
2026-01-28 17:05:04.511 Db NayaVedAI[82693:22cf9e] [com.apple.network:] sa_dst_compare_internal <private>@0 < <private>@0
2026-01-28 17:05:04.511 Db NayaVedAI[82693:22cf9e] [com.apple.network:connection] nw_endpoint_resolver_update [C3.1 Hostname#6a7e8f2c:8081 in_progress resolver (satisfied (Path is satisfied), interface: en0[802.11], uses wifi, LQM: unknown)] resolver is complete
2026-01-28 17:05:04.511 Df NayaVedAI[82693:22cf9e] [com.apple.network:connection] nw_endpoint_resolver_update [C3.1 Hostname#6a7e8f2c:8081 in_progress resolver (satisfied (Path is satisfied), interface: en0[802.11], uses wifi, LQM: unknown)] Adding endpoint handler for IPv6#e1ec98b9.8081
2026-01-28 17:05:04.511 Df NayaVedAI[82693:22cf9e] [com.apple.network:connection] nw_endpoint_resolver_update [C3.1 Hostname#6a7e8f2c:8081 in_progress resolver (satisfied (Path is satisfied), interface: en0[802.11], uses wifi, LQM: unknown)] Adding endpoint handler for IPv4#f12e2179:8081
2026-01-28 17:05:04.511 Db NayaVedAI[82693:22cf9e] [com.apple.network:connection] nw_endpoint_resolver_update [C3.1 Hostname#6a7e8f2c:8081 in_progress resolver (satisfied (Path is satisfied), interface: en0[802.11], uses wifi, LQM: unknown)] Updated endpoint list is (IPv6#e1ec98b9.8081,IPv4#f12e2179:8081)
2026-01-28 17:05:04.511 Db NayaVedAI[82693:22cf9e] [com.apple.network:connection] nw_endpoint_flow_receive_report [C3 Hostname#6a7e8f2c:8081 in_progress parent-flow (satisfied (Path is satisfied), interface: en0[802.11], uses wifi, LQM: unknown)] received child report: [C3.1 Hostname#6a7e8f2c:8081 in_progress resolver (satisfied (Path is satisfied), interface: en0[802.11], uses wifi, LQM: unknown)]
2026-01-28 17:05:04.511 Df NayaVedAI[82693:22cf9e] [com.apple.network:connection] [C3.1 Hostname#6a7e8f2c:8081 in_progress resolver (satisfied (Path is satisfied), interface: en0[802.11], uses wifi, LQM: unknown)] event: resolver:receive_dns @0.002s
2026-01-28 17:05:04.511 I  NayaVedAI[82693:22cf9e] [com.apple.network:connection] nw_endpoint_resolver_start_next_child [C3.1 Hostname#6a7e8f2c:8081 in_progress resolver (satisfied (Path is satisfied), interface: en0[802.11], uses wifi, LQM: unknown)] starting child endpoint IPv6#e1ec98b9.8081
2026-01-28 17:05:04.511 I  NayaVedAI[82693:22cf9e] [com.apple.network:connection] nw_endpoint_handler_start [C3.1.1 IPv6#e1ec98b9.8081 initial path ((null))]
2026-01-28 17:05:04.511 Db NayaVedAI[82693:22cf9e] [com.apple.network:connection] nw_endpoint_resolver_receive_report [C3.1 Hostname#6a7e8f2c:8081 in_progress resolver (satisfied (Path is satisfied), interface: en0[802.11], uses wifi, LQM: unknown)] received child report: [C3.1.1 IPv6#e1ec98b9.8081 initial path ((null))]
2026-01-28 17:05:04.511 Db NayaVedAI[82693:22cf9e] [com.apple.network:connection] nw_endpoint_flow_receive_report [C3 Hostname#6a7e8f2c:8081 in_progress parent-flow (satisfied (Path is satisfied), interface: en0[802.11], uses wifi, LQM: unknown)] received child report: [C3.1.1 IPv6#e1ec98b9.8081 initial path ((null))]
2026-01-28 17:05:04.511 Df NayaVedAI[82693:22cf9e] [com.apple.network:connection] [C3.1.1 IPv6#e1ec98b9.8081 initial path ((null))] event: path:start @0.002s
2026-01-28 17:05:04.511 Db NayaVedAI[82693:22cf9e] [com.apple.network:connection] nw_endpoint_handler_path_change [C3.1.1 IPv6#e1ec98b9.8081 waiting path (satisfied (Path is satisfied), interface: lo0)]
2026-01-28 17:05:04.511 Db NayaVedAI[82693:22cf9e] [com.apple.network:connection] nw_endpoint_resolver_receive_report [C3.1 Hostname#6a7e8f2c:8081 in_progress resolver (satisfied (Path is satisfied), interface: en0[802.11], uses wifi, LQM: unknown)] received child report: [C3.1.1 IPv6#e1ec98b9.8081 waiting path (satisfied (Path is satisfied), interface: lo0)]
2026-01-28 17:05:04.511 Db NayaVedAI[82693:22cf9e] [com.apple.network:connection] nw_endpoint_flow_receive_report [C3 Hostname#6a7e8f2c:8081 in_progress parent-flow (satisfied (Path is satisfied), interface: en0[802.11], uses wifi, LQM: unknown)] received child report: [C3.1.1 IPv6#e1ec98b9.8081 waiting path (satisfied (Path is satisfied), interface: lo0)]
2026-01-28 17:05:04.511 Db NayaVedAI[82693:22ceb0] [com.apple.defaults:User Defaults] found no value for key UITraitUsageTrackingLoggingEnabled in CFPrefsSearchListSource<0x600002c08300> (Domain: com.nayaved.app, Container: (null) Non-launch persona: 0)
2026-01-28 17:05:04.511 Df NayaVedAI[82693:22cf9e] [com.apple.network:connection] [C3.1.1 IPv6#e1ec98b9.8081 waiting path (satisfied (Path is satisfied), interface: lo0)] event: path:satisfied @0.002s, uuid: D8531B8F-C21B-4EB9-B08B-DC7D656BF0B0
2026-01-28 17:05:04.511 Db NayaVedAI[82693:22ceb0] [com.apple.defaults:User Defaults] found no value for key UIStateTrackingLoggingEnabled in CFPrefsSearchListSource<0x600002c08300> (Domain: com.nayaved.app, Container: (null) Non-launch persona: 0)
2026-01-28 17:05:04.511 Db NayaVedAI[82693:22cf9e] [com.apple.network:] nw_endpoint_proxy_handler_should_use_proxy Looking up proxy for hostname: <nil>, ifindex: 0
2026-01-28 17:05:04.511 Db NayaVedAI[82693:22cf9e] [com.apple.SystemConfiguration:SCPreferences] create <SCPreferences 0x108c18160 [0x1e578fa80]> {name = SCDynamicStoreCopyProxiesWithOptions, id = /Library/Managed Preferences/mobile/com.apple.SystemConfiguration.plist, path = /Library/Managed Preferences/mobile/com.apple.SystemConfiguration.plist}
2026-01-28 17:05:04.511 Db NayaVedAI[82693:22cf9e] [com.apple.SystemConfiguration:SCPreferences] SCPreferences() access: /Library/Managed Preferences/mobile/com.apple.SystemConfiguration.plist, size=0
2026-01-28 17:05:04.511 Db NayaVedAI[82693:22cf9e] [com.apple.SystemConfiguration:SCPreferences] release <SCPreferences 0x108c18160 [0x1e578fa80]> {name = SCDynamicStoreCopyProxiesWithOptions, id = /Library/Managed Preferences/mobile/com.apple.SystemConfiguration.plist, path = /Library/Managed Preferences/mobile/com.apple.SystemConfiguration.plist, accessed}
2026-01-28 17:05:04.511 I  NayaVedAI[82693:22cf9e] [com.apple.network:connection] nw_association_create_flow <nw_association IPv6#e1ec98b9.8081> Added association flow ID AD3EC4F4-6F2B-468F-A4CF-C8DF90C5E10A
2026-01-28 17:05:04.511 I  NayaVedAI[82693:22cf9e] [com.apple.network:connection] nw_endpoint_flow_setup_protocols [C3.1.1 IPv6#e1ec98b9.8081 in_progress socket-flow (satisfied (Path is satisfied), interface: lo0)] setup flow id AD3EC4F4-6F2B-468F-A4CF-C8DF90C5E10A
2026-01-28 17:05:04.511 Db NayaVedAI[82693:22cf9e] [com.apple.network:connection] nw_endpoint_flow_attach_protocols [C3.1.1 IPv6#e1ec98b9.8081 in_progress socket-flow (satisfied (Path is satisfied), interface: lo0)]
2026-01-28 17:05:04.511 Db NayaVedAI[82693:22cf9e] [com.apple.network:connection] nw_endpoint_flow_attach_protocols_block_invoke [C3.1.1 IPv6#e1ec98b9.8081 in_progress socket-flow (satisfied (Path is satisfied), interface: lo0)] Attached application protocol: CFNetworkConnection-1786606150
2026-01-28 17:05:04.511 Db NayaVedAI[82693:22cf9e] [com.apple.network:] nw_fd_wrapper_create Created <fd_wrapper 14, guarded: false>
2026-01-28 17:05:04.511 Db NayaVedAI[82693:22cf9e] [com.apple.network:connection] nw_endpoint_flow_attach_protocols [C3.1.1 IPv6#e1ec98b9.8081 in_progress socket-flow (satisfied (Path is satisfied), interface: lo0)] Attached socket protocol
2026-01-28 17:05:04.511 Db NayaVedAI[82693:22cf9e] [com.apple.network:connection] nw_endpoint_flow_setup_protocols [C3.1.1 IPv6#e1ec98b9.8081 in_progress socket-flow (satisfied (Path is satisfied), interface: lo0)] leaf flow starting
2026-01-28 17:05:04.511 Db NayaVedAI[82693:22cf9e] [com.apple.network:connection] nw_endpoint_resolver_receive_report [C3.1 Hostname#6a7e8f2c:8081 in_progress resolver (satisfied (Path is satisfied), interface: en0[802.11], uses wifi, LQM: unknown)] received child report: [C3.1.1 IPv6#e1ec98b9.8081 in_progress socket-flow (satisfied (Path is satisfied), interface: lo0)]
2026-01-28 17:05:04.512 Db NayaVedAI[82693:22cf9e] [com.apple.network:connection] nw_endpoint_flow_receive_report [C3 Hostname#6a7e8f2c:8081 in_progress parent-flow (satisfied (Path is satisfied), interface: en0[802.11], uses wifi, LQM: unknown)] received child report: [C3.1.1 IPv6#e1ec98b9.8081 in_progress socket-flow (satisfied (Path is satisfied), interface: lo0)]
2026-01-28 17:05:04.512 Df NayaVedAI[82693:22cf9e] [com.apple.network:connection] [C3.1.1 IPv6#e1ec98b9.8081 in_progress socket-flow (satisfied (Path is satisfied), interface: lo0)] event: flow:start_connect @0.003s
2026-01-28 17:05:04.512 I  NayaVedAI[82693:22cf9e] [com.apple.network:connection] nw_endpoint_resolver_start_next_child [C3.1 Hostname#6a7e8f2c:8081 in_progress resolver (satisfied (Path is satisfied), interface: en0[802.11], uses wifi, LQM: unknown)] starting next child endpoint in 100ms
2026-01-28 17:05:04.512 Db NayaVedAI[82693:22ceb0] [com.apple.defaults:User Defaults] found no value for key SheetAG in CFPrefsSearchListSource<0x600002c1d880> (Domain: com.apple.UIKit, Container: (null) Non-launch persona: 0)
2026-01-28 17:05:04.512 Db NayaVedAI[82693:22ceb0] [com.apple.defaults:User Defaults] looked up value 0 for key ReduceMotionEnabled in CFPrefsPlistSource<0x600002c18080> (Domain: com.apple.Accessibility, User: kCFPreferencesCurrentUser, ByHost: No, Container: (null), Contents Need Refresh: No) via CFPrefsSearchListSource<0x600002c04b00> (Domain: com.apple.Accessibility, Container: (null) Non-launch persona: 0)
2026-01-28 17:05:04.512 Db NayaVedAI[82693:22ceb0] [com.apple.Accessibility:AXSupportCommon] CF Read: domain = com.apple.Accessibility, preference = ReduceMotionEnabled, appID = (null) result = 0 (-1 - empty, 0 - false, 1 - true)
2026-01-28 17:05:04.512 Db NayaVedAI[82693:22cf9e] [com.apple.network:connection] nw_socket_handle_socket_event [C3.1.1:2] Event mask: 0x800
2026-01-28 17:05:04.512 Df NayaVedAI[82693:22cf9e] [com.apple.network:connection] nw_socket_handle_socket_event [C3.1.1:2] Socket received CONNECTED event
2026-01-28 17:05:04.512 Db NayaVedAI[82693:22cf9e] [com.apple.network:connection] nw_socket_setup_notsent_lowat [C3.1.1:2] Set TCP_NOTSENT_LOWAT(16384)
2026-01-28 17:05:04.512 Df NayaVedAI[82693:22cf9e] [com.apple.network:connection] nw_flow_connected [C3.1.1 IPv6#e1ec98b9.8081 in_progress socket-flow (satisfied (Path is satisfied), interface: lo0)] Transport protocol connected (socket)
2026-01-28 17:05:04.512 Db NayaVedAI[82693:22cf9e] [com.apple.network:connection] nw_endpoint_resolver_receive_report [C3.1 Hostname#6a7e8f2c:8081 in_progress resolver (satisfied (Path is satisfied), interface: en0[802.11], uses wifi, LQM: unknown)] received child report: [C3.1.1 IPv6#e1ec98b9.8081 in_progress socket-flow (satisfied (Path is satisfied), interface: lo0)]
2026-01-28 17:05:04.512 Db NayaVedAI[82693:22cf9e] [com.apple.network:connection] nw_endpoint_flow_receive_report [C3 Hostname#6a7e8f2c:8081 in_progress parent-flow (satisfied (Path is satisfied), interface: en0[802.11], uses wifi, LQM: unknown)] received child report: [C3.1.1 IPv6#e1ec98b9.8081 in_progress socket-flow (satisfied (Path is satisfied), interface: lo0)]
2026-01-28 17:05:04.512 Df NayaVedAI[82693:22cf9e] [com.apple.network:connection] [C3.1.1 IPv6#e1ec98b9.8081 in_progress socket-flow (satisfied (Path is satisfied), interface: lo0)] event: flow:finish_transport @0.003s
2026-01-28 17:05:04.512 I  NayaVedAI[82693:22cf9e] [com.apple.network:connection] nw_endpoint_resolver_receive_report [C3.1 Hostname#6a7e8f2c:8081 in_progress resolver (satisfied (Path is satisfied), interface: en0[802.11], uses wifi, LQM: unknown)] pushing out endpoint race by 2000ms
2026-01-28 17:05:04.512 Df NayaVedAI[82693:22cf9e] [com.apple.network:connection] nw_flow_connected [C3.1.1 IPv6#e1ec98b9.8081 in_progress socket-flow (satisfied (Path is satisfied), interface: lo0)] Output protocol connected (CFNetworkConnection-1786606150)
2026-01-28 17:05:04.512 Db NayaVedAI[82693:22ceb0] [com.apple.defaults:User Defaults] found no value for key _UIConstraintBasedLayout in CFPrefsSearchListSource<0x600002c08300> (Domain: com.nayaved.app, Container: (null) Non-launch persona: 0)
2026-01-28 17:05:04.512 Db NayaVedAI[82693:22cf9e] [com.apple.network:connection] nw_endpoint_flow_connected_path_change [C3.1.1 IPv6#e1ec98b9.8081 ready socket-flow (satisfied (Path is satisfied), interface: lo0)]
2026-01-28 17:05:04.512 I  NayaVedAI[82693:22cf9e] [com.apple.network:connection] nw_endpoint_flow_connected_path_change [C3.1.1 IPv6#e1ec98b9.8081 ready socket-flow (satisfied (Path is satisfied), interface: lo0)] Connected path is satisfied, not viable
2026-01-28 17:05:04.512 Db NayaVedAI[82693:22cf9e] [com.apple.network:connection] nw_endpoint_resolver_receive_report [C3.1 Hostname#6a7e8f2c:8081 in_progress resolver (satisfied (Path is satisfied), interface: en0[802.11], uses wifi, LQM: unknown)] received child report: [C3.1.1 IPv6#e1ec98b9.8081 ready socket-flow (satisfied (Path is satisfied), interface: lo0)]
2026-01-28 17:05:04.512 Db NayaVedAI[82693:22cf9e] [com.apple.network:connection] nw_endpoint_flow_receive_report [C3 Hostname#6a7e8f2c:8081 in_progress parent-flow (satisfied (Path is satisfied), interface: en0[802.11], uses wifi, LQM: unknown)] received child report: [C3.1.1 IPv6#e1ec98b9.8081 ready socket-flow (satisfied (Path is satisfied), interface: lo0)]
2026-01-28 17:05:04.512 Df NayaVedAI[82693:22cf9e] [com.apple.network:connection] [C3.1.1 IPv6#e1ec98b9.8081 ready socket-flow (satisfied (Path is satisfied), interface: lo0)] event: flow:child_finish_connect @0.003s
2026-01-28 17:05:04.512 Db NayaVedAI[82693:22cf9e] [com.apple.network:connection] nw_endpoint_flow_receive_report [C3 IPv6#e1ec98b9.8081 in_progress parent-flow (satisfied (Path is satisfied), interface: en0[802.11], uses wifi, LQM: unknown)] connecting endpoint_flow to child's shared protocol
2026-01-28 17:05:04.512 Db NayaVedAI[82693:22cf9e] [com.apple.network:connection] nw_endpoint_flow_setup_protocols [C3 IPv6#e1ec98b9.8081 in_progress parent-flow (satisfied (Path is satisfied), interface: en0[802.11], uses wifi, LQM: unknown)] already set up
2026-01-28 17:05:04.513 Db NayaVedAI[82693:22cf9e] [com.apple.network:connection] nw_endpoint_flow_setup_protocols [C3 IPv6#e1ec98b9.8081 in_progress parent-flow (satisfied (Path is satisfied), interface: en0[802.11], uses wifi, LQM: unknown)] child flow connected, starting
2026-01-28 17:05:04.513 Db NayaVedAI[82693:22cf9e] [com.apple.network:connection] nw_endpoint_flow_setup_protocols [C3 IPv6#e1ec98b9.8081 in_progress parent-flow (satisfied (Path is satisfied), interface: en0[802.11], uses wifi, LQM: unknown)] already started
2026-01-28 17:05:04.513 Db NayaVedAI[82693:22cf9e] [com.apple.network:connection] nw_endpoint_flow_receive_report [C3 IPv6#e1ec98b9.8081 in_progress parent-flow (satisfied (Path is satisfied), interface: en0[802.11], uses wifi, LQM: unknown)] received child report: [C3.1 Hostname#6a7e8f2c:8081 ready resolver (satisfied (Path is satisfied), interface: en0[802.11], uses wifi, LQM: unknown)]
2026-01-28 17:05:04.513 Df NayaVedAI[82693:22cf9e] [com.apple.network:connection] [C3.1 Hostname#6a7e8f2c:8081 ready resolver (satisfied (Path is satisfied), interface: en0[802.11], uses wifi, LQM: unknown)] event: flow:child_finish_connect @0.004s
2026-01-28 17:05:04.513 I  NayaVedAI[82693:22cf9e] [com.apple.network:connection] nw_endpoint_handler_cancel [C3.1.2 IPv4#f12e2179:8081 initial path ((null))]
2026-01-28 17:05:04.513 Df NayaVedAI[82693:22cf9e] [com.apple.network:connection] nw_flow_connected [C3 IPv6#e1ec98b9.8081 in_progress parent-flow (satisfied (Path is satisfied), interface: en0[802.11], uses wifi, LQM: unknown)] Output protocol connected (endpoint_flow)
2026-01-28 17:05:04.513 Db NayaVedAI[82693:22cf9e] [com.apple.network:connection] nw_endpoint_flow_connected_path_change [C3 IPv6#e1ec98b9.8081 ready parent-flow (satisfied (Path is satisfied), interface: en0[802.11], uses wifi, LQM: unknown)]
2026-01-28 17:05:04.513 I  NayaVedAI[82693:22cf9e] [com.apple.network:connection] nw_endpoint_flow_connected_path_change [C3 IPv6#e1ec98b9.8081 ready parent-flow (satisfied (Path is satisfied), interface: en0[802.11], uses wifi, LQM: unknown)] Connected path is satisfied, child is not viable
2026-01-28 17:05:04.513 Df NayaVedAI[82693:22cf9e] [com.apple.network:connection] [C3 IPv6#e1ec98b9.8081 ready parent-flow (satisfied (Path is satisfied), interface: en0[802.11], uses wifi, LQM: unknown)] event: flow:finish_connect @0.004s
2026-01-28 17:05:04.513 Db NayaVedAI[82693:22cf9e] [com.apple.network:connection] nw_connection_run_pqtls_probe_locked_on_nw_queue [C3] No TLS metadata; not running PQ-TLS probe
2026-01-28 17:05:04.513 Db NayaVedAI[82693:22cf9e] [com.apple.network:connection] nw_connection_run_ech_probe_locked_on_nw_queue [C3] stack doesn't include TLS; not running ECH probe
2026-01-28 17:05:04.514 Db NayaVedAI[82693:22cf9e] [com.apple.network:connection] nw_connection_endpoint_report_on_nw_queue_block_invoke [C3] Connected fallback generation 0
2026-01-28 17:05:04.514 I  NayaVedAI[82693:22cf9e] [com.apple.network:connection] nw_connection_start_candidate_manager_if_needed_locked [C3] Checking whether to start candidate manager
2026-01-28 17:05:04.514 Db NayaVedAI[82693:22cf9e] [com.apple.network:connection] nw_connection_start_candidate_manager_if_needed_locked [C3] Connection does not support multipath, not starting candidate manager
2026-01-28 17:05:04.514 Df NayaVedAI[82693:22cf9e] [com.apple.network:connection] nw_connection_report_state_with_handler_on_nw_queue [C3] reporting state ready
2026-01-28 17:05:04.514 Df NayaVedAI[82693:22cf9e] [com.apple.CFNetwork:Default] Connection 3: connected successfully
2026-01-28 17:05:04.514 Df NayaVedAI[82693:22cf9e] [com.apple.CFNetwork:Default] Connection 3: ready C(N) E(N)
2026-01-28 17:05:04.514 Db NayaVedAI[82693:22cf9e] [com.apple.CFNetwork:Default] Task <C1C4F782-B22F-463E-A381-F9F171594DAB>.<1> done setting up Connection 3
2026-01-28 17:05:04.514 Db NayaVedAI[82693:22cf9e] [com.apple.network:activity] Returning should log: 0 for activity cfnetwork:foreground_task
2026-01-28 17:05:04.514 Df NayaVedAI[82693:22cf9e] [com.apple.CFNetwork:Default] Task <C1C4F782-B22F-463E-A381-F9F171594DAB>.<1> now using Connection 3
2026-01-28 17:05:04.514 Db NayaVedAI[82693:22ceb0] [com.apple.defaults:User Defaults] found no value for key LogUIPresentationController in CFPrefsSearchListSource<0x600002c1d880> (Domain: com.apple.UIKit, Container: (null) Non-launch persona: 0)
2026-01-28 17:05:04.514 Db NayaVedAI[82693:22cf9e] [com.apple.network:activity] Returning should log: 0 for activity cfnetwork:foreground_task
2026-01-28 17:05:04.514 I  NayaVedAI[82693:22ceb0] [com.apple.Accessibility:AXAppAccessibility] Presentation controller doesn't modalize: <_UIRootPresentationController: 0x10a406410>
2026-01-28 17:05:04.514 Df NayaVedAI[82693:22cf9e] [com.apple.CFNetwork:Default] Task <C1C4F782-B22F-463E-A381-F9F171594DAB>.<1> sent request, body N 0
2026-01-28 17:05:04.515 Db NayaVedAI[82693:22ceb0] [com.apple.defaults:User Defaults] found no value for key UseSingleSystemColor in CFPrefsSearchListSource<0x600002c04b00> (Domain: com.apple.Accessibility, Container: (null) Non-launch persona: 0)
2026-01-28 17:05:04.515 Db NayaVedAI[82693:22ceb0] [com.apple.Accessibility:AXSupportCommon] CF Read: domain = com.apple.Accessibility, preference = UseSingleSystemColor, appID = (null) result = (null) (-1 - empty, 0 - false, 1 - true)
2026-01-28 17:05:04.515 Db NayaVedAI[82693:22ceb0] [com.apple.defaults:User Defaults] found no value for key UseSingleSystemColor in CFPrefsPlistSource<0x600002c18300> (Domain: com.apple.Accessibility, User: kCFPreferencesCurrentUser, ByHost: No, Container: /Users/shivi.agarwal/Library/Developer/CoreSimulator/Devices/AC7E343F-585F-430E-B17D-BDD649803605/data, Contents Need Refresh: No)
2026-01-28 17:05:04.515 Db NayaVedAI[82693:22ceb0] [com.apple.defaults:User Defaults] found no value for key UIViewShowAlignmentRects in CFPrefsSearchListSource<0x600002c08300> (Domain: com.nayaved.app, Container: (null) Non-launch persona: 0)
2026-01-28 17:05:04.515 Db NayaVedAI[82693:22ceb0] [com.apple.defaults:User Defaults] found no value for key UIViewLocalizeOverrideLayoutEngine in CFPrefsSearchListSource<0x600002c08300> (Domain: com.nayaved.app, Container: (null) Non-launch persona: 0)
2026-01-28 17:05:04.520 Db NayaVedAI[82693:22ceb0] [com.apple.CFBundle:resources] Language lookup at CFBundle 0x600003b09420 </Library/Developer/CoreSimulator/Volumes/iOS_23C54/Library/Developer/CoreSimulator/Profiles/Runtimes/iOS 26.2.simruntime/Contents/Resources/RuntimeRoot/System/Library/PrivateFrameworks/UIKitCore.framework/BoundingPathData.bundle> (not loaded)
	Localizations : [en]
	Dev language  : en
	User prefs    : [en-CA]
	Main bundle   : [<null>]
	Allow mixed   : 1 
	Result        : [en]
2026-01-28 17:05:04.521 Db NayaVedAI[82693:22ceb0] [com.apple.CFBundle:resources] Resource lookup at CFBundle 0x600003b09420 </Library/Developer/CoreSimulator/Volumes/iOS_23C54/Library/Developer/CoreSimulator/Profiles/Runtimes/iOS 26.2.simruntime/Contents/Resources/RuntimeRoot/System/Library/PrivateFrameworks/UIKitCore.framework/BoundingPathData.bundle> (not loaded)
	Request       : Assets type: car
	Result        : file:///Library/Developer/CoreSimulator/Volumes/iOS_23C54/Library/Developer/CoreSimulator/Profiles/Runtimes/iOS%2026.2.simruntime/Contents/Resources/RuntimeRoot/System/Library/PrivateFrameworks/UIKitCore.framework/BoundingPathData.bundle/Assets.car
2026-01-28 17:05:04.521 Db NayaVedAI[82693:22ceb0] [com.apple.defaults:User Defaults] found no value for key CUIShowDebugLogs in CFPrefsSearchListSource<0x600002c08300> (Domain: com.nayaved.app, Container: (null) Non-launch persona: 0)
2026-01-28 17:05:04.526 Db NayaVedAI[82693:22ceb0] [com.apple.defaults:User Defaults] found no value for key UIViewControllerDetachedInheritsContentOverlayInsetsFromSuperview in CFPrefsSearchListSource<0x600002c08300> (Domain: com.nayaved.app, Container: (null) Non-launch persona: 0)
2026-01-28 17:05:04.526 Db NayaVedAI[82693:22ceb0] [com.apple.defaults:User Defaults] found no value for key ModernContentOverlayInsetsPropagation in CFPrefsSearchListSource<0x600002c08300> (Domain: com.nayaved.app, Container: (null) Non-launch persona: 0)
2026-01-28 17:05:04.527 Db NayaVedAI[82693:22ceb0] [com.apple.defaults:User Defaults] found no value for key LogOrientation in CFPrefsSearchListSource<0x600002c1d880> (Domain: com.apple.UIKit, Container: (null) Non-launch persona: 0)
2026-01-28 17:05:04.527 Df NayaVedAI[82693:22ceb0] [com.apple.UIKit:Orientation] <UIWindowScene: 0x108e11f40> (AF758778-0A3E-4F97-8920-F9E27F176868) Scene updated orientation preferences: none -> ( Pu )
2026-01-28 17:05:04.530 Df NayaVedAI[82693:22ceb0] [com.apple.UIKit:KeyWindow] Key window API is scene-level: YES
2026-01-28 17:05:04.530 Df NayaVedAI[82693:22ceb0] [com.apple.UIKit:KeyWindow] UIWindowScene: 0x108e11f40: Window became key in scene: UIWindow: 0x108e14440; contextId: 0x3989750C: reason: UIWindowScene: 0x108e11f40: Window requested to become key in scene: 0x108e14440
2026-01-28 17:05:04.530 Df NayaVedAI[82693:22ceb0] [com.apple.UIKit:KeyWindow] Key window needs update: 1; currentKeyWindowScene: 0x0; evaluatedKeyWindowScene: 0x108e11f40; currentApplicationKeyWindow: 0x0; evaluatedApplicationKeyWindow: 0x108e14440; reason: UIWindowScene: 0x108e11f40: Window requested to become key in scene: 0x108e14440
2026-01-28 17:05:04.530 Df NayaVedAI[82693:22ceb0] [com.apple.UIKit:KeyWindow] Window did become application key: UIWindow: 0x108e14440; contextId: 0x3989750C; scene identity: com.apple.frontboard.systemappservices/FBSceneManager:sceneID%3Acom.nayaved.app-default
2026-01-28 17:05:04.530 Df NayaVedAI[82693:22ceb0] [com.apple.UIKit:EventDeferring] [0x600002919dc0] Begin local event deferring requested for token: 0x600002604fc0; environments: 1; reason: UIWindowScene: 0x108e11f40: Begin event deferring in keyboardFocus for window: 0x108e14440
2026-01-28 17:05:04.531 Db NayaVedAI[82693:22ceb0] [com.apple.BackBoard:EventDelivery] aborting flush, not connected to server
2026-01-28 17:05:04.531 Df NayaVedAI[82693:22cf9c] [com.apple.BackBoard:EventDelivery] BKSHIDEventDeliveryManager - connection activation
2026-01-28 17:05:04.531 Db NayaVedAI[82693:22ceb0] [com.apple.defaults:User Defaults] found no value for key LogKeyboardFocus in CFPrefsSearchListSource<0x600002c1d880> (Domain: com.apple.UIKit, Container: (null) Non-launch persona: 0)
2026-01-28 17:05:04.531 Db NayaVedAI[82693:22cf9c] [com.apple.BackBoard:EventDelivery] flushing changes: {
    contentsMask: 0x2; deferringRules: [[82693-1]];
}
2026-01-28 17:05:04.532 I  NayaVedAI[82693:22ceb0] [com.apple.coreaudio:as_client]     AVAudioSession_iOS.mm:253   Registering to CFNotificationCenter to notify of Observers of MicrophoneInjectionCapabilityChangeNotification
2026-01-28 17:05:04.532 Db NayaVedAI[82693:22ceb0] [com.apple.defaults:User Defaults] found no value for key detoxURLOverride in CFPrefsSearchListSource<0x600002c08300> (Domain: com.nayaved.app, Container: (null) Non-launch persona: 0)
2026-01-28 17:05:04.532 Db NayaVedAI[82693:22ceb0] [com.apple.BackgroundTasks:Framework] Application finished launching
2026-01-28 17:05:04.532 Df NayaVedAI[82693:22cf9e] [com.apple.BackBoard:EventDelivery] policyStatus:<BKSHIDEventDeliveryPolicyObserver: 0x60000261c1e0; token: com.apple.frontboard.systemappservices/FBSceneManager:sceneID%3Acom.nayaved.app-default; status: ancestor> was:target
2026-01-28 17:05:04.532 Db NayaVedAI[82693:22cf9e] [com.apple.BackBoard:EventDelivery] observerPolicyDidChange: 0x60000261c1e0 -> <_UIKeyWindowSceneObserver: 0x600000c1e940>
2026-01-28 17:05:04.532 Df NayaVedAI[82693:22ceb0] [com.apple.UIKit:Application] Deactivation reason removed: 10; deactivation reasons: 3104 -> 2080; animating application lifecycle event: 1
2026-01-28 17:05:04.532 Db NayaVedAI[82693:22ceb0] [com.apple.UIKit:UIDevice.orientation] Setting device orientation to 1 and sending notification.
2026-01-28 17:05:04.532 Db NayaVedAI[82693:22ceb0] [com.apple.UIKit:UIDevice.orientation] Setting device orientation to 0 and sending notification.
2026-01-28 17:05:04.532 Df NayaVedAI[82693:22ceb0] [com.apple.UIKit:Application] Deactivation reason added: 12; deactivation reasons: 2080 -> 6176; animating application lifecycle event: 1
2026-01-28 17:05:04.532 Df NayaVedAI[82693:22ceb0] [com.apple.UIKit:Application] Deactivation reason removed: 11; deactivation reasons: 6176 -> 4128; animating application lifecycle event: 1
2026-01-28 17:05:04.533 Df NayaVedAI[82693:22ceb0] [com.apple.FrontBoard:SceneExtension] Realizing settings extension <_UISceneIntelligenceSupportSettings> on FBSSceneSettings
2026-01-28 17:05:04.533 Db NayaVedAI[82693:22ceb0] [com.apple.FrontBoard:SceneExtension] registering method "collectAsRemoteElement" from extension <_UISceneIntelligenceSupportSettings> on class "FBSSceneSettings"
2026-01-28 17:05:04.533 Db NayaVedAI[82693:22ceb0] [com.apple.FrontBoard:SceneExtension] registering method "setCollectAsRemoteElement:" from extension <_UISceneIntelligenceSupportSettings> on class "FBSSceneSettings"
2026-01-28 17:05:04.533 Df NayaVedAI[82693:22cf9c] [com.apple.UIIntelligenceSupport:xpc] establishing connection to agent
2026-01-28 17:05:04.533 Db NayaVedAI[82693:22ceb0] [com.apple.BacklightServices:scenes] 0x600000c43cc0 environment updated:sceneID:com.nayaved.app-default
  delta:{ visualState:0 date:0 active:0 seed:0 }
  diff:(null)
  new:(null) (null)
  old:(null) (null)
  new:(null)
2026-01-28 17:05:04.533 Df NayaVedAI[82693:22cf9c] [com.apple.xpc:session] [0x6000021376b0] Session created.
2026-01-28 17:05:04.533 Df NayaVedAI[82693:22cf9c] [com.apple.xpc:session] [0x6000021376b0] Session created from connection [0x108f0e090]
2026-01-28 17:05:04.533 Df NayaVedAI[82693:22cf9c] [com.apple.xpc:connection] [0x108f0e090] activating connection: mach=true listener=false peer=false name=com.apple.uiintelligencesupport.agent
2026-01-28 17:05:04.533 Df NayaVedAI[82693:22cf9c] [com.apple.xpc:session] [0x6000021376b0] Session activated
2026-01-28 17:05:04.533 Db NayaVedAI[82693:22ceb0] [com.apple.BacklightServices:scenes] BLSBacklightFBSSceneEnvironment (BacklightUIServices) _settingsDiffActionsForScene
2026-01-28 17:05:04.533 Db NayaVedAI[82693:22ceb0] [com.apple.BacklightServices:scenes] create BLSBacklightUISceneEnvironmentDiffAction:<_UIBacklightUISceneEnvironmentDiffAction: 0x60000000d240>
2026-01-28 17:05:04.533 Db NayaVedAI[82693:22ceb0] [com.apple.BacklightServices:scenes] BLSBacklightFBSSceneEnvironment (BacklightUIServices) _actionRespondersForScene
2026-01-28 17:05:04.534 Db NayaVedAI[82693:22ceb0] [com.apple.BacklightServices:scenes] create BLSBacklightUISceneEnvironmentActionHandler:<_UIBacklightUISceneEnvironmentActionHandler: 0x60000000d280>
2026-01-28 17:05:04.534 Df NayaVedAI[82693:22ceb0] [com.apple.UIKit:InterfaceStyle] Not push traits update to screen for new style 1, <UIWindowScene: 0x108e11f40> (AF758778-0A3E-4F97-8920-F9E27F176868)
2026-01-28 17:05:04.535 Db NayaVedAI[82693:22ceb0] [com.apple.defaults:User Defaults] found no value for key CAEnableDeepFramebuffer in CFPrefsSearchListSource<0x600002c08300> (Domain: com.nayaved.app, Container: (null) Non-launch persona: 0)
2026-01-28 17:05:04.535 Db NayaVedAI[82693:22cf9e] [com.apple.BaseBoard:Common] [BSBlockSentinel:FBSWorkspaceScenesClient] signaled! 1 of 1
2026-01-28 17:05:04.535 Db NayaVedAI[82693:22cf9e] [com.apple.BaseBoard:Common] [BSBlockSentinel:FBSWorkspaceScenesClient] dealloc
2026-01-28 17:05:04.537 Db NayaVedAI[82693:22ceb0] [com.apple.launchservices:db] LS DB needs to be mapped into process 82693 for session LSSessionKey(system: 0 uid: 501) (existing DB @ 0x0).
2026-01-28 17:05:04.537 Db NayaVedAI[82693:22cf9e] [com.apple.runningboard:message] PERF: [app<com.nayaved.app((null))>:82693] Received message from runningboardd: async_didChangeInheritances:completion:
2026-01-28 17:05:04.537 A  NayaVedAI[82693:22cf9e] (RunningBoardServices) didChangeInheritances
2026-01-28 17:05:04.537 Df NayaVedAI[82693:22ceb0] [com.apple.xpc:connection] [0x108c10c90] activating connection: mach=true listener=false peer=false name=com.apple.lsd.mapdb
2026-01-28 17:05:04.537 Db NayaVedAI[82693:22cf9e] [com.apple.runningboard:connection] didChangeInheritances: <RBSInheritanceChangeSet| gained:{(
    <RBSInheritance| environment:UIScene:com.apple.frontboard.systemappservices/FBSceneManager:sceneID%3Acom.nayaved.app-default name:com.apple.frontboard.visibility origID:63426-63423-1350 payload 18348668041502042917>
)} lost:(null)>
2026-01-28 17:05:04.538 Db NayaVedAI[82693:22ceb0] [com.apple.coreservicesstore:default] Creating CSStore from XPC coder with length 7962624
2026-01-28 17:05:04.538 Db NayaVedAI[82693:22ceb0] [com.apple.coreservicesstore:default] Checked CSStore data with lengths 7962624/7913512/7948596
2026-01-28 17:05:04.538 I  NayaVedAI[82693:22ceb0] [com.apple.launchservices:db] LaunchServices database schema version: 20971542
2026-01-28 17:05:04.538 Db NayaVedAI[82693:22ceb0] [com.apple.launchservices:db] Loaded LS database with sequence number 700
2026-01-28 17:05:04.538 Db NayaVedAI[82693:22ceb0] [com.apple.launchservices:db] Client database updated - seq#: 700
2026-01-28 17:05:04.538 I  NayaVedAI[82693:22ceb0] [com.apple.launchservices:datasep] application record search init. Node: <FSNode 0x600000239580> { isDir = y, path = '/Users/shivi.agarwal/Library/Developer/CoreSimulator/Devices/AC7E343F-585F-430E-B17D-BDD649803605/data/Containers/Bundle/Application/7B6ADE3E-3E0A-46DC-87C4-9AADFEC62F3A/NayaVedAI.app' } bundleID: (null) itemID: 0
2026-01-28 17:05:04.538 Db NayaVedAI[82693:22ceb0] [com.apple.launchservices:binding] BindingEvaluator::CreateWithBundleInfo(ID=(null), name=NayaVedAI.app, CC=????, vers=(null))
2026-01-28 17:05:04.538 Db NayaVedAI[82693:22ceb0] [com.apple.launchservices:binding] Skipping strong binding binding due to options
2026-01-28 17:05:04.538 Db NayaVedAI[82693:22ceb0] [com.apple.launchservices:binding] Truncating a list of bindings to max 1 known-good ones.
2026-01-28 17:05:04.538 Db NayaVedAI[82693:22ceb0] [com.apple.launchservices:binding] Truncating a list of bindings to max 1 known-good ones.
2026-01-28 17:05:04.538 Db NayaVedAI[82693:22ceb0] [com.apple.CFBundle:resources] Language lookup at CFBundle 0x600003b14000 </Library/Developer/CoreSimulator/Volumes/iOS_23C54/Library/Developer/CoreSimulator/Profiles/Runtimes/iOS 26.2.simruntime/Contents/Resources/RuntimeRoot/System/Library/PrivateFrameworks/UIKitCore.framework> (not loaded)
	Localizations : [de, ur, he, en_AU, ar, el, ja, mr, en, uk, es_419, gu, zh_CN, kn, pa, es, sl, or, da, it, bg, sk, kk, pt_PT, ms, ta, ml, sv, te, cs, ko, no, hu, zh_HK, tr, pl, zh_TW, en_GB, vi, lt, ru, fr_CA, fr, fi, id, nl, th, pt, bn, ro, hr, hi, ca]
	Dev language  : en
	User prefs    : [en-CA]
	Main bundle   : [<null>]
	Allow mixed   : 1 
	Result        : [en]
2026-01-28 17:05:04.539 Db NayaVedAI[82693:22ceb0] [com.apple.CFBundle:resources] Resource lookup at CFBundle 0x600003b14000 </Library/Developer/CoreSimulator/Volumes/iOS_23C54/Library/Developer/CoreSimulator/Profiles/Runtimes/iOS 26.2.simruntime/Contents/Resources/RuntimeRoot/System/Library/PrivateFrameworks/UIKitCore.framework> (not loaded)
	Request       : Localizable type: loctable
	Result        : None
2026-01-28 17:05:04.539 Db NayaVedAI[82693:22ceb0] [com.apple.CFBundle:resources] Resource lookup at CFBundle 0x600003b14000 </Library/Developer/CoreSimulator/Volumes/iOS_23C54/Library/Developer/CoreSimulator/Profiles/Runtimes/iOS 26.2.simruntime/Contents/Resources/RuntimeRoot/System/Library/PrivateFrameworks/UIKitCore.framework> (not loaded)
	Request       : Localizable type: strings
	Result        : file:///Library/Developer/CoreSimulator/Volumes/iOS_23C54/Library/Developer/CoreSimulator/Profiles/Runtimes/iOS%2026.2.simruntime/Contents/Resources/RuntimeRoot/System/Library/PrivateFrameworks/UIKitCore.framework/en.lproj/Localizable.strings
