2026-01-28 16:14:24.513 Db NayaVedAI[63826:20fb62] [com.apple.network:connection] -[NWConcrete_nw_endpoint_resolver startWithHandler:] [C140.1 Hostname#b33e072a:8081 waiting resolver (satisfied (Path is satisfied), interface: en0[802.11], uses wifi, LQM: unknown)]
2026-01-28 16:14:24.513 Db NayaVedAI[63826:20fb62] [com.apple.network:connection] nw_endpoint_flow_receive_report [C140 Hostname#b33e072a:8081 in_progress parent-flow (satisfied (Path is satisfied), interface: en0[802.11], uses wifi, LQM: unknown)] received child report: [C140.1 Hostname#b33e072a:8081 in_progress resolver (satisfied (Path is satisfied), interface: en0[802.11], uses wifi, LQM: unknown)]
2026-01-28 16:14:24.513 Df NayaVedAI[63826:20fb62] [com.apple.network:connection] [C140.1 Hostname#b33e072a:8081 in_progress resolver (satisfied (Path is satisfied), interface: en0[802.11], uses wifi, LQM: unknown)] event: resolver:start_dns @0.002s
2026-01-28 16:14:24.513 Db NayaVedAI[63826:20fb62] [com.apple.networkextension:] ne_tracker_check_is_hostname_blocked() proceeding with the in_the_app check for hostname: localhost
2026-01-28 16:14:24.513 Db NayaVedAI[63826:20fb62] [com.apple.CFBundle:resources] Resource lookup at CFBundle 0x600003b10000 </Users/shivi.agarwal/Library/Developer/CoreSimulator/Devices/AC7E343F-585F-430E-B17D-BDD649803605/data/Containers/Bundle/Application/526E8406-59B6-4C05-9D18-38A7EF2F46C7/NayaVedAI.app> (executable, loaded)
	Request       : InfoPlist type: strings
	Result        : None
2026-01-28 16:14:24.513 Db NayaVedAI[63826:20fb62] [com.apple.CFBundle:resources] Resource lookup at CFBundle 0x600003b10000 </Users/shivi.agarwal/Library/Developer/CoreSimulator/Devices/AC7E343F-585F-430E-B17D-BDD649803605/data/Containers/Bundle/Application/526E8406-59B6-4C05-9D18-38A7EF2F46C7/NayaVedAI.app> (executable, loaded)
	Request       : InfoPlist type: stringsdict
	Result        : None
2026-01-28 16:14:24.513 Db NayaVedAI[63826:20fb62] [com.apple.networkextension:] ne_tracker_check_is_hostname_blocked(): hostname localhost is not a tracker. Returning: ne_tracker_status_none
2026-01-28 16:14:24.516 I  NayaVedAI[63826:20fb62] [com.apple.network:connection] nw_resolver_create_dns_service_locked [C140.1] Starting host resolution Hostname#b33e072a:8081, flags 0xc000d000 proto 0
2026-01-28 16:14:24.517 Df NayaVedAI[63826:20fb62] [com.apple.CFNetwork:Default] Task <C051171B-2231-48EE-81AE-331DAA253281>.<1> setting up Connection 140
2026-01-28 16:14:24.517 Db NayaVedAI[63826:20fb62] [com.apple.network:activity] Returning should log: 0 for activity cfnetwork:foreground_task
2026-01-28 16:14:24.517 I  NayaVedAI[63826:20fb62] [com.apple.network:connection] nw_resolver_host_resolve_callback [C140.1] flags=0x40000003 ifindex=4294967295 error=NoError(0) hostname=localhost. addr=IPv6#42e9e5e9 ttl=1
2026-01-28 16:14:24.517 I  NayaVedAI[63826:20fb62] [com.apple.network:connection] nw_resolver_host_resolve_callback [C140.1] flags=0x40000002 ifindex=4294967295 error=NoError(0) hostname=localhost. addr=IPv4#075c8fe9 ttl=1
2026-01-28 16:14:24.517 Db NayaVedAI[63826:20fb62] [com.apple.network:] sa_dst_compare_rfc6724 Rule 6, prefer d2, d2 precedence 50 > d1 precedence 35
2026-01-28 16:14:24.517 Db NayaVedAI[63826:20fb62] [com.apple.network:] sa_dst_compare_internal <private>@0 < <private>@0
2026-01-28 16:14:24.517 Db NayaVedAI[63826:20fb62] [com.apple.network:connection] nw_endpoint_resolver_update [C140.1 Hostname#b33e072a:8081 in_progress resolver (satisfied (Path is satisfied), interface: en0[802.11], uses wifi, LQM: unknown)] resolver is complete
2026-01-28 16:14:24.517 Df NayaVedAI[63826:20fb62] [com.apple.network:connection] nw_endpoint_resolver_update [C140.1 Hostname#b33e072a:8081 in_progress resolver (satisfied (Path is satisfied), interface: en0[802.11], uses wifi, LQM: unknown)] Adding endpoint handler for IPv6#9530c712.8081
2026-01-28 16:14:24.517 Df NayaVedAI[63826:20fb62] [com.apple.network:connection] nw_endpoint_resolver_update [C140.1 Hostname#b33e072a:8081 in_progress resolver (satisfied (Path is satisfied), interface: en0[802.11], uses wifi, LQM: unknown)] Adding endpoint handler for IPv4#eafe643d:8081
2026-01-28 16:14:24.517 Db NayaVedAI[63826:20fb62] [com.apple.network:connection] nw_endpoint_resolver_update [C140.1 Hostname#b33e072a:8081 in_progress resolver (satisfied (Path is satisfied), interface: en0[802.11], uses wifi, LQM: unknown)] Updated endpoint list is (IPv6#9530c712.8081,IPv4#eafe643d:8081)
2026-01-28 16:14:24.517 Db NayaVedAI[63826:20fb62] [com.apple.network:connection] nw_endpoint_flow_receive_report [C140 Hostname#b33e072a:8081 in_progress parent-flow (satisfied (Path is satisfied), interface: en0[802.11], uses wifi, LQM: unknown)] received child report: [C140.1 Hostname#b33e072a:8081 in_progress resolver (satisfied (Path is satisfied), interface: en0[802.11], uses wifi, LQM: unknown)]
2026-01-28 16:14:24.517 Df NayaVedAI[63826:20fb62] [com.apple.network:connection] [C140.1 Hostname#b33e072a:8081 in_progress resolver (satisfied (Path is satisfied), interface: en0[802.11], uses wifi, LQM: unknown)] event: resolver:receive_dns @0.006s
2026-01-28 16:14:24.517 I  NayaVedAI[63826:20fb62] [com.apple.network:connection] nw_endpoint_resolver_start_next_child [C140.1 Hostname#b33e072a:8081 in_progress resolver (satisfied (Path is satisfied), interface: en0[802.11], uses wifi, LQM: unknown)] starting child endpoint IPv6#9530c712.8081
2026-01-28 16:14:24.517 I  NayaVedAI[63826:20fb62] [com.apple.network:connection] nw_endpoint_handler_start [C140.1.1 IPv6#9530c712.8081 initial path ((null))]
2026-01-28 16:14:24.517 Db NayaVedAI[63826:20fb62] [com.apple.network:connection] nw_endpoint_resolver_receive_report [C140.1 Hostname#b33e072a:8081 in_progress resolver (satisfied (Path is satisfied), interface: en0[802.11], uses wifi, LQM: unknown)] received child report: [C140.1.1 IPv6#9530c712.8081 initial path ((null))]
2026-01-28 16:14:24.517 Db NayaVedAI[63826:20fb62] [com.apple.network:connection] nw_endpoint_flow_receive_report [C140 Hostname#b33e072a:8081 in_progress parent-flow (satisfied (Path is satisfied), interface: en0[802.11], uses wifi, LQM: unknown)] received child report: [C140.1.1 IPv6#9530c712.8081 initial path ((null))]
2026-01-28 16:14:24.517 Df NayaVedAI[63826:20fb62] [com.apple.network:connection] [C140.1.1 IPv6#9530c712.8081 initial path ((null))] event: path:start @0.006s
2026-01-28 16:14:24.517 Db NayaVedAI[63826:20fb62] [com.apple.network:connection] nw_endpoint_handler_path_change [C140.1.1 IPv6#9530c712.8081 waiting path (satisfied (Path is satisfied), interface: lo0)]
2026-01-28 16:14:24.517 Db NayaVedAI[63826:20fb62] [com.apple.network:connection] nw_endpoint_resolver_receive_report [C140.1 Hostname#b33e072a:8081 in_progress resolver (satisfied (Path is satisfied), interface: en0[802.11], uses wifi, LQM: unknown)] received child report: [C140.1.1 IPv6#9530c712.8081 waiting path (satisfied (Path is satisfied), interface: lo0)]
2026-01-28 16:14:24.517 Db NayaVedAI[63826:20fb62] [com.apple.network:connection] nw_endpoint_flow_receive_report [C140 Hostname#b33e072a:8081 in_progress parent-flow (satisfied (Path is satisfied), interface: en0[802.11], uses wifi, LQM: unknown)] received child report: [C140.1.1 IPv6#9530c712.8081 waiting path (satisfied (Path is satisfied), interface: lo0)]
2026-01-28 16:14:24.517 Df NayaVedAI[63826:20fb62] [com.apple.network:connection] [C140.1.1 IPv6#9530c712.8081 waiting path (satisfied (Path is satisfied), interface: lo0)] event: path:satisfied @0.006s, uuid: 044F3C1A-7CB7-4881-B19C-8E2FF00D2D0C
2026-01-28 16:14:24.517 Db NayaVedAI[63826:20fb62] [com.apple.network:] nw_endpoint_proxy_handler_should_use_proxy Looking up proxy for hostname: <nil>, ifindex: 0
2026-01-28 16:14:24.517 Db NayaVedAI[63826:20fb62] [com.apple.SystemConfiguration:SCPreferences] create <SCPreferences 0x108c9cdf0 [0x1e578fa80]> {name = SCDynamicStoreCopyProxiesWithOptions, id = /Library/Managed Preferences/mobile/com.apple.SystemConfiguration.plist, path = /Library/Managed Preferences/mobile/com.apple.SystemConfiguration.plist}
2026-01-28 16:14:24.517 Db NayaVedAI[63826:20fb62] [com.apple.SystemConfiguration:SCPreferences] SCPreferences() access: /Library/Managed Preferences/mobile/com.apple.SystemConfiguration.plist, size=0
2026-01-28 16:14:24.517 Db NayaVedAI[63826:20fb62] [com.apple.SystemConfiguration:SCPreferences] release <SCPreferences 0x108c9cdf0 [0x1e578fa80]> {name = SCDynamicStoreCopyProxiesWithOptions, id = /Library/Managed Preferences/mobile/com.apple.SystemConfiguration.plist, path = /Library/Managed Preferences/mobile/com.apple.SystemConfiguration.plist, accessed}
2026-01-28 16:14:24.517 Df NayaVedAI[63826:20fb26] [com.apple.CFNetwork:Default] Task <0A0DE896-890C-4DC3-9756-5F24EE819D67>.<2> resuming, timeouts(0.0, 604800.0) qos(0x19) voucher((null)) activity(00000000-0000-0000-0000-000000000000)
2026-01-28 16:14:24.518 Db NayaVedAI[63826:20fb26] [com.apple.network:activity] Returning should log: 0 for activity cfnetwork:foreground_task
2026-01-28 16:14:24.518 Db NayaVedAI[63826:20fb26] [com.apple.network:activity] Domain cfnetwork rate configured in registry as 1 / 20000
2026-01-28 16:14:24.518 Db NayaVedAI[63826:20fb26] [com.apple.network:activity] Domain cfnetwork rate configured after remote default override as 1 / 20000
2026-01-28 16:14:24.518 Db NayaVedAI[63826:20fb26] [com.apple.network:activity] After reading settings plist, domain cfnetwork rate configured as 1 / 2000000
2026-01-28 16:14:24.518 I  NayaVedAI[63826:20fb62] [com.apple.network:connection] nw_association_create_flow <nw_association IPv6#9530c712.8081> Added association flow ID DCE8416F-2AAE-42CA-9982-6A5810B87B5A
2026-01-28 16:14:24.518 Db NayaVedAI[63826:20fb26] [com.apple.network:activity] After settings override, domain cfnetwork rate configured as 1 / 2000000
2026-01-28 16:14:24.518 Db NayaVedAI[63826:20fb26] [com.apple.network:activity] Final domain cfnetwork rate configured as 1 / 2000000
2026-01-28 16:14:24.518 Db NayaVedAI[63826:20fb26] [com.apple.network:activity] <nw_activity 12:2 [No UUID] (reporting strategy default)> sampled at 1 / 2000000
2026-01-28 16:14:24.518 Db NayaVedAI[63826:20fb26] [com.apple.network:activity] Returning should log: 0 for activity cfnetwork:foreground_task
2026-01-28 16:14:24.518 Db NayaVedAI[63826:20fb26] [com.apple.network:activity] Returning should log: 0 for activity cfnetwork:foreground_task
2026-01-28 16:14:24.518 I  NayaVedAI[63826:20fb62] [com.apple.network:connection] nw_endpoint_flow_setup_protocols [C140.1.1 IPv6#9530c712.8081 in_progress socket-flow (satisfied (Path is satisfied), interface: lo0)] setup flow id DCE8416F-2AAE-42CA-9982-6A5810B87B5A
2026-01-28 16:14:24.518 Db NayaVedAI[63826:20fb26] [com.apple.CFNetwork:Default] [Telemetry]: Activity <nw_activity 12:2 [EFF9B3BB-6A8F-42CF-A66A-A43095A365F2] (reporting strategy default)> on Task <0A0DE896-890C-4DC3-9756-5F24EE819D67>.<2> was not selected for reporting
2026-01-28 16:14:24.518 Db NayaVedAI[63826:20fb62] [com.apple.network:connection] nw_endpoint_flow_attach_protocols [C140.1.1 IPv6#9530c712.8081 in_progress socket-flow (satisfied (Path is satisfied), interface: lo0)]
2026-01-28 16:14:24.518 Db NayaVedAI[63826:20fb62] [com.apple.network:connection] nw_endpoint_flow_attach_protocols_block_invoke [C140.1.1 IPv6#9530c712.8081 in_progress socket-flow (satisfied (Path is satisfied), interface: lo0)] Attached application protocol: CFNetworkConnection-1110212295
2026-01-28 16:14:24.518 Db NayaVedAI[63826:20fb62] [com.apple.network:] nw_fd_wrapper_create Created <fd_wrapper 24, guarded: false>
2026-01-28 16:14:24.518 Db NayaVedAI[63826:20fb62] [com.apple.network:connection] nw_endpoint_flow_attach_protocols [C140.1.1 IPv6#9530c712.8081 in_progress socket-flow (satisfied (Path is satisfied), interface: lo0)] Attached socket protocol
2026-01-28 16:14:24.518 Db NayaVedAI[63826:20fb62] [com.apple.network:connection] nw_endpoint_flow_setup_protocols [C140.1.1 IPv6#9530c712.8081 in_progress socket-flow (satisfied (Path is satisfied), interface: lo0)] leaf flow starting
2026-01-28 16:14:24.518 Db NayaVedAI[63826:20fb62] [com.apple.network:connection] nw_endpoint_resolver_receive_report [C140.1 Hostname#b33e072a:8081 in_progress resolver (satisfied (Path is satisfied), interface: en0[802.11], uses wifi, LQM: unknown)] received child report: [C140.1.1 IPv6#9530c712.8081 in_progress socket-flow (satisfied (Path is satisfied), interface: lo0)]
2026-01-28 16:14:24.518 Db NayaVedAI[63826:20fb62] [com.apple.network:connection] nw_endpoint_flow_receive_report [C140 Hostname#b33e072a:8081 in_progress parent-flow (satisfied (Path is satisfied), interface: en0[802.11], uses wifi, LQM: unknown)] received child report: [C140.1.1 IPv6#9530c712.8081 in_progress socket-flow (satisfied (Path is satisfied), interface: lo0)]
2026-01-28 16:14:24.518 Df NayaVedAI[63826:20fb62] [com.apple.network:connection] [C140.1.1 IPv6#9530c712.8081 in_progress socket-flow (satisfied (Path is satisfied), interface: lo0)] event: flow:start_connect @0.007s
2026-01-28 16:14:24.518 I  NayaVedAI[63826:20fb62] [com.apple.network:connection] nw_endpoint_resolver_start_next_child [C140.1 Hostname#b33e072a:8081 in_progress resolver (satisfied (Path is satisfied), interface: en0[802.11], uses wifi, LQM: unknown)] starting next child endpoint in 100ms
2026-01-28 16:14:24.518 Db NayaVedAI[63826:20fb62] [com.apple.CFNetwork:ATS] Uploading ATS exception ATSAllowsLocalNetworking
2026-01-28 16:14:24.518 A  NayaVedAI[63826:21027f] (Security) SecTrustReportNetworkingAnalytics
2026-01-28 16:14:24.519 Db NayaVedAI[63826:20fb62] [com.apple.network:connection] nw_socket_handle_socket_event [C140.1.1:2] Event mask: 0x800
2026-01-28 16:14:24.519 Df NayaVedAI[63826:20fb62] [com.apple.network:connection] nw_socket_handle_socket_event [C140.1.1:2] Socket received CONNECTED event
2026-01-28 16:14:24.519 Db NayaVedAI[63826:20fb62] [com.apple.network:connection] nw_socket_setup_notsent_lowat [C140.1.1:2] Set TCP_NOTSENT_LOWAT(16384)
2026-01-28 16:14:24.519 Df NayaVedAI[63826:20fb62] [com.apple.network:connection] nw_flow_connected [C140.1.1 IPv6#9530c712.8081 in_progress socket-flow (satisfied (Path is satisfied), interface: lo0)] Transport protocol connected (socket)
2026-01-28 16:14:24.519 Df NayaVedAI[63826:21027f] [com.apple.securityd:SecError] SecTrustReportNetworkingAnalytics failed with error: -4
2026-01-28 16:14:24.519 Db NayaVedAI[63826:20fb62] [com.apple.network:connection] nw_endpoint_resolver_receive_report [C140.1 Hostname#b33e072a:8081 in_progress resolver (satisfied (Path is satisfied), interface: en0[802.11], uses wifi, LQM: unknown)] received child report: [C140.1.1 IPv6#9530c712.8081 in_progress socket-flow (satisfied (Path is satisfied), interface: lo0)]
2026-01-28 16:14:24.519 Db NayaVedAI[63826:20fb62] [com.apple.network:connection] nw_endpoint_flow_receive_report [C140 Hostname#b33e072a:8081 in_progress parent-flow (satisfied (Path is satisfied), interface: en0[802.11], uses wifi, LQM: unknown)] received child report: [C140.1.1 IPv6#9530c712.8081 in_progress socket-flow (satisfied (Path is satisfied), interface: lo0)]
2026-01-28 16:14:24.519 Df NayaVedAI[63826:20fb62] [com.apple.network:connection] [C140.1.1 IPv6#9530c712.8081 in_progress socket-flow (satisfied (Path is satisfied), interface: lo0)] event: flow:finish_transport @0.008s
2026-01-28 16:14:24.519 I  NayaVedAI[63826:20fb62] [com.apple.network:connection] nw_endpoint_resolver_receive_report [C140.1 Hostname#b33e072a:8081 in_progress resolver (satisfied (Path is satisfied), interface: en0[802.11], uses wifi, LQM: unknown)] pushing out endpoint race by 2000ms
2026-01-28 16:14:24.519 Df NayaVedAI[63826:20fb62] [com.apple.network:connection] nw_flow_connected [C140.1.1 IPv6#9530c712.8081 in_progress socket-flow (satisfied (Path is satisfied), interface: lo0)] Output protocol connected (CFNetworkConnection-1110212295)
2026-01-28 16:14:24.519 Db NayaVedAI[63826:20fb62] [com.apple.network:connection] nw_endpoint_flow_connected_path_change [C140.1.1 IPv6#9530c712.8081 ready socket-flow (satisfied (Path is satisfied), interface: lo0)]
2026-01-28 16:14:24.519 I  NayaVedAI[63826:20fb62] [com.apple.network:connection] nw_endpoint_flow_connected_path_change [C140.1.1 IPv6#9530c712.8081 ready socket-flow (satisfied (Path is satisfied), interface: lo0)] Connected path is satisfied, not viable
2026-01-28 16:14:24.519 Db NayaVedAI[63826:20fb62] [com.apple.network:connection] nw_endpoint_resolver_receive_report [C140.1 Hostname#b33e072a:8081 in_progress resolver (satisfied (Path is satisfied), interface: en0[802.11], uses wifi, LQM: unknown)] received child report: [C140.1.1 IPv6#9530c712.8081 ready socket-flow (satisfied (Path is satisfied), interface: lo0)]
2026-01-28 16:14:24.519 Db NayaVedAI[63826:20fb62] [com.apple.network:connection] nw_endpoint_flow_receive_report [C140 Hostname#b33e072a:8081 in_progress parent-flow (satisfied (Path is satisfied), interface: en0[802.11], uses wifi, LQM: unknown)] received child report: [C140.1.1 IPv6#9530c712.8081 ready socket-flow (satisfied (Path is satisfied), interface: lo0)]
2026-01-28 16:14:24.519 Df NayaVedAI[63826:20fb62] [com.apple.network:connection] [C140.1.1 IPv6#9530c712.8081 ready socket-flow (satisfied (Path is satisfied), interface: lo0)] event: flow:child_finish_connect @0.008s
2026-01-28 16:14:24.519 Db NayaVedAI[63826:20fb62] [com.apple.network:connection] nw_endpoint_flow_receive_report [C140 IPv6#9530c712.8081 in_progress parent-flow (satisfied (Path is satisfied), interface: en0[802.11], uses wifi, LQM: unknown)] connecting endpoint_flow to child's shared protocol
2026-01-28 16:14:24.519 Db NayaVedAI[63826:20fb62] [com.apple.network:connection] nw_endpoint_flow_setup_protocols [C140 IPv6#9530c712.8081 in_progress parent-flow (satisfied (Path is satisfied), interface: en0[802.11], uses wifi, LQM: unknown)] already set up
2026-01-28 16:14:24.520 Db NayaVedAI[63826:20fb62] [com.apple.network:connection] nw_endpoint_flow_setup_protocols [C140 IPv6#9530c712.8081 in_progress parent-flow (satisfied (Path is satisfied), interface: en0[802.11], uses wifi, LQM: unknown)] child flow connected, starting
2026-01-28 16:14:24.520 Db NayaVedAI[63826:20fb62] [com.apple.network:connection] nw_endpoint_flow_setup_protocols [C140 IPv6#9530c712.8081 in_progress parent-flow (satisfied (Path is satisfied), interface: en0[802.11], uses wifi, LQM: unknown)] already started
2026-01-28 16:14:24.520 Db NayaVedAI[63826:20fb62] [com.apple.network:connection] nw_endpoint_flow_receive_report [C140 IPv6#9530c712.8081 in_progress parent-flow (satisfied (Path is satisfied), interface: en0[802.11], uses wifi, LQM: unknown)] received child report: [C140.1 Hostname#b33e072a:8081 ready resolver (satisfied (Path is satisfied), interface: en0[802.11], uses wifi, LQM: unknown)]
2026-01-28 16:14:24.520 Df NayaVedAI[63826:20fb62] [com.apple.network:connection] [C140.1 Hostname#b33e072a:8081 ready resolver (satisfied (Path is satisfied), interface: en0[802.11], uses wifi, LQM: unknown)] event: flow:child_finish_connect @0.009s
2026-01-28 16:14:24.520 I  NayaVedAI[63826:20fb62] [com.apple.network:connection] nw_endpoint_handler_cancel [C140.1.2 IPv4#eafe643d:8081 initial path ((null))]
2026-01-28 16:14:24.520 Df NayaVedAI[63826:20fb62] [com.apple.network:connection] nw_flow_connected [C140 IPv6#9530c712.8081 in_progress parent-flow (satisfied (Path is satisfied), interface: en0[802.11], uses wifi, LQM: unknown)] Output protocol connected (endpoint_flow)
2026-01-28 16:14:24.520 Db NayaVedAI[63826:20fb62] [com.apple.network:connection] nw_endpoint_flow_connected_path_change [C140 IPv6#9530c712.8081 ready parent-flow (satisfied (Path is satisfied), interface: en0[802.11], uses wifi, LQM: unknown)]
2026-01-28 16:14:24.520 I  NayaVedAI[63826:20fb62] [com.apple.network:connection] nw_endpoint_flow_connected_path_change [C140 IPv6#9530c712.8081 ready parent-flow (satisfied (Path is satisfied), interface: en0[802.11], uses wifi, LQM: unknown)] Connected path is satisfied, child is not viable
2026-01-28 16:14:24.520 Df NayaVedAI[63826:20fb62] [com.apple.network:connection] [C140 IPv6#9530c712.8081 ready parent-flow (satisfied (Path is satisfied), interface: en0[802.11], uses wifi, LQM: unknown)] event: flow:finish_connect @0.009s
2026-01-28 16:14:24.520 Db NayaVedAI[63826:20fb62] [com.apple.network:connection] nw_connection_run_pqtls_probe_locked_on_nw_queue [C140] No TLS metadata; not running PQ-TLS probe
2026-01-28 16:14:24.520 Db NayaVedAI[63826:20fb62] [com.apple.network:connection] nw_connection_run_ech_probe_locked_on_nw_queue [C140] stack doesn't include TLS; not running ECH probe
2026-01-28 16:14:24.520 Db NayaVedAI[63826:20fb62] [com.apple.network:connection] nw_connection_endpoint_report_on_nw_queue_block_invoke [C140] Connected fallback generation 0
2026-01-28 16:14:24.520 I  NayaVedAI[63826:20fb62] [com.apple.network:connection] nw_connection_start_candidate_manager_if_needed_locked [C140] Checking whether to start candidate manager
2026-01-28 16:14:24.520 Db NayaVedAI[63826:20fb62] [com.apple.network:connection] nw_connection_start_candidate_manager_if_needed_locked [C140] Connection does not support multipath, not starting candidate manager
2026-01-28 16:14:24.520 Df NayaVedAI[63826:20fb62] [com.apple.network:connection] nw_connection_report_state_with_handler_on_nw_queue [C140] reporting state ready
2026-01-28 16:14:24.520 Df NayaVedAI[63826:20fb62] [com.apple.CFNetwork:Default] Connection 140: connected successfully
2026-01-28 16:14:24.520 Df NayaVedAI[63826:20fb62] [com.apple.CFNetwork:Default] Connection 140: ready C(N) E(N)
2026-01-28 16:14:24.520 Db NayaVedAI[63826:20fb62] [com.apple.CFNetwork:Default] Task <C051171B-2231-48EE-81AE-331DAA253281>.<1> done setting up Connection 140
2026-01-28 16:14:24.520 Db NayaVedAI[63826:20fb62] [com.apple.network:activity] Returning should log: 0 for activity cfnetwork:foreground_task
2026-01-28 16:14:24.520 Df NayaVedAI[63826:20fb62] [com.apple.CFNetwork:Default] Task <C051171B-2231-48EE-81AE-331DAA253281>.<1> now using Connection 140
2026-01-28 16:14:24.520 Db NayaVedAI[63826:20fb62] [com.apple.network:activity] Returning should log: 0 for activity cfnetwork:foreground_task
2026-01-28 16:14:24.520 Df NayaVedAI[63826:20fb62] [com.apple.CFNetwork:Default] Task <C051171B-2231-48EE-81AE-331DAA253281>.<1> sent request, body N 0
2026-01-28 16:14:24.520 I  NayaVedAI[63826:20fb62] [com.apple.network:connection] nw_connection_create_with_id [C141] create connection to Hostname#b33e072a:8081
2026-01-28 16:14:24.520 Df NayaVedAI[63826:20fb62] [com.apple.CFNetwork:Default] Connection 141: starting, TC(0x0)
2026-01-28 16:14:24.520 Df NayaVedAI[63826:20fb62] [com.apple.network:connection] [C141 FF0A6486-F3E2-4B49-90D9-8984A48C4263 Hostname#b33e072a:8081 tcp, url: http://localhost:8081/symbolicate, definite, attribution: developer, context: com.apple.CFNetwork.NSURLSession.{32085A9C-15B6-4F98-8B19-6B08C25B4EC5}{(null)}{Y}{2}{0x0} (private), proc: 63B02D91-D502-3FF5-9842-92830ECC12FF, delegated upid: 0] start
2026-01-28 16:14:24.520 I  NayaVedAI[63826:20fb62] [com.apple.network:connection] nw_endpoint_handler_start [C141 Hostname#b33e072a:8081 initial parent-flow ((null))]
2026-01-28 16:14:24.520 Df NayaVedAI[63826:20fb62] [com.apple.network:connection] [C141 Hostname#b33e072a:8081 initial parent-flow ((null))] event: path:start @0.000s
2026-01-28 16:14:24.520 Db NayaVedAI[63826:20fb62] [com.apple.network:connection] nw_endpoint_handler_path_change [C141 Hostname#b33e072a:8081 waiting parent-flow (satisfied (Path is satisfied), interface: en0[802.11], uses wifi, LQM: unknown)]
2026-01-28 16:14:24.520 Db NayaVedAI[63826:20fb62] [com.apple.networkextension:] ne_tracker_check_is_hostname_blocked() proceeding with the in_the_app check for hostname: localhost
2026-01-28 16:14:24.520 Db NayaVedAI[63826:20fb62] [com.apple.CFBundle:resources] Resource lookup at CFBundle 0x600003b10000 </Users/shivi.agarwal/Library/Developer/CoreSimulator/Devices/AC7E343F-585F-430E-B17D-BDD649803605/data/Containers/Bundle/Application/526E8406-59B6-4C05-9D18-38A7EF2F46C7/NayaVedAI.app> (executable, loaded)
	Request       : InfoPlist type: strings
	Result        : None
2026-01-28 16:14:24.520 Db NayaVedAI[63826:20fb62] [com.apple.CFBundle:resources] Resource lookup at CFBundle 0x600003b10000 </Users/shivi.agarwal/Library/Developer/CoreSimulator/Devices/AC7E343F-585F-430E-B17D-BDD649803605/data/Containers/Bundle/Application/526E8406-59B6-4C05-9D18-38A7EF2F46C7/NayaVedAI.app> (executable, loaded)
	Request       : InfoPlist type: stringsdict
	Result        : None
2026-01-28 16:14:24.520 Db NayaVedAI[63826:20fb62] [com.apple.networkextension:] ne_tracker_check_is_hostname_blocked(): hostname localhost is not a tracker. Returning: ne_tracker_status_none
2026-01-28 16:14:24.521 Df NayaVedAI[63826:20fb62] [com.apple.network:connection] [C141 Hostname#b33e072a:8081 waiting parent-flow (satisfied (Path is satisfied), interface: en0[802.11], uses wifi, LQM: unknown)] event: path:satisfied @0.000s, uuid: DEF078C3-D5D2-47BD-87B1-4CC1A1A78ACB
2026-01-28 16:14:24.521 I  NayaVedAI[63826:20fb62] [com.apple.network:connection] nw_connection_endpoint_report_on_nw_queue_block_invoke [C141 Hostname#b33e072a:8081 waiting parent-flow (satisfied (Path is satisfied), interface: en0[802.11], uses wifi, LQM: unknown)] skipping state update
2026-01-28 16:14:24.521 Db NayaVedAI[63826:20fb62] [com.apple.network:] nw_endpoint_proxy_handler_should_use_proxy Looking up proxy for hostname: localhost, ifindex: 0
2026-01-28 16:14:24.521 Db NayaVedAI[63826:20fb62] [com.apple.SystemConfiguration:SCPreferences] create <SCPreferences 0x12e753210 [0x1e578fa80]> {name = SCDynamicStoreCopyProxiesWithOptions, id = /Library/Managed Preferences/mobile/com.apple.SystemConfiguration.plist, path = /Library/Managed Preferences/mobile/com.apple.SystemConfiguration.plist}
2026-01-28 16:14:24.521 Db NayaVedAI[63826:20fb62] [com.apple.SystemConfiguration:SCPreferences] SCPreferences() access: /Library/Managed Preferences/mobile/com.apple.SystemConfiguration.plist, size=0
2026-01-28 16:14:24.521 Db NayaVedAI[63826:20fb62] [com.apple.SystemConfiguration:SCPreferences] release <SCPreferences 0x12e753210 [0x1e578fa80]> {name = SCDynamicStoreCopyProxiesWithOptions, id = /Library/Managed Preferences/mobile/com.apple.SystemConfiguration.plist, path = /Library/Managed Preferences/mobile/com.apple.SystemConfiguration.plist, accessed}
2026-01-28 16:14:24.521 Db NayaVedAI[63826:20fb62] [com.apple.network:connection] nw_endpoint_flow_attach_protocols [C141 Hostname#b33e072a:8081 in_progress parent-flow (satisfied (Path is satisfied), interface: en0[802.11], uses wifi, LQM: unknown)]
2026-01-28 16:14:24.521 Db NayaVedAI[63826:20fabf] [com.apple.defaults:User Defaults] CFPrefsManagedSource<0x600002c00300> (Domain: com.nayaved.app, User: kCFPreferencesCurrentUser, ByHost: Yes, Container: (null), Contents Need Refresh: No) loaded: an empty base plist and no additional changes from the base plist
2026-01-28 16:14:24.521 Db NayaVedAI[63826:20fabf] [com.apple.defaults:User Defaults] CFPrefsManagedSource<0x600002c00380> (Domain: com.nayaved.app, User: kCFPreferencesAnyUser, ByHost: Yes, Container: (null), Contents Need Refresh: No) loaded: an empty base plist and no additional changes from the base plist
2026-01-28 16:14:24.521 Db NayaVedAI[63826:20fabf] [com.apple.defaults:User Defaults] CFPrefsManagedSource<0x600002c00780> (Domain: kCFPreferencesAnyApplication, User: kCFPreferencesCurrentUser, ByHost: Yes, Container: (null), Contents Need Refresh: No) loaded: an empty base plist and no additional changes from the base plist
2026-01-28 16:14:24.521 Db NayaVedAI[63826:20fabf] [com.apple.defaults:User Defaults] looked up value 1 for key RCTI18nUtil_makeRTLFlipLeftAndRightStyles in CFPrefsPlistSource<0x600002c00600> (Domain: com.nayaved.app, User: kCFPreferencesCurrentUser, ByHost: No, Container: (null), Contents Need Refresh: No) via CFPrefsSearchListSource<0x600002c00200> (Domain: com.nayaved.app, Container: (null) Non-launch persona: 0)
2026-01-28 16:14:24.521 Db NayaVedAI[63826:20fabf] [com.apple.defaults:User Defaults] looked up value 1 for key RCTI18nUtil_makeRTLFlipLeftAndRightStyles in CFPrefsPlistSource<0x600002c00600> (Domain: com.nayaved.app, User: kCFPreferencesCurrentUser, ByHost: No, Container: (null), Contents Need Refresh: No) via CFPrefsSearchListSource<0x600002c00200> (Domain: com.nayaved.app, Container: (null) Non-launch persona: 0)
2026-01-28 16:14:24.521 Db NayaVedAI[63826:20fabf] [com.apple.defaults:User Defaults] looked up value 1 for key RCTI18nUtil_makeRTLFlipLeftAndRightStyles in CFPrefsPlistSource<0x600002c00600> (Domain: com.nayaved.app, User: kCFPreferencesCurrentUser, ByHost: No, Container: (null), Contents Need Refresh: No) via CFPrefsSearchListSource<0x600002c00200> (Domain: com.nayaved.app, Container: (null) Non-launch persona: 0)
2026-01-28 16:14:24.521 Db NayaVedAI[63826:20fb62] [com.apple.network:connection] nw_endpoint_flow_attach_protocols [C141 Hostname#b33e072a:8081 in_progress parent-flow (satisfied (Path is satisfied), interface: en0[802.11], uses wifi, LQM: unknown)] stopping after adding persistent application protocols
2026-01-28 16:14:24.521 Db NayaVedAI[63826:20fb62] [com.apple.network:connection] nw_endpoint_flow_setup_protocols [C141 Hostname#b33e072a:8081 in_progress parent-flow (satisfied (Path is satisfied), interface: en0[802.11], uses wifi, LQM: unknown)] persistent protocol stack, starting
2026-01-28 16:14:24.521 Df NayaVedAI[63826:20fb62] [com.apple.network:connection] [C141 Hostname#b33e072a:8081 in_progress parent-flow (satisfied (Path is satisfied), interface: en0[802.11], uses wifi, LQM: unknown)] event: flow:start_connect @0.001s
2026-01-28 16:14:24.522 Df NayaVedAI[63826:20fb62] [com.apple.network:connection] nw_connection_report_state_with_handler_on_nw_queue [C141] reporting state preparing
2026-01-28 16:14:24.522 I  NayaVedAI[63826:20fb62] [com.apple.network:connection] nw_endpoint_flow_connect [C141 Hostname#b33e072a:8081 in_progress parent-flow (satisfied (Path is satisfied), interface: en0[802.11], uses wifi, LQM: unknown)] connect bottom protocol
2026-01-28 16:14:24.522 Db NayaVedAI[63826:20fb62] [com.apple.network:connection] nw_endpoint_flow_start_child [C141 Hostname#b33e072a:8081 in_progress parent-flow (satisfied (Path is satisfied), interface: en0[802.11], uses wifi, LQM: unknown)] creating and starting child handler
2026-01-28 16:14:24.522 Db NayaVedAI[63826:20fb62] [com.apple.network:] nw_endpoint_proxy_handler_should_use_proxy Looking up proxy for hostname: localhost, ifindex: 0
2026-01-28 16:14:24.522 Db NayaVedAI[63826:20fb62] [com.apple.SystemConfiguration:SCPreferences] create <SCPreferences 0x10771b7a0 [0x1e578fa80]> {name = SCDynamicStoreCopyProxiesWithOptions, id = /Library/Managed Preferences/mobile/com.apple.SystemConfiguration.plist, path = /Library/Managed Preferences/mobile/com.apple.SystemConfiguration.plist}
2026-01-28 16:14:24.522 Db NayaVedAI[63826:20fb62] [com.apple.SystemConfiguration:SCPreferences] SCPreferences() access: /Library/Managed Preferences/mobile/com.apple.SystemConfiguration.plist, size=0
2026-01-28 16:14:24.522 Db NayaVedAI[63826:20fb62] [com.apple.SystemConfiguration:SCPreferences] release <SCPreferences 0x10771b7a0 [0x1e578fa80]> {name = SCDynamicStoreCopyProxiesWithOptions, id = /Library/Managed Preferences/mobile/com.apple.SystemConfiguration.plist, path = /Library/Managed Preferences/mobile/com.apple.SystemConfiguration.plist, accessed}
2026-01-28 16:14:24.522 Df NayaVedAI[63826:20fb62] [com.apple.network:connection] [C141 Hostname#b33e072a:8081 in_progress parent-flow (satisfied (Path is satisfied), interface: en0[802.11], uses wifi, LQM: unknown)] event: flow:start_child @0.002s
2026-01-28 16:14:24.522 I  NayaVedAI[63826:20fb62] [com.apple.network:connection] nw_endpoint_handler_start [C141.1 Hostname#b33e072a:8081 initial path ((null))]
2026-01-28 16:14:24.523 Db NayaVedAI[63826:20fb62] [com.apple.network:connection] nw_endpoint_flow_receive_report [C141 Hostname#b33e072a:8081 in_progress parent-flow (satisfied (Path is satisfied), interface: en0[802.11], uses wifi, LQM: unknown)] received child report: [C141.1 Hostname#b33e072a:8081 initial path ((null))]
2026-01-28 16:14:24.523 Df NayaVedAI[63826:20fb62] [com.apple.network:connection] [C141.1 Hostname#b33e072a:8081 initial path ((null))] event: path:start @0.002s
2026-01-28 16:14:24.523 Db NayaVedAI[63826:20fb62] [com.apple.network:connection] nw_endpoint_handler_path_change [C141.1 Hostname#b33e072a:8081 waiting path (satisfied (Path is satisfied), interface: en0[802.11], uses wifi, LQM: unknown)]
2026-01-28 16:14:24.523 Db NayaVedAI[63826:20fb62] [com.apple.networkextension:] ne_tracker_check_is_hostname_blocked() proceeding with the in_the_app check for hostname: localhost
2026-01-28 16:14:24.523 Db NayaVedAI[63826:20fb62] [com.apple.CFBundle:resources] Resource lookup at CFBundle 0x600003b10000 </Users/shivi.agarwal/Library/Developer/CoreSimulator/Devices/AC7E343F-585F-430E-B17D-BDD649803605/data/Containers/Bundle/Application/526E8406-59B6-4C05-9D18-38A7EF2F46C7/NayaVedAI.app> (executable, loaded)
	Request       : InfoPlist type: strings
	Result        : None
2026-01-28 16:14:24.523 Db NayaVedAI[63826:20fb62] [com.apple.CFBundle:resources] Resource lookup at CFBundle 0x600003b10000 </Users/shivi.agarwal/Library/Developer/CoreSimulator/Devices/AC7E343F-585F-430E-B17D-BDD649803605/data/Containers/Bundle/Application/526E8406-59B6-4C05-9D18-38A7EF2F46C7/NayaVedAI.app> (executable, loaded)
	Request       : InfoPlist type: stringsdict
	Result        : None
2026-01-28 16:14:24.523 Db NayaVedAI[63826:20fb62] [com.apple.networkextension:] ne_tracker_check_is_hostname_blocked(): hostname localhost is not a tracker. Returning: ne_tracker_status_none
2026-01-28 16:14:24.524 Db NayaVedAI[63826:20fb62] [com.apple.network:connection] nw_endpoint_flow_receive_report [C141 Hostname#b33e072a:8081 in_progress parent-flow (satisfied (Path is satisfied), interface: en0[802.11], uses wifi, LQM: unknown)] received child report: [C141.1 Hostname#b33e072a:8081 waiting path (satisfied (Path is satisfied), interface: en0[802.11], uses wifi, LQM: unknown)]
2026-01-28 16:14:24.524 Df NayaVedAI[63826:20fb62] [com.apple.network:connection] [C141.1 Hostname#b33e072a:8081 waiting path (satisfied (Path is satisfied), interface: en0[802.11], uses wifi, LQM: unknown)] event: path:satisfied @0.003s, uuid: DEF078C3-D5D2-47BD-87B1-4CC1A1A78ACB
2026-01-28 16:14:24.524 Db NayaVedAI[63826:20fb62] [com.apple.network:] nw_endpoint_proxy_handler_should_use_proxy Looking up proxy for hostname: localhost, ifindex: 0
2026-01-28 16:14:24.524 Db NayaVedAI[63826:20fb62] [com.apple.SystemConfiguration:SCPreferences] create <SCPreferences 0x12e517cf0 [0x1e578fa80]> {name = SCDynamicStoreCopyProxiesWithOptions, id = /Library/Managed Preferences/mobile/com.apple.SystemConfiguration.plist, path = /Library/Managed Preferences/mobile/com.apple.SystemConfiguration.plist}
2026-01-28 16:14:24.524 Db NayaVedAI[63826:20fb62] [com.apple.SystemConfiguration:SCPreferences] SCPreferences() access: /Library/Managed Preferences/mobile/com.apple.SystemConfiguration.plist, size=0
2026-01-28 16:14:24.524 Db NayaVedAI[63826:20fb62] [com.apple.SystemConfiguration:SCPreferences] release <SCPreferences 0x12e517cf0 [0x1e578fa80]> {name = SCDynamicStoreCopyProxiesWithOptions, id = /Library/Managed Preferences/mobile/com.apple.SystemConfiguration.plist, path = /Library/Managed Preferences/mobile/com.apple.SystemConfiguration.plist, accessed}
2026-01-28 16:14:24.524 Db NayaVedAI[63826:20fb62] [com.apple.network:connection] -[NWConcrete_nw_endpoint_resolver startWithHandler:] [C141.1 Hostname#b33e072a:8081 waiting resolver (satisfied (Path is satisfied), interface: en0[802.11], uses wifi, LQM: unknown)]
2026-01-28 16:14:24.524 Db NayaVedAI[63826:20fb62] [com.apple.network:connection] nw_endpoint_flow_receive_report [C141 Hostname#b33e072a:8081 in_progress parent-flow (satisfied (Path is satisfied), interface: en0[802.11], uses wifi, LQM: unknown)] received child report: [C141.1 Hostname#b33e072a:8081 in_progress resolver (satisfied (Path is satisfied), interface: en0[802.11], uses wifi, LQM: unknown)]
2026-01-28 16:14:24.524 Df NayaVedAI[63826:20fb62] [com.apple.network:connection] [C141.1 Hostname#b33e072a:8081 in_progress resolver (satisfied (Path is satisfied), interface: en0[802.11], uses wifi, LQM: unknown)] event: resolver:start_dns @0.003s
2026-01-28 16:14:24.524 Db NayaVedAI[63826:20fb62] [com.apple.networkextension:] ne_tracker_check_is_hostname_blocked() proceeding with the in_the_app check for hostname: localhost
2026-01-28 16:14:24.524 Db NayaVedAI[63826:20fb62] [com.apple.CFBundle:resources] Resource lookup at CFBundle 0x600003b10000 </Users/shivi.agarwal/Library/Developer/CoreSimulator/Devices/AC7E343F-585F-430E-B17D-BDD649803605/data/Containers/Bundle/Application/526E8406-59B6-4C05-9D18-38A7EF2F46C7/NayaVedAI.app> (executable, loaded)
	Request       : InfoPlist type: strings
	Result        : None
2026-01-28 16:14:24.524 Db NayaVedAI[63826:20fb62] [com.apple.CFBundle:resources] Resource lookup at CFBundle 0x600003b10000 </Users/shivi.agarwal/Library/Developer/CoreSimulator/Devices/AC7E343F-585F-430E-B17D-BDD649803605/data/Containers/Bundle/Application/526E8406-59B6-4C05-9D18-38A7EF2F46C7/NayaVedAI.app> (executable, loaded)
	Request       : InfoPlist type: stringsdict
	Result        : None
2026-01-28 16:14:24.524 Db NayaVedAI[63826:20fb62] [com.apple.networkextension:] ne_tracker_check_is_hostname_blocked(): hostname localhost is not a tracker. Returning: ne_tracker_status_none
2026-01-28 16:14:24.525 I  NayaVedAI[63826:20fb62] [com.apple.network:connection] nw_resolver_create_dns_service_locked [C141.1] Starting host resolution Hostname#b33e072a:8081, flags 0xc000d000 proto 0
2026-01-28 16:14:24.525 Df NayaVedAI[63826:20fb62] [com.apple.CFNetwork:Default] Task <0A0DE896-890C-4DC3-9756-5F24EE819D67>.<2> setting up Connection 141
2026-01-28 16:14:24.525 Db NayaVedAI[63826:20fb62] [com.apple.network:activity] Returning should log: 0 for activity cfnetwork:foreground_task
2026-01-28 16:14:24.525 I  NayaVedAI[63826:20fb62] [com.apple.network:connection] nw_resolver_host_resolve_callback [C141.1] flags=0x40000003 ifindex=4294967295 error=NoError(0) hostname=localhost. addr=IPv6#42e9e5e9 ttl=1
2026-01-28 16:14:24.525 I  NayaVedAI[63826:20fb62] [com.apple.network:connection] nw_resolver_host_resolve_callback [C141.1] flags=0x40000002 ifindex=4294967295 error=NoError(0) hostname=localhost. addr=IPv4#075c8fe9 ttl=1
2026-01-28 16:14:24.525 Db NayaVedAI[63826:20fb62] [com.apple.network:] sa_dst_compare_rfc6724 Rule 6, prefer d2, d2 precedence 50 > d1 precedence 35
2026-01-28 16:14:24.525 Db NayaVedAI[63826:20fb62] [com.apple.network:] sa_dst_compare_internal <private>@0 < <private>@0
2026-01-28 16:14:24.525 I  NayaVedAI[63826:20fb62] [com.apple.network:connection] nw_resolver_create_prefer_connected_variant [C141.1] Prefer Connected: IPv6#9530c712.8081 is already the first endpoint
2026-01-28 16:14:24.525 Db NayaVedAI[63826:20fb62] [com.apple.network:connection] nw_endpoint_resolver_update [C141.1 Hostname#b33e072a:8081 in_progress resolver (satisfied (Path is satisfied), interface: en0[802.11], uses wifi, LQM: unknown)] resolver is complete
2026-01-28 16:14:24.525 Df NayaVedAI[63826:20fb62] [com.apple.network:connection] nw_endpoint_resolver_update [C141.1 Hostname#b33e072a:8081 in_progress resolver (satisfied (Path is satisfied), interface: en0[802.11], uses wifi, LQM: unknown)] Adding endpoint handler for IPv6#9530c712.8081
2026-01-28 16:14:24.525 Df NayaVedAI[63826:20fb62] [com.apple.network:connection] nw_endpoint_resolver_update [C141.1 Hostname#b33e072a:8081 in_progress resolver (satisfied (Path is satisfied), interface: en0[802.11], uses wifi, LQM: unknown)] Adding endpoint handler for IPv4#eafe643d:8081
2026-01-28 16:14:24.525 Db NayaVedAI[63826:20fb62] [com.apple.network:connection] nw_endpoint_resolver_update [C141.1 Hostname#b33e072a:8081 in_progress resolver (satisfied (Path is satisfied), interface: en0[802.11], uses wifi, LQM: unknown)] Updated endpoint list is (IPv6#9530c712.8081,IPv4#eafe643d:8081)
2026-01-28 16:14:24.525 Db NayaVedAI[63826:20fb62] [com.apple.network:connection] nw_endpoint_flow_receive_report [C141 Hostname#b33e072a:8081 in_progress parent-flow (satisfied (Path is satisfied), interface: en0[802.11], uses wifi, LQM: unknown)] received child report: [C141.1 Hostname#b33e072a:8081 in_progress resolver (satisfied (Path is satisfied), interface: en0[802.11], uses wifi, LQM: unknown)]
2026-01-28 16:14:24.525 Df NayaVedAI[63826:20fb62] [com.apple.network:connection] [C141.1 Hostname#b33e072a:8081 in_progress resolver (satisfied (Path is satisfied), interface: en0[802.11], uses wifi, LQM: unknown)] event: resolver:receive_dns @0.004s
2026-01-28 16:14:24.525 I  NayaVedAI[63826:20fb62] [com.apple.network:connection] nw_endpoint_resolver_start_next_child [C141.1 Hostname#b33e072a:8081 in_progress resolver (satisfied (Path is satisfied), interface: en0[802.11], uses wifi, LQM: unknown)] starting child endpoint IPv6#9530c712.8081
2026-01-28 16:14:24.525 I  NayaVedAI[63826:20fb62] [com.apple.network:connection] nw_endpoint_handler_start [C141.1.1 IPv6#9530c712.8081 initial path ((null))]
2026-01-28 16:14:24.525 Db NayaVedAI[63826:20fb62] [com.apple.network:connection] nw_endpoint_resolver_receive_report [C141.1 Hostname#b33e072a:8081 in_progress resolver (satisfied (Path is satisfied), interface: en0[802.11], uses wifi, LQM: unknown)] received child report: [C141.1.1 IPv6#9530c712.8081 initial path ((null))]
2026-01-28 16:14:24.525 Db NayaVedAI[63826:20fb62] [com.apple.network:connection] nw_endpoint_flow_receive_report [C141 Hostname#b33e072a:8081 in_progress parent-flow (satisfied (Path is satisfied), interface: en0[802.11], uses wifi, LQM: unknown)] received child report: [C141.1.1 IPv6#9530c712.8081 initial path ((null))]
2026-01-28 16:14:24.525 Df NayaVedAI[63826:20fb62] [com.apple.network:connection] [C141.1.1 IPv6#9530c712.8081 initial path ((null))] event: path:start @0.004s
2026-01-28 16:14:24.525 Db NayaVedAI[63826:20fb62] [com.apple.network:connection] nw_endpoint_handler_path_change [C141.1.1 IPv6#9530c712.8081 waiting path (satisfied (Path is satisfied), interface: lo0)]
2026-01-28 16:14:24.525 Db NayaVedAI[63826:20fb62] [com.apple.network:connection] nw_endpoint_resolver_receive_report [C141.1 Hostname#b33e072a:8081 in_progress resolver (satisfied (Path is satisfied), interface: en0[802.11], uses wifi, LQM: unknown)] received child report: [C141.1.1 IPv6#9530c712.8081 waiting path (satisfied (Path is satisfied), interface: lo0)]
2026-01-28 16:14:24.525 Db NayaVedAI[63826:20fb62] [com.apple.network:connection] nw_endpoint_flow_receive_report [C141 Hostname#b33e072a:8081 in_progress parent-flow (satisfied (Path is satisfied), interface: en0[802.11], uses wifi, LQM: unknown)] received child report: [C141.1.1 IPv6#9530c712.8081 waiting path (satisfied (Path is satisfied), interface: lo0)]
2026-01-28 16:14:24.525 Df NayaVedAI[63826:20fb62] [com.apple.network:connection] [C141.1.1 IPv6#9530c712.8081 waiting path (satisfied (Path is satisfied), interface: lo0)] event: path:satisfied @0.005s, uuid: 044F3C1A-7CB7-4881-B19C-8E2FF00D2D0C
2026-01-28 16:14:24.525 Db NayaVedAI[63826:20fb62] [com.apple.network:] nw_endpoint_proxy_handler_should_use_proxy Looking up proxy for hostname: <nil>, ifindex: 0
2026-01-28 16:14:24.525 Db NayaVedAI[63826:20fb62] [com.apple.SystemConfiguration:SCPreferences] create <SCPreferences 0x10771b7a0 [0x1e578fa80]> {name = SCDynamicStoreCopyProxiesWithOptions, id = /Library/Managed Preferences/mobile/com.apple.SystemConfiguration.plist, path = /Library/Managed Preferences/mobile/com.apple.SystemConfiguration.plist}
2026-01-28 16:14:24.525 Db NayaVedAI[63826:20fb62] [com.apple.SystemConfiguration:SCPreferences] SCPreferences() access: /Library/Managed Preferences/mobile/com.apple.SystemConfiguration.plist, size=0
2026-01-28 16:14:24.525 Db NayaVedAI[63826:20fb62] [com.apple.SystemConfiguration:SCPreferences] release <SCPreferences 0x10771b7a0 [0x1e578fa80]> {name = SCDynamicStoreCopyProxiesWithOptions, id = /Library/Managed Preferences/mobile/com.apple.SystemConfiguration.plist, path = /Library/Managed Preferences/mobile/com.apple.SystemConfiguration.plist, accessed}
2026-01-28 16:14:24.526 I  NayaVedAI[63826:20fb62] [com.apple.network:connection] nw_association_create_flow <nw_association IPv6#9530c712.8081> Added association flow ID 94112190-C596-4ADF-B150-907FF4049C67
2026-01-28 16:14:24.526 I  NayaVedAI[63826:20fb62] [com.apple.network:connection] nw_endpoint_flow_setup_protocols [C141.1.1 IPv6#9530c712.8081 in_progress socket-flow (satisfied (Path is satisfied), interface: lo0)] setup flow id 94112190-C596-4ADF-B150-907FF4049C67
2026-01-28 16:14:24.526 Db NayaVedAI[63826:20fb62] [com.apple.network:connection] nw_endpoint_flow_attach_protocols [C141.1.1 IPv6#9530c712.8081 in_progress socket-flow (satisfied (Path is satisfied), interface: lo0)]
2026-01-28 16:14:24.526 Db NayaVedAI[63826:20fb62] [com.apple.network:connection] nw_endpoint_flow_attach_protocols_block_invoke [C141.1.1 IPv6#9530c712.8081 in_progress socket-flow (satisfied (Path is satisfied), interface: lo0)] Attached application protocol: CFNetworkConnection-1110212295
2026-01-28 16:14:24.526 Db NayaVedAI[63826:20fb62] [com.apple.network:] nw_fd_wrapper_create Created <fd_wrapper 25, guarded: false>
2026-01-28 16:14:24.526 Db NayaVedAI[63826:20fb62] [com.apple.network:connection] nw_endpoint_flow_attach_protocols [C141.1.1 IPv6#9530c712.8081 in_progress socket-flow (satisfied (Path is satisfied), interface: lo0)] Attached socket protocol
2026-01-28 16:14:24.526 Db NayaVedAI[63826:20fb62] [com.apple.network:connection] nw_endpoint_flow_setup_protocols [C141.1.1 IPv6#9530c712.8081 in_progress socket-flow (satisfied (Path is satisfied), interface: lo0)] leaf flow starting
2026-01-28 16:14:24.526 Db NayaVedAI[63826:20fb62] [com.apple.network:connection] nw_endpoint_resolver_receive_report [C141.1 Hostname#b33e072a:8081 in_progress resolver (satisfied (Path is satisfied), interface: en0[802.11], uses wifi, LQM: unknown)] received child report: [C141.1.1 IPv6#9530c712.8081 in_progress socket-flow (satisfied (Path is satisfied), interface: lo0)]
2026-01-28 16:14:24.526 Db NayaVedAI[63826:20fb62] [com.apple.network:connection] nw_endpoint_flow_receive_report [C141 Hostname#b33e072a:8081 in_progress parent-flow (satisfied (Path is satisfied), interface: en0[802.11], uses wifi, LQM: unknown)] received child report: [C141.1.1 IPv6#9530c712.8081 in_progress socket-flow (satisfied (Path is satisfied), interface: lo0)]
2026-01-28 16:14:24.526 Df NayaVedAI[63826:20fb62] [com.apple.network:connection] [C141.1.1 IPv6#9530c712.8081 in_progress socket-flow (satisfied (Path is satisfied), interface: lo0)] event: flow:start_connect @0.005s
2026-01-28 16:14:24.526 I  NayaVedAI[63826:20fb62] [com.apple.network:connection] nw_endpoint_resolver_start_next_child [C141.1 Hostname#b33e072a:8081 in_progress resolver (satisfied (Path is satisfied), interface: en0[802.11], uses wifi, LQM: unknown)] starting next child endpoint in 100ms
2026-01-28 16:14:24.526 Db NayaVedAI[63826:20fb62] [com.apple.network:connection] nw_socket_handle_socket_event [C141.1.1:2] Event mask: 0x800
2026-01-28 16:14:24.526 Df NayaVedAI[63826:20fb62] [com.apple.network:connection] nw_socket_handle_socket_event [C141.1.1:2] Socket received CONNECTED event
2026-01-28 16:14:24.526 Db NayaVedAI[63826:20fb62] [com.apple.network:connection] nw_socket_setup_notsent_lowat [C141.1.1:2] Set TCP_NOTSENT_LOWAT(16384)
2026-01-28 16:14:24.526 Df NayaVedAI[63826:20fb62] [com.apple.network:connection] nw_flow_connected [C141.1.1 IPv6#9530c712.8081 in_progress socket-flow (satisfied (Path is satisfied), interface: lo0)] Transport protocol connected (socket)
2026-01-28 16:14:24.526 Db NayaVedAI[63826:20fb62] [com.apple.network:connection] nw_endpoint_resolver_receive_report [C141.1 Hostname#b33e072a:8081 in_progress resolver (satisfied (Path is satisfied), interface: en0[802.11], uses wifi, LQM: unknown)] received child report: [C141.1.1 IPv6#9530c712.8081 in_progress socket-flow (satisfied (Path is satisfied), interface: lo0)]
2026-01-28 16:14:24.526 Db NayaVedAI[63826:20fb62] [com.apple.network:connection] nw_endpoint_flow_receive_report [C141 Hostname#b33e072a:8081 in_progress parent-flow (satisfied (Path is satisfied), interface: en0[802.11], uses wifi, LQM: unknown)] received child report: [C141.1.1 IPv6#9530c712.8081 in_progress socket-flow (satisfied (Path is satisfied), interface: lo0)]
2026-01-28 16:14:24.526 Df NayaVedAI[63826:20fb62] [com.apple.network:connection] [C141.1.1 IPv6#9530c712.8081 in_progress socket-flow (satisfied (Path is satisfied), interface: lo0)] event: flow:finish_transport @0.006s
2026-01-28 16:14:24.526 I  NayaVedAI[63826:20fb62] [com.apple.network:connection] nw_endpoint_resolver_receive_report [C141.1 Hostname#b33e072a:8081 in_progress resolver (satisfied (Path is satisfied), interface: en0[802.11], uses wifi, LQM: unknown)] pushing out endpoint race by 2000ms
2026-01-28 16:14:24.527 Df NayaVedAI[63826:20fb62] [com.apple.network:connection] nw_flow_connected [C141.1.1 IPv6#9530c712.8081 in_progress socket-flow (satisfied (Path is satisfied), interface: lo0)] Output protocol connected (CFNetworkConnection-1110212295)
2026-01-28 16:14:24.527 Db NayaVedAI[63826:20fb62] [com.apple.network:connection] nw_endpoint_flow_connected_path_change [C141.1.1 IPv6#9530c712.8081 ready socket-flow (satisfied (Path is satisfied), interface: lo0)]
