2026-01-28 23:08:16.591 Db NayaVedAI[16185:287542] [com.apple.CFNetwork:ATS] Uploading ATS exception ATSAllowsLocalNetworking
2026-01-28 23:08:16.591 A  NayaVedAI[16185:287489] (Security) SecTrustReportNetworkingAnalytics
2026-01-28 23:08:16.591 I  NayaVedAI[16185:287542] [com.apple.network:connection] nw_connection_create_with_id [C3] create connection to Hostname#d1d1adf1:8081
2026-01-28 23:08:16.591 Df NayaVedAI[16185:287542] [com.apple.CFNetwork:Default] Connection 3: starting, TC(0x0)
2026-01-28 23:08:16.591 Df NayaVedAI[16185:287542] [com.apple.network:connection] [C3 03F89296-57B5-4C52-B8F8-16BBE1D38654 Hostname#d1d1adf1:8081 tcp, url: http://localhost:8081/.expo/.virtual-metro-entry.bundle, definite, attribution: developer, context: com.apple.CFNetwork.NSURLSession.{F9A0F6D1-A41D-4863-B428-00BD0FB168A4}{(null)}{Y}{2}{0x0} (private), proc: 63B02D91-D502-3FF5-9842-92830ECC12FF, delegated upid: 0] start
2026-01-28 23:08:16.591 I  NayaVedAI[16185:287542] [com.apple.network:connection] nw_endpoint_handler_start [C3 Hostname#d1d1adf1:8081 initial parent-flow ((null))]
2026-01-28 23:08:16.591 Df NayaVedAI[16185:287542] [com.apple.network:connection] [C3 Hostname#d1d1adf1:8081 initial parent-flow ((null))] event: path:start @0.000s
2026-01-28 23:08:16.591 Df NayaVedAI[16185:287489] [com.apple.securityd:SecError] SecTrustReportNetworkingAnalytics failed with error: -4
2026-01-28 23:08:16.591 Db NayaVedAI[16185:287542] [com.apple.network:connection] nw_endpoint_handler_path_change [C3 Hostname#d1d1adf1:8081 waiting parent-flow (satisfied (Path is satisfied), interface: en0[802.11], uses wifi, LQM: unknown)]
2026-01-28 23:08:16.591 Db NayaVedAI[16185:287542] [com.apple.networkextension:] ne_tracker_check_is_hostname_blocked() proceeding with the in_the_app check for hostname: localhost
2026-01-28 23:08:16.592 Db NayaVedAI[16185:287542] [com.apple.CFBundle:resources] Resource lookup at CFBundle 0x600003b082a0 </Users/shivi.agarwal/Library/Developer/CoreSimulator/Devices/AC7E343F-585F-430E-B17D-BDD649803605/data/Containers/Bundle/Application/98CBC35C-06EE-465C-8EDA-D759034E84B3/NayaVedAI.app> (executable, loaded)
	Request       : InfoPlist type: strings
	Result        : None
2026-01-28 23:08:16.592 Db NayaVedAI[16185:287542] [com.apple.CFBundle:resources] Resource lookup at CFBundle 0x600003b082a0 </Users/shivi.agarwal/Library/Developer/CoreSimulator/Devices/AC7E343F-585F-430E-B17D-BDD649803605/data/Containers/Bundle/Application/98CBC35C-06EE-465C-8EDA-D759034E84B3/NayaVedAI.app> (executable, loaded)
	Request       : InfoPlist type: stringsdict
	Result        : None
2026-01-28 23:08:16.592 Db NayaVedAI[16185:287542] [com.apple.networkextension:] ne_tracker_check_is_hostname_blocked(): hostname localhost is not a tracker. Returning: ne_tracker_status_none
2026-01-28 23:08:16.592 Df NayaVedAI[16185:287542] [com.apple.network:connection] [C3 Hostname#d1d1adf1:8081 waiting parent-flow (satisfied (Path is satisfied), interface: en0[802.11], uses wifi, LQM: unknown)] event: path:satisfied @0.000s, uuid: 4B39E38A-343E-4864-A7DA-0CA40A4D124A
2026-01-28 23:08:16.592 I  NayaVedAI[16185:287542] [com.apple.network:connection] nw_connection_endpoint_report_on_nw_queue_block_invoke [C3 Hostname#d1d1adf1:8081 waiting parent-flow (satisfied (Path is satisfied), interface: en0[802.11], uses wifi, LQM: unknown)] skipping state update
2026-01-28 23:08:16.592 Db NayaVedAI[16185:287542] [com.apple.network:] nw_endpoint_proxy_handler_should_use_proxy Looking up proxy for hostname: localhost, ifindex: 0
2026-01-28 23:08:16.592 Db NayaVedAI[16185:287542] [com.apple.SystemConfiguration:SCPreferences] create <SCPreferences 0x109005820 [0x1e578fa80]> {name = SCDynamicStoreCopyProxiesWithOptions, id = /Library/Managed Preferences/mobile/com.apple.SystemConfiguration.plist, path = /Library/Managed Preferences/mobile/com.apple.SystemConfiguration.plist}
2026-01-28 23:08:16.592 Db NayaVedAI[16185:287542] [com.apple.SystemConfiguration:SCPreferences] SCPreferences() access: /Library/Managed Preferences/mobile/com.apple.SystemConfiguration.plist, size=0
2026-01-28 23:08:16.592 Db NayaVedAI[16185:287542] [com.apple.SystemConfiguration:SCPreferences] release <SCPreferences 0x109005820 [0x1e578fa80]> {name = SCDynamicStoreCopyProxiesWithOptions, id = /Library/Managed Preferences/mobile/com.apple.SystemConfiguration.plist, path = /Library/Managed Preferences/mobile/com.apple.SystemConfiguration.plist, accessed}
2026-01-28 23:08:16.592 Db NayaVedAI[16185:287453] [com.apple.defaults:User Defaults] CFPrefsPlistSource<0x600002c08400> (Domain: com.nayaved.app, User: kCFPreferencesCurrentUser, ByHost: No, Container: /Users/shivi.agarwal/Library/Developer/CoreSimulator/Devices/AC7E343F-585F-430E-B17D-BDD649803605/data, Contents Need Refresh: No) loaded: an empty base plist and no additional changes from the base plist
2026-01-28 23:08:16.592 Db NayaVedAI[16185:287453] [com.apple.defaults:User Defaults] CFPrefsPlistSource<0x600002c08680> (Domain: com.nayaved.app, User: kCFPreferencesCurrentUser, ByHost: Yes, Container: (null), Contents Need Refresh: No) loaded: an empty base plist and no additional changes from the base plist
2026-01-28 23:08:16.592 Db NayaVedAI[16185:287453] [com.apple.defaults:User Defaults] found no value for key RCTI18nUtil_forceRTL in CFPrefsSearchListSource<0x600002c00180> (Domain: com.nayaved.app, Container: (null) Non-launch persona: 0)
2026-01-28 23:08:16.592 Db NayaVedAI[16185:287453] [com.apple.defaults:User Defaults] found no value for key RCTI18nUtil_allowRTL in CFPrefsSearchListSource<0x600002c00180> (Domain: com.nayaved.app, Container: (null) Non-launch persona: 0)
2026-01-28 23:08:16.592 Db NayaVedAI[16185:287453] [com.apple.defaults:User Defaults] found no value for key RCTI18nUtil_forceRTL in CFPrefsSearchListSource<0x600002c00180> (Domain: com.nayaved.app, Container: (null) Non-launch persona: 0)
2026-01-28 23:08:16.592 Db NayaVedAI[16185:287453] [com.apple.defaults:User Defaults] found no value for key RCTI18nUtil_allowRTL in CFPrefsSearchListSource<0x600002c00180> (Domain: com.nayaved.app, Container: (null) Non-launch persona: 0)
2026-01-28 23:08:16.592 Db NayaVedAI[16185:287542] [com.apple.network:connection] nw_endpoint_flow_attach_protocols [C3 Hostname#d1d1adf1:8081 in_progress parent-flow (satisfied (Path is satisfied), interface: en0[802.11], uses wifi, LQM: unknown)]
2026-01-28 23:08:16.592 Db NayaVedAI[16185:287542] [com.apple.network:connection] nw_endpoint_flow_attach_protocols [C3 Hostname#d1d1adf1:8081 in_progress parent-flow (satisfied (Path is satisfied), interface: en0[802.11], uses wifi, LQM: unknown)] stopping after adding persistent application protocols
2026-01-28 23:08:16.592 Db NayaVedAI[16185:287542] [com.apple.network:connection] nw_endpoint_flow_setup_protocols [C3 Hostname#d1d1adf1:8081 in_progress parent-flow (satisfied (Path is satisfied), interface: en0[802.11], uses wifi, LQM: unknown)] persistent protocol stack, starting
2026-01-28 23:08:16.592 Df NayaVedAI[16185:287542] [com.apple.network:connection] [C3 Hostname#d1d1adf1:8081 in_progress parent-flow (satisfied (Path is satisfied), interface: en0[802.11], uses wifi, LQM: unknown)] event: flow:start_connect @0.000s
2026-01-28 23:08:16.592 Df NayaVedAI[16185:287542] [com.apple.network:connection] nw_connection_report_state_with_handler_on_nw_queue [C3] reporting state preparing
2026-01-28 23:08:16.592 I  NayaVedAI[16185:287542] [com.apple.network:connection] nw_endpoint_flow_connect [C3 Hostname#d1d1adf1:8081 in_progress parent-flow (satisfied (Path is satisfied), interface: en0[802.11], uses wifi, LQM: unknown)] connect bottom protocol
2026-01-28 23:08:16.592 Db NayaVedAI[16185:287542] [com.apple.network:connection] nw_endpoint_flow_start_child [C3 Hostname#d1d1adf1:8081 in_progress parent-flow (satisfied (Path is satisfied), interface: en0[802.11], uses wifi, LQM: unknown)] creating and starting child handler
2026-01-28 23:08:16.592 Db NayaVedAI[16185:287542] [com.apple.network:] nw_endpoint_proxy_handler_should_use_proxy Looking up proxy for hostname: localhost, ifindex: 0
2026-01-28 23:08:16.592 Db NayaVedAI[16185:287542] [com.apple.SystemConfiguration:SCPreferences] create <SCPreferences 0x107918920 [0x1e578fa80]> {name = SCDynamicStoreCopyProxiesWithOptions, id = /Library/Managed Preferences/mobile/com.apple.SystemConfiguration.plist, path = /Library/Managed Preferences/mobile/com.apple.SystemConfiguration.plist}
2026-01-28 23:08:16.592 Db NayaVedAI[16185:287542] [com.apple.SystemConfiguration:SCPreferences] SCPreferences() access: /Library/Managed Preferences/mobile/com.apple.SystemConfiguration.plist, size=0
2026-01-28 23:08:16.592 Db NayaVedAI[16185:287542] [com.apple.SystemConfiguration:SCPreferences] release <SCPreferences 0x107918920 [0x1e578fa80]> {name = SCDynamicStoreCopyProxiesWithOptions, id = /Library/Managed Preferences/mobile/com.apple.SystemConfiguration.plist, path = /Library/Managed Preferences/mobile/com.apple.SystemConfiguration.plist, accessed}
2026-01-28 23:08:16.592 Df NayaVedAI[16185:287542] [com.apple.network:connection] [C3 Hostname#d1d1adf1:8081 in_progress parent-flow (satisfied (Path is satisfied), interface: en0[802.11], uses wifi, LQM: unknown)] event: flow:start_child @0.001s
2026-01-28 23:08:16.592 I  NayaVedAI[16185:287542] [com.apple.network:connection] nw_endpoint_handler_start [C3.1 Hostname#d1d1adf1:8081 initial path ((null))]
2026-01-28 23:08:16.592 Db NayaVedAI[16185:287542] [com.apple.network:connection] nw_endpoint_flow_receive_report [C3 Hostname#d1d1adf1:8081 in_progress parent-flow (satisfied (Path is satisfied), interface: en0[802.11], uses wifi, LQM: unknown)] received child report: [C3.1 Hostname#d1d1adf1:8081 initial path ((null))]
2026-01-28 23:08:16.592 Df NayaVedAI[16185:287542] [com.apple.network:connection] [C3.1 Hostname#d1d1adf1:8081 initial path ((null))] event: path:start @0.001s
2026-01-28 23:08:16.592 Db NayaVedAI[16185:287542] [com.apple.network:connection] nw_endpoint_handler_path_change [C3.1 Hostname#d1d1adf1:8081 waiting path (satisfied (Path is satisfied), interface: en0[802.11], uses wifi, LQM: unknown)]
2026-01-28 23:08:16.592 Db NayaVedAI[16185:287542] [com.apple.networkextension:] ne_tracker_check_is_hostname_blocked() proceeding with the in_the_app check for hostname: localhost
2026-01-28 23:08:16.592 Db NayaVedAI[16185:287542] [com.apple.CFBundle:resources] Resource lookup at CFBundle 0x600003b082a0 </Users/shivi.agarwal/Library/Developer/CoreSimulator/Devices/AC7E343F-585F-430E-B17D-BDD649803605/data/Containers/Bundle/Application/98CBC35C-06EE-465C-8EDA-D759034E84B3/NayaVedAI.app> (executable, loaded)
	Request       : InfoPlist type: strings
	Result        : None
2026-01-28 23:08:16.592 Db NayaVedAI[16185:287542] [com.apple.CFBundle:resources] Resource lookup at CFBundle 0x600003b082a0 </Users/shivi.agarwal/Library/Developer/CoreSimulator/Devices/AC7E343F-585F-430E-B17D-BDD649803605/data/Containers/Bundle/Application/98CBC35C-06EE-465C-8EDA-D759034E84B3/NayaVedAI.app> (executable, loaded)
	Request       : InfoPlist type: stringsdict
	Result        : None
2026-01-28 23:08:16.592 Db NayaVedAI[16185:287542] [com.apple.networkextension:] ne_tracker_check_is_hostname_blocked(): hostname localhost is not a tracker. Returning: ne_tracker_status_none
2026-01-28 23:08:16.593 Db NayaVedAI[16185:287542] [com.apple.network:connection] nw_endpoint_flow_receive_report [C3 Hostname#d1d1adf1:8081 in_progress parent-flow (satisfied (Path is satisfied), interface: en0[802.11], uses wifi, LQM: unknown)] received child report: [C3.1 Hostname#d1d1adf1:8081 waiting path (satisfied (Path is satisfied), interface: en0[802.11], uses wifi, LQM: unknown)]
2026-01-28 23:08:16.593 Df NayaVedAI[16185:287542] [com.apple.network:connection] [C3.1 Hostname#d1d1adf1:8081 waiting path (satisfied (Path is satisfied), interface: en0[802.11], uses wifi, LQM: unknown)] event: path:satisfied @0.001s, uuid: 4B39E38A-343E-4864-A7DA-0CA40A4D124A
2026-01-28 23:08:16.593 Db NayaVedAI[16185:287542] [com.apple.network:] nw_endpoint_proxy_handler_should_use_proxy Looking up proxy for hostname: localhost, ifindex: 0
2026-01-28 23:08:16.593 Db NayaVedAI[16185:287542] [com.apple.SystemConfiguration:SCPreferences] create <SCPreferences 0x107f06690 [0x1e578fa80]> {name = SCDynamicStoreCopyProxiesWithOptions, id = /Library/Managed Preferences/mobile/com.apple.SystemConfiguration.plist, path = /Library/Managed Preferences/mobile/com.apple.SystemConfiguration.plist}
2026-01-28 23:08:16.593 Db NayaVedAI[16185:287542] [com.apple.SystemConfiguration:SCPreferences] SCPreferences() access: /Library/Managed Preferences/mobile/com.apple.SystemConfiguration.plist, size=0
2026-01-28 23:08:16.593 Db NayaVedAI[16185:287542] [com.apple.SystemConfiguration:SCPreferences] release <SCPreferences 0x107f06690 [0x1e578fa80]> {name = SCDynamicStoreCopyProxiesWithOptions, id = /Library/Managed Preferences/mobile/com.apple.SystemConfiguration.plist, path = /Library/Managed Preferences/mobile/com.apple.SystemConfiguration.plist, accessed}
2026-01-28 23:08:16.593 Db NayaVedAI[16185:287542] [com.apple.network:connection] -[NWConcrete_nw_endpoint_resolver startWithHandler:] [C3.1 Hostname#d1d1adf1:8081 waiting resolver (satisfied (Path is satisfied), interface: en0[802.11], uses wifi, LQM: unknown)]
2026-01-28 23:08:16.593 Db NayaVedAI[16185:287542] [com.apple.network:connection] nw_endpoint_flow_receive_report [C3 Hostname#d1d1adf1:8081 in_progress parent-flow (satisfied (Path is satisfied), interface: en0[802.11], uses wifi, LQM: unknown)] received child report: [C3.1 Hostname#d1d1adf1:8081 in_progress resolver (satisfied (Path is satisfied), interface: en0[802.11], uses wifi, LQM: unknown)]
2026-01-28 23:08:16.593 Df NayaVedAI[16185:287542] [com.apple.network:connection] [C3.1 Hostname#d1d1adf1:8081 in_progress resolver (satisfied (Path is satisfied), interface: en0[802.11], uses wifi, LQM: unknown)] event: resolver:start_dns @0.001s
2026-01-28 23:08:16.594 Db NayaVedAI[16185:287453] [com.apple.defaults:User Defaults] found no value for key UITraitUsageTrackingLoggingEnabled in CFPrefsSearchListSource<0x600002c00180> (Domain: com.nayaved.app, Container: (null) Non-launch persona: 0)
2026-01-28 23:08:16.594 Db NayaVedAI[16185:287453] [com.apple.defaults:User Defaults] found no value for key UIStateTrackingLoggingEnabled in CFPrefsSearchListSource<0x600002c00180> (Domain: com.nayaved.app, Container: (null) Non-launch persona: 0)
2026-01-28 23:08:16.594 Db NayaVedAI[16185:287542] [com.apple.networkextension:] ne_tracker_check_is_hostname_blocked() proceeding with the in_the_app check for hostname: localhost
2026-01-28 23:08:16.594 Db NayaVedAI[16185:287542] [com.apple.CFBundle:resources] Resource lookup at CFBundle 0x600003b082a0 </Users/shivi.agarwal/Library/Developer/CoreSimulator/Devices/AC7E343F-585F-430E-B17D-BDD649803605/data/Containers/Bundle/Application/98CBC35C-06EE-465C-8EDA-D759034E84B3/NayaVedAI.app> (executable, loaded)
	Request       : InfoPlist type: strings
	Result        : None
2026-01-28 23:08:16.594 Db NayaVedAI[16185:287542] [com.apple.CFBundle:resources] Resource lookup at CFBundle 0x600003b082a0 </Users/shivi.agarwal/Library/Developer/CoreSimulator/Devices/AC7E343F-585F-430E-B17D-BDD649803605/data/Containers/Bundle/Application/98CBC35C-06EE-465C-8EDA-D759034E84B3/NayaVedAI.app> (executable, loaded)
	Request       : InfoPlist type: stringsdict
	Result        : None
2026-01-28 23:08:16.594 Db NayaVedAI[16185:287542] [com.apple.networkextension:] ne_tracker_check_is_hostname_blocked(): hostname localhost is not a tracker. Returning: ne_tracker_status_none
2026-01-28 23:08:16.594 I  NayaVedAI[16185:287542] [com.apple.network:connection] nw_resolver_create_dns_service_locked [C3.1] Starting host resolution Hostname#d1d1adf1:8081, flags 0xc000d000 proto 0
2026-01-28 23:08:16.594 Df NayaVedAI[16185:287542] [com.apple.CFNetwork:Default] Task <02245C01-C2BF-40A9-99BB-4027CA528583>.<1> setting up Connection 3
2026-01-28 23:08:16.594 Db NayaVedAI[16185:287542] [com.apple.network:activity] Returning should log: 0 for activity cfnetwork:foreground_task
2026-01-28 23:08:16.594 Db NayaVedAI[16185:287453] [com.apple.defaults:User Defaults] found no value for key SheetAG in CFPrefsSearchListSource<0x600002c06080> (Domain: com.apple.UIKit, Container: (null) Non-launch persona: 0)
2026-01-28 23:08:16.594 Db NayaVedAI[16185:287453] [com.apple.defaults:User Defaults] looked up value 0 for key ReduceMotionEnabled in CFPrefsPlistSource<0x600002c10280> (Domain: com.apple.Accessibility, User: kCFPreferencesCurrentUser, ByHost: No, Container: (null), Contents Need Refresh: No) via CFPrefsSearchListSource<0x600002c10200> (Domain: com.apple.Accessibility, Container: (null) Non-launch persona: 0)
2026-01-28 23:08:16.594 Db NayaVedAI[16185:287453] [com.apple.Accessibility:AXSupportCommon] CF Read: domain = com.apple.Accessibility, preference = ReduceMotionEnabled, appID = (null) result = 0 (-1 - empty, 0 - false, 1 - true)
2026-01-28 23:08:16.594 I  NayaVedAI[16185:287542] [com.apple.network:connection] nw_resolver_host_resolve_callback [C3.1] flags=0x40000003 ifindex=4294967295 error=NoError(0) hostname=localhost. addr=IPv6#3d744ca8 ttl=1
2026-01-28 23:08:16.595 I  NayaVedAI[16185:287542] [com.apple.network:connection] nw_resolver_host_resolve_callback [C3.1] flags=0x40000002 ifindex=4294967295 error=NoError(0) hostname=localhost. addr=IPv4#7cbb7b22 ttl=1
2026-01-28 23:08:16.595 Db NayaVedAI[16185:287542] [com.apple.network:] sa_dst_compare_rfc6724 Rule 6, prefer d2, d2 precedence 50 > d1 precedence 35
2026-01-28 23:08:16.595 Db NayaVedAI[16185:287542] [com.apple.network:] sa_dst_compare_internal <private>@0 < <private>@0
2026-01-28 23:08:16.595 Db NayaVedAI[16185:287542] [com.apple.network:connection] nw_endpoint_resolver_update [C3.1 Hostname#d1d1adf1:8081 in_progress resolver (satisfied (Path is satisfied), interface: en0[802.11], uses wifi, LQM: unknown)] resolver is complete
2026-01-28 23:08:16.595 Df NayaVedAI[16185:287542] [com.apple.network:connection] nw_endpoint_resolver_update [C3.1 Hostname#d1d1adf1:8081 in_progress resolver (satisfied (Path is satisfied), interface: en0[802.11], uses wifi, LQM: unknown)] Adding endpoint handler for IPv6#365e23a9.8081
2026-01-28 23:08:16.595 Df NayaVedAI[16185:287542] [com.apple.network:connection] nw_endpoint_resolver_update [C3.1 Hostname#d1d1adf1:8081 in_progress resolver (satisfied (Path is satisfied), interface: en0[802.11], uses wifi, LQM: unknown)] Adding endpoint handler for IPv4#c0c1e77e:8081
2026-01-28 23:08:16.595 Db NayaVedAI[16185:287542] [com.apple.network:connection] nw_endpoint_resolver_update [C3.1 Hostname#d1d1adf1:8081 in_progress resolver (satisfied (Path is satisfied), interface: en0[802.11], uses wifi, LQM: unknown)] Updated endpoint list is (IPv6#365e23a9.8081,IPv4#c0c1e77e:8081)
2026-01-28 23:08:16.595 Db NayaVedAI[16185:287453] [com.apple.defaults:User Defaults] found no value for key _UIConstraintBasedLayout in CFPrefsSearchListSource<0x600002c00180> (Domain: com.nayaved.app, Container: (null) Non-launch persona: 0)
2026-01-28 23:08:16.595 Db NayaVedAI[16185:287542] [com.apple.network:connection] nw_endpoint_flow_receive_report [C3 Hostname#d1d1adf1:8081 in_progress parent-flow (satisfied (Path is satisfied), interface: en0[802.11], uses wifi, LQM: unknown)] received child report: [C3.1 Hostname#d1d1adf1:8081 in_progress resolver (satisfied (Path is satisfied), interface: en0[802.11], uses wifi, LQM: unknown)]
2026-01-28 23:08:16.595 Df NayaVedAI[16185:287542] [com.apple.network:connection] [C3.1 Hostname#d1d1adf1:8081 in_progress resolver (satisfied (Path is satisfied), interface: en0[802.11], uses wifi, LQM: unknown)] event: resolver:receive_dns @0.003s
2026-01-28 23:08:16.595 I  NayaVedAI[16185:287542] [com.apple.network:connection] nw_endpoint_resolver_start_next_child [C3.1 Hostname#d1d1adf1:8081 in_progress resolver (satisfied (Path is satisfied), interface: en0[802.11], uses wifi, LQM: unknown)] starting child endpoint IPv6#365e23a9.8081
2026-01-28 23:08:16.595 I  NayaVedAI[16185:287542] [com.apple.network:connection] nw_endpoint_handler_start [C3.1.1 IPv6#365e23a9.8081 initial path ((null))]
2026-01-28 23:08:16.595 Db NayaVedAI[16185:287542] [com.apple.network:connection] nw_endpoint_resolver_receive_report [C3.1 Hostname#d1d1adf1:8081 in_progress resolver (satisfied (Path is satisfied), interface: en0[802.11], uses wifi, LQM: unknown)] received child report: [C3.1.1 IPv6#365e23a9.8081 initial path ((null))]
2026-01-28 23:08:16.595 Db NayaVedAI[16185:287542] [com.apple.network:connection] nw_endpoint_flow_receive_report [C3 Hostname#d1d1adf1:8081 in_progress parent-flow (satisfied (Path is satisfied), interface: en0[802.11], uses wifi, LQM: unknown)] received child report: [C3.1.1 IPv6#365e23a9.8081 initial path ((null))]
2026-01-28 23:08:16.595 Df NayaVedAI[16185:287542] [com.apple.network:connection] [C3.1.1 IPv6#365e23a9.8081 initial path ((null))] event: path:start @0.003s
2026-01-28 23:08:16.595 Db NayaVedAI[16185:287542] [com.apple.network:connection] nw_endpoint_handler_path_change [C3.1.1 IPv6#365e23a9.8081 waiting path (satisfied (Path is satisfied), interface: lo0)]
2026-01-28 23:08:16.595 Db NayaVedAI[16185:287542] [com.apple.network:connection] nw_endpoint_resolver_receive_report [C3.1 Hostname#d1d1adf1:8081 in_progress resolver (satisfied (Path is satisfied), interface: en0[802.11], uses wifi, LQM: unknown)] received child report: [C3.1.1 IPv6#365e23a9.8081 waiting path (satisfied (Path is satisfied), interface: lo0)]
2026-01-28 23:08:16.595 Db NayaVedAI[16185:287542] [com.apple.network:connection] nw_endpoint_flow_receive_report [C3 Hostname#d1d1adf1:8081 in_progress parent-flow (satisfied (Path is satisfied), interface: en0[802.11], uses wifi, LQM: unknown)] received child report: [C3.1.1 IPv6#365e23a9.8081 waiting path (satisfied (Path is satisfied), interface: lo0)]
2026-01-28 23:08:16.595 Df NayaVedAI[16185:287542] [com.apple.network:connection] [C3.1.1 IPv6#365e23a9.8081 waiting path (satisfied (Path is satisfied), interface: lo0)] event: path:satisfied @0.004s, uuid: 7E7BBAA9-2560-4191-9A19-00DDA939C23C
2026-01-28 23:08:16.595 Db NayaVedAI[16185:287542] [com.apple.network:] nw_endpoint_proxy_handler_should_use_proxy Looking up proxy for hostname: <nil>, ifindex: 0
2026-01-28 23:08:16.595 Db NayaVedAI[16185:287542] [com.apple.SystemConfiguration:SCPreferences] create <SCPreferences 0x107b146b0 [0x1e578fa80]> {name = SCDynamicStoreCopyProxiesWithOptions, id = /Library/Managed Preferences/mobile/com.apple.SystemConfiguration.plist, path = /Library/Managed Preferences/mobile/com.apple.SystemConfiguration.plist}
2026-01-28 23:08:16.595 Db NayaVedAI[16185:287542] [com.apple.SystemConfiguration:SCPreferences] SCPreferences() access: /Library/Managed Preferences/mobile/com.apple.SystemConfiguration.plist, size=0
2026-01-28 23:08:16.595 Db NayaVedAI[16185:287542] [com.apple.SystemConfiguration:SCPreferences] release <SCPreferences 0x107b146b0 [0x1e578fa80]> {name = SCDynamicStoreCopyProxiesWithOptions, id = /Library/Managed Preferences/mobile/com.apple.SystemConfiguration.plist, path = /Library/Managed Preferences/mobile/com.apple.SystemConfiguration.plist, accessed}
2026-01-28 23:08:16.595 I  NayaVedAI[16185:287542] [com.apple.network:connection] nw_association_create_flow <nw_association IPv6#365e23a9.8081> Added association flow ID 56AA9E45-C7B4-423B-820D-415D13C601EC
2026-01-28 23:08:16.595 I  NayaVedAI[16185:287542] [com.apple.network:connection] nw_endpoint_flow_setup_protocols [C3.1.1 IPv6#365e23a9.8081 in_progress socket-flow (satisfied (Path is satisfied), interface: lo0)] setup flow id 56AA9E45-C7B4-423B-820D-415D13C601EC
2026-01-28 23:08:16.595 Db NayaVedAI[16185:287542] [com.apple.network:connection] nw_endpoint_flow_attach_protocols [C3.1.1 IPv6#365e23a9.8081 in_progress socket-flow (satisfied (Path is satisfied), interface: lo0)]
2026-01-28 23:08:16.596 Db NayaVedAI[16185:287542] [com.apple.network:connection] nw_endpoint_flow_attach_protocols_block_invoke [C3.1.1 IPv6#365e23a9.8081 in_progress socket-flow (satisfied (Path is satisfied), interface: lo0)] Attached application protocol: CFNetworkConnection-1826870526
2026-01-28 23:08:16.596 Db NayaVedAI[16185:287542] [com.apple.network:] nw_fd_wrapper_create Created <fd_wrapper 15, guarded: false>
2026-01-28 23:08:16.596 Db NayaVedAI[16185:287542] [com.apple.network:connection] nw_endpoint_flow_attach_protocols [C3.1.1 IPv6#365e23a9.8081 in_progress socket-flow (satisfied (Path is satisfied), interface: lo0)] Attached socket protocol
2026-01-28 23:08:16.596 Db NayaVedAI[16185:287542] [com.apple.network:connection] nw_endpoint_flow_setup_protocols [C3.1.1 IPv6#365e23a9.8081 in_progress socket-flow (satisfied (Path is satisfied), interface: lo0)] leaf flow starting
2026-01-28 23:08:16.596 Db NayaVedAI[16185:287542] [com.apple.network:connection] nw_endpoint_resolver_receive_report [C3.1 Hostname#d1d1adf1:8081 in_progress resolver (satisfied (Path is satisfied), interface: en0[802.11], uses wifi, LQM: unknown)] received child report: [C3.1.1 IPv6#365e23a9.8081 in_progress socket-flow (satisfied (Path is satisfied), interface: lo0)]
2026-01-28 23:08:16.596 Db NayaVedAI[16185:287542] [com.apple.network:connection] nw_endpoint_flow_receive_report [C3 Hostname#d1d1adf1:8081 in_progress parent-flow (satisfied (Path is satisfied), interface: en0[802.11], uses wifi, LQM: unknown)] received child report: [C3.1.1 IPv6#365e23a9.8081 in_progress socket-flow (satisfied (Path is satisfied), interface: lo0)]
2026-01-28 23:08:16.596 Df NayaVedAI[16185:287542] [com.apple.network:connection] [C3.1.1 IPv6#365e23a9.8081 in_progress socket-flow (satisfied (Path is satisfied), interface: lo0)] event: flow:start_connect @0.004s
2026-01-28 23:08:16.596 I  NayaVedAI[16185:287542] [com.apple.network:connection] nw_endpoint_resolver_start_next_child [C3.1 Hostname#d1d1adf1:8081 in_progress resolver (satisfied (Path is satisfied), interface: en0[802.11], uses wifi, LQM: unknown)] starting next child endpoint in 100ms
2026-01-28 23:08:16.596 Db NayaVedAI[16185:287542] [com.apple.network:connection] nw_socket_handle_socket_event [C3.1.1:2] Event mask: 0x800
2026-01-28 23:08:16.596 Df NayaVedAI[16185:287542] [com.apple.network:connection] nw_socket_handle_socket_event [C3.1.1:2] Socket received CONNECTED event
2026-01-28 23:08:16.596 Db NayaVedAI[16185:287542] [com.apple.network:connection] nw_socket_setup_notsent_lowat [C3.1.1:2] Set TCP_NOTSENT_LOWAT(16384)
2026-01-28 23:08:16.596 Df NayaVedAI[16185:287542] [com.apple.network:connection] nw_flow_connected [C3.1.1 IPv6#365e23a9.8081 in_progress socket-flow (satisfied (Path is satisfied), interface: lo0)] Transport protocol connected (socket)
2026-01-28 23:08:16.596 Db NayaVedAI[16185:287453] [com.apple.defaults:User Defaults] found no value for key LogUIPresentationController in CFPrefsSearchListSource<0x600002c06080> (Domain: com.apple.UIKit, Container: (null) Non-launch persona: 0)
2026-01-28 23:08:16.596 Db NayaVedAI[16185:287542] [com.apple.network:connection] nw_endpoint_resolver_receive_report [C3.1 Hostname#d1d1adf1:8081 in_progress resolver (satisfied (Path is satisfied), interface: en0[802.11], uses wifi, LQM: unknown)] received child report: [C3.1.1 IPv6#365e23a9.8081 in_progress socket-flow (satisfied (Path is satisfied), interface: lo0)]
2026-01-28 23:08:16.596 Db NayaVedAI[16185:287542] [com.apple.network:connection] nw_endpoint_flow_receive_report [C3 Hostname#d1d1adf1:8081 in_progress parent-flow (satisfied (Path is satisfied), interface: en0[802.11], uses wifi, LQM: unknown)] received child report: [C3.1.1 IPv6#365e23a9.8081 in_progress socket-flow (satisfied (Path is satisfied), interface: lo0)]
2026-01-28 23:08:16.596 Df NayaVedAI[16185:287542] [com.apple.network:connection] [C3.1.1 IPv6#365e23a9.8081 in_progress socket-flow (satisfied (Path is satisfied), interface: lo0)] event: flow:finish_transport @0.005s
2026-01-28 23:08:16.596 I  NayaVedAI[16185:287542] [com.apple.network:connection] nw_endpoint_resolver_receive_report [C3.1 Hostname#d1d1adf1:8081 in_progress resolver (satisfied (Path is satisfied), interface: en0[802.11], uses wifi, LQM: unknown)] pushing out endpoint race by 2000ms
2026-01-28 23:08:16.596 Df NayaVedAI[16185:287542] [com.apple.network:connection] nw_flow_connected [C3.1.1 IPv6#365e23a9.8081 in_progress socket-flow (satisfied (Path is satisfied), interface: lo0)] Output protocol connected (CFNetworkConnection-1826870526)
2026-01-28 23:08:16.596 Db NayaVedAI[16185:287542] [com.apple.network:connection] nw_endpoint_flow_connected_path_change [C3.1.1 IPv6#365e23a9.8081 ready socket-flow (satisfied (Path is satisfied), interface: lo0)]
2026-01-28 23:08:16.596 I  NayaVedAI[16185:287542] [com.apple.network:connection] nw_endpoint_flow_connected_path_change [C3.1.1 IPv6#365e23a9.8081 ready socket-flow (satisfied (Path is satisfied), interface: lo0)] Connected path is satisfied, not viable
2026-01-28 23:08:16.596 I  NayaVedAI[16185:287453] [com.apple.Accessibility:AXAppAccessibility] Presentation controller doesn't modalize: <_UIRootPresentationController: 0x107a07f20>
2026-01-28 23:08:16.596 Db NayaVedAI[16185:287542] [com.apple.network:connection] nw_endpoint_resolver_receive_report [C3.1 Hostname#d1d1adf1:8081 in_progress resolver (satisfied (Path is satisfied), interface: en0[802.11], uses wifi, LQM: unknown)] received child report: [C3.1.1 IPv6#365e23a9.8081 ready socket-flow (satisfied (Path is satisfied), interface: lo0)]
2026-01-28 23:08:16.597 Db NayaVedAI[16185:287542] [com.apple.network:connection] nw_endpoint_flow_receive_report [C3 Hostname#d1d1adf1:8081 in_progress parent-flow (satisfied (Path is satisfied), interface: en0[802.11], uses wifi, LQM: unknown)] received child report: [C3.1.1 IPv6#365e23a9.8081 ready socket-flow (satisfied (Path is satisfied), interface: lo0)]
2026-01-28 23:08:16.597 Df NayaVedAI[16185:287542] [com.apple.network:connection] [C3.1.1 IPv6#365e23a9.8081 ready socket-flow (satisfied (Path is satisfied), interface: lo0)] event: flow:child_finish_connect @0.005s
2026-01-28 23:08:16.597 Db NayaVedAI[16185:287542] [com.apple.network:connection] nw_endpoint_flow_receive_report [C3 IPv6#365e23a9.8081 in_progress parent-flow (satisfied (Path is satisfied), interface: en0[802.11], uses wifi, LQM: unknown)] connecting endpoint_flow to child's shared protocol
2026-01-28 23:08:16.597 Db NayaVedAI[16185:287542] [com.apple.network:connection] nw_endpoint_flow_setup_protocols [C3 IPv6#365e23a9.8081 in_progress parent-flow (satisfied (Path is satisfied), interface: en0[802.11], uses wifi, LQM: unknown)] already set up
2026-01-28 23:08:16.597 Db NayaVedAI[16185:287542] [com.apple.network:connection] nw_endpoint_flow_setup_protocols [C3 IPv6#365e23a9.8081 in_progress parent-flow (satisfied (Path is satisfied), interface: en0[802.11], uses wifi, LQM: unknown)] child flow connected, starting
2026-01-28 23:08:16.597 Db NayaVedAI[16185:287542] [com.apple.network:connection] nw_endpoint_flow_setup_protocols [C3 IPv6#365e23a9.8081 in_progress parent-flow (satisfied (Path is satisfied), interface: en0[802.11], uses wifi, LQM: unknown)] already started
2026-01-28 23:08:16.597 Db NayaVedAI[16185:287542] [com.apple.network:connection] nw_endpoint_flow_receive_report [C3 IPv6#365e23a9.8081 in_progress parent-flow (satisfied (Path is satisfied), interface: en0[802.11], uses wifi, LQM: unknown)] received child report: [C3.1 Hostname#d1d1adf1:8081 ready resolver (satisfied (Path is satisfied), interface: en0[802.11], uses wifi, LQM: unknown)]
2026-01-28 23:08:16.597 Df NayaVedAI[16185:287542] [com.apple.network:connection] [C3.1 Hostname#d1d1adf1:8081 ready resolver (satisfied (Path is satisfied), interface: en0[802.11], uses wifi, LQM: unknown)] event: flow:child_finish_connect @0.005s
2026-01-28 23:08:16.597 Db NayaVedAI[16185:287453] [com.apple.defaults:User Defaults] found no value for key UseSingleSystemColor in CFPrefsSearchListSource<0x600002c10200> (Domain: com.apple.Accessibility, Container: (null) Non-launch persona: 0)
2026-01-28 23:08:16.597 I  NayaVedAI[16185:287542] [com.apple.network:connection] nw_endpoint_handler_cancel [C3.1.2 IPv4#c0c1e77e:8081 initial path ((null))]
2026-01-28 23:08:16.597 Db NayaVedAI[16185:287453] [com.apple.Accessibility:AXSupportCommon] CF Read: domain = com.apple.Accessibility, preference = UseSingleSystemColor, appID = (null) result = (null) (-1 - empty, 0 - false, 1 - true)
2026-01-28 23:08:16.597 Df NayaVedAI[16185:287542] [com.apple.network:connection] nw_flow_connected [C3 IPv6#365e23a9.8081 in_progress parent-flow (satisfied (Path is satisfied), interface: en0[802.11], uses wifi, LQM: unknown)] Output protocol connected (endpoint_flow)
2026-01-28 23:08:16.597 Db NayaVedAI[16185:287542] [com.apple.network:connection] nw_endpoint_flow_connected_path_change [C3 IPv6#365e23a9.8081 ready parent-flow (satisfied (Path is satisfied), interface: en0[802.11], uses wifi, LQM: unknown)]
2026-01-28 23:08:16.597 Db NayaVedAI[16185:287453] [com.apple.defaults:User Defaults] found no value for key UseSingleSystemColor in CFPrefsPlistSource<0x600002c10580> (Domain: com.apple.Accessibility, User: kCFPreferencesCurrentUser, ByHost: No, Container: /Users/shivi.agarwal/Library/Developer/CoreSimulator/Devices/AC7E343F-585F-430E-B17D-BDD649803605/data, Contents Need Refresh: No)
2026-01-28 23:08:16.597 I  NayaVedAI[16185:287542] [com.apple.network:connection] nw_endpoint_flow_connected_path_change [C3 IPv6#365e23a9.8081 ready parent-flow (satisfied (Path is satisfied), interface: en0[802.11], uses wifi, LQM: unknown)] Connected path is satisfied, child is not viable
2026-01-28 23:08:16.597 Df NayaVedAI[16185:287542] [com.apple.network:connection] [C3 IPv6#365e23a9.8081 ready parent-flow (satisfied (Path is satisfied), interface: en0[802.11], uses wifi, LQM: unknown)] event: flow:finish_connect @0.005s
2026-01-28 23:08:16.597 Db NayaVedAI[16185:287542] [com.apple.network:connection] nw_connection_run_pqtls_probe_locked_on_nw_queue [C3] No TLS metadata; not running PQ-TLS probe
2026-01-28 23:08:16.597 Db NayaVedAI[16185:287542] [com.apple.network:connection] nw_connection_run_ech_probe_locked_on_nw_queue [C3] stack doesn't include TLS; not running ECH probe
2026-01-28 23:08:16.597 Db NayaVedAI[16185:287542] [com.apple.network:connection] nw_connection_endpoint_report_on_nw_queue_block_invoke [C3] Connected fallback generation 0
2026-01-28 23:08:16.597 I  NayaVedAI[16185:287542] [com.apple.network:connection] nw_connection_start_candidate_manager_if_needed_locked [C3] Checking whether to start candidate manager
2026-01-28 23:08:16.597 Db NayaVedAI[16185:287542] [com.apple.network:connection] nw_connection_start_candidate_manager_if_needed_locked [C3] Connection does not support multipath, not starting candidate manager
2026-01-28 23:08:16.597 Db NayaVedAI[16185:287453] [com.apple.defaults:User Defaults] found no value for key UIViewShowAlignmentRects in CFPrefsSearchListSource<0x600002c00180> (Domain: com.nayaved.app, Container: (null) Non-launch persona: 0)
2026-01-28 23:08:16.597 Df NayaVedAI[16185:287542] [com.apple.network:connection] nw_connection_report_state_with_handler_on_nw_queue [C3] reporting state ready
2026-01-28 23:08:16.597 Df NayaVedAI[16185:287542] [com.apple.CFNetwork:Default] Connection 3: connected successfully
2026-01-28 23:08:16.597 Df NayaVedAI[16185:287542] [com.apple.CFNetwork:Default] Connection 3: ready C(N) E(N)
2026-01-28 23:08:16.597 Db NayaVedAI[16185:287542] [com.apple.CFNetwork:Default] Task <02245C01-C2BF-40A9-99BB-4027CA528583>.<1> done setting up Connection 3
2026-01-28 23:08:16.597 Db NayaVedAI[16185:287542] [com.apple.network:activity] Returning should log: 0 for activity cfnetwork:foreground_task
2026-01-28 23:08:16.597 Df NayaVedAI[16185:287542] [com.apple.CFNetwork:Default] Task <02245C01-C2BF-40A9-99BB-4027CA528583>.<1> now using Connection 3
2026-01-28 23:08:16.597 Db NayaVedAI[16185:287542] [com.apple.network:activity] Returning should log: 0 for activity cfnetwork:foreground_task
2026-01-28 23:08:16.597 Df NayaVedAI[16185:287542] [com.apple.CFNetwork:Default] Task <02245C01-C2BF-40A9-99BB-4027CA528583>.<1> sent request, body N 0
2026-01-28 23:08:16.598 Db NayaVedAI[16185:287453] [com.apple.defaults:User Defaults] found no value for key UIViewLocalizeOverrideLayoutEngine in CFPrefsSearchListSource<0x600002c00180> (Domain: com.nayaved.app, Container: (null) Non-launch persona: 0)
2026-01-28 23:08:16.602 Db NayaVedAI[16185:287453] [com.apple.CFBundle:resources] Language lookup at CFBundle 0x600003b06140 </Library/Developer/CoreSimulator/Volumes/iOS_23C54/Library/Developer/CoreSimulator/Profiles/Runtimes/iOS 26.2.simruntime/Contents/Resources/RuntimeRoot/System/Library/PrivateFrameworks/UIKitCore.framework/BoundingPathData.bundle> (not loaded)
	Localizations : [en]
	Dev language  : en
	User prefs    : [en-CA]
	Main bundle   : [<null>]
	Allow mixed   : 1 
	Result        : [en]
2026-01-28 23:08:16.602 Db NayaVedAI[16185:287453] [com.apple.CFBundle:resources] Resource lookup at CFBundle 0x600003b06140 </Library/Developer/CoreSimulator/Volumes/iOS_23C54/Library/Developer/CoreSimulator/Profiles/Runtimes/iOS 26.2.simruntime/Contents/Resources/RuntimeRoot/System/Library/PrivateFrameworks/UIKitCore.framework/BoundingPathData.bundle> (not loaded)
	Request       : Assets type: car
	Result        : file:///Library/Developer/CoreSimulator/Volumes/iOS_23C54/Library/Developer/CoreSimulator/Profiles/Runtimes/iOS%2026.2.simruntime/Contents/Resources/RuntimeRoot/System/Library/PrivateFrameworks/UIKitCore.framework/BoundingPathData.bundle/Assets.car
2026-01-28 23:08:16.603 Db NayaVedAI[16185:287453] [com.apple.defaults:User Defaults] found no value for key CUIShowDebugLogs in CFPrefsSearchListSource<0x600002c00180> (Domain: com.nayaved.app, Container: (null) Non-launch persona: 0)
2026-01-28 23:08:16.604 Df NayaVedAI[16185:287542] [com.apple.CFNetwork:Default] Task <02245C01-C2BF-40A9-99BB-4027CA528583>.<1> received response, status 200 content C
2026-01-28 23:08:16.608 Db NayaVedAI[16185:287453] [com.apple.defaults:User Defaults] found no value for key UIViewControllerDetachedInheritsContentOverlayInsetsFromSuperview in CFPrefsSearchListSource<0x600002c00180> (Domain: com.nayaved.app, Container: (null) Non-launch persona: 0)
2026-01-28 23:08:16.608 Db NayaVedAI[16185:287453] [com.apple.defaults:User Defaults] found no value for key ModernContentOverlayInsetsPropagation in CFPrefsSearchListSource<0x600002c00180> (Domain: com.nayaved.app, Container: (null) Non-launch persona: 0)
2026-01-28 23:08:16.608 Db NayaVedAI[16185:287453] [com.apple.defaults:User Defaults] found no value for key LogOrientation in CFPrefsSearchListSource<0x600002c06080> (Domain: com.apple.UIKit, Container: (null) Non-launch persona: 0)
2026-01-28 23:08:16.609 Df NayaVedAI[16185:287453] [com.apple.UIKit:Orientation] <UIWindowScene: 0x10790fd10> (AF758778-0A3E-4F97-8920-F9E27F176868) Scene updated orientation preferences: none -> ( Pu )
2026-01-28 23:08:16.611 Df NayaVedAI[16185:287453] [com.apple.UIKit:KeyWindow] Key window API is scene-level: YES
2026-01-28 23:08:16.611 Df NayaVedAI[16185:287453] [com.apple.UIKit:KeyWindow] UIWindowScene: 0x10790fd10: Window became key in scene: UIWindow: 0x107c1b630; contextId: 0x920A837D: reason: UIWindowScene: 0x10790fd10: Window requested to become key in scene: 0x107c1b630
2026-01-28 23:08:16.611 Df NayaVedAI[16185:287453] [com.apple.UIKit:KeyWindow] Key window needs update: 1; currentKeyWindowScene: 0x0; evaluatedKeyWindowScene: 0x10790fd10; currentApplicationKeyWindow: 0x0; evaluatedApplicationKeyWindow: 0x107c1b630; reason: UIWindowScene: 0x10790fd10: Window requested to become key in scene: 0x107c1b630
2026-01-28 23:08:16.611 Df NayaVedAI[16185:287453] [com.apple.UIKit:KeyWindow] Window did become application key: UIWindow: 0x107c1b630; contextId: 0x920A837D; scene identity: com.apple.frontboard.systemappservices/FBSceneManager:sceneID%3Acom.nayaved.app-default
2026-01-28 23:08:16.611 Df NayaVedAI[16185:287453] [com.apple.UIKit:EventDeferring] [0x6000029182a0] Begin local event deferring requested for token: 0x6000026215c0; environments: 1; reason: UIWindowScene: 0x10790fd10: Begin event deferring in keyboardFocus for window: 0x107c1b630
2026-01-28 23:08:16.612 Db NayaVedAI[16185:287453] [com.apple.BackBoard:EventDelivery] aborting flush, not connected to server
2026-01-28 23:08:16.612 Df NayaVedAI[16185:287532] [com.apple.BackBoard:EventDelivery] BKSHIDEventDeliveryManager - connection activation
2026-01-28 23:08:16.612 Db NayaVedAI[16185:287453] [com.apple.defaults:User Defaults] found no value for key LogKeyboardFocus in CFPrefsSearchListSource<0x600002c06080> (Domain: com.apple.UIKit, Container: (null) Non-launch persona: 0)
2026-01-28 23:08:16.612 Db NayaVedAI[16185:287532] [com.apple.BackBoard:EventDelivery] flushing changes: {
    contentsMask: 0x2; deferringRules: [[16185-1]];
}
2026-01-28 23:08:16.613 I  NayaVedAI[16185:287453] [com.apple.coreaudio:as_client]     AVAudioSession_iOS.mm:253   Registering to CFNotificationCenter to notify of Observers of MicrophoneInjectionCapabilityChangeNotification
2026-01-28 23:08:16.613 Db NayaVedAI[16185:287453] [com.apple.defaults:User Defaults] found no value for key detoxURLOverride in CFPrefsSearchListSource<0x600002c00180> (Domain: com.nayaved.app, Container: (null) Non-launch persona: 0)
2026-01-28 23:08:16.613 Db NayaVedAI[16185:287453] [com.apple.BackgroundTasks:Framework] Application finished launching
2026-01-28 23:08:16.613 Df NayaVedAI[16185:287532] [com.apple.BackBoard:EventDelivery] policyStatus:<BKSHIDEventDeliveryPolicyObserver: 0x60000261c300; token: com.apple.frontboard.systemappservices/FBSceneManager:sceneID%3Acom.nayaved.app-default; status: ancestor> was:target
2026-01-28 23:08:16.613 Db NayaVedAI[16185:287532] [com.apple.BackBoard:EventDelivery] observerPolicyDidChange: 0x60000261c300 -> <_UIKeyWindowSceneObserver: 0x600000c24600>
2026-01-28 23:08:16.613 Df NayaVedAI[16185:287453] [com.apple.UIKit:Application] Deactivation reason removed: 10; deactivation reasons: 3104 -> 2080; animating application lifecycle event: 1
2026-01-28 23:08:16.613 Db NayaVedAI[16185:287453] [com.apple.UIKit:UIDevice.orientation] Setting device orientation to 1 and sending notification.
2026-01-28 23:08:16.613 Db NayaVedAI[16185:287453] [com.apple.UIKit:UIDevice.orientation] Setting device orientation to 0 and sending notification.
2026-01-28 23:08:16.613 Df NayaVedAI[16185:287453] [com.apple.UIKit:Application] Deactivation reason added: 12; deactivation reasons: 2080 -> 6176; animating application lifecycle event: 1
2026-01-28 23:08:16.614 Df NayaVedAI[16185:287453] [com.apple.UIKit:Application] Deactivation reason removed: 11; deactivation reasons: 6176 -> 4128; animating application lifecycle event: 1
2026-01-28 23:08:16.614 Df NayaVedAI[16185:287453] [com.apple.FrontBoard:SceneExtension] Realizing settings extension <_UISceneIntelligenceSupportSettings> on FBSSceneSettings
2026-01-28 23:08:16.614 Db NayaVedAI[16185:287453] [com.apple.FrontBoard:SceneExtension] registering method "collectAsRemoteElement" from extension <_UISceneIntelligenceSupportSettings> on class "FBSSceneSettings"
2026-01-28 23:08:16.614 Db NayaVedAI[16185:287453] [com.apple.FrontBoard:SceneExtension] registering method "setCollectAsRemoteElement:" from extension <_UISceneIntelligenceSupportSettings> on class "FBSSceneSettings"
2026-01-28 23:08:16.614 Db NayaVedAI[16185:287453] [com.apple.BacklightServices:scenes] 0x600000c22490 environment updated:sceneID:com.nayaved.app-default
  delta:{ visualState:0 date:0 active:0 seed:0 }
  diff:(null)
  new:(null) (null)
  old:(null) (null)
  new:(null)
2026-01-28 23:08:16.614 Df NayaVedAI[16185:28753e] [com.apple.UIIntelligenceSupport:xpc] establishing connection to agent
2026-01-28 23:08:16.614 Df NayaVedAI[16185:28753e] [com.apple.xpc:session] [0x600002119a40] Session created.
2026-01-28 23:08:16.614 Df NayaVedAI[16185:28753e] [com.apple.xpc:session] [0x600002119a40] Session created from connection [0x107b17030]
2026-01-28 23:08:16.614 Df NayaVedAI[16185:28753e] [com.apple.xpc:connection] [0x107b17030] activating connection: mach=true listener=false peer=false name=com.apple.uiintelligencesupport.agent
2026-01-28 23:08:16.614 Db NayaVedAI[16185:287453] [com.apple.BacklightServices:scenes] BLSBacklightFBSSceneEnvironment (BacklightUIServices) _settingsDiffActionsForScene
2026-01-28 23:08:16.614 Db NayaVedAI[16185:287453] [com.apple.BacklightServices:scenes] create BLSBacklightUISceneEnvironmentDiffAction:<_UIBacklightUISceneEnvironmentDiffAction: 0x600000005560>
2026-01-28 23:08:16.614 Db NayaVedAI[16185:287453] [com.apple.BacklightServices:scenes] BLSBacklightFBSSceneEnvironment (BacklightUIServices) _actionRespondersForScene
2026-01-28 23:08:16.614 Db NayaVedAI[16185:287453] [com.apple.BacklightServices:scenes] create BLSBacklightUISceneEnvironmentActionHandler:<_UIBacklightUISceneEnvironmentActionHandler: 0x600000005770>
2026-01-28 23:08:16.615 Df NayaVedAI[16185:28753e] [com.apple.xpc:session] [0x600002119a40] Session activated
2026-01-28 23:08:16.615 Df NayaVedAI[16185:287453] [com.apple.UIKit:InterfaceStyle] Not push traits update to screen for new style 1, <UIWindowScene: 0x10790fd10> (AF758778-0A3E-4F97-8920-F9E27F176868)
2026-01-28 23:08:16.616 Db NayaVedAI[16185:287453] [com.apple.defaults:User Defaults] found no value for key CAEnableDeepFramebuffer in CFPrefsSearchListSource<0x600002c00180> (Domain: com.nayaved.app, Container: (null) Non-launch persona: 0)
2026-01-28 23:08:16.616 Db NayaVedAI[16185:28753e] [com.apple.BaseBoard:Common] [BSBlockSentinel:FBSWorkspaceScenesClient] signaled! 1 of 1
2026-01-28 23:08:16.616 Db NayaVedAI[16185:28753e] [com.apple.BaseBoard:Common] [BSBlockSentinel:FBSWorkspaceScenesClient] dealloc
2026-01-28 23:08:16.618 Db NayaVedAI[16185:287453] [com.apple.launchservices:db] LS DB needs to be mapped into process 16185 for session LSSessionKey(system: 0 uid: 501) (existing DB @ 0x0).
2026-01-28 23:08:16.618 Df NayaVedAI[16185:287453] [com.apple.xpc:connection] [0x107a06ef0] activating connection: mach=true listener=false peer=false name=com.apple.lsd.mapdb
2026-01-28 23:08:16.618 Db NayaVedAI[16185:287532] [com.apple.runningboard:message] PERF: [app<com.nayaved.app((null))>:16185] Received message from runningboardd: async_didChangeInheritances:completion:
2026-01-28 23:08:16.618 A  NayaVedAI[16185:287532] (RunningBoardServices) didChangeInheritances
2026-01-28 23:08:16.618 Db NayaVedAI[16185:287532] [com.apple.runningboard:connection] didChangeInheritances: <RBSInheritanceChangeSet| gained:{(
    <RBSInheritance| environment:UIScene:com.apple.frontboard.systemappservices/FBSceneManager:sceneID%3Acom.nayaved.app-default name:com.apple.frontboard.visibility origID:63426-63423-2778 payload 18348668041502042917>
)} lost:(null)>
2026-01-28 23:08:16.618 Db NayaVedAI[16185:287453] [com.apple.coreservicesstore:default] Creating CSStore from XPC coder with length 7995392
2026-01-28 23:08:16.619 Db NayaVedAI[16185:287453] [com.apple.coreservicesstore:default] Checked CSStore data with lengths 7995392/7934648/7981364
2026-01-28 23:08:16.619 I  NayaVedAI[16185:287453] [com.apple.launchservices:db] LaunchServices database schema version: 20971542
2026-01-28 23:08:16.619 Db NayaVedAI[16185:287453] [com.apple.launchservices:db] Loaded LS database with sequence number 708
2026-01-28 23:08:16.619 Db NayaVedAI[16185:287453] [com.apple.launchservices:db] Client database updated - seq#: 708
2026-01-28 23:08:16.619 I  NayaVedAI[16185:287453] [com.apple.launchservices:datasep] application record search init. Node: <FSNode 0x60000025eaa0> { isDir = y, path = '/Users/shivi.agarwal/Library/Developer/CoreSimulator/Devices/AC7E343F-585F-430E-B17D-BDD649803605/data/Containers/Bundle/Application/98CBC35C-06EE-465C-8EDA-D759034E84B3/NayaVedAI.app' } bundleID: (null) itemID: 0
2026-01-28 23:08:16.619 Db NayaVedAI[16185:287453] [com.apple.launchservices:binding] BindingEvaluator::CreateWithBundleInfo(ID=(null), name=NayaVedAI.app, CC=????, vers=(null))
2026-01-28 23:08:16.619 Db NayaVedAI[16185:287453] [com.apple.launchservices:binding] Skipping strong binding binding due to options
2026-01-28 23:08:16.619 Db NayaVedAI[16185:287453] [com.apple.launchservices:binding] Truncating a list of bindings to max 1 known-good ones.
2026-01-28 23:08:16.619 Db NayaVedAI[16185:287453] [com.apple.launchservices:binding] Truncating a list of bindings to max 1 known-good ones.
2026-01-28 23:08:16.620 Db NayaVedAI[16185:287453] [com.apple.CFBundle:resources] Language lookup at CFBundle 0x600003b18000 </Library/Developer/CoreSimulator/Volumes/iOS_23C54/Library/Developer/CoreSimulator/Profiles/Runtimes/iOS 26.2.simruntime/Contents/Resources/RuntimeRoot/System/Library/PrivateFrameworks/UIKitCore.framework> (not loaded)
	Localizations : [de, ur, he, en_AU, ar, el, ja, mr, en, uk, es_419, gu, zh_CN, kn, pa, es, sl, or, da, it, bg, sk, kk, pt_PT, ms, ta, ml, sv, te, cs, ko, no, hu, zh_HK, tr, pl, zh_TW, en_GB, vi, lt, ru, fr_CA, fr, fi, id, nl, th, pt, bn, ro, hr, hi, ca]
	Dev language  : en
	User prefs    : [en-CA]
	Main bundle   : [<null>]
	Allow mixed   : 1 
	Result        : [en]
2026-01-28 23:08:16.620 Db NayaVedAI[16185:287453] [com.apple.CFBundle:resources] Resource lookup at CFBundle 0x600003b18000 </Library/Developer/CoreSimulator/Volumes/iOS_23C54/Library/Developer/CoreSimulator/Profiles/Runtimes/iOS 26.2.simruntime/Contents/Resources/RuntimeRoot/System/Library/PrivateFrameworks/UIKitCore.framework> (not loaded)
	Request       : Localizable type: loctable
	Result        : None
