2026-01-28 16:28:37.215 Db NayaVedAI[71451:219a2a] [com.apple.network:connection] nw_endpoint_flow_setup_protocols [C16 IPv6#e1664cbf.8081 in_progress parent-flow (satisfied (Path is satisfied), interface: en0[802.11], uses wifi, LQM: unknown)] already started
2026-01-28 16:28:37.215 Db NayaVedAI[71451:219a2a] [com.apple.network:connection] nw_endpoint_flow_receive_report [C16 IPv6#e1664cbf.8081 in_progress parent-flow (satisfied (Path is satisfied), interface: en0[802.11], uses wifi, LQM: unknown)] received child report: [C16.1 Hostname#a19a2c0f:8081 ready resolver (satisfied (Path is satisfied), interface: en0[802.11], uses wifi, LQM: unknown)]
2026-01-28 16:28:37.215 Df NayaVedAI[71451:219a2a] [com.apple.network:connection] [C16.1 Hostname#a19a2c0f:8081 ready resolver (satisfied (Path is satisfied), interface: en0[802.11], uses wifi, LQM: unknown)] event: flow:child_finish_connect @0.004s
2026-01-28 16:28:37.215 I  NayaVedAI[71451:219a2a] [com.apple.network:connection] nw_endpoint_handler_cancel [C16.1.2 IPv4#43158804:8081 initial path ((null))]
2026-01-28 16:28:37.215 Df NayaVedAI[71451:219a2a] [com.apple.network:connection] nw_flow_connected [C16 IPv6#e1664cbf.8081 in_progress parent-flow (satisfied (Path is satisfied), interface: en0[802.11], uses wifi, LQM: unknown)] Output protocol connected (endpoint_flow)
2026-01-28 16:28:37.215 Db NayaVedAI[71451:219a2a] [com.apple.network:connection] nw_endpoint_flow_connected_path_change [C16 IPv6#e1664cbf.8081 ready parent-flow (satisfied (Path is satisfied), interface: en0[802.11], uses wifi, LQM: unknown)]
2026-01-28 16:28:37.215 I  NayaVedAI[71451:219a2a] [com.apple.network:connection] nw_endpoint_flow_connected_path_change [C16 IPv6#e1664cbf.8081 ready parent-flow (satisfied (Path is satisfied), interface: en0[802.11], uses wifi, LQM: unknown)] Connected path is satisfied, child is not viable
2026-01-28 16:28:37.215 Df NayaVedAI[71451:219a2a] [com.apple.network:connection] [C16 IPv6#e1664cbf.8081 ready parent-flow (satisfied (Path is satisfied), interface: en0[802.11], uses wifi, LQM: unknown)] event: flow:finish_connect @0.004s
2026-01-28 16:28:37.215 Db NayaVedAI[71451:219a2a] [com.apple.network:connection] nw_connection_run_pqtls_probe_locked_on_nw_queue [C16] No TLS metadata; not running PQ-TLS probe
2026-01-28 16:28:37.215 Db NayaVedAI[71451:219a2a] [com.apple.network:connection] nw_connection_run_ech_probe_locked_on_nw_queue [C16] stack doesn't include TLS; not running ECH probe
2026-01-28 16:28:37.215 Db NayaVedAI[71451:219a2a] [com.apple.network:connection] nw_connection_endpoint_report_on_nw_queue_block_invoke [C16] Connected fallback generation 0
2026-01-28 16:28:37.215 I  NayaVedAI[71451:219a2a] [com.apple.network:connection] nw_connection_start_candidate_manager_if_needed_locked [C16] Checking whether to start candidate manager
2026-01-28 16:28:37.215 Db NayaVedAI[71451:219a2a] [com.apple.network:connection] nw_connection_start_candidate_manager_if_needed_locked [C16] Connection does not support multipath, not starting candidate manager
2026-01-28 16:28:37.215 Df NayaVedAI[71451:219a2a] [com.apple.network:connection] nw_connection_report_state_with_handler_on_nw_queue [C16] reporting state ready
2026-01-28 16:28:37.215 Df NayaVedAI[71451:219a2a] [com.apple.CFNetwork:Default] Connection 16: connected successfully
2026-01-28 16:28:37.215 Df NayaVedAI[71451:219a2a] [com.apple.CFNetwork:Default] Connection 16: ready C(N) E(N)
2026-01-28 16:28:37.215 Db NayaVedAI[71451:219a2a] [com.apple.CFNetwork:Default] Task <5A0446FD-9277-459E-8A5A-AC831EAE6DFB>.<1> done setting up Connection 16
2026-01-28 16:28:37.215 Db NayaVedAI[71451:219a2a] [com.apple.network:activity] Returning should log: 0 for activity cfnetwork:foreground_task
2026-01-28 16:28:37.215 Df NayaVedAI[71451:219a2a] [com.apple.CFNetwork:Default] Task <5A0446FD-9277-459E-8A5A-AC831EAE6DFB>.<1> now using Connection 16
2026-01-28 16:28:37.215 Db NayaVedAI[71451:219a2a] [com.apple.network:activity] Returning should log: 0 for activity cfnetwork:foreground_task
2026-01-28 16:28:37.215 Df NayaVedAI[71451:219a2a] [com.apple.CFNetwork:Default] Task <5A0446FD-9277-459E-8A5A-AC831EAE6DFB>.<1> sent request, body N 0
2026-01-28 16:28:37.217 Df NayaVedAI[71451:219a2d] [com.apple.CFNetwork:Default] Task <834E23F2-A34E-454B-86DD-2E6040798647>.<2> resuming, timeouts(0.0, 604800.0) qos(0x19) voucher((null)) activity(00000000-0000-0000-0000-000000000000)
2026-01-28 16:28:37.217 Db NayaVedAI[71451:219a2d] [com.apple.network:activity] Returning should log: 0 for activity cfnetwork:foreground_task
2026-01-28 16:28:37.217 Db NayaVedAI[71451:219a2d] [com.apple.network:activity] Domain cfnetwork rate configured in registry as 1 / 20000
2026-01-28 16:28:37.217 Db NayaVedAI[71451:219a2d] [com.apple.network:activity] Domain cfnetwork rate configured after remote default override as 1 / 20000
2026-01-28 16:28:37.217 Db NayaVedAI[71451:219a2d] [com.apple.network:activity] After reading settings plist, domain cfnetwork rate configured as 1 / 2000000
2026-01-28 16:28:37.217 Db NayaVedAI[71451:219a2d] [com.apple.network:activity] After settings override, domain cfnetwork rate configured as 1 / 2000000
2026-01-28 16:28:37.217 Db NayaVedAI[71451:219a2d] [com.apple.network:activity] Final domain cfnetwork rate configured as 1 / 2000000
2026-01-28 16:28:37.217 Db NayaVedAI[71451:219a2d] [com.apple.network:activity] <nw_activity 12:2 [No UUID] (reporting strategy default)> sampled at 1 / 2000000
2026-01-28 16:28:37.217 Db NayaVedAI[71451:219a2d] [com.apple.network:activity] Returning should log: 0 for activity cfnetwork:foreground_task
2026-01-28 16:28:37.217 Db NayaVedAI[71451:219a2d] [com.apple.network:activity] Returning should log: 0 for activity cfnetwork:foreground_task
2026-01-28 16:28:37.217 Db NayaVedAI[71451:219a2d] [com.apple.CFNetwork:Default] [Telemetry]: Activity <nw_activity 12:2 [78E8D7F5-5118-4E56-97FC-D0D3A5DD2067] (reporting strategy default)> on Task <834E23F2-A34E-454B-86DD-2E6040798647>.<2> was not selected for reporting
2026-01-28 16:28:37.217 Db NayaVedAI[71451:219a2a] [com.apple.CFNetwork:ATS] Uploading ATS exception ATSAllowsLocalNetworking
2026-01-28 16:28:37.217 A  NayaVedAI[71451:219a2d] (Security) SecTrustReportNetworkingAnalytics
2026-01-28 16:28:37.218 I  NayaVedAI[71451:219a2a] [com.apple.network:connection] nw_connection_create_with_id [C17] create connection to Hostname#a19a2c0f:8081
2026-01-28 16:28:37.218 Df NayaVedAI[71451:219a2a] [com.apple.CFNetwork:Default] Connection 17: starting, TC(0x0)
2026-01-28 16:28:37.218 Df NayaVedAI[71451:219a2a] [com.apple.network:connection] [C17 A2BAA9A3-485B-481F-B76F-1DACA2834EEF Hostname#a19a2c0f:8081 tcp, url: http://localhost:8081/symbolicate, definite, attribution: developer, context: com.apple.CFNetwork.NSURLSession.{796BF219-1FCA-4186-988B-E53075F26C87}{(null)}{Y}{2}{0x0} (private), proc: 63B02D91-D502-3FF5-9842-92830ECC12FF, delegated upid: 0] start
2026-01-28 16:28:37.218 I  NayaVedAI[71451:219a2a] [com.apple.network:connection] nw_endpoint_handler_start [C17 Hostname#a19a2c0f:8081 initial parent-flow ((null))]
2026-01-28 16:28:37.218 Df NayaVedAI[71451:219a2a] [com.apple.network:connection] [C17 Hostname#a19a2c0f:8081 initial parent-flow ((null))] event: path:start @0.000s
2026-01-28 16:28:37.218 Db NayaVedAI[71451:219a2a] [com.apple.network:connection] nw_endpoint_handler_path_change [C17 Hostname#a19a2c0f:8081 waiting parent-flow (satisfied (Path is satisfied), interface: en0[802.11], uses wifi, LQM: unknown)]
2026-01-28 16:28:37.218 Db NayaVedAI[71451:219a2a] [com.apple.networkextension:] ne_tracker_check_is_hostname_blocked() proceeding with the in_the_app check for hostname: localhost
2026-01-28 16:28:37.218 Db NayaVedAI[71451:219a2a] [com.apple.CFBundle:resources] Resource lookup at CFBundle 0x600003b04700 </Users/shivi.agarwal/Library/Developer/CoreSimulator/Devices/AC7E343F-585F-430E-B17D-BDD649803605/data/Containers/Bundle/Application/AD33C3F3-69F6-4E76-8701-44660F53F11C/NayaVedAI.app> (executable, loaded)
	Request       : InfoPlist type: strings
	Result        : None
2026-01-28 16:28:37.218 Db NayaVedAI[71451:219a2a] [com.apple.CFBundle:resources] Resource lookup at CFBundle 0x600003b04700 </Users/shivi.agarwal/Library/Developer/CoreSimulator/Devices/AC7E343F-585F-430E-B17D-BDD649803605/data/Containers/Bundle/Application/AD33C3F3-69F6-4E76-8701-44660F53F11C/NayaVedAI.app> (executable, loaded)
	Request       : InfoPlist type: stringsdict
	Result        : None
2026-01-28 16:28:37.218 Db NayaVedAI[71451:219a2a] [com.apple.networkextension:] ne_tracker_check_is_hostname_blocked(): hostname localhost is not a tracker. Returning: ne_tracker_status_none
2026-01-28 16:28:37.218 Df NayaVedAI[71451:219a2a] [com.apple.network:connection] [C17 Hostname#a19a2c0f:8081 waiting parent-flow (satisfied (Path is satisfied), interface: en0[802.11], uses wifi, LQM: unknown)] event: path:satisfied @0.000s, uuid: 627EAEB2-EEA4-4DEC-924C-43C783E8EB6C
2026-01-28 16:28:37.218 I  NayaVedAI[71451:219a2a] [com.apple.network:connection] nw_connection_endpoint_report_on_nw_queue_block_invoke [C17 Hostname#a19a2c0f:8081 waiting parent-flow (satisfied (Path is satisfied), interface: en0[802.11], uses wifi, LQM: unknown)] skipping state update
2026-01-28 16:28:37.218 Db NayaVedAI[71451:219a2a] [com.apple.network:] nw_endpoint_proxy_handler_should_use_proxy Looking up proxy for hostname: localhost, ifindex: 0
2026-01-28 16:28:37.218 Db NayaVedAI[71451:219a2a] [com.apple.SystemConfiguration:SCPreferences] create <SCPreferences 0x107780590 [0x1e578fa80]> {name = SCDynamicStoreCopyProxiesWithOptions, id = /Library/Managed Preferences/mobile/com.apple.SystemConfiguration.plist, path = /Library/Managed Preferences/mobile/com.apple.SystemConfiguration.plist}
2026-01-28 16:28:37.218 Db NayaVedAI[71451:219a2a] [com.apple.SystemConfiguration:SCPreferences] SCPreferences() access: /Library/Managed Preferences/mobile/com.apple.SystemConfiguration.plist, size=0
2026-01-28 16:28:37.218 Db NayaVedAI[71451:219a2a] [com.apple.SystemConfiguration:SCPreferences] release <SCPreferences 0x107780590 [0x1e578fa80]> {name = SCDynamicStoreCopyProxiesWithOptions, id = /Library/Managed Preferences/mobile/com.apple.SystemConfiguration.plist, path = /Library/Managed Preferences/mobile/com.apple.SystemConfiguration.plist, accessed}
2026-01-28 16:28:37.218 Df NayaVedAI[71451:219a2d] [com.apple.securityd:SecError] SecTrustReportNetworkingAnalytics failed with error: -4
2026-01-28 16:28:37.218 Db NayaVedAI[71451:219a2a] [com.apple.network:connection] nw_endpoint_flow_attach_protocols [C17 Hostname#a19a2c0f:8081 in_progress parent-flow (satisfied (Path is satisfied), interface: en0[802.11], uses wifi, LQM: unknown)]
2026-01-28 16:28:37.218 Db NayaVedAI[71451:219a2a] [com.apple.network:connection] nw_endpoint_flow_attach_protocols [C17 Hostname#a19a2c0f:8081 in_progress parent-flow (satisfied (Path is satisfied), interface: en0[802.11], uses wifi, LQM: unknown)] stopping after adding persistent application protocols
2026-01-28 16:28:37.218 Db NayaVedAI[71451:219a2a] [com.apple.network:connection] nw_endpoint_flow_setup_protocols [C17 Hostname#a19a2c0f:8081 in_progress parent-flow (satisfied (Path is satisfied), interface: en0[802.11], uses wifi, LQM: unknown)] persistent protocol stack, starting
2026-01-28 16:28:37.218 Df NayaVedAI[71451:219a2a] [com.apple.network:connection] [C17 Hostname#a19a2c0f:8081 in_progress parent-flow (satisfied (Path is satisfied), interface: en0[802.11], uses wifi, LQM: unknown)] event: flow:start_connect @0.000s
2026-01-28 16:28:37.218 Df NayaVedAI[71451:219a2a] [com.apple.network:connection] nw_connection_report_state_with_handler_on_nw_queue [C17] reporting state preparing
2026-01-28 16:28:37.218 I  NayaVedAI[71451:219a2a] [com.apple.network:connection] nw_endpoint_flow_connect [C17 Hostname#a19a2c0f:8081 in_progress parent-flow (satisfied (Path is satisfied), interface: en0[802.11], uses wifi, LQM: unknown)] connect bottom protocol
2026-01-28 16:28:37.218 Db NayaVedAI[71451:219a2a] [com.apple.network:connection] nw_endpoint_flow_start_child [C17 Hostname#a19a2c0f:8081 in_progress parent-flow (satisfied (Path is satisfied), interface: en0[802.11], uses wifi, LQM: unknown)] creating and starting child handler
2026-01-28 16:28:37.218 Db NayaVedAI[71451:219a2a] [com.apple.network:] nw_endpoint_proxy_handler_should_use_proxy Looking up proxy for hostname: localhost, ifindex: 0
2026-01-28 16:28:37.218 Db NayaVedAI[71451:219a2a] [com.apple.SystemConfiguration:SCPreferences] create <SCPreferences 0x1075b54d0 [0x1e578fa80]> {name = SCDynamicStoreCopyProxiesWithOptions, id = /Library/Managed Preferences/mobile/com.apple.SystemConfiguration.plist, path = /Library/Managed Preferences/mobile/com.apple.SystemConfiguration.plist}
2026-01-28 16:28:37.218 Db NayaVedAI[71451:219a2a] [com.apple.SystemConfiguration:SCPreferences] SCPreferences() access: /Library/Managed Preferences/mobile/com.apple.SystemConfiguration.plist, size=0
2026-01-28 16:28:37.218 Db NayaVedAI[71451:219a2a] [com.apple.SystemConfiguration:SCPreferences] release <SCPreferences 0x1075b54d0 [0x1e578fa80]> {name = SCDynamicStoreCopyProxiesWithOptions, id = /Library/Managed Preferences/mobile/com.apple.SystemConfiguration.plist, path = /Library/Managed Preferences/mobile/com.apple.SystemConfiguration.plist, accessed}
2026-01-28 16:28:37.218 Df NayaVedAI[71451:219a2a] [com.apple.network:connection] [C17 Hostname#a19a2c0f:8081 in_progress parent-flow (satisfied (Path is satisfied), interface: en0[802.11], uses wifi, LQM: unknown)] event: flow:start_child @0.000s
2026-01-28 16:28:37.218 I  NayaVedAI[71451:219a2a] [com.apple.network:connection] nw_endpoint_handler_start [C17.1 Hostname#a19a2c0f:8081 initial path ((null))]
2026-01-28 16:28:37.218 Db NayaVedAI[71451:219a2a] [com.apple.network:connection] nw_endpoint_flow_receive_report [C17 Hostname#a19a2c0f:8081 in_progress parent-flow (satisfied (Path is satisfied), interface: en0[802.11], uses wifi, LQM: unknown)] received child report: [C17.1 Hostname#a19a2c0f:8081 initial path ((null))]
2026-01-28 16:28:37.218 Df NayaVedAI[71451:219a2a] [com.apple.network:connection] [C17.1 Hostname#a19a2c0f:8081 initial path ((null))] event: path:start @0.000s
2026-01-28 16:28:37.218 Db NayaVedAI[71451:219a2a] [com.apple.network:connection] nw_endpoint_handler_path_change [C17.1 Hostname#a19a2c0f:8081 waiting path (satisfied (Path is satisfied), interface: en0[802.11], uses wifi, LQM: unknown)]
2026-01-28 16:28:37.218 Db NayaVedAI[71451:219a2a] [com.apple.networkextension:] ne_tracker_check_is_hostname_blocked() proceeding with the in_the_app check for hostname: localhost
2026-01-28 16:28:37.219 Db NayaVedAI[71451:219a2a] [com.apple.CFBundle:resources] Resource lookup at CFBundle 0x600003b04700 </Users/shivi.agarwal/Library/Developer/CoreSimulator/Devices/AC7E343F-585F-430E-B17D-BDD649803605/data/Containers/Bundle/Application/AD33C3F3-69F6-4E76-8701-44660F53F11C/NayaVedAI.app> (executable, loaded)
	Request       : InfoPlist type: strings
	Result        : None
2026-01-28 16:28:37.219 Db NayaVedAI[71451:219a2a] [com.apple.CFBundle:resources] Resource lookup at CFBundle 0x600003b04700 </Users/shivi.agarwal/Library/Developer/CoreSimulator/Devices/AC7E343F-585F-430E-B17D-BDD649803605/data/Containers/Bundle/Application/AD33C3F3-69F6-4E76-8701-44660F53F11C/NayaVedAI.app> (executable, loaded)
	Request       : InfoPlist type: stringsdict
	Result        : None
2026-01-28 16:28:37.219 Db NayaVedAI[71451:219a2a] [com.apple.networkextension:] ne_tracker_check_is_hostname_blocked(): hostname localhost is not a tracker. Returning: ne_tracker_status_none
2026-01-28 16:28:37.219 Db NayaVedAI[71451:219a2a] [com.apple.network:connection] nw_endpoint_flow_receive_report [C17 Hostname#a19a2c0f:8081 in_progress parent-flow (satisfied (Path is satisfied), interface: en0[802.11], uses wifi, LQM: unknown)] received child report: [C17.1 Hostname#a19a2c0f:8081 waiting path (satisfied (Path is satisfied), interface: en0[802.11], uses wifi, LQM: unknown)]
2026-01-28 16:28:37.219 Df NayaVedAI[71451:219a2a] [com.apple.network:connection] [C17.1 Hostname#a19a2c0f:8081 waiting path (satisfied (Path is satisfied), interface: en0[802.11], uses wifi, LQM: unknown)] event: path:satisfied @0.000s, uuid: 627EAEB2-EEA4-4DEC-924C-43C783E8EB6C
2026-01-28 16:28:37.219 Db NayaVedAI[71451:219a2a] [com.apple.network:] nw_endpoint_proxy_handler_should_use_proxy Looking up proxy for hostname: localhost, ifindex: 0
2026-01-28 16:28:37.219 Db NayaVedAI[71451:219a2a] [com.apple.SystemConfiguration:SCPreferences] create <SCPreferences 0x107780590 [0x1e578fa80]> {name = SCDynamicStoreCopyProxiesWithOptions, id = /Library/Managed Preferences/mobile/com.apple.SystemConfiguration.plist, path = /Library/Managed Preferences/mobile/com.apple.SystemConfiguration.plist}
2026-01-28 16:28:37.219 Db NayaVedAI[71451:219a2a] [com.apple.SystemConfiguration:SCPreferences] SCPreferences() access: /Library/Managed Preferences/mobile/com.apple.SystemConfiguration.plist, size=0
2026-01-28 16:28:37.219 Db NayaVedAI[71451:219a2a] [com.apple.SystemConfiguration:SCPreferences] release <SCPreferences 0x107780590 [0x1e578fa80]> {name = SCDynamicStoreCopyProxiesWithOptions, id = /Library/Managed Preferences/mobile/com.apple.SystemConfiguration.plist, path = /Library/Managed Preferences/mobile/com.apple.SystemConfiguration.plist, accessed}
2026-01-28 16:28:37.219 Db NayaVedAI[71451:219a2a] [com.apple.network:connection] -[NWConcrete_nw_endpoint_resolver startWithHandler:] [C17.1 Hostname#a19a2c0f:8081 waiting resolver (satisfied (Path is satisfied), interface: en0[802.11], uses wifi, LQM: unknown)]
2026-01-28 16:28:37.219 Db NayaVedAI[71451:219a2a] [com.apple.network:connection] nw_endpoint_flow_receive_report [C17 Hostname#a19a2c0f:8081 in_progress parent-flow (satisfied (Path is satisfied), interface: en0[802.11], uses wifi, LQM: unknown)] received child report: [C17.1 Hostname#a19a2c0f:8081 in_progress resolver (satisfied (Path is satisfied), interface: en0[802.11], uses wifi, LQM: unknown)]
2026-01-28 16:28:37.219 Df NayaVedAI[71451:219a2a] [com.apple.network:connection] [C17.1 Hostname#a19a2c0f:8081 in_progress resolver (satisfied (Path is satisfied), interface: en0[802.11], uses wifi, LQM: unknown)] event: resolver:start_dns @0.001s
2026-01-28 16:28:37.219 Db NayaVedAI[71451:219a2a] [com.apple.networkextension:] ne_tracker_check_is_hostname_blocked() proceeding with the in_the_app check for hostname: localhost
2026-01-28 16:28:37.219 Db NayaVedAI[71451:219a2a] [com.apple.CFBundle:resources] Resource lookup at CFBundle 0x600003b04700 </Users/shivi.agarwal/Library/Developer/CoreSimulator/Devices/AC7E343F-585F-430E-B17D-BDD649803605/data/Containers/Bundle/Application/AD33C3F3-69F6-4E76-8701-44660F53F11C/NayaVedAI.app> (executable, loaded)
	Request       : InfoPlist type: strings
	Result        : None
2026-01-28 16:28:37.219 Db NayaVedAI[71451:219a2a] [com.apple.CFBundle:resources] Resource lookup at CFBundle 0x600003b04700 </Users/shivi.agarwal/Library/Developer/CoreSimulator/Devices/AC7E343F-585F-430E-B17D-BDD649803605/data/Containers/Bundle/Application/AD33C3F3-69F6-4E76-8701-44660F53F11C/NayaVedAI.app> (executable, loaded)
	Request       : InfoPlist type: stringsdict
	Result        : None
2026-01-28 16:28:37.219 Db NayaVedAI[71451:219a2a] [com.apple.networkextension:] ne_tracker_check_is_hostname_blocked(): hostname localhost is not a tracker. Returning: ne_tracker_status_none
2026-01-28 16:28:37.219 I  NayaVedAI[71451:219a2a] [com.apple.network:connection] nw_resolver_create_dns_service_locked [C17.1] Starting host resolution Hostname#a19a2c0f:8081, flags 0xc000d000 proto 0
2026-01-28 16:28:37.219 Df NayaVedAI[71451:219a2a] [com.apple.CFNetwork:Default] Task <834E23F2-A34E-454B-86DD-2E6040798647>.<2> setting up Connection 17
2026-01-28 16:28:37.219 Db NayaVedAI[71451:219a2a] [com.apple.network:activity] Returning should log: 0 for activity cfnetwork:foreground_task
2026-01-28 16:28:37.219 I  NayaVedAI[71451:219a2a] [com.apple.network:connection] nw_resolver_host_resolve_callback [C17.1] flags=0x40000003 ifindex=4294967295 error=NoError(0) hostname=localhost. addr=IPv6#4f2c3092 ttl=1
2026-01-28 16:28:37.219 I  NayaVedAI[71451:219a2a] [com.apple.network:connection] nw_resolver_host_resolve_callback [C17.1] flags=0x40000002 ifindex=4294967295 error=NoError(0) hostname=localhost. addr=IPv4#8deebaa3 ttl=1
2026-01-28 16:28:37.220 Db NayaVedAI[71451:219a2a] [com.apple.network:] sa_dst_compare_rfc6724 Rule 6, prefer d2, d2 precedence 50 > d1 precedence 35
2026-01-28 16:28:37.220 Db NayaVedAI[71451:219a2a] [com.apple.network:] sa_dst_compare_internal <private>@0 < <private>@0
2026-01-28 16:28:37.220 I  NayaVedAI[71451:219a2a] [com.apple.network:connection] nw_resolver_create_prefer_connected_variant [C17.1] Prefer Connected: IPv6#e1664cbf.8081 is already the first endpoint
2026-01-28 16:28:37.220 Db NayaVedAI[71451:219a2a] [com.apple.network:connection] nw_endpoint_resolver_update [C17.1 Hostname#a19a2c0f:8081 in_progress resolver (satisfied (Path is satisfied), interface: en0[802.11], uses wifi, LQM: unknown)] resolver is complete
2026-01-28 16:28:37.220 Df NayaVedAI[71451:219a2a] [com.apple.network:connection] nw_endpoint_resolver_update [C17.1 Hostname#a19a2c0f:8081 in_progress resolver (satisfied (Path is satisfied), interface: en0[802.11], uses wifi, LQM: unknown)] Adding endpoint handler for IPv6#e1664cbf.8081
2026-01-28 16:28:37.220 Db NayaVedAI[71451:2199c2] [com.apple.defaults:User Defaults] looked up value 1 for key RCTI18nUtil_makeRTLFlipLeftAndRightStyles in CFPrefsPlistSource<0x600002c0c080> (Domain: com.nayaved.app, User: kCFPreferencesCurrentUser, ByHost: No, Container: (null), Contents Need Refresh: No) via CFPrefsSearchListSource<0x600002c04180> (Domain: com.nayaved.app, Container: (null) Non-launch persona: 0)
2026-01-28 16:28:37.220 Df NayaVedAI[71451:219a2a] [com.apple.network:connection] nw_endpoint_resolver_update [C17.1 Hostname#a19a2c0f:8081 in_progress resolver (satisfied (Path is satisfied), interface: en0[802.11], uses wifi, LQM: unknown)] Adding endpoint handler for IPv4#43158804:8081
2026-01-28 16:28:37.220 Db NayaVedAI[71451:219a2a] [com.apple.network:connection] nw_endpoint_resolver_update [C17.1 Hostname#a19a2c0f:8081 in_progress resolver (satisfied (Path is satisfied), interface: en0[802.11], uses wifi, LQM: unknown)] Updated endpoint list is (IPv6#e1664cbf.8081,IPv4#43158804:8081)
2026-01-28 16:28:37.220 Db NayaVedAI[71451:2199c2] [com.apple.defaults:User Defaults] looked up value 1 for key RCTI18nUtil_makeRTLFlipLeftAndRightStyles in CFPrefsPlistSource<0x600002c0c080> (Domain: com.nayaved.app, User: kCFPreferencesCurrentUser, ByHost: No, Container: (null), Contents Need Refresh: No) via CFPrefsSearchListSource<0x600002c04180> (Domain: com.nayaved.app, Container: (null) Non-launch persona: 0)
2026-01-28 16:28:37.220 Db NayaVedAI[71451:219a2a] [com.apple.network:connection] nw_endpoint_flow_receive_report [C17 Hostname#a19a2c0f:8081 in_progress parent-flow (satisfied (Path is satisfied), interface: en0[802.11], uses wifi, LQM: unknown)] received child report: [C17.1 Hostname#a19a2c0f:8081 in_progress resolver (satisfied (Path is satisfied), interface: en0[802.11], uses wifi, LQM: unknown)]
2026-01-28 16:28:37.220 Db NayaVedAI[71451:2199c2] [com.apple.defaults:User Defaults] looked up value 1 for key RCTI18nUtil_makeRTLFlipLeftAndRightStyles in CFPrefsPlistSource<0x600002c0c080> (Domain: com.nayaved.app, User: kCFPreferencesCurrentUser, ByHost: No, Container: (null), Contents Need Refresh: No) via CFPrefsSearchListSource<0x600002c04180> (Domain: com.nayaved.app, Container: (null) Non-launch persona: 0)
2026-01-28 16:28:37.220 Df NayaVedAI[71451:219a2a] [com.apple.network:connection] [C17.1 Hostname#a19a2c0f:8081 in_progress resolver (satisfied (Path is satisfied), interface: en0[802.11], uses wifi, LQM: unknown)] event: resolver:receive_dns @0.002s
2026-01-28 16:28:37.220 I  NayaVedAI[71451:219a2a] [com.apple.network:connection] nw_endpoint_resolver_start_next_child [C17.1 Hostname#a19a2c0f:8081 in_progress resolver (satisfied (Path is satisfied), interface: en0[802.11], uses wifi, LQM: unknown)] starting child endpoint IPv6#e1664cbf.8081
2026-01-28 16:28:37.220 I  NayaVedAI[71451:219a2a] [com.apple.network:connection] nw_endpoint_handler_start [C17.1.1 IPv6#e1664cbf.8081 initial path ((null))]
2026-01-28 16:28:37.220 Db NayaVedAI[71451:219a2a] [com.apple.network:connection] nw_endpoint_resolver_receive_report [C17.1 Hostname#a19a2c0f:8081 in_progress resolver (satisfied (Path is satisfied), interface: en0[802.11], uses wifi, LQM: unknown)] received child report: [C17.1.1 IPv6#e1664cbf.8081 initial path ((null))]
2026-01-28 16:28:37.220 Db NayaVedAI[71451:219a2a] [com.apple.network:connection] nw_endpoint_flow_receive_report [C17 Hostname#a19a2c0f:8081 in_progress parent-flow (satisfied (Path is satisfied), interface: en0[802.11], uses wifi, LQM: unknown)] received child report: [C17.1.1 IPv6#e1664cbf.8081 initial path ((null))]
2026-01-28 16:28:37.220 Df NayaVedAI[71451:219a2a] [com.apple.network:connection] [C17.1.1 IPv6#e1664cbf.8081 initial path ((null))] event: path:start @0.002s
2026-01-28 16:28:37.220 Db NayaVedAI[71451:219a2a] [com.apple.network:connection] nw_endpoint_handler_path_change [C17.1.1 IPv6#e1664cbf.8081 waiting path (satisfied (Path is satisfied), interface: lo0)]
2026-01-28 16:28:37.220 Db NayaVedAI[71451:219a2a] [com.apple.network:connection] nw_endpoint_resolver_receive_report [C17.1 Hostname#a19a2c0f:8081 in_progress resolver (satisfied (Path is satisfied), interface: en0[802.11], uses wifi, LQM: unknown)] received child report: [C17.1.1 IPv6#e1664cbf.8081 waiting path (satisfied (Path is satisfied), interface: lo0)]
2026-01-28 16:28:37.220 Db NayaVedAI[71451:219a2a] [com.apple.network:connection] nw_endpoint_flow_receive_report [C17 Hostname#a19a2c0f:8081 in_progress parent-flow (satisfied (Path is satisfied), interface: en0[802.11], uses wifi, LQM: unknown)] received child report: [C17.1.1 IPv6#e1664cbf.8081 waiting path (satisfied (Path is satisfied), interface: lo0)]
2026-01-28 16:28:37.220 Df NayaVedAI[71451:219a2a] [com.apple.network:connection] [C17.1.1 IPv6#e1664cbf.8081 waiting path (satisfied (Path is satisfied), interface: lo0)] event: path:satisfied @0.002s, uuid: C8C79A8F-F6B4-423D-88F2-F3D8ECD5B901
2026-01-28 16:28:37.220 Db NayaVedAI[71451:219a2a] [com.apple.network:] nw_endpoint_proxy_handler_should_use_proxy Looking up proxy for hostname: <nil>, ifindex: 0
2026-01-28 16:28:37.220 Db NayaVedAI[71451:219a2a] [com.apple.SystemConfiguration:SCPreferences] create <SCPreferences 0x132c87350 [0x1e578fa80]> {name = SCDynamicStoreCopyProxiesWithOptions, id = /Library/Managed Preferences/mobile/com.apple.SystemConfiguration.plist, path = /Library/Managed Preferences/mobile/com.apple.SystemConfiguration.plist}
2026-01-28 16:28:37.220 Db NayaVedAI[71451:219a2a] [com.apple.SystemConfiguration:SCPreferences] SCPreferences() access: /Library/Managed Preferences/mobile/com.apple.SystemConfiguration.plist, size=0
2026-01-28 16:28:37.220 Db NayaVedAI[71451:219a2a] [com.apple.SystemConfiguration:SCPreferences] release <SCPreferences 0x132c87350 [0x1e578fa80]> {name = SCDynamicStoreCopyProxiesWithOptions, id = /Library/Managed Preferences/mobile/com.apple.SystemConfiguration.plist, path = /Library/Managed Preferences/mobile/com.apple.SystemConfiguration.plist, accessed}
2026-01-28 16:28:37.220 I  NayaVedAI[71451:219a2a] [com.apple.network:connection] nw_association_create_flow <nw_association IPv6#e1664cbf.8081> Added association flow ID 1D13ACCA-7FCB-4493-A44F-17503B1804DE
2026-01-28 16:28:37.220 I  NayaVedAI[71451:219a2a] [com.apple.network:connection] nw_endpoint_flow_setup_protocols [C17.1.1 IPv6#e1664cbf.8081 in_progress socket-flow (satisfied (Path is satisfied), interface: lo0)] setup flow id 1D13ACCA-7FCB-4493-A44F-17503B1804DE
2026-01-28 16:28:37.220 Db NayaVedAI[71451:219a2a] [com.apple.network:connection] nw_endpoint_flow_attach_protocols [C17.1.1 IPv6#e1664cbf.8081 in_progress socket-flow (satisfied (Path is satisfied), interface: lo0)]
2026-01-28 16:28:37.220 Db NayaVedAI[71451:219a2a] [com.apple.network:connection] nw_endpoint_flow_attach_protocols_block_invoke [C17.1.1 IPv6#e1664cbf.8081 in_progress socket-flow (satisfied (Path is satisfied), interface: lo0)] Attached application protocol: CFNetworkConnection-3282745862
2026-01-28 16:28:37.220 Db NayaVedAI[71451:219a2a] [com.apple.network:] nw_fd_wrapper_create Created <fd_wrapper 25, guarded: false>
2026-01-28 16:28:37.220 Db NayaVedAI[71451:219a2a] [com.apple.network:connection] nw_endpoint_flow_attach_protocols [C17.1.1 IPv6#e1664cbf.8081 in_progress socket-flow (satisfied (Path is satisfied), interface: lo0)] Attached socket protocol
2026-01-28 16:28:37.220 Db NayaVedAI[71451:219a2a] [com.apple.network:connection] nw_endpoint_flow_setup_protocols [C17.1.1 IPv6#e1664cbf.8081 in_progress socket-flow (satisfied (Path is satisfied), interface: lo0)] leaf flow starting
2026-01-28 16:28:37.220 Db NayaVedAI[71451:219a2a] [com.apple.network:connection] nw_endpoint_resolver_receive_report [C17.1 Hostname#a19a2c0f:8081 in_progress resolver (satisfied (Path is satisfied), interface: en0[802.11], uses wifi, LQM: unknown)] received child report: [C17.1.1 IPv6#e1664cbf.8081 in_progress socket-flow (satisfied (Path is satisfied), interface: lo0)]
2026-01-28 16:28:37.220 Db NayaVedAI[71451:219a2a] [com.apple.network:connection] nw_endpoint_flow_receive_report [C17 Hostname#a19a2c0f:8081 in_progress parent-flow (satisfied (Path is satisfied), interface: en0[802.11], uses wifi, LQM: unknown)] received child report: [C17.1.1 IPv6#e1664cbf.8081 in_progress socket-flow (satisfied (Path is satisfied), interface: lo0)]
2026-01-28 16:28:37.220 Df NayaVedAI[71451:219a2a] [com.apple.network:connection] [C17.1.1 IPv6#e1664cbf.8081 in_progress socket-flow (satisfied (Path is satisfied), interface: lo0)] event: flow:start_connect @0.002s
2026-01-28 16:28:37.221 I  NayaVedAI[71451:219a2a] [com.apple.network:connection] nw_endpoint_resolver_start_next_child [C17.1 Hostname#a19a2c0f:8081 in_progress resolver (satisfied (Path is satisfied), interface: en0[802.11], uses wifi, LQM: unknown)] starting next child endpoint in 100ms
2026-01-28 16:28:37.221 Db NayaVedAI[71451:219a2d] [com.apple.network:connection] nw_socket_handle_socket_event [C17.1.1:2] Event mask: 0x800
2026-01-28 16:28:37.221 Df NayaVedAI[71451:219a2d] [com.apple.network:connection] nw_socket_handle_socket_event [C17.1.1:2] Socket received CONNECTED event
2026-01-28 16:28:37.221 Db NayaVedAI[71451:219a2d] [com.apple.network:connection] nw_socket_setup_notsent_lowat [C17.1.1:2] Set TCP_NOTSENT_LOWAT(16384)
2026-01-28 16:28:37.221 Df NayaVedAI[71451:219a2d] [com.apple.network:connection] nw_flow_connected [C17.1.1 IPv6#e1664cbf.8081 in_progress socket-flow (satisfied (Path is satisfied), interface: lo0)] Transport protocol connected (socket)
2026-01-28 16:28:37.221 Db NayaVedAI[71451:219a2d] [com.apple.network:connection] nw_endpoint_resolver_receive_report [C17.1 Hostname#a19a2c0f:8081 in_progress resolver (satisfied (Path is satisfied), interface: en0[802.11], uses wifi, LQM: unknown)] received child report: [C17.1.1 IPv6#e1664cbf.8081 in_progress socket-flow (satisfied (Path is satisfied), interface: lo0)]
2026-01-28 16:28:37.221 Db NayaVedAI[71451:219a2d] [com.apple.network:connection] nw_endpoint_flow_receive_report [C17 Hostname#a19a2c0f:8081 in_progress parent-flow (satisfied (Path is satisfied), interface: en0[802.11], uses wifi, LQM: unknown)] received child report: [C17.1.1 IPv6#e1664cbf.8081 in_progress socket-flow (satisfied (Path is satisfied), interface: lo0)]
2026-01-28 16:28:37.221 Df NayaVedAI[71451:219a2d] [com.apple.network:connection] [C17.1.1 IPv6#e1664cbf.8081 in_progress socket-flow (satisfied (Path is satisfied), interface: lo0)] event: flow:finish_transport @0.003s
2026-01-28 16:28:37.221 I  NayaVedAI[71451:219a2d] [com.apple.network:connection] nw_endpoint_resolver_receive_report [C17.1 Hostname#a19a2c0f:8081 in_progress resolver (satisfied (Path is satisfied), interface: en0[802.11], uses wifi, LQM: unknown)] pushing out endpoint race by 2000ms
2026-01-28 16:28:37.221 Df NayaVedAI[71451:219a2d] [com.apple.network:connection] nw_flow_connected [C17.1.1 IPv6#e1664cbf.8081 in_progress socket-flow (satisfied (Path is satisfied), interface: lo0)] Output protocol connected (CFNetworkConnection-3282745862)
2026-01-28 16:28:37.221 Db NayaVedAI[71451:219a2d] [com.apple.network:connection] nw_endpoint_flow_connected_path_change [C17.1.1 IPv6#e1664cbf.8081 ready socket-flow (satisfied (Path is satisfied), interface: lo0)]
2026-01-28 16:28:37.221 I  NayaVedAI[71451:219a2d] [com.apple.network:connection] nw_endpoint_flow_connected_path_change [C17.1.1 IPv6#e1664cbf.8081 ready socket-flow (satisfied (Path is satisfied), interface: lo0)] Connected path is satisfied, not viable
2026-01-28 16:28:37.221 Db NayaVedAI[71451:219a2d] [com.apple.network:connection] nw_endpoint_resolver_receive_report [C17.1 Hostname#a19a2c0f:8081 in_progress resolver (satisfied (Path is satisfied), interface: en0[802.11], uses wifi, LQM: unknown)] received child report: [C17.1.1 IPv6#e1664cbf.8081 ready socket-flow (satisfied (Path is satisfied), interface: lo0)]
2026-01-28 16:28:37.221 Db NayaVedAI[71451:219a2d] [com.apple.network:connection] nw_endpoint_flow_receive_report [C17 Hostname#a19a2c0f:8081 in_progress parent-flow (satisfied (Path is satisfied), interface: en0[802.11], uses wifi, LQM: unknown)] received child report: [C17.1.1 IPv6#e1664cbf.8081 ready socket-flow (satisfied (Path is satisfied), interface: lo0)]
2026-01-28 16:28:37.221 Df NayaVedAI[71451:219a2d] [com.apple.network:connection] [C17.1.1 IPv6#e1664cbf.8081 ready socket-flow (satisfied (Path is satisfied), interface: lo0)] event: flow:child_finish_connect @0.003s
2026-01-28 16:28:37.221 Db NayaVedAI[71451:219a2d] [com.apple.network:connection] nw_endpoint_flow_receive_report [C17 IPv6#e1664cbf.8081 in_progress parent-flow (satisfied (Path is satisfied), interface: en0[802.11], uses wifi, LQM: unknown)] connecting endpoint_flow to child's shared protocol
2026-01-28 16:28:37.221 Db NayaVedAI[71451:219a2d] [com.apple.network:connection] nw_endpoint_flow_setup_protocols [C17 IPv6#e1664cbf.8081 in_progress parent-flow (satisfied (Path is satisfied), interface: en0[802.11], uses wifi, LQM: unknown)] already set up
2026-01-28 16:28:37.221 Db NayaVedAI[71451:219a2d] [com.apple.network:connection] nw_endpoint_flow_setup_protocols [C17 IPv6#e1664cbf.8081 in_progress parent-flow (satisfied (Path is satisfied), interface: en0[802.11], uses wifi, LQM: unknown)] child flow connected, starting
2026-01-28 16:28:37.221 Db NayaVedAI[71451:219a2d] [com.apple.network:connection] nw_endpoint_flow_setup_protocols [C17 IPv6#e1664cbf.8081 in_progress parent-flow (satisfied (Path is satisfied), interface: en0[802.11], uses wifi, LQM: unknown)] already started
2026-01-28 16:28:37.221 Db NayaVedAI[71451:219a2d] [com.apple.network:connection] nw_endpoint_flow_receive_report [C17 IPv6#e1664cbf.8081 in_progress parent-flow (satisfied (Path is satisfied), interface: en0[802.11], uses wifi, LQM: unknown)] received child report: [C17.1 Hostname#a19a2c0f:8081 ready resolver (satisfied (Path is satisfied), interface: en0[802.11], uses wifi, LQM: unknown)]
2026-01-28 16:28:37.221 Df NayaVedAI[71451:219a2d] [com.apple.network:connection] [C17.1 Hostname#a19a2c0f:8081 ready resolver (satisfied (Path is satisfied), interface: en0[802.11], uses wifi, LQM: unknown)] event: flow:child_finish_connect @0.003s
2026-01-28 16:28:37.221 I  NayaVedAI[71451:219a2d] [com.apple.network:connection] nw_endpoint_handler_cancel [C17.1.2 IPv4#43158804:8081 initial path ((null))]
2026-01-28 16:28:37.221 Df NayaVedAI[71451:219a2d] [com.apple.network:connection] nw_flow_connected [C17 IPv6#e1664cbf.8081 in_progress parent-flow (satisfied (Path is satisfied), interface: en0[802.11], uses wifi, LQM: unknown)] Output protocol connected (endpoint_flow)
2026-01-28 16:28:37.222 Db NayaVedAI[71451:219a2d] [com.apple.network:connection] nw_endpoint_flow_connected_path_change [C17 IPv6#e1664cbf.8081 ready parent-flow (satisfied (Path is satisfied), interface: en0[802.11], uses wifi, LQM: unknown)]
2026-01-28 16:28:37.222 I  NayaVedAI[71451:219a2d] [com.apple.network:connection] nw_endpoint_flow_connected_path_change [C17 IPv6#e1664cbf.8081 ready parent-flow (satisfied (Path is satisfied), interface: en0[802.11], uses wifi, LQM: unknown)] Connected path is satisfied, child is not viable
2026-01-28 16:28:37.222 Df NayaVedAI[71451:219a2d] [com.apple.network:connection] [C17 IPv6#e1664cbf.8081 ready parent-flow (satisfied (Path is satisfied), interface: en0[802.11], uses wifi, LQM: unknown)] event: flow:finish_connect @0.003s
2026-01-28 16:28:37.222 Db NayaVedAI[71451:219a2d] [com.apple.network:connection] nw_connection_run_pqtls_probe_locked_on_nw_queue [C17] No TLS metadata; not running PQ-TLS probe
2026-01-28 16:28:37.222 Db NayaVedAI[71451:219a2d] [com.apple.network:connection] nw_connection_run_ech_probe_locked_on_nw_queue [C17] stack doesn't include TLS; not running ECH probe
2026-01-28 16:28:37.222 Db NayaVedAI[71451:219a2d] [com.apple.network:connection] nw_connection_endpoint_report_on_nw_queue_block_invoke [C17] Connected fallback generation 0
2026-01-28 16:28:37.222 I  NayaVedAI[71451:219a2d] [com.apple.network:connection] nw_connection_start_candidate_manager_if_needed_locked [C17] Checking whether to start candidate manager
2026-01-28 16:28:37.222 Db NayaVedAI[71451:219a2d] [com.apple.network:connection] nw_connection_start_candidate_manager_if_needed_locked [C17] Connection does not support multipath, not starting candidate manager
2026-01-28 16:28:37.222 Df NayaVedAI[71451:219a2d] [com.apple.network:connection] nw_connection_report_state_with_handler_on_nw_queue [C17] reporting state ready
2026-01-28 16:28:37.222 Df NayaVedAI[71451:219a2d] [com.apple.CFNetwork:Default] Connection 17: connected successfully
2026-01-28 16:28:37.222 Df NayaVedAI[71451:219a2d] [com.apple.CFNetwork:Default] Connection 17: ready C(N) E(N)
2026-01-28 16:28:37.222 Db NayaVedAI[71451:219a2d] [com.apple.CFNetwork:Default] Task <834E23F2-A34E-454B-86DD-2E6040798647>.<2> done setting up Connection 17
2026-01-28 16:28:37.222 Db NayaVedAI[71451:219a2d] [com.apple.network:activity] Returning should log: 0 for activity cfnetwork:foreground_task
2026-01-28 16:28:37.222 Df NayaVedAI[71451:219a2d] [com.apple.CFNetwork:Default] Task <834E23F2-A34E-454B-86DD-2E6040798647>.<2> now using Connection 17
2026-01-28 16:28:37.222 Db NayaVedAI[71451:219a2d] [com.apple.network:activity] Returning should log: 0 for activity cfnetwork:foreground_task
2026-01-28 16:28:37.222 Db NayaVedAI[71451:219a2d] [com.apple.network:connection] nw_connection_modify_estimated_bytes_block_invoke [C17] Incremented estimated bytes to send by 12, total now 12
2026-01-28 16:28:37.222 Db NayaVedAI[71451:219a2d] [com.apple.network:connection] nw_connection_modify_estimated_bytes_block_invoke [C17] Using lower threshold 12582912, upper threshold 31457280
2026-01-28 16:28:37.222 Df NayaVedAI[71451:219a31] [com.apple.CFNetwork:Default] Task <834E23F2-A34E-454B-86DD-2E6040798647>.<2> sent request, body S 12
2026-01-28 16:28:37.223 Df NayaVedAI[71451:219ef2] [com.apple.CFNetwork:Default] Task <5A0446FD-9277-459E-8A5A-AC831EAE6DFB>.<1> received response, status 200 content K
2026-01-28 16:28:37.224 Db NayaVedAI[71451:219ef2] [com.apple.network:connection] nw_connection_modify_estimated_bytes_block_invoke [C16] Incremented estimated bytes to receive by 187, total now 187
2026-01-28 16:28:37.224 Db NayaVedAI[71451:219ef2] [com.apple.network:connection] nw_connection_modify_estimated_bytes_block_invoke [C16] Using lower threshold 12582912, upper threshold 31457280
2026-01-28 16:28:37.224 Df NayaVedAI[71451:219ef2] [com.apple.CFNetwork:Default] Task <5A0446FD-9277-459E-8A5A-AC831EAE6DFB>.<1> response ended
2026-01-28 16:28:37.224 Df NayaVedAI[71451:219ef2] [com.apple.CFNetwork:Default] Task <5A0446FD-9277-459E-8A5A-AC831EAE6DFB>.<1> done using Connection 16
2026-01-28 16:28:37.224 Db NayaVedAI[71451:219ef2] [com.apple.network:activity] Returning should log: 0 for activity cfnetwork:foreground_task
2026-01-28 16:28:37.224 Db NayaVedAI[71451:219ef2] [com.apple.CFNetwork:Default] Connection 16: set is idle true
2026-01-28 16:28:37.224 Df NayaVedAI[71451:219ef2] [com.apple.network:connection] [C16] event: client:connection_idle @0.013s
2026-01-28 16:28:37.224 Df NayaVedAI[71451:219a31] [com.apple.CFNetwork:Summary] Task <5A0446FD-9277-459E-8A5A-AC831EAE6DFB>.<1> summary for task success {transaction_duration_ms=14, response_status=200, connection=16, protocol="http/1.1", domain_lookup_duration_ms=2, connect_duration_ms=1, secure_connection_duration_ms=0, private_relay=false, request_start_ms=5, request_duration_ms=0, response_start_ms=13, response_duration_ms=0, request_bytes=370, request_throughput_kbps=48496, response_bytes=498, response_throughput_kbps=18881, cache_hit=false}
2026-01-28 16:28:37.224 I  NayaVedAI[71451:219ef2] [com.apple.network:connection] nw_endpoint_handler_report_connection_idle [C16 IPv6#e1664cbf.8081 ready parent-flow (satisfied (Path is satisfied), interface: en0[802.11], uses wifi, LQM: unknown)] Reporting connection idle to protocols
2026-01-28 16:28:37.224 Df NayaVedAI[71451:219a31] [com.apple.CFNetwork:Default] Task <5A0446FD-9277-459E-8A5A-AC831EAE6DFB>.<1> finished successfully
2026-01-28 16:28:37.224 I  NayaVedAI[71451:219ef2] [com.apple.network:connection] nw_flow_passthrough_notify [C16.1.1 IPv6#e1664cbf.8081 ready socket-flow (satisfied (Path is satisfied), interface: lo0)] received notification connection_idle
2026-01-28 16:28:37.224 Db NayaVedAI[71451:219a31] [com.apple.network:activity] Returning should log: 0 for activity cfnetwork:foreground_task
2026-01-28 16:28:37.224 Df NayaVedAI[71451:219ef2] [com.apple.network:connection] nw_protocol_socket_notify [C16.1.1:2] nw_protocol_notification_type_connection_idle is true
2026-01-28 16:28:37.224 Db NayaVedAI[71451:219a31] [com.apple.network:activity] Returning should log: 0 for activity cfnetwork:foreground_task
2026-01-28 16:28:37.224 Db NayaVedAI[71451:219ef2] [com.apple.CFNetwork:Default] Connection 16: set is idle true
2026-01-28 16:28:37.224 Db NayaVedAI[71451:219a31] [com.apple.network:activity] No threshold for cfnetwork:foreground_task, returning NW_ACTIVITY_DURATION_INVALID
2026-01-28 16:28:37.224 Df NayaVedAI[71451:219ef2] [com.apple.network:connection] [C16] event: client:connection_idle @0.013s
2026-01-28 16:28:37.224 Db NayaVedAI[71451:219a31] [com.apple.network:activity] No threshold for activity <nw_activity 12:2 [F795AED6-B9A9-4961-8CA6-A4D135D66617] (reporting strategy default) complete (reason success)>
2026-01-28 16:28:37.224 I  NayaVedAI[71451:219ef2] [com.apple.network:connection] nw_endpoint_handler_report_connection_idle [C16 IPv6#e1664cbf.8081 ready parent-flow (satisfied (Path is satisfied), interface: en0[802.11], uses wifi, LQM: unknown)] Reporting connection idle to protocols
2026-01-28 16:28:37.224 I  NayaVedAI[71451:219ef2] [com.apple.network:connection] nw_flow_passthrough_notify [C16.1.1 IPv6#e1664cbf.8081 ready socket-flow (satisfied (Path is satisfied), interface: lo0)] received notification connection_idle
2026-01-28 16:28:37.224 Df NayaVedAI[71451:219ef2] [com.apple.network:connection] nw_protocol_socket_notify [C16.1.1:2] nw_protocol_notification_type_connection_idle is true
2026-01-28 16:28:37.224 Df NayaVedAI[71451:219ef2] [com.apple.CFNetwork:Default] Task <834E23F2-A34E-454B-86DD-2E6040798647>.<2> received response, status 200 content K
2026-01-28 16:28:37.224 Db NayaVedAI[71451:219ef2] [com.apple.network:connection] nw_connection_modify_estimated_bytes_block_invoke [C17] Incremented estimated bytes to receive by 29, total now 29
2026-01-28 16:28:37.224 Db NayaVedAI[71451:219ef2] [com.apple.network:connection] nw_connection_modify_estimated_bytes_block_invoke [C17] Using lower threshold 12582912, upper threshold 31457280
2026-01-28 16:28:37.224 Df NayaVedAI[71451:219ef2] [com.apple.CFNetwork:Default] Task <834E23F2-A34E-454B-86DD-2E6040798647>.<2> response ended
2026-01-28 16:28:37.224 Df NayaVedAI[71451:219ef2] [com.apple.CFNetwork:Default] Task <834E23F2-A34E-454B-86DD-2E6040798647>.<2> done using Connection 17
2026-01-28 16:28:37.224 Db NayaVedAI[71451:219ef2] [com.apple.network:activity] Returning should log: 0 for activity cfnetwork:foreground_task
2026-01-28 16:28:37.224 Db NayaVedAI[71451:219ef2] [com.apple.CFNetwork:Default] Connection 17: set is idle true
2026-01-28 16:28:37.224 Df NayaVedAI[71451:219ef2] [com.apple.network:connection] [C17] event: client:connection_idle @0.006s
2026-01-28 16:28:37.224 I  NayaVedAI[71451:219ef2] [com.apple.network:connection] nw_endpoint_handler_report_connection_idle [C17 IPv6#e1664cbf.8081 ready parent-flow (satisfied (Path is satisfied), interface: en0[802.11], uses wifi, LQM: unknown)] Reporting connection idle to protocols
2026-01-28 16:28:37.224 Df NayaVedAI[71451:219a31] [com.apple.CFNetwork:Summary] Task <834E23F2-A34E-454B-86DD-2E6040798647>.<2> summary for task success {transaction_duration_ms=7, response_status=200, connection=17, protocol="http/1.1", domain_lookup_duration_ms=1, connect_duration_ms=1, secure_connection_duration_ms=0, private_relay=false, request_start_ms=4, request_duration_ms=0, response_start_ms=6, response_duration_ms=0, request_bytes=291, request_throughput_kbps=10165, response_bytes=314, response_throughput_kbps=13080, cache_hit=false}
2026-01-28 16:28:37.224 I  NayaVedAI[71451:219ef2] [com.apple.network:connection] nw_flow_passthrough_notify [C17.1.1 IPv6#e1664cbf.8081 ready socket-flow (satisfied (Path is satisfied), interface: lo0)] received notification connection_idle
2026-01-28 16:28:37.224 Df NayaVedAI[71451:219a31] [com.apple.CFNetwork:Default] Task <834E23F2-A34E-454B-86DD-2E6040798647>.<2> finished successfully
2026-01-28 16:28:37.224 Df NayaVedAI[71451:219ef2] [com.apple.network:connection] nw_protocol_socket_notify [C17.1.1:2] nw_protocol_notification_type_connection_idle is true
2026-01-28 16:28:37.225 Db NayaVedAI[71451:219ef2] [com.apple.CFNetwork:Default] Connection 17: set is idle true
2026-01-28 16:28:37.225 Db NayaVedAI[71451:219a31] [com.apple.network:activity] Returning should log: 0 for activity cfnetwork:foreground_task
2026-01-28 16:28:37.225 Df NayaVedAI[71451:219ef2] [com.apple.network:connection] [C17] event: client:connection_idle @0.006s
2026-01-28 16:28:37.225 Db NayaVedAI[71451:219a31] [com.apple.network:activity] Returning should log: 0 for activity cfnetwork:foreground_task
2026-01-28 16:28:37.225 I  NayaVedAI[71451:219ef2] [com.apple.network:connection] nw_endpoint_handler_report_connection_idle [C17 IPv6#e1664cbf.8081 ready parent-flow (satisfied (Path is satisfied), interface: en0[802.11], uses wifi, LQM: unknown)] Reporting connection idle to protocols
2026-01-28 16:28:37.225 Db NayaVedAI[71451:219a31] [com.apple.network:activity] No threshold for cfnetwork:foreground_task, returning NW_ACTIVITY_DURATION_INVALID
2026-01-28 16:28:37.225 I  NayaVedAI[71451:219ef2] [com.apple.network:connection] nw_flow_passthrough_notify [C17.1.1 IPv6#e1664cbf.8081 ready socket-flow (satisfied (Path is satisfied), interface: lo0)] received notification connection_idle
2026-01-28 16:28:37.225 Db NayaVedAI[71451:219a31] [com.apple.network:activity] No threshold for activity <nw_activity 12:2 [78E8D7F5-5118-4E56-97FC-D0D3A5DD2067] (reporting strategy default) complete (reason success)>
2026-01-28 16:28:37.225 Df NayaVedAI[71451:219ef2] [com.apple.network:connection] nw_protocol_socket_notify [C17.1.1:2] nw_protocol_notification_type_connection_idle is true
2026-01-28 16:28:37.230 I  NayaVedAI[71451:219a31] [com.wix.DetoxSync:DTXJSTimerSyncResource] [DTXJSTimerSyncResource] Observing timer 2 with duration 0.00 ms
2026-01-28 16:28:37.419 I  NayaVedAI[71451:2199c2] [com.apple.Accessibility:AXRuntimeNotifications] Attempting to send notification:  (1001) <private>
2026-01-28 16:28:37.419 I  NayaVedAI[71451:2199c2] [com.apple.Accessibility:AXRuntimeNotifications] Did post notification. notification:  (1001) error:0 data:<private>
2026-01-28 16:28:37.610 I  NayaVedAI[71451:2199c2] [com.apple.Accessibility:AXRuntimeNotifications] Attempting to send notification:  (1000) <private>
2026-01-28 16:28:37.611 I  NayaVedAI[71451:2199c2] [com.apple.Accessibility:AXRuntimeNotifications] Attempting to send notification:  (1000) <private>
2026-01-28 16:28:37.611 I  NayaVedAI[71451:2199c2] [com.apple.Accessibility:AXRuntimeNotifications] Did post notification. notification:  (1000) error:0 data:<private>
2026-01-28 16:28:38.830 I  NayaVedAI[71451:219a31] [com.wix.DetoxSync:DTXJSTimerSyncResource] [DTXJSTimerSyncResource] Timer 2 timed out after 1599.53 ms
2026-01-28 16:28:38.833 I  NayaVedAI[71451:2199c2] [com.wix.Detox:WebSocket] Action received: invoke
2026-01-28 16:28:38.839 Db NayaVedAI[71451:2199c2] [com.apple.CFBundle:strings] Bundle: CFBundle 0x600003b04e00 </Library/Developer/CoreSimulator/Volumes/iOS_23C54/Library/Developer/CoreSimulator/Profiles/Runtimes/iOS 26.2.simruntime/Contents/Resources/RuntimeRoot/System/Library/AccessibilityBundles/UIKit.axbundle> (framework, loaded), key: scroll.bar.vertical, value: , table: Accessibility, localizationNames: (null), result: Vertical scroll bar
2026-01-28 16:28:38.839 Db NayaVedAI[71451:2199c2] [com.apple.CFBundle:strings] Bundle: CFBundle 0x600003b04e00 </Library/Developer/CoreSimulator/Volumes/iOS_23C54/Library/Developer/CoreSimulator/Profiles/Runtimes/iOS 26.2.simruntime/Contents/Resources/RuntimeRoot/System/Library/AccessibilityBundles/UIKit.axbundle> (framework, loaded), key: page.count, value: , table: Accessibility, localizationNames: (null), result: %#@pages@
